Microchip MPLAB XC8 Compiler V1.42 ()

Linker command line:

-W-3 --edf=C:\Program Files (x86)\Microchip\xc8\v1.42\dat\en_msgs.txt -cs \
  -h+dist/default/production\progVer000.X.production.sym \
  --cmf=dist/default/production\progVer000.X.production.cmf -z -Q18F14K50 \
  -oC:\Users\gadis\AppData\Local\Temp\salo.2 \
  -Mdist/default/production/progVer000.X.production.map -E1 -ver=XC8 \
  -ASTACK=014Ah-01ffh -pstack=STACK -ACODE=00h-03FFFh -ACONST=00h-03FFFh \
  -ASMALLCONST=0300h-03FFhx61 -AMEDIUMCONST=0300h-03FFFh -ACOMRAM=01h-05Fh \
  -AABS1=00h-02FFh -ABIGRAM=01h-02FFh -ARAM=060h-0FFh,0100h-01FFhx2 \
  -ABANK0=060h-0FFh -ABANK1=0100h-01FFh -ABANK2=0200h-02FFh \
  -ASFR=0F53h-0F5Fh,0F60h-0FFFh \
  -preset_vec=00h,intcode=08h,intcodelo,powerup,init -pramtop=0300h \
  -psmallconst=SMALLCONST -pmediumconst=MEDIUMCONST -pconst=CONST \
  -AFARRAM=00h-00h -ACONFIG=0300000h-030000Dh -pconfig=CONFIG \
  -AIDLOC=0200000h-0200007h -pidloc=IDLOC -AEEDATA=0F00000h-0F000FFh \
  -peeprom_data=EEDATA \
  -prdata=COMRAM,nvrram=COMRAM,nvbit=COMRAM,rbss=COMRAM,rbit=COMRAM \
  -pfarbss=FARRAM,fardata=FARRAM,nvFARRAM=FARRAM \
  -pintsave_regs=BIGRAM,bigbss=BIGRAM,bigdata=BIGRAM -pbss=RAM \
  -pidata=CODE,irdata=CODE,ibigdata=CODE,ifardata=CODE -prparam=COMRAM \
  C:\Users\gadis\AppData\Local\Temp\salo.obj \
  dist/default/production\progVer000.X.production.obj 

Object code version is 3.11

Machine type is 18F14K50

Call graph: (short form)




                Name                               Link     Load   Length Selector   Space Scale
C:\Users\gadis\AppData\Local\Temp\salo.obj
                init                                 62       62        4        4       0
                reset_vec                             0        0        4        0       0
                idloc                            200000   200000        8   200000       0
                config                           300000   300000        E   300000       0
dist/default/production\progVer000.X.production.obj
                intcode                               8        8       5A        4       0
                temp                                 52       52        1        1       1
                smallconst                          300      300       E6      180       0
                text57                              D62      D62       A8      1F3       0
                text56                              FD6      FD6       8E      1F3       0
                text55                             1160     1160       76      1F3       0
                text54                              B34      B34       BE      1F3       0
                text53                             19E6     19E6       20      1F3       0
                text52                             1A92     1A92       1A      1F3       0
                text51                             1924     1924       2C      1F3       0
                text50                             18F8     18F8       2C      1F3       0
                text49                             12B8     12B8       70      1F3       0
                text48                             10E4     10E4       7C      1F3       0
                text47                             17CE     17CE       36      1F3       0
                text46                              CAA      CAA       B8      1F3       0
                text45                             1622     1622       52      1F3       0
                text44                             1064     1064       80      1F3       0
                text43                             1ABE     1ABE        C      1F3       0
                text42                             18CC     18CC       2C      1F3       0
                text41                             1A06     1A06       1E      1F3       0
                text40                             1396     1396       6A      1F3       0
                text39                              3E6      3E6      198      1F3       0
                text38                              9A0      9A0       D2      1F3       0
                text37                             11D6     11D6       72      1F3       0
                text36                             197A     197A       2A      1F3       0
                text35                              E0A      E0A       A4      1F3       0
                text34                              F46      F46       90      1F3       0
                text33                             151E     151E       5A      1F3       0
                text32                              EAE      EAE       98      1F3       0
                text31                             1674     1674       4C      1F3       0
                text30                             1750     1750       42      1F3       0
                text29                             1248     1248       70      1F3       0
                text28                             1A5C     1A5C       1C      1F3       0
                text27                             1838     1838       34      1F3       0
                text26                             19A4     19A4       22      1F3       0
                text25                             19C6     19C6       20      1F3       0
                text24                              8C6      8C6       DA      1F3       0
                text23                              6CC      6CC      100      1F3       0
                text21                             1A78     1A78       1A      1F3       0
                text20                              A72      A72       C2      1F3       0
                text19                              7CC      7CC       FA      1F3       0
                text18                             1ADE     1ADE        8      1F3       0
                text17                             1578     1578       58      1F3       0
                text16                             170A     170A       46      1F3       0
                text15                             1AD4     1AD4        A      1F3       0
                text14                             16C0     16C0       4A      1F3       0
                text13                             14C4     14C4       5A      1F3       0
                text12                             1792     1792       3C      1F3       0
                text11                              BF2      BF2       B8      1F3       0
                text10                             1328     1328       6E      1F3       0
                text9                              1A40     1A40       1C      1F3       0
                text8                              1466     1466       5E      1F3       0
                text7                               57E      57E      14E      1F3       0
                text6                              1ACA     1ACA        A      1F3       0
                text5                              189C     189C       30      1F3       0
                text4                              1A24     1A24       1C      1F3       0
                text3                              1804     1804       34      1F3       0
                text2                              1950     1950       2A      1F3       0
                text1                              1400     1400       66      1F3       0
                text0                              186C     186C       30      1F3       0
                cstackCOMRAM                         2A       2A       28        1       1
                cstackBANK0                          D3       D3       1A       60       1
                cstackBANK1                         140      140        A      100       1
                bssBANK1                            100      100       40      100       1
                dataBANK0                            ED       ED       12       60       1
                bssBANK0                             60       60       73       60       1
                bssCOMRAM                             1        1       29        1       1
                cinit                              15D0     15D0       52      1F3       0
                idataBANK0                         1AAC     1AAC       12      1F3       0

TOTAL           Name                               Link     Load   Length     Space
        CLASS   STACK          

        CLASS   CODE           
                intcode                               8        8       5A         0
                init                                 62       62        4         0
                reset_vec                             0        0        4         0
                text57                              D62      D62       A8         0
                text56                              FD6      FD6       8E         0
                text55                             1160     1160       76         0
                text54                              B34      B34       BE         0
                text53                             19E6     19E6       20         0
                text52                             1A92     1A92       1A         0
                text51                             1924     1924       2C         0
                text50                             18F8     18F8       2C         0
                text49                             12B8     12B8       70         0
                text48                             10E4     10E4       7C         0
                text47                             17CE     17CE       36         0
                text46                              CAA      CAA       B8         0
                text45                             1622     1622       52         0
                text44                             1064     1064       80         0
                text43                             1ABE     1ABE        C         0
                text42                             18CC     18CC       2C         0
                text41                             1A06     1A06       1E         0
                text40                             1396     1396       6A         0
                text39                              3E6      3E6      198         0
                text38                              9A0      9A0       D2         0
                text37                             11D6     11D6       72         0
                text36                             197A     197A       2A         0
                text35                              E0A      E0A       A4         0
                text34                              F46      F46       90         0
                text33                             151E     151E       5A         0
                text32                              EAE      EAE       98         0
                text31                             1674     1674       4C         0
                text30                             1750     1750       42         0
                text29                             1248     1248       70         0
                text28                             1A5C     1A5C       1C         0
                text27                             1838     1838       34         0
                text26                             19A4     19A4       22         0
                text25                             19C6     19C6       20         0
                text24                              8C6      8C6       DA         0
                text23                              6CC      6CC      100         0
                text21                             1A78     1A78       1A         0
                text20                              A72      A72       C2         0
                text19                              7CC      7CC       FA         0
                text18                             1ADE     1ADE        8         0
                text17                             1578     1578       58         0
                text16                             170A     170A       46         0
                text15                             1AD4     1AD4        A         0
                text14                             16C0     16C0       4A         0
                text13                             14C4     14C4       5A         0
                text12                             1792     1792       3C         0
                text11                              BF2      BF2       B8         0
                text10                             1328     1328       6E         0
                text9                              1A40     1A40       1C         0
                text8                              1466     1466       5E         0
                text7                               57E      57E      14E         0
                text6                              1ACA     1ACA        A         0
                text5                              189C     189C       30         0
                text4                              1A24     1A24       1C         0
                text3                              1804     1804       34         0
                text2                              1950     1950       2A         0
                text1                              1400     1400       66         0
                text0                              186C     186C       30         0
                cinit                              15D0     15D0       52         0
                idataBANK0                         1AAC     1AAC       12         0

        CLASS   CONST          

        CLASS   SMALLCONST     
                smallconst                          300      300       E6         0

        CLASS   MEDIUMCONST    

        CLASS   COMRAM         
                temp                                 52       52        1         1
                cstackCOMRAM                         2A       2A       28         1
                bssCOMRAM                             1        1       29         1

        CLASS   ABS1           
                abs_s1                              200      200       C0         1

        CLASS   BIGRAM         

        CLASS   RAM            

        CLASS   BANK0          
                cstackBANK0                          D3       D3       1A         1
                dataBANK0                            ED       ED       12         1
                bssBANK0                             60       60       73         1

        CLASS   BANK1          
                cstackBANK1                         140      140        A         1
                bssBANK1                            100      100       40         1

        CLASS   BANK2          

        CLASS   SFR            

        CLASS   FARRAM         

        CLASS   CONFIG         
                config                           300000   300000        E         0

        CLASS   IDLOC          
                idloc                            200000   200000        8         0

        CLASS   EEDATA         



SEGMENTS        Name                           Load    Length   Top    Selector   Space  Class

                reset_vec                      000000  000004  000004         0       0  CODE    
                bssCOMRAM                      000001  000052  000053         1       1  COMRAM  
                intcode                        000008  00005E  000066         4       0  CODE    
                bssBANK0                       000060  00009F  0000FF        60       1  BANK0   
                bssBANK1                       000100  00004A  00014A       100       1  BANK1   
                smallconst                     000300  0000E6  0003E6       180       0  SMALLCON
                text39                         0003E6  001700  001AE6       1F3       0  CODE    
                idloc                          200000  000008  200008    200000       0  IDLOC   
                config                         300000  00000E  30000E    300000       0  CONFIG  


UNUSED ADDRESS RANGES

        Name                Unused          Largest block    Delta
        BANK0            0000FF-0000FF                1
        BANK1            00014A-0001FF               B6
        BANK2            0002C0-0002FF               40
        BIGRAM           000053-00005F                D
                         0000FF-0000FF                1
                         00014A-0001FF               B6
                         0002C0-0002FF               40
        CODE             000004-000007                4
                         000066-0002FF              29A
                         001AE6-003FFF             251A
        COMRAM           000053-00005F                D
        CONST            000004-000007                4
                         000066-0002FF              29A
                         001AE6-003FFF             251A
        EEDATA           F00000-F000FF              100
        MEDIUMCONST      001AE6-003FFF             251A
        RAM              0000FF-0000FF                1
                         00014A-0001FF               B6
                         0002C0-0002FF               40
        SFR              000F53-000FFF                D
        SMALLCONST       001AE6-003FFF              100
        STACK            00014A-0001FF               B6

                                  Symbol Table

?_PIC18F26K40_readThreeBytes               cstackBANK0  0000D9
?_USBTransferOnePacket                     cstackBANK0  0000D3
?i2_USBTransferOnePacket                   cstackCOMRAM 00002A
APP_DeviceCDCBasicDemoTasks@a              cstackBANK1  000140
APP_DeviceCDCBasicDemoTasks@a_2111         cstackBANK1  000144
APP_DeviceCDCBasicDemoTasks@i              cstackBANK1  000149
APP_DeviceCDCBasicDemoTasks@numBytesRead   cstackBANK1  000148
APP_LEDUpdateUSBStatus@ledCount            bssCOMRAM    000019
BUTTON_Enable@button                       cstackBANK0  0000D3
BUTTON_IsPressed@button                    cstackBANK0  0000D3
CDCTxService@byte_to_send                  cstackBANK0  0000DD
CDCTxService@i                             cstackBANK0  0000DC
LED_Enable@led                             cstackBANK0  0000D3
LED_Off@led                                cstackCOMRAM 00002A
LED_On@led                                 cstackCOMRAM 00002A
PIC18F26K40_enterLowVoltageProg@code       cstackBANK0  0000D9
PIC18F26K40_loadDataIntoNVM@IncreasePC     cstackBANK0  0000DB
PIC18F26K40_loadDataIntoNVM@data           cstackBANK0  0000D7
PIC18F26K40_loadDataIntoNVM@tempData       cstackBANK0  0000DD
PIC18F26K40_loadPC@address                 cstackBANK0  0000D9
PIC18F26K40_loadPC@tempAddress             cstackBANK0  0000DD
PIC18F26K40_readThreeBytes@IncreasePC      cstackBANK0  0000D9
PIC18F26K40_readThreeBytes@data            cstackBANK0  0000E5
PIC18F26K40_readThreeBytes@direction       cstackBANK0  0000E4
PIC18F26K40_readThreeBytes@i               cstackBANK0  0000EA
PIC18F26K40_readThreeBytes@j               cstackBANK0  0000E9
PIC18F26K40_sendByte@direction             cstackBANK0  0000D3
PIC18F26K40_sendByte@i                     cstackBANK0  0000D8
PIC18F26K40_sendByte@info                  cstackBANK0  0000D6
PIC18F26K40_sendByte@j                     cstackBANK0  0000D7
PIC18F26K40_sendByteMsbToLsb@i             cstackBANK0  0000D6
PIC18F26K40_sendByteMsbToLsb@info          cstackBANK0  0000D5
PL10                                       text54       000BC4
PL100                                      text37       00123E
PL102                                      text46       000D58
PL104                                      text41       001A1C
PL106                                      text48       001156
PL108                                      text20       000B2A
PL110                                      text54       000BDE
PL112                                      text54       000BE8
PL114                                      text19       0008BC
PL116                                      text43       001AC4
PL12                                       text54       000BD4
PL14                                       text24       00090E
PL16                                       text56       001042
PL18                                       text38       000A3A
PL2                                        text32       000F18
PL20                                       text24       000940
PL22                                       text39       000538
PL24                                       text20       000AF4
PL26                                       text20       000B00
PL28                                       text27       001862
PL30                                       text3        001828
PL32                                       text38       000A46
PL34                                       text24       000968
PL36                                       text39       000542
PL38                                       text56       00104C
PL4                                        text54       000BB0
PL40                                       text26       0019BA
PL42                                       text19       000896
PL44                                       text56       001058
PL46                                       text20       000B0C
PL48                                       text38       000A5E
PL50                                       text35       000E8E
PL52                                       text46       000D2A
PL54                                       text57       000DDE
PL56                                       text39       000558
PL58                                       text39       00056A
PL6                                        text54       000BBA
PL60                                       text39       000574
PL62                                       text55       0011C4
PL64                                       text55       0011CE
PL66                                       text57       000DF0
PL68                                       text57       000DFA
PL70                                       text19       0008AC
PL72                                       text10       001388
PL74                                       text48       001148
PL76                                       text24       000980
PL78                                       text34       000FCA
PL8                                        text56       001032
PL80                                       text7        0006BE
PL82                                       text24       00098C
PL84                                       text46       000D3E
PL86                                       text46       000D46
PL88                                       text23       0007C2
PL90                                       text24       000996
PL92                                       text46       000D50
PL94                                       text20       000B20
PL96                                       text35       000EA2
PL98                                       text31       0016B4
SYSTEM_Initialize@state                    cstackBANK0  0000D4
USBConfigureEndpoint@EPNum                 cstackCOMRAM 00002F
USBConfigureEndpoint@direction             cstackCOMRAM 00002A
USBConfigureEndpoint@handle                cstackCOMRAM 000030
USBCtrlTrfInHandler@lastDTS                cstackCOMRAM 00002B
USBCtrlTrfRxService@byteToRead             cstackCOMRAM 00002B
USBCtrlTrfRxService@i                      cstackCOMRAM 00002A
USBCtrlTrfTxService@byteToSend             cstackCOMRAM 00002A
USBDeviceInit@i                            cstackBANK0  0000DB
USBDeviceTasks@i                           cstackCOMRAM 000047
USBEnableEndpoint@ep                       cstackCOMRAM 000035
USBEnableEndpoint@options                  cstackCOMRAM 000032
USBEnableEndpoint@p                        cstackCOMRAM 000033
USBStdFeatureReqHandler@current_ep_data    cstackCOMRAM 000042
USBStdFeatureReqHandler@p                  cstackCOMRAM 000043
USBStdFeatureReqHandler@pUEP               cstackCOMRAM 000040
USBStdGetStatusHandler@p                   cstackCOMRAM 00002A
USBStdSetCfgHandler@i                      cstackCOMRAM 00003E
USBTransferOnePacket@data                  cstackBANK0  0000D4
USBTransferOnePacket@dir                   cstackBANK0  0000D3
USBTransferOnePacket@ep                    cstackBANK0  0000D9
USBTransferOnePacket@handle                cstackBANK0  0000DA
USBTransferOnePacket@len                   cstackBANK0  0000D6
USER_USB_CALLBACK_EVENT_HANDLER@event      cstackCOMRAM 000036
USER_USB_CALLBACK_EVENT_HANDLER@pdata      cstackCOMRAM 000038
USER_USB_CALLBACK_EVENT_HANDLER@size       cstackCOMRAM 00003A
_ANSEL                                     (abs)        000F7E
_ANSELH                                    (abs)        000F7F
_APP_DeviceCDCBasicDemoInitialize          text52       001A92
_APP_DeviceCDCBasicDemoTasks               text7        00057E
_APP_LEDUpdateUSBStatus                    text49       0012B8
_BDT                                       (abs)        000200
_BUTTON_Enable                             text6        001ACA
_BUTTON_IsPressed                          text21       001A78
_BothEP0OutUOWNsSet                        bssCOMRAM    000022
_CDCDataInHandle                           bssBANK0     000076
_CDCDataOutHandle                          bssBANK0     000078
_CDCInitEP                                 text45       001622
_CDCTxService                              text19       0007CC
_CtrlTrfData                               (abs)        000238
_INTCONbits                                (abs)        000FF2
_IPR2bits                                  (abs)        000FA2
_LATCbits                                  (abs)        000F8B
_LED_Enable                                text5        00189C
_LED_Off                                   text51       001924
_LED_On                                    text50       0018F8
_PIC18F26K40_enterLowVoltageProg           text16       00170A
_PIC18F26K40_exitLowVoltageProg            text15       001AD4
_PIC18F26K40_loadDataIntoNVM               text13       0014C4
_PIC18F26K40_loadPC                        text12       001792
_PIC18F26K40_readThreeBytes                text11       000BF2
_PIC18F26K40_sendByte                      text17       001578
_PIC18F26K40_sendByteMsbToLsb              text14       0016C0
_PIC18F26K40_setTrisToOut                  text18       001ADE
_PIE2bits                                  (abs)        000FA0
_PIR2bits                                  (abs)        000FA1
_PORTAbits                                 (abs)        000F80
_PORTCbits                                 (abs)        000F82
_RCONbits                                  (abs)        000FD0
_RemoteWakeup                              bssCOMRAM    000025
_SYSTEM_Initialize                         text4        001A24
_SYS_InterruptHigh                         intcode      000008
_SetupPkt                                  (abs)        000230
_TRISCbits                                 (abs)        000F94
_UADDR                                     (abs)        000F5C
_UCFG                                      (abs)        000F61
_UCON                                      (abs)        000F64
_UCONbits                                  (abs)        000F64
_UEIE                                      (abs)        000F5B
_UEIR                                      (abs)        000F5F
_UEP0                                      (abs)        000F53
_UEP0bits                                  (abs)        000F53
_UEP1                                      (abs)        000F54
_UIE                                       (abs)        000F60
_UIEbits                                   (abs)        000F60
_UIR                                       (abs)        000F62
_UIRbits                                   (abs)        000F62
_USB1msTickCount                           bssBANK0     000066
_USBActiveConfiguration                    bssCOMRAM    000029
_USBAlternateInterface                     bssBANK0     0000D1
_USBBusIsSuspended                         bssCOMRAM    000024
_USBCheckCDCRequest                        text44       001064
_USBCheckStdRequest                        text34       000F46
_USBConfigureEndpoint                      text48       0010E4
_USBCtrlEPAllowDataStage                   text33       00151E
_USBCtrlEPAllowStatusStage                 text55       001160
_USBCtrlEPService                          text29       001248
_USBCtrlEPServiceComplete                  text32       000EAE
_USBCtrlTrfInHandler                       text56       000FD6
_USBCtrlTrfOutHandler                      text53       0019E6
_USBCtrlTrfRxService                       text54       000B34
_USBCtrlTrfSetupHandler                    text31       001674
_USBCtrlTrfTxService                       text57       000D62
_USBDeferINDataStagePackets                bssCOMRAM    00001D
_USBDeferOUTDataStagePackets               bssBANK0     00007E
_USBDeferStatusStagePacket                 bssCOMRAM    000020
_USBDeviceAttach                           text3        001804
_USBDeviceInit                             text1        001400
_USBDeviceState                            bssBANK0     000081
_USBDeviceTasks                            text23       0006CC
_USBEnableEndpoint                         text47       0017CE
_USBIncrement1msInternalTimers             text28       001A5C
_USBStallHandler                           text27       001838
_USBStatusStageEnabledFlag1                bssCOMRAM    00001F
_USBStatusStageEnabledFlag2                bssCOMRAM    00001E
_USBStatusStageTimeoutCounter              bssCOMRAM    000021
_USBStdFeatureReqHandler                   text39       0003E6
_USBStdGetDscHandler                       text38       0009A0
_USBStdGetStatusHandler                    text37       0011D6
_USBStdSetCfgHandler                       text35       000E0A
_USBSuspend                                text26       0019A4
_USBTicksSinceSuspendEnd                   bssBANK0     00007D
_USBTransferOnePacket                      text20       000A72
_USBWakeFromSuspend                        text25       0019C6
_USB_CD_Ptr                                smallconst   000304
_USB_SD_Ptr                                smallconst   000301
_USER_USB_CALLBACK_EVENT_HANDLER           text40       001396
_USTAT                                     (abs)        000F63
_USTATcopy                                 bssCOMRAM    000028
__CFG_BBSIZ$OFF                            (abs)        000000
__CFG_BOREN$OFF                            (abs)        000000
__CFG_BORV$30                              (abs)        000000
__CFG_CP0$OFF                              (abs)        000000
__CFG_CP1$OFF                              (abs)        000000
__CFG_CPB$OFF                              (abs)        000000
__CFG_CPD$OFF                              (abs)        000000
__CFG_CPUDIV$NOCLKDIV                      (abs)        000000
__CFG_EBTR0$OFF                            (abs)        000000
__CFG_EBTR1$OFF                            (abs)        000000
__CFG_EBTRB$OFF                            (abs)        000000
__CFG_FCMEN$OFF                            (abs)        000000
__CFG_FOSC$XT                              (abs)        000000
__CFG_HFOFST$OFF                           (abs)        000000
__CFG_IESO$OFF                             (abs)        000000
__CFG_LVP$ON                               (abs)        000000
__CFG_MCLRE$OFF                            (abs)        000000
__CFG_PCLKEN$OFF                           (abs)        000000
__CFG_PLLEN$ON                             (abs)        000000
__CFG_PWRTEN$OFF                           (abs)        000000
__CFG_STVREN$ON                            (abs)        000000
__CFG_USBDIV$OFF                           (abs)        000000
__CFG_WDTEN$OFF                            (abs)        000000
__CFG_WDTPS$32768                          (abs)        000000
__CFG_WRT0$OFF                             (abs)        000000
__CFG_WRT1$OFF                             (abs)        000000
__CFG_WRTB$OFF                             (abs)        000000
__CFG_WRTC$OFF                             (abs)        000000
__CFG_WRTD$OFF                             (abs)        000000
__CFG_XINST$OFF                            (abs)        000000
__HRAM                                     (abs)        000000
__Habs1                                    abs1         000000
__Hbank0                                   bank0        000000
__Hbank1                                   bank1        000000
__Hbank2                                   bank2        000000
__Hbigbss                                  bigbss       000000
__Hbigdata                                 bigdata      000000
__Hbigram                                  bigram       000000
__Hbss                                     bss          000000
__HbssBANK0                                bssBANK0     000000
__HbssBANK1                                bssBANK1     000000
__HbssCOMRAM                               bssCOMRAM    000000
__Hcinit                                   cinit        000000
__Hclrtext                                 clrtext      000000
__Hcomram                                  comram       000000
__Hconfig                                  config       30000E
__Hconst                                   const        000000
__HcstackBANK0                             cstackBANK0  000000
__HcstackBANK1                             cstackBANK1  000000
__HcstackCOMRAM                            cstackCOMRAM 000000
__Hdata                                    data         000000
__HdataBANK0                               dataBANK0    000000
__Heeprom_data                             eeprom_data  000000
__Hfarbss                                  farbss       000000
__Hfardata                                 fardata      000000
__Hibigdata                                ibigdata     000000
__Hidata                                   idata        000000
__HidataBANK0                              idataBANK0   000000
__Hidloc                                   idloc        200008
__Hifardata                                ifardata     000000
__Hinit                                    init         000066
__Hintcode                                 intcode      000062
__Hintcode_body                            intcode_body 000000
__Hintcodelo                               intcodelo    000062
__Hintentry                                intentry     000000
__Hintret                                  intret       000000
__Hintsave_regs                            intsave_regs 000000
__Hirdata                                  irdata       000000
__Hmediumconst                             mediumconst  000000
__HnvFARRAM                                nvFARRAM     000000
__Hnvbit                                   nvbit        000000
__Hnvrram                                  nvrram       000000
__Hpa_nodes0                               pa_nodes0    000000
__Hparam                                   rparam       000000
__Hpowerup                                 powerup      000062
__Hram                                     ram          000000
__Hramtop                                  ramtop       000300
__Hrbit                                    rbit         000000
__Hrbss                                    rbss         000000
__Hrdata                                   rdata        000000
__Hreset_vec                               reset_vec    000004
__Hrparam                                  rparam       000000
__Hsfr                                     sfr          000000
__Hsmallconst                              smallconst   0003E6
__Hspace_0                                 (abs)        30000E
__Hspace_1                                 (abs)        00014A
__Hspace_2                                 (abs)        000000
__Hstack                                   stack        000000
__Hstruct                                  struct       000000
__Htemp                                    temp         000053
__Htext                                    text         000000
__Htext0                                   text0        000000
__Htext1                                   text1        000000
__Htext10                                  text10       000000
__Htext11                                  text11       000000
__Htext12                                  text12       000000
__Htext13                                  text13       000000
__Htext14                                  text14       000000
__Htext15                                  text15       000000
__Htext16                                  text16       000000
__Htext17                                  text17       000000
__Htext18                                  text18       000000
__Htext19                                  text19       000000
__Htext2                                   text2        000000
__Htext20                                  text20       000000
__Htext21                                  text21       000000
__Htext23                                  text23       000000
__Htext24                                  text24       000000
__Htext25                                  text25       000000
__Htext26                                  text26       000000
__Htext27                                  text27       000000
__Htext28                                  text28       000000
__Htext29                                  text29       000000
__Htext3                                   text3        000000
__Htext30                                  text30       000000
__Htext31                                  text31       000000
__Htext32                                  text32       000000
__Htext33                                  text33       000000
__Htext34                                  text34       000000
__Htext35                                  text35       000000
__Htext36                                  text36       000000
__Htext37                                  text37       000000
__Htext38                                  text38       000000
__Htext39                                  text39       000000
__Htext4                                   text4        000000
__Htext40                                  text40       000000
__Htext41                                  text41       000000
__Htext42                                  text42       000000
__Htext43                                  text43       000000
__Htext44                                  text44       000000
__Htext45                                  text45       000000
__Htext46                                  text46       000000
__Htext47                                  text47       000000
__Htext48                                  text48       000000
__Htext49                                  text49       000000
__Htext5                                   text5        000000
__Htext50                                  text50       000000
__Htext51                                  text51       000000
__Htext52                                  text52       000000
__Htext53                                  text53       000000
__Htext54                                  text54       000000
__Htext55                                  text55       000000
__Htext56                                  text56       000000
__Htext57                                  text57       000000
__Htext6                                   text6        000000
__Htext7                                   text7        000000
__Htext8                                   text8        000000
__Htext9                                   text9        000000
__LRAM                                     (abs)        000001
__Labs1                                    abs1         000000
__Lbank0                                   bank0        000000
__Lbank1                                   bank1        000000
__Lbank2                                   bank2        000000
__Lbigbss                                  bigbss       000000
__Lbigdata                                 bigdata      000000
__Lbigram                                  bigram       000000
__Lbss                                     bss          000000
__LbssBANK0                                bssBANK0     000000
__LbssBANK1                                bssBANK1     000000
__LbssCOMRAM                               bssCOMRAM    000000
__Lcinit                                   cinit        000000
__Lclrtext                                 clrtext      000000
__Lcomram                                  comram       000000
__Lconfig                                  config       300000
__Lconst                                   const        000000
__LcstackBANK0                             cstackBANK0  000000
__LcstackBANK1                             cstackBANK1  000000
__LcstackCOMRAM                            cstackCOMRAM 000000
__Ldata                                    data         000000
__LdataBANK0                               dataBANK0    000000
__Leeprom_data                             eeprom_data  000000
__Lfarbss                                  farbss       000000
__Lfardata                                 fardata      000000
__Libigdata                                ibigdata     000000
__Lidata                                   idata        000000
__LidataBANK0                              idataBANK0   000000
__Lidloc                                   idloc        200000
__Lifardata                                ifardata     000000
__Linit                                    init         000062
__Lintcode                                 intcode      000008
__Lintcode_body                            intcode_body 000000
__Lintcodelo                               intcodelo    000062
__Lintentry                                intentry     000000
__Lintret                                  intret       000000
__Lintsave_regs                            intsave_regs 000000
__Lirdata                                  irdata       000000
__Lmediumconst                             mediumconst  000000
__LnvFARRAM                                nvFARRAM     000000
__Lnvbit                                   nvbit        000000
__Lnvrram                                  nvrram       000000
__Lpa_nodes0                               pa_nodes0    000000
__Lparam                                   rparam       000000
__Lpowerup                                 powerup      000062
__Lram                                     ram          000000
__Lramtop                                  ramtop       000300
__Lrbit                                    rbit         000000
__Lrbss                                    rbss         000000
__Lrdata                                   rdata        000000
__Lreset_vec                               reset_vec    000000
__Lrparam                                  rparam       000000
__Lsfr                                     sfr          000000
__Lsmallconst                              smallconst   000300
__Lspace_0                                 (abs)        000000
__Lspace_1                                 (abs)        000000
__Lspace_2                                 (abs)        000000
__Lstack                                   stack        000000
__Lstruct                                  struct       000000
__Ltemp                                    temp         000052
__Ltext                                    text         000000
__Ltext0                                   text0        000000
__Ltext1                                   text1        000000
__Ltext10                                  text10       000000
__Ltext11                                  text11       000000
__Ltext12                                  text12       000000
__Ltext13                                  text13       000000
__Ltext14                                  text14       000000
__Ltext15                                  text15       000000
__Ltext16                                  text16       000000
__Ltext17                                  text17       000000
__Ltext18                                  text18       000000
__Ltext19                                  text19       000000
__Ltext2                                   text2        000000
__Ltext20                                  text20       000000
__Ltext21                                  text21       000000
__Ltext23                                  text23       000000
__Ltext24                                  text24       000000
__Ltext25                                  text25       000000
__Ltext26                                  text26       000000
__Ltext27                                  text27       000000
__Ltext28                                  text28       000000
__Ltext29                                  text29       000000
__Ltext3                                   text3        000000
__Ltext30                                  text30       000000
__Ltext31                                  text31       000000
__Ltext32                                  text32       000000
__Ltext33                                  text33       000000
__Ltext34                                  text34       000000
__Ltext35                                  text35       000000
__Ltext36                                  text36       000000
__Ltext37                                  text37       000000
__Ltext38                                  text38       000000
__Ltext39                                  text39       000000
__Ltext4                                   text4        000000
__Ltext40                                  text40       000000
__Ltext41                                  text41       000000
__Ltext42                                  text42       000000
__Ltext43                                  text43       000000
__Ltext44                                  text44       000000
__Ltext45                                  text45       000000
__Ltext46                                  text46       000000
__Ltext47                                  text47       000000
__Ltext48                                  text48       000000
__Ltext49                                  text49       000000
__Ltext5                                   text5        000000
__Ltext50                                  text50       000000
__Ltext51                                  text51       000000
__Ltext52                                  text52       000000
__Ltext53                                  text53       000000
__Ltext54                                  text54       000000
__Ltext55                                  text55       000000
__Ltext56                                  text56       000000
__Ltext57                                  text57       000000
__Ltext6                                   text6        000000
__Ltext7                                   text7        000000
__Ltext8                                   text8        000000
__Ltext9                                   text9        000000
__S0                                       (abs)        30000E
__S1                                       (abs)        00014A
__S2                                       (abs)        000000
___inthi_sp                                stack        000000
___intlo_sp                                stack        000000
___param_bank                              (abs)        000000
___rparam_used                             (abs)        000001
___sp                                      stack        000000
__accesstop                                (abs)        000060
__activetblptr                             (abs)        000002
__end_ofPL10                               text54       000BD4
__end_ofPL100                              text37       001248
__end_ofPL102                              text46       000D62
__end_ofPL104                              text41       001A24
__end_ofPL106                              text48       001160
__end_ofPL108                              text20       000B34
__end_ofPL110                              text54       000BE8
__end_ofPL112                              text54       000BF2
__end_ofPL114                              text19       0008C6
__end_ofPL116                              text43       001ACA
__end_ofPL12                               text54       000BDE
__end_ofPL14                               text24       000940
__end_ofPL16                               text56       00104C
__end_ofPL18                               text38       000A46
__end_ofPL2                                text32       000F46
__end_ofPL20                               text24       000968
__end_ofPL22                               text39       000542
__end_ofPL24                               text20       000B00
__end_ofPL26                               text20       000B0C
__end_ofPL28                               text27       00186C
__end_ofPL30                               text3        001838
__end_ofPL32                               text38       000A5E
__end_ofPL34                               text24       000980
__end_ofPL36                               text39       000558
__end_ofPL38                               text56       001058
__end_ofPL4                                text54       000BBA
__end_ofPL40                               text26       0019C6
__end_ofPL42                               text19       0008AC
__end_ofPL44                               text56       001064
__end_ofPL46                               text20       000B20
__end_ofPL48                               text38       000A72
__end_ofPL50                               text35       000EA2
__end_ofPL52                               text46       000D3E
__end_ofPL54                               text57       000DF0
__end_ofPL56                               text39       00056A
__end_ofPL58                               text39       000574
__end_ofPL6                                text54       000BC4
__end_ofPL60                               text39       00057E
__end_ofPL62                               text55       0011CE
__end_ofPL64                               text55       0011D6
__end_ofPL66                               text57       000DFA
__end_ofPL68                               text57       000E0A
__end_ofPL70                               text19       0008BC
__end_ofPL72                               text10       001396
__end_ofPL74                               text48       001156
__end_ofPL76                               text24       00098C
__end_ofPL78                               text34       000FD6
__end_ofPL8                                text56       001042
__end_ofPL80                               text7        0006CC
__end_ofPL82                               text24       000996
__end_ofPL84                               text46       000D46
__end_ofPL86                               text46       000D50
__end_ofPL88                               text23       0007CC
__end_ofPL90                               text24       0009A0
__end_ofPL92                               text46       000D58
__end_ofPL94                               text20       000B2A
__end_ofPL96                               text35       000EAE
__end_ofPL98                               text31       0016C0
__end_of_APP_DeviceCDCBasicDemoInitialize  text52       001AAC
__end_of_APP_DeviceCDCBasicDemoTasks       text7        0006BE
__end_of_APP_LEDUpdateUSBStatus            text49       001328
__end_of_BUTTON_Enable                     text6        001AD4
__end_of_BUTTON_IsPressed                  text21       001A92
__end_of_CDCInitEP                         text45       001674
__end_of_CDCTxService                      text19       000896
__end_of_LED_Enable                        text5        0018CC
__end_of_LED_Off                           text51       001950
__end_of_LED_On                            text50       001924
__end_of_PIC18F26K40_enterLowVoltageProg   text16       001750
__end_of_PIC18F26K40_exitLowVoltageProg    text15       001ADE
__end_of_PIC18F26K40_loadDataIntoNVM       text13       00151E
__end_of_PIC18F26K40_loadPC                text12       0017CE
__end_of_PIC18F26K40_readThreeBytes        text11       000CAA
__end_of_PIC18F26K40_sendByte              text17       0015D0
__end_of_PIC18F26K40_sendByteMsbToLsb      text14       00170A
__end_of_PIC18F26K40_setTrisToOut          text18       001AE6
__end_of_SYSTEM_Initialize                 text4        001A40
__end_of_SYS_InterruptHigh                 intcode      000062
__end_of_USBCheckCDCRequest                text44       0010E4
__end_of_USBCheckStdRequest                text34       000FCA
__end_of_USBConfigureEndpoint              text48       001148
__end_of_USBCtrlEPAllowDataStage           text33       001578
__end_of_USBCtrlEPAllowStatusStage         text55       0011C4
__end_of_USBCtrlEPService                  text29       0012B8
__end_of_USBCtrlEPServiceComplete          text32       000F18
__end_of_USBCtrlTrfInHandler               text56       001032
__end_of_USBCtrlTrfOutHandler              text53       001A06
__end_of_USBCtrlTrfRxService               text54       000BB0
__end_of_USBCtrlTrfSetupHandler            text31       0016B4
__end_of_USBCtrlTrfTxService               text57       000DDE
__end_of_USBDeviceAttach                   text3        001828
__end_of_USBDeviceInit                     text1        001466
__end_of_USBDeviceTasks                    text23       0007C2
__end_of_USBEnableEndpoint                 text47       001804
__end_of_USBIncrement1msInternalTimers     text28       001A78
__end_of_USBStallHandler                   text27       001862
__end_of_USBStdFeatureReqHandler           text39       000538
__end_of_USBStdGetDscHandler               text38       000A3A
__end_of_USBStdGetStatusHandler            text37       00123E
__end_of_USBStdSetCfgHandler               text35       000E8E
__end_of_USBSuspend                        text26       0019BA
__end_of_USBTransferOnePacket              text20       000AF4
__end_of_USBWakeFromSuspend                text25       0019E6
__end_of_USB_CD_Ptr                        smallconst   000305
__end_of_USB_SD_Ptr                        smallconst   000304
__end_of_USER_USB_CALLBACK_EVENT_HANDLER   text40       001400
__end_of__initialization                   cinit        001614
__end_of_configDescriptor1                 smallconst   000348
__end_of_device_dsc                        smallconst   0003C2
__end_of_getsUSBUSART                      text10       001388
__end_of_main                              text0        00189C
__end_of_memcpy                            text30       001792
__end_of_memset                            text2        00197A
__end_of_putUSBUSART                       text9        001A5C
__end_of_putrsUSBUSART                     text8        0014C4
__end_of_sd000                             smallconst   0003C6
__end_of_sd001                             smallconst   0003B0
__end_of_sd002                             smallconst   00037C
__end_ofi2_BUTTON_Enable                   text43       001AC4
__end_ofi2_LED_Enable                      text42       0018F8
__end_ofi2_SYSTEM_Initialize               text41       001A1C
__end_ofi2_USBDeviceInit                   text24       00090E
__end_ofi2_USBTransferOnePacket            text46       000D2A
__end_ofi2_memset                          text36       0019A4
__initialization                           cinit        0015D0
__mediumconst                              mediumconst  000000
__pbssBANK0                                bssBANK0     000060
__pbssBANK1                                bssBANK1     000100
__pbssCOMRAM                               bssCOMRAM    000001
__pcinit                                   cinit        0015D0
__pcstackBANK0                             cstackBANK0  0000D3
__pcstackBANK1                             cstackBANK1  000140
__pcstackCOMRAM                            cstackCOMRAM 00002A
__pdataBANK0                               dataBANK0    0000ED
__pidataBANK0                              idataBANK0   001AAC
__pintcode                                 intcode      000008
__psmallconst                              smallconst   000300
__ptext0                                   text0        00186C
__ptext1                                   text1        001400
__ptext10                                  text10       001328
__ptext11                                  text11       000BF2
__ptext12                                  text12       001792
__ptext13                                  text13       0014C4
__ptext14                                  text14       0016C0
__ptext15                                  text15       001AD4
__ptext16                                  text16       00170A
__ptext17                                  text17       001578
__ptext18                                  text18       001ADE
__ptext19                                  text19       0007CC
__ptext2                                   text2        001950
__ptext20                                  text20       000A72
__ptext21                                  text21       001A78
__ptext23                                  text23       0006CC
__ptext24                                  text24       0008C6
__ptext25                                  text25       0019C6
__ptext26                                  text26       0019A4
__ptext27                                  text27       001838
__ptext28                                  text28       001A5C
__ptext29                                  text29       001248
__ptext3                                   text3        001804
__ptext30                                  text30       001750
__ptext31                                  text31       001674
__ptext32                                  text32       000EAE
__ptext33                                  text33       00151E
__ptext34                                  text34       000F46
__ptext35                                  text35       000E0A
__ptext36                                  text36       00197A
__ptext37                                  text37       0011D6
__ptext38                                  text38       0009A0
__ptext39                                  text39       0003E6
__ptext4                                   text4        001A24
__ptext40                                  text40       001396
__ptext41                                  text41       001A06
__ptext42                                  text42       0018CC
__ptext43                                  text43       001ABE
__ptext44                                  text44       001064
__ptext45                                  text45       001622
__ptext46                                  text46       000CAA
__ptext47                                  text47       0017CE
__ptext48                                  text48       0010E4
__ptext49                                  text49       0012B8
__ptext5                                   text5        00189C
__ptext50                                  text50       0018F8
__ptext51                                  text51       001924
__ptext52                                  text52       001A92
__ptext53                                  text53       0019E6
__ptext54                                  text54       000B34
__ptext55                                  text55       001160
__ptext56                                  text56       000FD6
__ptext57                                  text57       000D62
__ptext6                                   text6        001ACA
__ptext7                                   text7        00057E
__ptext8                                   text8        001466
__ptext9                                   text9        001A40
__ramtop                                   ramtop       000300
__size_of_APP_DeviceCDCBasicDemoInitialize (abs)        000000
__size_of_APP_DeviceCDCBasicDemoTasks      (abs)        000000
__size_of_APP_LEDUpdateUSBStatus           (abs)        000000
__size_of_BUTTON_Enable                    (abs)        000000
__size_of_BUTTON_IsPressed                 (abs)        000000
__size_of_CDCInitEP                        (abs)        000000
__size_of_CDCTxService                     (abs)        000000
__size_of_LED_Enable                       (abs)        000000
__size_of_LED_Off                          (abs)        000000
__size_of_LED_On                           (abs)        000000
__size_of_PIC18F26K40_enterLowVoltageProg  (abs)        000000
__size_of_PIC18F26K40_exitLowVoltageProg   (abs)        000000
__size_of_PIC18F26K40_loadDataIntoNVM      (abs)        000000
__size_of_PIC18F26K40_loadPC               (abs)        000000
__size_of_PIC18F26K40_readThreeBytes       (abs)        000000
__size_of_PIC18F26K40_sendByte             (abs)        000000
__size_of_PIC18F26K40_sendByteMsbToLsb     (abs)        000000
__size_of_PIC18F26K40_setTrisToOut         (abs)        000000
__size_of_SYSTEM_Initialize                (abs)        000000
__size_of_SYS_InterruptHigh                (abs)        000000
__size_of_USBCheckCDCRequest               (abs)        000000
__size_of_USBCheckStdRequest               (abs)        000000
__size_of_USBConfigureEndpoint             (abs)        000000
__size_of_USBCtrlEPAllowDataStage          (abs)        000000
__size_of_USBCtrlEPAllowStatusStage        (abs)        000000
__size_of_USBCtrlEPService                 (abs)        000000
__size_of_USBCtrlEPServiceComplete         (abs)        000000
__size_of_USBCtrlTrfInHandler              (abs)        000000
__size_of_USBCtrlTrfOutHandler             (abs)        000000
__size_of_USBCtrlTrfRxService              (abs)        000000
__size_of_USBCtrlTrfSetupHandler           (abs)        000000
__size_of_USBCtrlTrfTxService              (abs)        000000
__size_of_USBDeviceAttach                  (abs)        000000
__size_of_USBDeviceInit                    (abs)        000000
__size_of_USBDeviceTasks                   (abs)        000000
__size_of_USBEnableEndpoint                (abs)        000000
__size_of_USBIncrement1msInternalTimers    (abs)        000000
__size_of_USBStallHandler                  (abs)        000000
__size_of_USBStdFeatureReqHandler          (abs)        000000
__size_of_USBStdGetDscHandler              (abs)        000000
__size_of_USBStdGetStatusHandler           (abs)        000000
__size_of_USBStdSetCfgHandler              (abs)        000000
__size_of_USBSuspend                       (abs)        000000
__size_of_USBTransferOnePacket             (abs)        000000
__size_of_USBWakeFromSuspend               (abs)        000000
__size_of_USER_USB_CALLBACK_EVENT_HANDLER  (abs)        000000
__size_of_getsUSBUSART                     (abs)        000000
__size_of_main                             (abs)        000000
__size_of_memcpy                           (abs)        000000
__size_of_memset                           (abs)        000000
__size_of_putUSBUSART                      (abs)        000000
__size_of_putrsUSBUSART                    (abs)        000000
__size_ofi2_BUTTON_Enable                  (abs)        000000
__size_ofi2_LED_Enable                     (abs)        000000
__size_ofi2_SYSTEM_Initialize              (abs)        000000
__size_ofi2_USBDeviceInit                  (abs)        000000
__size_ofi2_USBTransferOnePacket           (abs)        000000
__size_ofi2_memset                         (abs)        000000
__smallconst                               smallconst   000300
_buttonMessage                             dataBANK0    0000ED
_buttonPressed                             bssBANK0     00007F
_cdc_data_rx                               (abs)        000280
_cdc_data_tx                               (abs)        000240
_cdc_mem_type                              bssBANK0     00007C
_cdc_rx_len                                bssCOMRAM    00001C
_cdc_trf_state                             bssBANK0     000080
_cdc_tx_len                                bssCOMRAM    00001B
_configDescriptor1                         smallconst   000305
_controlTransferState                      bssCOMRAM    000026
_device_dsc                                smallconst   0003B0
_dummy_encapsulated_cmd_response           bssBANK0     0000C2
_endpoint_number                           bssCOMRAM    000023
_ep_data_in                                bssBANK0     000073
_ep_data_out                               bssBANK0     000070
_getsUSBUSART                              text10       001328
_inPipes                                   bssCOMRAM    000009
_line_coding                               bssBANK0     0000CA
_main                                      text0        00186C
_memcpy                                    text30       001750
_memset                                    text2        001950
_outPipes                                  bssCOMRAM    000001
_pBDTEntryEP0OutCurrent                    bssCOMRAM    000017
_pBDTEntryEP0OutNext                       bssCOMRAM    000015
_pBDTEntryIn                               bssCOMRAM    00000F
_pBDTEntryOut                              bssBANK0     000060
_pCDCDst                                   bssBANK0     00006A
_pCDCSrc                                   bssBANK0     00006D
_pDst                                      bssBANK0     00007A
_putUSBUSART                               text9        001A40
_putrsUSBUSART                             text8        001466
_readBuffer                                bssBANK0     000082
_sd000                                     smallconst   0003C2
_sd001                                     smallconst   00037C
_sd002                                     smallconst   000348
_shortPacketStatus                         bssCOMRAM    000027
_writeBuffer                               bssBANK1     000100
btemp                                      temp         000052
end_of_initialization                      cinit        001614
getsUSBUSART@buffer                        cstackBANK0  0000DC
getsUSBUSART@len                           cstackBANK0  0000DD
i2BUTTON_Enable@button                     cstackCOMRAM 00002A
i2LED_Enable@led                           cstackCOMRAM 00002A
i2SYSTEM_Initialize@state                  cstackCOMRAM 00002B
i2USBDeviceInit@i                          cstackCOMRAM 000032
i2USBTransferOnePacket@data                cstackCOMRAM 00002B
i2USBTransferOnePacket@dir                 cstackCOMRAM 00002A
i2USBTransferOnePacket@ep                  cstackCOMRAM 000030
i2USBTransferOnePacket@handle              cstackCOMRAM 000031
i2USBTransferOnePacket@len                 cstackCOMRAM 00002D
i2_BUTTON_Enable                           text43       001ABE
i2_LED_Enable                              text42       0018CC
i2_SYSTEM_Initialize                       text41       001A06
i2_USBDeviceInit                           text24       0008C6
i2_USBTransferOnePacket                    text46       000CAA
i2_memset                                  text36       00197A
i2memset@c                                 cstackCOMRAM 00002C
i2memset@n                                 cstackCOMRAM 00002E
i2memset@p                                 cstackCOMRAM 000030
i2memset@p1                                cstackCOMRAM 00002A
int$flags                                  temp         000052
intlevel0                                  text         000000
intlevel1                                  text         000000
intlevel2                                  text         000000
intlevel3                                  text         000000
memcpy@d                                   cstackCOMRAM 000030
memcpy@d1                                  cstackCOMRAM 00002A
memcpy@n                                   cstackCOMRAM 00002E
memcpy@s                                   cstackCOMRAM 000032
memcpy@s1                                  cstackCOMRAM 00002C
memcpy@tmp                                 cstackCOMRAM 000034
memset@c                                   cstackBANK0  0000D5
memset@n                                   cstackBANK0  0000D7
memset@p                                   cstackBANK0  0000D9
memset@p1                                  cstackBANK0  0000D3
putUSBUSART@data                           cstackBANK0  0000D3
putUSBUSART@length                         cstackBANK0  0000D5
putrsUSBUSART@data                         cstackBANK0  0000D3
putrsUSBUSART@len                          cstackBANK0  0000D9
putrsUSBUSART@pData                        cstackBANK0  0000D7
stackhi                                    (abs)        0001FF
stacklo                                    (abs)        00014A
start                                      init         000062
start_initialization                       cinit        0015D0


FUNCTION INFORMATION:

 *************** function _main *****************
 Defined at:
		line 12 in file "main.c"
 Parameters:    Size  Location     Type
		None
 Auto vars:     Size  Location     Type
		None
 Return value:  Size  Location     Type
                  1    wreg      void 
 Registers used:
		wreg, fsr1l, fsr1h, fsr2l, fsr2h, status,2, status,0, tblptrl, tblptrh, tblptru, prodl, prodh, cstack
 Tracked objects:
		On entry : 
		On exit  : 
		Unchanged: 
 Data sizes:     COMRAM   BANK0   BANK1   BANK2
      Params:         0       0       0       0
      Locals:         0       0       0       0
      Temps:          0       2       0       0
      Totals:         0       2       0       0
Total ram usage:        2 bytes
 Hardware stack levels required when called:   14
 This function calls:
		_APP_DeviceCDCBasicDemoTasks
		_SYSTEM_Initialize
		_USBDeviceAttach
		_USBDeviceInit
 This function is called by:
		Startup code after reset
 This function uses a non-reentrant model


 *************** function _USBDeviceInit *****************
 Defined at:
		line 277 in file "picLibs/usb_device.c"
 Parameters:    Size  Location     Type
		None
 Auto vars:     Size  Location     Type
  i               1    8[BANK0 ] unsigned char 
 Return value:  Size  Location     Type
                  1    wreg      void 
 Registers used:
		wreg, fsr2l, fsr2h, status,2, status,0, prodl, prodh, cstack
 Tracked objects:
		On entry : 
		On exit  : 
		Unchanged: 
 Data sizes:     COMRAM   BANK0   BANK1   BANK2
      Params:         0       0       0       0
      Locals:         0       1       0       0
      Temps:          0       0       0       0
      Totals:         0       1       0       0
Total ram usage:        1 bytes
 Hardware stack levels used:    1
 Hardware stack levels required when called:   11
 This function calls:
		_memset
 This function is called by:
		_main
 This function uses a non-reentrant model


 *************** function _memset *****************
 Defined at:
		line 8 in file "C:\Program Files (x86)\Microchip\xc8\v1.42\sources\common\memset.c"
 Parameters:    Size  Location     Type
  p1              2    0[BANK0 ] PTR void 
		 -> USBAlternateInterface(2), BDT(48), UEP1(1), 
  c               2    2[BANK0 ] int 
  n               2    4[BANK0 ] unsigned int 
 Auto vars:     Size  Location     Type
  p               2    6[BANK0 ] PTR unsigned char 
		 -> USBAlternateInterface(2), BDT(48), UEP1(1), 
 Return value:  Size  Location     Type
                  2    0[BANK0 ] PTR void 
 Registers used:
		wreg, fsr2l, fsr2h, status,2, status,0
 Tracked objects:
		On entry : 
		On exit  : 
		Unchanged: 
 Data sizes:     COMRAM   BANK0   BANK1   BANK2
      Params:         0       6       0       0
      Locals:         0       2       0       0
      Temps:          0       0       0       0
      Totals:         0       8       0       0
Total ram usage:        8 bytes
 Hardware stack levels used:    1
 Hardware stack levels required when called:   10
 This function calls:
		Nothing
 This function is called by:
		_USBDeviceInit
 This function uses a non-reentrant model


 *************** function _USBDeviceAttach *****************
 Defined at:
		line 1352 in file "picLibs/usb_device.c"
 Parameters:    Size  Location     Type
		None
 Auto vars:     Size  Location     Type
		None
 Return value:  Size  Location     Type
                  1    wreg      void 
 Registers used:
		wreg, status,2
 Tracked objects:
		On entry : 
		On exit  : 
		Unchanged: 
 Data sizes:     COMRAM   BANK0   BANK1   BANK2
      Params:         0       0       0       0
      Locals:         0       0       0       0
      Temps:          0       0       0       0
      Totals:         0       0       0       0
Total ram usage:        0 bytes
 Hardware stack levels used:    1
 Hardware stack levels required when called:   10
 This function calls:
		Nothing
 This function is called by:
		_main
 This function uses a non-reentrant model


 *************** function _SYSTEM_Initialize *****************
 Defined at:
		line 66 in file "picLibs/system.c"
 Parameters:    Size  Location     Type
  state           1    wreg     enum E3329
 Auto vars:     Size  Location     Type
  state           1    1[BANK0 ] enum E3329
 Return value:  Size  Location     Type
                  1    wreg      void 
 Registers used:
		wreg, status,2, status,0, cstack
 Tracked objects:
		On entry : 
		On exit  : 
		Unchanged: 
 Data sizes:     COMRAM   BANK0   BANK1   BANK2
      Params:         0       0       0       0
      Locals:         0       1       0       0
      Temps:          0       0       0       0
      Totals:         0       1       0       0
Total ram usage:        1 bytes
 Hardware stack levels used:    1
 Hardware stack levels required when called:   11
 This function calls:
		_BUTTON_Enable
		_LED_Enable
 This function is called by:
		_main
 This function uses a non-reentrant model


 *************** function _LED_Enable *****************
 Defined at:
		line 220 in file "picLibs/leds.c"
 Parameters:    Size  Location     Type
  led             1    wreg     enum E2
 Auto vars:     Size  Location     Type
  led             1    0[BANK0 ] enum E2
 Return value:  Size  Location     Type
                  1    wreg      void 
 Registers used:
		wreg, status,2, status,0
 Tracked objects:
		On entry : 
		On exit  : 
		Unchanged: 
 Data sizes:     COMRAM   BANK0   BANK1   BANK2
      Params:         0       0       0       0
      Locals:         0       1       0       0
      Temps:          0       0       0       0
      Totals:         0       1       0       0
Total ram usage:        1 bytes
 Hardware stack levels used:    1
 Hardware stack levels required when called:   10
 This function calls:
		Nothing
 This function is called by:
		_SYSTEM_Initialize
 This function uses a non-reentrant model


 *************** function _BUTTON_Enable *****************
 Defined at:
		line 85 in file "picLibs/buttons.c"
 Parameters:    Size  Location     Type
  button          1    wreg     enum E3304
 Auto vars:     Size  Location     Type
  button          1    0[BANK0 ] enum E3304
 Return value:  Size  Location     Type
                  1    wreg      void 
 Registers used:
		wreg, status,2, status,0
 Tracked objects:
		On entry : 
		On exit  : 
		Unchanged: 
 Data sizes:     COMRAM   BANK0   BANK1   BANK2
      Params:         0       0       0       0
      Locals:         0       1       0       0
      Temps:          0       0       0       0
      Totals:         0       1       0       0
Total ram usage:        1 bytes
 Hardware stack levels used:    1
 Hardware stack levels required when called:   10
 This function calls:
		Nothing
 This function is called by:
		_SYSTEM_Initialize
 This function uses a non-reentrant model


 *************** function _APP_DeviceCDCBasicDemoTasks *****************
 Defined at:
		line 77 in file "picLibs/app_device_cdc_basic.c"
 Parameters:    Size  Location     Type
		None
 Auto vars:     Size  Location     Type
  a               4    4[BANK1 ] struct _DWORD_VAL
  a               4    0[BANK1 ] struct _DWORD_VAL
  i               1    9[BANK1 ] unsigned char 
  numBytesRead    1    8[BANK1 ] unsigned char 
 Return value:  Size  Location     Type
                  1    wreg      void 
 Registers used:
		wreg, fsr1l, fsr1h, fsr2l, fsr2h, status,2, status,0, tblptrl, tblptrh, tblptru, prodl, prodh, cstack
 Tracked objects:
		On entry : 
		On exit  : 
		Unchanged: 
 Data sizes:     COMRAM   BANK0   BANK1   BANK2
      Params:         0       0       0       0
      Locals:         0       0      10       0
      Temps:          0       0       0       0
      Totals:         0       0      10       0
Total ram usage:       10 bytes
 Hardware stack levels used:    1
 Hardware stack levels required when called:   13
 This function calls:
		_BUTTON_IsPressed
		_CDCTxService
		_PIC18F26K40_enterLowVoltageProg
		_PIC18F26K40_exitLowVoltageProg
		_PIC18F26K40_loadDataIntoNVM
		_PIC18F26K40_loadPC
		_PIC18F26K40_readThreeBytes
		_getsUSBUSART
		_putUSBUSART
		_putrsUSBUSART
 This function is called by:
		_main
 This function uses a non-reentrant model


 *************** function _putrsUSBUSART *****************
 Defined at:
		line 726 in file "picLibs/usb_device_cdc.c"
 Parameters:    Size  Location     Type
  data            2    0[BANK0 ] PTR const unsigned char 
		 -> STR_2(31), STR_1(3), buttonMessage(18), 
 Auto vars:     Size  Location     Type
  pData           2    4[BANK0 ] PTR const unsigned char 
		 -> STR_2(31), STR_1(3), buttonMessage(18), 
  len             1    6[BANK0 ] unsigned char 
 Return value:  Size  Location     Type
                  1    wreg      void 
 Registers used:
		wreg, fsr1l, fsr1h, status,2, status,0, tblptrl, tblptrh, tblptru
 Tracked objects:
		On entry : 
		On exit  : 
		Unchanged: 
 Data sizes:     COMRAM   BANK0   BANK1   BANK2
      Params:         0       2       0       0
      Locals:         0       3       0       0
      Temps:          0       2       0       0
      Totals:         0       7       0       0
Total ram usage:        7 bytes
 Hardware stack levels used:    1
 Hardware stack levels required when called:   10
 This function calls:
		Nothing
 This function is called by:
		_APP_DeviceCDCBasicDemoTasks
 This function uses a non-reentrant model


 *************** function _putUSBUSART *****************
 Defined at:
		line 556 in file "picLibs/usb_device_cdc.c"
 Parameters:    Size  Location     Type
  data            2    0[BANK0 ] PTR unsigned char 
		 -> writeBuffer(64), 
  length          1    2[BANK0 ] unsigned char 
 Auto vars:     Size  Location     Type
		None
 Return value:  Size  Location     Type
                  1    wreg      void 
 Registers used:
		wreg, status,2, status,0
 Tracked objects:
		On entry : 
		On exit  : 
		Unchanged: 
 Data sizes:     COMRAM   BANK0   BANK1   BANK2
      Params:         0       3       0       0
      Locals:         0       0       0       0
      Temps:          0       0       0       0
      Totals:         0       3       0       0
Total ram usage:        3 bytes
 Hardware stack levels used:    1
 Hardware stack levels required when called:   10
 This function calls:
		Nothing
 This function is called by:
		_APP_DeviceCDCBasicDemoTasks
 This function uses a non-reentrant model


 *************** function _getsUSBUSART *****************
 Defined at:
		line 485 in file "picLibs/usb_device_cdc.c"
 Parameters:    Size  Location     Type
  buffer          1    9[BANK0 ] PTR unsigned char 
		 -> readBuffer(64), 
  len             1   10[BANK0 ] unsigned char 
[...]
 Defined at:
		line 294 in file "picLibs/usb_device_cdc.c"
 Parameters:    Size  Location     Type
		None
 Auto vars:     Size  Location     Type
		None
 Return value:  Size  Location     Type
                  1    wreg      void 
 Registers used:
		wreg, fsr2l, fsr2h, status,2, status,0, prodl, prodh, cstack
 Tracked objects:
		On entry : 
		On exit  : 
		Unchanged: 
 Data sizes:     COMRAM   BANK0   BANK1   BANK2
      Params:         0       0       0       0
      Locals:         0       0       0       0
      Temps:          0       0       0       0
      Totals:         0       0       0       0
Total ram usage:        0 bytes
 Hardware stack levels used:    1
 Hardware stack levels required when called:    2
 This function calls:
		_USBEnableEndpoint
		i2_USBTransferOnePacket
 This function is called by:
		_USER_USB_CALLBACK_EVENT_HANDLER
 This function uses a non-reentrant model


 *************** function i2_USBTransferOnePacket *****************
 Defined at:
		line 995 in file "picLibs/usb_device.c"
 Parameters:    Size  Location     Type
  ep              1    wreg     unsigned char 
  dir             1    0[COMRAM] unsigned char 
  data            2    1[COMRAM] PTR unsigned char 
		 -> cdc_data_tx(64), cdc_data_rx(64), NULL(0), 
  len             1    3[COMRAM] unsigned char 
 Auto vars:     Size  Location     Type
  ep              1    6[COMRAM] unsigned char 
  USBTransferO    2    7[COMRAM] PTR volatile struct __BD
		 -> RAM(767), NULL(0), BDT(48), 
 Return value:  Size  Location     Type
                  2    0[COMRAM] PTR void 
 Registers used:
		wreg, fsr2l, fsr2h, status,2, status,0, prodl, prodh
 Tracked objects:
		On entry : 
		On exit  : 
		Unchanged: 
 Data sizes:     COMRAM   BANK0   BANK1   BANK2
      Params:         4       0       0       0
      Locals:         3       0       0       0
      Temps:          2       0       0       0
      Totals:         9       0       0       0
Total ram usage:        9 bytes
 Hardware stack levels used:    1
 This function calls:
		Nothing
 This function is called by:
		_CDCInitEP
 This function uses a non-reentrant model


 *************** function _USBEnableEndpoint *****************
 Defined at:
		line 878 in file "picLibs/usb_device.c"
 Parameters:    Size  Location     Type
  ep              1    wreg     unsigned char 
  options         1    8[COMRAM] unsigned char 
 Auto vars:     Size  Location     Type
  ep              1   11[COMRAM] unsigned char 
  p               2    9[COMRAM] PTR unsigned char 
		 -> UEP0(1), 
 Return value:  Size  Location     Type
                  1    wreg      void 
 Registers used:
		wreg, fsr2l, fsr2h, status,2, status,0, prodl, prodh, cstack
 Tracked objects:
		On entry : 
		On exit  : 
		Unchanged: 
 Data sizes:     COMRAM   BANK0   BANK1   BANK2
      Params:         1       0       0       0
      Locals:         3       0       0       0
      Temps:          0       0       0       0
      Totals:         4       0       0       0
Total ram usage:        4 bytes
 Hardware stack levels used:    1
 Hardware stack levels required when called:    1
 This function calls:
		_USBConfigureEndpoint
 This function is called by:
		_CDCInitEP
 This function uses a non-reentrant model


 *************** function _USBConfigureEndpoint *****************
 Defined at:
		line 1543 in file "picLibs/usb_device.c"
 Parameters:    Size  Location     Type
  EPNum           1    wreg     unsigned char 
  direction       1    0[COMRAM] unsigned char 
 Auto vars:     Size  Location     Type
  EPNum           1    5[COMRAM] unsigned char 
  handle          2    6[COMRAM] PTR volatile struct __BD
		 -> BDT(48), 
 Return value:  Size  Location     Type
                  1    wreg      void 
 Registers used:
		wreg, fsr2l, fsr2h, status,2, status,0, prodl, prodh
 Tracked objects:
		On entry : 
		On exit  : 
		Unchanged: 
 Data sizes:     COMRAM   BANK0   BANK1   BANK2
      Params:         1       0       0       0
      Locals:         3       0       0       0
      Temps:          4       0       0       0
      Totals:         8       0       0       0
Total ram usage:        8 bytes
 Hardware stack levels used:    1
 This function calls:
		Nothing
 This function is called by:
		_USBEnableEndpoint
 This function uses a non-reentrant model


 *************** function _APP_LEDUpdateUSBStatus *****************
 Defined at:
		line 50 in file "picLibs/app_led_usb_status.c"
 Parameters:    Size  Location     Type
		None
 Auto vars:     Size  Location     Type
		None
 Return value:  Size  Location     Type
                  1    wreg      void 
 Registers used:
		wreg, status,2, status,0, cstack
 Tracked objects:
		On entry : 
		On exit  : 
		Unchanged: 
 Data sizes:     COMRAM   BANK0   BANK1   BANK2
      Params:         0       0       0       0
      Locals:         0       0       0       0
      Temps:          0       0       0       0
      Totals:         0       0       0       0
Total ram usage:        0 bytes
 Hardware stack levels used:    1
 Hardware stack levels required when called:    1
 This function calls:
		_LED_Off
		_LED_On
 This function is called by:
		_USER_USB_CALLBACK_EVENT_HANDLER
 This function uses a non-reentrant model


 *************** function _LED_On *****************
 Defined at:
		line 59 in file "picLibs/leds.c"
 Parameters:    Size  Location     Type
  led             1    wreg     enum E2
 Auto vars:     Size  Location     Type
  led             1    0[COMRAM] enum E2
 Return value:  Size  Location     Type
                  1    wreg      void 
 Registers used:
		wreg, status,2, status,0
 Tracked objects:
		On entry : 
		On exit  : 
		Unchanged: 
 Data sizes:     COMRAM   BANK0   BANK1   BANK2
      Params:         0       0       0       0
      Locals:         1       0       0       0
      Temps:          0       0       0       0
      Totals:         1       0       0       0
Total ram usage:        1 bytes
 Hardware stack levels used:    1
 This function calls:
		Nothing
 This function is called by:
		_APP_LEDUpdateUSBStatus
 This function uses a non-reentrant model


 *************** function _LED_Off *****************
 Defined at:
		line 100 in file "picLibs/leds.c"
 Parameters:    Size  Location     Type
  led             1    wreg     enum E2
 Auto vars:     Size  Location     Type
  led             1    0[COMRAM] enum E2
 Return value:  Size  Location     Type
                  1    wreg      void 
 Registers used:
		wreg, status,2, status,0
 Tracked objects:
		On entry : 
		On exit  : 
		Unchanged: 
 Data sizes:     COMRAM   BANK0   BANK1   BANK2
      Params:         0       0       0       0
      Locals:         1       0       0       0
      Temps:          0       0       0       0
      Totals:         1       0       0       0
Total ram usage:        1 bytes
 Hardware stack levels used:    1
 This function calls:
		Nothing
 This function is called by:
		_APP_LEDUpdateUSBStatus
 This function uses a non-reentrant model


 *************** function _APP_DeviceCDCBasicDemoInitialize *****************
 Defined at:
		line 53 in file "picLibs/app_device_cdc_basic.c"
 Parameters:    Size  Location     Type
		None
 Auto vars:     Size  Location     Type
		None
 Return value:  Size  Location     Type
                  1    wreg      void 
 Registers used:
		wreg, status,2
 Tracked objects:
		On entry : 
		On exit  : 
		Unchanged: 
 Data sizes:     COMRAM   BANK0   BANK1   BANK2
      Params:         0       0       0       0
      Locals:         0       0       0       0
      Temps:          0       0       0       0
      Totals:         0       0       0       0
Total ram usage:        0 bytes
 Hardware stack levels used:    1
 This function calls:
		Nothing
 This function is called by:
		_USER_USB_CALLBACK_EVENT_HANDLER
 This function uses a non-reentrant model


 *************** function _USBCtrlTrfOutHandler *****************
 Defined at:
		line 2538 in file "picLibs/usb_device.c"
 Parameters:    Size  Location     Type
		None
 Auto vars:     Size  Location     Type
		None
 Return value:  Size  Location     Type
                  1    wreg      void 
 Registers used:
		wreg, fsr1l, fsr1h, fsr2l, fsr2h, status,2, status,0, cstack
 Tracked objects:
		On entry : 
		On exit  : 
		Unchanged: 
 Data sizes:     COMRAM   BANK0   BANK1   BANK2
      Params:         0       0       0       0
      Locals:         0       0       0       0
      Temps:          0       0       0       0
      Totals:         0       0       0       0
Total ram usage:        0 bytes
 Hardware stack levels used:    1
 Hardware stack levels required when called:    2
 This function calls:
		_USBCtrlTrfRxService
 This function is called by:
		_USBCtrlEPService
 This function uses a non-reentrant model


 *************** function _USBCtrlTrfRxService *****************
 Defined at:
		line 1852 in file "picLibs/usb_device.c"
 Parameters:    Size  Location     Type
		None
 Auto vars:     Size  Location     Type
  byteToRead      1    1[COMRAM] unsigned char 
  i               1    0[COMRAM] unsigned char 
 Return value:  Size  Location     Type
                  1    wreg      void 
 Registers used:
		wreg, fsr1l, fsr1h, fsr2l, fsr2h, status,2, status,0, cstack
 Tracked objects:
		On entry : 
		On exit  : 
		Unchanged: 
 Data sizes:     COMRAM   BANK0   BANK1   BANK2
      Params:         0       0       0       0
      Locals:         2       0       0       0
      Temps:          0       0       0       0
      Totals:         2       0       0       0
Total ram usage:        2 bytes
 Hardware stack levels used:    1
 Hardware stack levels required when called:    1
 This function calls:
		_USBCtrlEPAllowStatusStage
 This function is called by:
		_USBCtrlTrfOutHandler
 This function uses a non-reentrant model


 *************** function _USBCtrlEPAllowStatusStage *****************
 Defined at:
		line 1416 in file "picLibs/usb_device.c"
 Parameters:    Size  Location     Type
		None
 Auto vars:     Size  Location     Type
		None
 Return value:  Size  Location     Type
                  1    wreg      void 
 Registers used:
		wreg, fsr2l, fsr2h, status,2, status,0
 Tracked objects:
		On entry : 
		On exit  : 
		Unchanged: 
 Data sizes:     COMRAM   BANK0   BANK1   BANK2
      Params:         0       0       0       0
      Locals:         0       0       0       0
      Temps:          0       0       0       0
      Totals:         0       0       0       0
Total ram usage:        0 bytes
 Hardware stack levels used:    1
 This function calls:
		Nothing
 This function is called by:
		_USBDeviceTasks
		_USBCtrlEPServiceComplete
		_USBCtrlTrfRxService
 This function uses a non-reentrant model


 *************** function _USBCtrlTrfInHandler *****************
 Defined at:
		line 2592 in file "picLibs/usb_device.c"
 Parameters:    Size  Location     Type
		None
 Auto vars:     Size  Location     Type
  lastDTS         1    1[COMRAM] unsigned char 
 Return value:  Size  Location     Type
                  1    wreg      void 
 Registers used:
		wreg, fsr1l, fsr1h, fsr2l, fsr2h, status,2, status,0, tblptrl, tblptrh, tblptru, cstack
 Tracked objects:
		On entry : 
		On exit  : 
		Unchanged: 
 Data sizes:     COMRAM   BANK0   BANK1   BANK2
      Params:         0       0       0       0
      Locals:         1       0       0       0
      Temps:          0       0       0       0
      Totals:         1       0       0       0
Total ram usage:        1 bytes
 Hardware stack levels used:    1
 Hardware stack levels required when called:    1
 This function calls:
		_USBCtrlTrfTxService
 This function is called by:
		_USBCtrlEPService
 This function uses a non-reentrant model


 *************** function _USBCtrlTrfTxService *****************
 Defined at:
		line 1771 in file "picLibs/usb_device.c"
 Parameters:    Size  Location     Type
		None
 Auto vars:     Size  Location     Type
  byteToSend      1    0[COMRAM] unsigned char 
 Return value:  Size  Location     Type
                  1    wreg      void 
 Registers used:
		wreg, fsr1l, fsr1h, fsr2l, fsr2h, status,2, status,0, tblptrl, tblptrh, tblptru
 Tracked objects:
		On entry : 
		On exit  : 
		Unchanged: 
 Data sizes:     COMRAM   BANK0   BANK1   BANK2
      Params:         0       0       0       0
      Locals:         1       0       0       0
      Temps:          0       0       0       0
      Totals:         1       0       0       0
Total ram usage:        1 bytes
 Hardware stack levels used:    1
 This function calls:
		Nothing
 This function is called by:
		_USBCtrlEPAllowDataStage
		_USBCtrlTrfInHandler
 This function uses a non-reentrant model



MODULE INFORMATION

Module		Function		Class		Link	Load	Size
picLibs/usb_device.c
		_USBCtrlTrfInHandler		CODE           	0FD6	0000	93
		_USBTransferOnePacket		CODE           	0A72	0000	131
		_USBDeviceAttach		CODE           	1804	0000	37
		_USBStdGetDscHandler		CODE           	09A0	0000	155
		_USBCtrlEPAllowDataStage		CODE           	151E	0000	91
		_USBStdFeatureReqHandler		CODE           	03E6	0000	339
		_USBCtrlEPAllowStatusStage		CODE           	1160	0000	101
		_USBCtrlTrfSetupHandler		CODE           	1674	0000	65
		_USBCtrlTrfOutHandler		CODE           	19E6	0000	33
		_USBCtrlEPServiceComplete		CODE           	0EAE	0000	107
		_USBSuspend    		CODE           	19A4	0000	23
		_USBStdSetCfgHandler		CODE           	0E0A	0000	133
		_USBStdGetStatusHandler		CODE           	11D6	0000	105
		_USBWakeFromSuspend		CODE           	19C6	0000	33
		_USBCtrlTrfRxService		CODE           	0B34	0000	125
		_USBCtrlTrfTxService		CODE           	0D62	0000	125
		_USBEnableEndpoint		CODE           	17CE	0000	55
		_USBConfigureEndpoint		CODE           	10E4	0000	101
		_USBDeviceInit 		CODE           	1400	0000	103
		_USBIncrement1msInternalTimers		CODE           	1A5C	0000	29
		_USBCtrlEPService		CODE           	1248	0000	113
		_USBStallHandler		CODE           	1838	0000	43
		_USBDeviceTasks		CODE           	06CC	0000	247
		_USBCheckStdRequest		CODE           	0F46	0000	133

picLibs/usb_device.c estimated size: 2520

C:\Program Files (x86)\Microchip\xc8\v1.42\sources\common\memcpy.c
		_memcpy        		CODE           	1750	0000	67

C:\Program Files (x86)\Microchip\xc8\v1.42\sources\common\memcpy.c estimated size: 67

libs/progPIC18F26K40.c
		_PIC18F26K40_loadPC		CODE           	1792	0000	61
		_PIC18F26K40_sendByteMsbToLsb		CODE           	16C0	0000	75
		_PIC18F26K40_setTrisToOut		CODE           	1ADE	0000	9
		_PIC18F26K40_loadDataIntoNVM		CODE           	14C4	0000	91
		_PIC18F26K40_enterLowVoltageProg		CODE           	170A	0000	71
		_PIC18F26K40_sendByte		CODE           	1578	0000	89
		_PIC18F26K40_readThreeBytes		CODE           	0BF2	0000	185
		_PIC18F26K40_exitLowVoltageProg		CODE           	1AD4	0000	11

libs/progPIC18F26K40.c estimated size: 592

picLibs/usb_events.c
		_USER_USB_CALLBACK_EVENT_HANDLER		CODE           	1396	0000	107

picLibs/usb_events.c estimated size: 107

picLibs/usb_device_cdc.c
		_CDCTxService  		CODE           	07CC	0000	203
		_CDCInitEP     		CODE           	1622	0000	83
		_putUSBUSART   		CODE           	1A40	0000	29
		_putrsUSBUSART 		CODE           	1466	0000	95
		_getsUSBUSART  		CODE           	1328	0000	97
		_USBCheckCDCRequest		CODE           	1064	0000	129

picLibs/usb_device_cdc.c estimated size: 636

picLibs/app_led_usb_status.c
		_APP_LEDUpdateUSBStatus		CODE           	12B8	0000	113

picLibs/app_led_usb_status.c estimated size: 113

picLibs/app_device_cdc_basic.c
		_APP_DeviceCDCBasicDemoTasks		CODE           	057E	0000	321
		_APP_DeviceCDCBasicDemoInitialize		CODE           	1A92	0000	27

picLibs/app_device_cdc_basic.c estimated size: 348

picLibs/leds.c
		_LED_Off       		CODE           	1924	0000	45
		_LED_On        		CODE           	18F8	0000	45
		_LED_Enable    		CODE           	189C	0000	49

picLibs/leds.c estimated size: 139

picLibs/buttons.c
		_BUTTON_IsPressed		CODE           	1A78	0000	27
		_BUTTON_Enable 		CODE           	1ACA	0000	11

picLibs/buttons.c estimated size: 38

shared
		PL12           		CODE           	0BD4	0000	11
		PL50           		CODE           	0E8E	0000	21
		PL8            		CODE           	1032	0000	17
		PL22           		CODE           	0538	0000	11
		PL60           		CODE           	0574	0000	11
		_configDescriptor1		SMALLCONST     	0305	0000	68
		PL100          		CODE           	123E	0000	11
		PL32           		CODE           	0A46	0000	25
		PL70           		CODE           	08AC	0000	17
		_USB_CD_Ptr    		SMALLCONST     	0304	0000	2
		PL42           		CODE           	0896	0000	23
		PL80           		CODE           	06BE	0000	15
		_sd001         		SMALLCONST     	037C	0000	53
		i2_BUTTON_Enable		CODE           	1ABE	0000	7
		PL110          		CODE           	0BDE	0000	11
		PL14           		CODE           	090E	0000	51
		PL52           		CODE           	0D2A	0000	21
		PL90           		CODE           	0996	0000	11
		PL24           		CODE           	0AF4	0000	13
		PL62           		CODE           	11C4	0000	11
		PL34           		CODE           	0968	0000	25
		PL72           		CODE           	1388	0000	15
		PL44           		CODE           	1058	0000	13
		PL82           		CODE           	098C	0000	11
		PL16           		CODE           	1042	0000	11
		PL54           		CODE           	0DDE	0000	19
		PL92           		CODE           	0D50	0000	9
		PL26           		CODE           	0B00	0000	13
		PL64           		CODE           	11CE	0000	9
		PL102          		CODE           	0D58	0000	11
		PL36           		CODE           	0542	0000	23
		PL74           		CODE           	1148	0000	15
		PL46           		CODE           	0B0C	0000	21
		PL84           		CODE           	0D3E	0000	9
		_sd002         		SMALLCONST     	0348	0000	53
		PL112          		CODE           	0BE8	0000	11
		PL18           		CODE           	0A3A	0000	13
		PL56           		CODE           	0558	0000	19
		PL94           		CODE           	0B20	0000	11
		PL28           		CODE           	1862	0000	11
		PL66           		CODE           	0DF0	0000	11
		i2_USBDeviceInit		CODE           	08C6	0000	73
		PL38           		CODE           	104C	0000	13
		PL76           		CODE           	0980	0000	13
		PL48           		CODE           	0A5E	0000	21
		PL86           		CODE           	0D46	0000	11
		PL58           		CODE           	056A	0000	11
		PL96           		CODE           	0EA2	0000	13
		PL68           		CODE           	0DFA	0000	17
		PL104          		CODE           	1A1C	0000	9
		PL78           		CODE           	0FCA	0000	13
		PL88           		CODE           	07C2	0000	11
		PL114          		CODE           	08BC	0000	11
		PL98           		CODE           	16B4	0000	13
		__initialization		CODE           	15D0	0000	69
		_device_dsc    		SMALLCONST     	03B0	0000	19
		PL106          		CODE           	1156	0000	11
		PL116          		CODE           	1AC4	0000	7
		PL108          		CODE           	0B2A	0000	11
		i2_SYSTEM_Initialize		CODE           	1A06	0000	23
		_USB_SD_Ptr    		SMALLCONST     	0301	0000	4
		i2_LED_Enable  		CODE           	18CC	0000	45
		i2_memset      		CODE           	197A	0000	43
		PL2            		CODE           	0F18	0000	47
		_sd000         		SMALLCONST     	03C2	0000	5
		PL10           		CODE           	0BC4	0000	17
		PL4            		CODE           	0BB0	0000	11
		i2_USBTransferOnePacket		CODE           	0CAA	0000	129
		PL20           		CODE           	0940	0000	41
		PL30           		CODE           	1828	0000	17
		PL6            		CODE           	0BBA	0000	11
		PL40           		CODE           	19BA	0000	13

shared estimated size: 1495

C:\Program Files (x86)\Microchip\xc8\v1.42\sources\common\memset.c
		_memset        		CODE           	1950	0000	43

C:\Program Files (x86)\Microchip\xc8\v1.42\sources\common\memset.c estimated size: 43

picLibs/system.c
		_SYS_InterruptHigh		CODE           	0008	0000	91
		_SYSTEM_Initialize		CODE           	1A24	0000	29

picLibs/system.c estimated size: 120

main.c
		_main          		CODE           	186C	0000	49

main.c estimated size: 49

