Microchip MPLAB XC8 Compiler V1.42 ()

Linker command line:

-W-3 --edf=C:\Program Files (x86)\Microchip\xc8\v1.42\dat\en_msgs.txt -cs \
  -h+dist/default/production\Proj004.X.production.sym \
  --cmf=dist/default/production\Proj004.X.production.cmf -z -Q18F26K40 \
  -oC:\Users\gadis\AppData\Local\Temp\s960.2 \
  -Mdist/default/production/Proj004.X.production.map -E1 -ver=XC8 \
  -ASTACK=0AB0h-0e7dh -pstack=STACK -ACODE=00h-0FFFFh -ACONST=00h-0FFFFh \
  -ASMALLCONST=0F00h-0FFFhx241 -AMEDIUMCONST=0F00h-0FFFFh -ACOMRAM=01h-05Fh \
  -AABS1=00h-0E7Dh -ABIGRAM=01h-0E7Dh \
  -ARAM=060h-0FFh,0100h-01FFhx13,0E00h-0E7Dh -ABANK0=060h-0FFh \
  -ABANK1=0100h-01FFh -ABANK2=0200h-02FFh -ABANK3=0300h-03FFh \
  -ABANK4=0400h-04FFh -ABANK5=0500h-05FFh -ABANK6=0600h-06FFh \
  -ABANK7=0700h-07FFh -ABANK8=0800h-08FFh -ABANK9=0900h-09FFh \
  -ABANK10=0A00h-0AFFh -ABANK11=0B00h-0BFFh -ABANK12=0C00h-0CFFh \
  -ABANK13=0D00h-0DFFh -ABANK14=0E00h-0E7Dh \
  -ASFR=0E7Eh-0EFFh,0F00h-0F5Fh,0F60h-0FFFh \
  -preset_vec=00h,intcode=08h,intcodelo,powerup,init -pramtop=0F00h \
  -psmallconst=SMALLCONST -pmediumconst=MEDIUMCONST -pconst=CONST \
  -AFARRAM=00h-00h -ACONFIG=0300000h-030000Bh -pconfig=CONFIG \
  -AIDLOC=0200000h-020000Fh -pidloc=IDLOC -AEEDATA=0310000h-03103FFh \
  -peeprom_data=EEDATA \
  -prdata=COMRAM,nvrram=COMRAM,nvbit=COMRAM,rbss=COMRAM,rbit=COMRAM \
  -pfarbss=FARRAM,fardata=FARRAM,nvFARRAM=FARRAM \
  -pintsave_regs=BIGRAM,bigbss=BIGRAM,bigdata=BIGRAM -pbss=RAM \
  -pidata=CODE,irdata=CODE,ibigdata=CODE,ifardata=CODE -prparam=COMRAM \
  C:\Users\gadis\AppData\Local\Temp\s960.obj \
  dist/default/production\Proj004.X.production.obj \
  build/default/production/libs/powerup.obj 

Object code version is 3.11

Machine type is 18F26K40

Call graph: (short form)




                Name                               Link     Load   Length Selector   Space Scale
C:\Users\gadis\AppData\Local\Temp\s960.obj
                init                                 70       70        4        4       0
                reset_vec                             0        0        4        0       0
                idloc                            200000   200000       10   200000       0
                config                           300000   300000        C   300000       0
dist/default/production\Proj004.X.production.obj
                intcode                               8        8       62        4       0
                temp                                 5F       5F        1        1       1
                smallconst                          F00      F00        A      780       0
                text64                             3426     3426       3E      F0A       0
                text63                             349C     349C       38      F0A       0
                text62                             32D8     32D8       4A      F0A       0
                text61                             260C     260C       E6      F0A       0
                text60                             319A     319A       5C      F0A       0
                text59                             2ECE     2ECE       9A      F0A       0
                text58                             2F68     2F68       86      F0A       0
                text57                             2B32     2B32       C8      F0A       0
                text56                             2D76     2D76       B8      F0A       0
                text55                             35C4     35C4       24      F0A       0
                text54                             36D4     36D4        8     1B35       0
                text53                             130A     130A      384      F0A       0
                text52                             36EC     36EC        2     1B35       0
                text51                             35E8     35E8       1C      F0A       0
                text50                             36AC     36AC        E     1B35       0
                text48                             359E     359E       26      F0A       0
                text47                             1FDC     1FDC      12C      F0A       0
                text46                             36CC     36CC        8     1B35       0
                text45                             36C4     36C4        8     1B35       0
                text44                             28B8     28B8       DE      F0A       0
                text43                             367C     367C       12     1B35       0
                text42                             2E2E     2E2E       A0      F0A       0
                text41                             3642     3642       14      F0A       0
                text40                             1E96     1E96      146      F0A       0
                text39                             3242     3242       4C      F0A       0
                text38                             1BD4     1BD4      170      F0A       0
                text37                             168E     168E      1D6      F0A       0
                text36                             2FEE     2FEE       78      F0A       0
                text35                             1A28     1A28      1AC      F0A       0
                text34                             368E     368E       10     1B35       0
                text33                             33E8     33E8       3E      F0A       0
                text32                             353C     353C       32      F0A       0
                text31                             31F6     31F6       4C      F0A       0
                text30                             2430     2430       F0      F0A       0
                text29                             34D4     34D4       36      F0A       0
                text28                             328E     328E       4A      F0A       0
                text27                             27D6     27D6       E2      F0A       0
                text26                             2108     2108      124      F0A       0
                text25                             362E     362E       14      F0A       0
                text24                             3066     3066       68      F0A       0
                text23                             222C     222C      110      F0A       0
                text22                             366A     366A       12     1B35       0
                text21                             2996     2996       D2      F0A       0
                text20                             233C     233C       F4      F0A       0
                text19                             2520     2520       EC      F0A       0
                text18                             1864     1864      1C4      F0A       0
                text17                             3134     3134       66      F0A       0
                text16                             36E6     36E6        4     1B35       0
                text15                             3604     3604       16      F0A       0
                text14                             30CE     30CE       66      F0A       0
                text13                             36BA     36BA        A     1B35       0
                text12                             36E2     36E2        4     1B35       0
                text11                             33A8     33A8       40      F0A       0
                text10                             361A     361A       14      F0A       0
                text9                              36DC     36DC        6     1B35       0
                text8                              369E     369E        E     1B35       0
                text7                              3464     3464       38      F0A       0
                text6                              3322     3322       46      F0A       0
                text5                              350A     350A       32      F0A       0
                text4                              26F2     26F2       E4      F0A       0
                text3                              3368     3368       40      F0A       0
                text2                              2CBA     2CBA       BC      F0A       0
                text1                              2BFA     2BFA       C0      F0A       0
                text0                              1D44     1D44      152      F0A       0
                cstackCOMRAM                          1        1       4B        1       1
                cstackBANK0                          60       60       52       60       1
                dataBIGRAM                          2F0      2F0      400      2F0       1
                bssBIGRAM                           6F0      6F0      3C0      2F0       1
                bssBANK2                            200      200       F0      200       1
                dataBANK1                           144      144       30      100       1
                bssBANK1                            100      100       44      100       1
                dataBANK0                            EC       EC       13       60       1
                bssBANK0                             B2       B2       3A       60       1
                dataCOMRAM                           5D       5D        2        1       1
                bssCOMRAM                            4C       4C       11        1       1
                cinit                              2A68     2A68       CA      F0A       0
                idataBANK1                         356E     356E       30      F0A       0
                idataBANK0                         3656     3656       13      F0A       0
                idataBIGRAM                         F0A      F0A      400      F0A       0
                idataCOMRAM                        36EA     36EA        2     1B35       0
build/default/production/libs/powerup.obj
                powerup                              6A       6A        6        4       0

TOTAL           Name                               Link     Load   Length     Space
        CLASS   STACK          

        CLASS   CODE           
                intcode                               8        8       62         0
                init                                 70       70        4         0
                powerup                              6A       6A        6         0
                reset_vec                             0        0        4         0
                text64                             3426     3426       3E         0
                text63                             349C     349C       38         0
                text62                             32D8     32D8       4A         0
                text61                             260C     260C       E6         0
                text60                             319A     319A       5C         0
                text59                             2ECE     2ECE       9A         0
                text58                             2F68     2F68       86         0
                text57                             2B32     2B32       C8         0
                text56                             2D76     2D76       B8         0
                text55                             35C4     35C4       24         0
                text54                             36D4     36D4        8         0
                text53                             130A     130A      384         0
                text52                             36EC     36EC        2         0
                text51                             35E8     35E8       1C         0
                text50                             36AC     36AC        E         0
                text48                             359E     359E       26         0
                text47                             1FDC     1FDC      12C         0
                text46                             36CC     36CC        8         0
                text45                             36C4     36C4        8         0
                text44                             28B8     28B8       DE         0
                text43                             367C     367C       12         0
                text42                             2E2E     2E2E       A0         0
                text41                             3642     3642       14         0
                text40                             1E96     1E96      146         0
                text39                             3242     3242       4C         0
                text38                             1BD4     1BD4      170         0
                text37                             168E     168E      1D6         0
                text36                             2FEE     2FEE       78         0
                text35                             1A28     1A28      1AC         0
                text34                             368E     368E       10         0
                text33                             33E8     33E8       3E         0
                text32                             353C     353C       32         0
                text31                             31F6     31F6       4C         0
                text30                             2430     2430       F0         0
                text29                             34D4     34D4       36         0
                text28                             328E     328E       4A         0
                text27                             27D6     27D6       E2         0
                text26                             2108     2108      124         0
                text25                             362E     362E       14         0
                text24                             3066     3066       68         0
                text23                             222C     222C      110         0
                text22                             366A     366A       12         0
                text21                             2996     2996       D2         0
                text20                             233C     233C       F4         0
                text19                             2520     2520       EC         0
                text18                             1864     1864      1C4         0
                text17                             3134     3134       66         0
                text16                             36E6     36E6        4         0
                text15                             3604     3604       16         0
                text14                             30CE     30CE       66         0
                text13                             36BA     36BA        A         0
                text12                             36E2     36E2        4         0
                text11                             33A8     33A8       40         0
                text10                             361A     361A       14         0
                text9                              36DC     36DC        6         0
                text8                              369E     369E        E         0
                text7                              3464     3464       38         0
                text6                              3322     3322       46         0
                text5                              350A     350A       32         0
                text4                              26F2     26F2       E4         0
                text3                              3368     3368       40         0
                text2                              2CBA     2CBA       BC         0
                text1                              2BFA     2BFA       C0         0
                text0                              1D44     1D44      152         0
                cinit                              2A68     2A68       CA         0
                idataBANK1                         356E     356E       30         0
                idataBANK0                         3656     3656       13         0
                idataBIGRAM                         F0A      F0A      400         0
                idataCOMRAM                        36EA     36EA        2         0

        CLASS   CONST          

        CLASS   SMALLCONST     
                smallconst                          F00      F00        A         0

        CLASS   MEDIUMCONST    

        CLASS   COMRAM         
                temp                                 5F       5F        1         1
                cstackCOMRAM                          1        1       4B         1
                dataCOMRAM                           5D       5D        2         1
                bssCOMRAM                            4C       4C       11         1

        CLASS   ABS1           

        CLASS   BIGRAM         
                dataBIGRAM                          2F0      2F0      400         1
                bssBIGRAM                           6F0      6F0      3C0         1

        CLASS   RAM            

        CLASS   BANK0          
                cstackBANK0                          60       60       52         1
                dataBANK0                            EC       EC       13         1
                bssBANK0                             B2       B2       3A         1

        CLASS   BANK1          
                dataBANK1                           144      144       30         1
                bssBANK1                            100      100       44         1

        CLASS   BANK2          
                bssBANK2                            200      200       F0         1

        CLASS   BANK3          

        CLASS   BANK4          

        CLASS   BANK5          

        CLASS   BANK6          

        CLASS   BANK7          

        CLASS   BANK8          

        CLASS   BANK9          

        CLASS   BANK10         

        CLASS   BANK11         

        CLASS   BANK12         

        CLASS   BANK13         

        CLASS   BANK14         

        CLASS   SFR            

        CLASS   FARRAM         

        CLASS   CONFIG         
                config                           300000   300000        C         0

        CLASS   IDLOC          
                idloc                            200000   200000       10         0

        CLASS   EEDATA         



SEGMENTS        Name                           Load    Length   Top    Selector   Space  Class

                reset_vec                      000000  000004  000004         0       0  CODE    
                cstackCOMRAM                   000001  00005F  000060         1       1  COMRAM  
                intcode                        000008  00006C  000074         4       0  CODE    
                cstackBANK0                    000060  00009F  0000FF        60       1  BANK0   
                bssBANK1                       000100  000074  000174       100       1  BANK1   
                bssBANK2                       000200  0000F0  0002F0       200       1  BANK2   
                dataBIGRAM                     0002F0  0007C0  000AB0       2F0       1  BIGRAM  
                smallconst                     000F00  00000A  000F0A       780       0  SMALLCON
                idataBIGRAM                    000F0A  00275F  003669       F0A       0  CODE    
                text22                         00366A  000084  0036EE      1B35       0  CODE    
                idloc                          200000  000010  200010    200000       0  IDLOC   
                config                         300000  00000C  30000C    300000       0  CONFIG  


UNUSED ADDRESS RANGES

        Name                Unused          Largest block    Delta
        BANK0            0000FF-0000FF                1
        BANK1            000174-0001FF               8C
        BANK10           000AB0-000AFF               50
        BANK11           000B00-000BFF              100
        BANK12           000C00-000CFF              100
        BANK13           000D00-000DFF              100
        BANK14           000E00-000E7D               7E
        BIGRAM           0000FF-0000FF                1
                         000174-0001FF               8C
                         000AB0-000E7D              3CE
        CODE             000004-000007                4
                         000074-000EFF              E8C
                         003669-003669                1
                         0036EE-00FFFF             C912
        CONST            000004-000007                4
                         000074-000EFF              E8C
                         003669-003669                1
                         0036EE-00FFFF             C912
        EEDATA           310000-3103FF              400
        MEDIUMCONST      003669-003669                1
                         0036EE-00FFFF             C912
        RAM              0000FF-0000FF                1
                         000174-0001FF               8C
                         000AB0-000E7D              100
        SFR              000E7E-000FFF               82
        SMALLCONST       003669-003669                1
                         0036EE-00FFFF              100
        STACK            000AB0-000E7D              3CE

                                  Symbol Table

?_AdjustDayLightSaving                    cstackBANK0  000089
?_DecreaseByADay                          cstackBANK0  00007B
?_DecreaseByAMonth                        cstackBANK0  000070
?_DecreaseByAYear                         cstackBANK0  000065
?_IncreaseByADay                          cstackBANK0  00007B
?_IncreaseByAMonth                        cstackBANK0  000070
?_IncreaseByASecond                       cstackCOMRAM 00002A
?_IncreaseByAYear                         cstackBANK0  000065
?_TimeTextToSecond                        cstackBANK0  00006C
?___aldiv                                 cstackBANK0  000060
?___almod                                 cstackCOMRAM 000001
?___awdiv                                 cstackBANK0  000060
?___awmod                                 cstackBANK0  000068
?___ftmul                                 cstackCOMRAM 00000D
?___ftpack                                cstackCOMRAM 000001
?___fttol                                 cstackCOMRAM 00001C
?___lbtoft                                cstackCOMRAM 000009
?___lmul                                  cstackBANK0  000060
?___lwmod                                 cstackBANK0  000060
?___wmul                                  cstackBANK0  000060
?i2_IncreaseByADay                        cstackCOMRAM 00001C
?i2_IncreaseByAMonth                      cstackCOMRAM 000011
?i2_IncreaseByAYear                       cstackCOMRAM 000006
?i2___lwmod                               cstackCOMRAM 000001
AdjustDayLightSaving@End                  cstackBANK0  000096
AdjustDayLightSaving@Present              cstackBANK0  000098
AdjustDayLightSaving@Start                cstackBANK0  000094
AdjustDayLightSaving@dt                   cstackBANK0  000089
DecreaseByADay@MonthDays                  cstackBANK0  000087
DecreaseByADay@dt                         cstackBANK0  00007B
DecreaseByAMonth@dt                       cstackBANK0  000070
DecreaseByAYear@dt                        cstackBANK0  000065
GetDay@Date                               cstackBANK0  00006E
GetDay@d                                  cstackBANK0  000075
GetDay@m                                  cstackBANK0  000076
GetDay@t                                  dataBANK1    00015C
GetDay@y                                  cstackBANK0  000077
GetEventNumber@i                          cstackBANK0  00006F
IncreaseByADay@MonthDays                  cstackBANK0  000088
IncreaseByADay@dt                         cstackBANK0  00007B
IncreaseByAMonth@dt                       cstackBANK0  000070
IncreaseByASecond@dt                      cstackCOMRAM 00002A
IncreaseByAYear@dt                        cstackBANK0  000065
Lcd_CharCP@c                              cstackBANK0  000062
Lcd_Command@command                       cstackBANK0  000062
Lcd_Init@data                             cstackBANK0  000063
Lcd_WriteChar@c                           cstackBANK0  00006F
Lcd_WriteChar@data                        cstackBANK0  000071
Lcd_WriteChar@x                           cstackBANK0  00006E
Lcd_WriteChar@y                           cstackBANK0  000070
LoadCyclesFromEeprom@Address              cstackBANK0  00006D
LoadCyclesFromEeprom@i                    cstackBANK0  000071
LoadCyclesFromEeprom@i_1467               cstackBANK0  000073
LoadCyclesFromEeprom@j                    cstackBANK0  00006F
LoadEventsFromEeprom@Address              cstackBANK0  000076
LoadEventsFromEeprom@Temp16               cstackBANK0  000078
LoadEventsFromEeprom@i                    cstackBANK0  000074
LoadSettingsFromEeprom@Address            cstackBANK0  00006C
LoadSettingsFromEeprom@Temp16             cstackBANK0  00006A
LoadSettingsFromEeprom@Temp32             cstackBANK0  000066
LoadStatesFromEeprom@AddAudioNormal       cstackBANK0  00006B
LoadStatesFromEeprom@AddAudioSpecial      cstackBANK0  00006D
LoadStatesFromEeprom@AddStates            cstackBANK0  000078
LoadStatesFromEeprom@AudAddInc            cstackBANK0  000073
LoadStatesFromEeprom@TempNormalAdd        cstackBANK0  00006F
LoadStatesFromEeprom@TempSpecialAdd       cstackBANK0  000071
LoadStatesFromEeprom@i                    cstackBANK0  00007A
LoadStatesFromEeprom@j                    cstackBANK0  000074
LoadStatesFromEeprom@j_1402               cstackBANK0  000076
PIN_MANAGER_Initialize@state              cstackBANK0  000060
PL10                                      text19       0025C2
PL100                                     text23       002326
PL102                                     text35       001BB6
PL104                                     text53       001626
PL106                                     text53       001636
PL108                                     text44       00298C
PL110                                     text19       002602
PL112                                     text4        0027CC
PL114                                     text53       001646
PL116                                     text47       0020FA
PL118                                     text53       001654
PL12                                      text47       0020B8
PL120                                     text57       002BE4
PL122                                     text53       001662
PL124                                     text53       001670
PL126                                     text42       002EBA
PL128                                     text42       002EC4
PL130                                     text26       00221A
PL132                                     text57       002BF2
PL134                                     text30       00250C
PL136                                     text61       0026E8
PL138                                     text58       002FDA
PL14                                      text23       00231C
PL140                                     text30       002516
PL142                                     text58       002FE4
PL144                                     text53       00167A
PL146                                     text27       0028AE
PL148                                     text23       002332
PL150                                     text1        002CB0
PL152                                     text29       003502
PL154                                     text35       001BC2
PL156                                     text53       001684
PL158                                     text26       002224
PL16                                      text35       001B86
PL160                                     text63       0034CC
PL162                                     text35       001BCC
PL18                                      text53       0015A2
PL2                                       text40       001FB0
PL20                                      text38       001C8E
PL22                                      text0        001E7A
PL24                                      text38       001CBA
PL26                                      text53       0015B6
PL28                                      text53       0015CC
PL30                                      text38       001CE2
PL32                                      text38       001CFE
PL34                                      text53       0015F0
PL36                                      text38       001D06
PL38                                      text53       001600
PL4                                       text40       001FCA
PL40                                      text47       0020C8
PL42                                      text53       001614
PL44                                      text47       0020E8
PL46                                      text19       0025D6
PL48                                      text38       001D16
PL50                                      text19       0025E0
PL52                                      text44       002934
PL54                                      text4        002772
PL56                                      text4        00278A
PL58                                      text44       00294C
PL6                                       text40       001FD2
PL60                                      text44       002964
PL62                                      text4        0027A2
PL64                                      text4        0027AC
PL66                                      text0        001E8C
PL68                                      text20       002412
PL70                                      text19       0025EA
PL72                                      text38       001D24
PL74                                      text38       001D3A
PL76                                      text19       0025F6
PL78                                      text35       001B96
PL8                                       text37       00185A
PL80                                      text47       0020F0
PL82                                      text30       0024FE
PL84                                      text1        002C9E
PL86                                      text35       001BA4
PL88                                      text59       002F56
PL90                                      text44       00297A
PL92                                      text17       003188
PL94                                      text4        0027BA
PL96                                      text18       001A1C
PL98                                      text20       002428
ReadEeprom@Address                        cstackBANK0  000060
ReadGPSDateTime@Commas                    cstackBANK0  000070
ReadGPSDateTime@Date                      cstackBANK0  000060
ReadGPSDateTime@F11468                    smallconst   000F01
ReadGPSDateTime@Pos                       cstackBANK0  000072
ReadGPSDateTime@StartCode                 cstackBANK0  000066
ReadGPSDateTime@TempChar                  cstackBANK0  000071
ReadGPSDateTime@Time                      cstackBANK0  000061
ReadGPSDateTime@i                         cstackBANK0  00006E
ReadGPS_DATE_TIME@Date                    cstackBANK0  0000A5
ReadGPS_DATE_TIME@F11475                  dataBANK0    0000F3
ReadGPS_DATE_TIME@F11477                  dataBANK0    0000EC
ReadGPS_DATE_TIME@IsValidGPS              cstackBANK0  0000AC
ReadGPS_DATE_TIME@TempItr                 cstackBANK0  0000AD
ReadGPS_DATE_TIME@Time                    cstackBANK0  00009E
TMR0_SetInterruptHandler@InterruptHandler cstackBANK0  000060
TimeTextToSecond@Second                   cstackBANK0  000080
TimeTextToSecond@Time                     cstackBANK0  00006C
Timer0_10ms@OutForThePorts                cstackCOMRAM 00003C
Timer0_10ms@ThisCycle                     cstackCOMRAM 00003E
Timer0_10ms@ThisCycle_2914                cstackCOMRAM 00003A
Timer0_10ms@i                             cstackCOMRAM 00003B
Timer0_10ms@i_2909                        cstackCOMRAM 00003F
Timer0_10ms@i_2910                        cstackCOMRAM 000040
Timer0_10ms@i_2911                        cstackCOMRAM 000041
ValidateDateTime@Date                     cstackBANK0  000060
ValidateDateTime@Item                     cstackBANK0  000063
ValidateDateTime@Time                     cstackBANK0  000061
VerifyForGPSOnTIme@TimeDiff               cstackBANK0  000060
WriteEeprom@Add                           cstackBANK0  000060
WriteEeprom@Address                       cstackBANK0  000063
WriteEeprom@Data                          cstackBANK0  000062
WriteLongInt@POS                          cstackBANK0  000079
WriteLongInt@Sign                         cstackBANK0  000078
WriteLongInt@Val                          cstackBANK0  000073
WriteLongInt@size                         cstackBANK0  000077
WriteLongInt@x                            cstackBANK0  000072
WriteLongInt@y                            cstackBANK0  00007A
_ANSELA                                   (abs)        000F11
_ANSELB                                   (abs)        000F19
_ANSELC                                   (abs)        000F21
_AUDIO_NORMAL_OFF_TIME                    bssCOMRAM    000058
_AUDIO_NORMAL_ON_TIME                     bssCOMRAM    000059
_AUDIO_SPECIAL_OFF_TIME                   bssCOMRAM    000056
_AUDIO_SPECIAL_ON_TIME                    bssCOMRAM    000057
_AdjustDayLightSaving                     text26       002108
_BAUD1CON                                 (abs)        000F9F
_BLINK_LAST_X_SECONDS                     bssCOMRAM    00005A
_BLINK_OFF_TIME                           bssCOMRAM    00005B
_BLINK_ON_TIME                            bssCOMRAM    00005C
_BLINK_STATE_ON_OFF_COUNTER               bssCOMRAM    000052
_CENTI_SECOND_COUNT                       bssCOMRAM    000053
_CENTURY                                  dataBANK0    0000FE
_CYCLES                                   bssBANK1     000100
_DATE_TIME                                bssBANK0     0000BD
_DAY_LIGHT_END                            bssBANK0     0000D8
_DAY_LIGHT_START                          bssBANK0     0000DC
_DecreaseByADay                           text30       002430
_DecreaseByAMonth                         text31       0031F6
_DecreaseByAYear                          text32       00353C
_EE_Settings                              dataBIGRAM   0002F0
_EUSART1_Initialize                       text25       00362E
_EUSART1_Read                             text22       00366A
_EVENTS                                   bssBANK2     000200
_FLAGS_0                                  bssBANK0     0000E6
_FLAGS_1                                  bssCOMRAM    00004E
_GIE                                      (abs)        007F97
_GPS_DATE_TIME                            bssBANK0     0000B2
_GPS_SYNC_AT_START                        bssBANK0     0000EB
_GPS_SYNC_EVERY_DAY_AT_LOCAL_TIME         bssBANK0     0000D0
_GPS_SYNC_EVERY_x_SECONDS                 bssBANK0     0000D4
_GetDay                                   text23       00222C
_GetEventNumber                           text47       001FDC
_GetThisCycle                             text46       0036CC
_INTCONbits                               (abs)        000FF2
_INTERRUPT_Initialize                     text16       0036E6
_INTERRUPT_InterruptManager               intcode      000008
_IncreaseByADay                           text27       0027D6
_IncreaseByAMonth                         text28       00328E
_IncreaseByASecond                        text60       00319A
_IncreaseByAYear                          text29       0034D4
_LATA                                     (abs)        000F83
_LATAbits                                 (abs)        000F83
_LATB                                     (abs)        000F84
_LATC                                     (abs)        000F85
_LATCbits                                 (abs)        000F85
_LIGHTS                                   dataBANK0    0000FA
_Lcd_CharCP                               text4        0026F2
_Lcd_Command                              text44       0028B8
_Lcd_Delay5500us                          text43       00367C
_Lcd_Delay5us                             text45       0036C4
_Lcd_Init                                 text42       002E2E
_Lcd_WriteChar                            text3        003368
_LoadAllFromEeprom                        text34       00368E
_LoadCyclesFromEeprom                     text40       001E96
_LoadEventsFromEeprom                     text38       001BD4
_LoadSettingsFromEeprom                   text37       00168E
_LoadStatesFromEeprom                     text35       001A28
_NEXT_EVENT                               dataCOMRAM   00005D
_NEXT_STATE                               bssBANK0     0000E9
_NORMAL_AUDIO_STATE_ON_OFF_COUNTER        bssCOMRAM    000051
_NO_OF_TIMES_GPS_FAILED                   bssBANK0     0000E7
_NVMADRH                                  (abs)        000F7F
_NVMADRL                                  (abs)        000F7E
_NVMCON1bits                              (abs)        000F81
_NVMCON2                                  (abs)        000F82
_NVMDAT                                   (abs)        000F80
_ODCONA                                   (abs)        000F0F
_ODCONB                                   (abs)        000F17
_ODCONC                                   (abs)        000F1F
_OSCCON1                                  (abs)        000ED8
_OSCCON3                                  (abs)        000EDA
_OSCEN                                    (abs)        000EDC
_OSCFRQ                                   (abs)        000EDE
_OSCILLATOR_Initialize                    text15       003604
_OSCTUNE                                  (abs)        000EDD
_PIE0bits                                 (abs)        000EC2
_PIN_MANAGER_Initialize                   text14       0030CE
_PIR0bits                                 (abs)        000ECA
_PIR3bits                                 (abs)        000ECD
_PLLR                                     (abs)        0076D8
_PPSLOCK                                  (abs)        000EA0
_PPSLOCKbits                              (abs)        000EA0
_PRESENT_EVENT                            dataCOMRAM   00005E
_PRESENT_STATE                            bssBANK0     0000EA
_RC1REG                                   (abs)        000F99
_RC1STA                                   (abs)        000F9D
_RC1STAbits                               (abs)        000F9D
_RC6PPS                                   (abs)        000EFD
_RX1PPSbits                               (abs)        000EB5
_ReadEeprom                               text41       003642
_ReadGPS                                  text17       003134
_ReadGPSDateTime                          text21       002996
_ReadGPS_DATE_TIME                        text18       001864
_SECONDS_TO_ADJUST                        bssBANK0     0000E2
_SECONDS_TO_ADJUST_PART                   bssCOMRAM    00004F
_SP1BRGH                                  (abs)        000F9C
_SP1BRGL                                  (abs)        000F9B
_SPECIAL_AUDIO_LAST_X_SECONDS             bssCOMRAM    000055
_SPECIAL_AUDIO_STATE_ON_OFF_COUNTER       bssCOMRAM    000050
_STATES                                   bssBIGRAM    0006F0
_STATE_SECONDS                            bssCOMRAM    000054
_STATE_SECONDS_REMAINING                  bssBANK0     0000E8
_SYSTEM_Initialize                        text10       00361A
_StopGPS                                  text9        0036DC
_SwitchOnGPS                              text8        00369E
_T0CON0                                   (abs)        000FD5
_T0CON0bits                               (abs)        000FD5
_T0CON1                                   (abs)        000FD6
_TIME_AT_LAST_GPS_SYNC                    bssBANK0     0000C8
_TIME_WHEN_GPS_IS_SWITCHED_ON             bssBANK0     0000CC
_TIME_ZONE                                bssBANK0     0000E4
_TMR0H                                    (abs)        000FD4
_TMR0L                                    (abs)        000FD3
_TMR0_CallBack                            text51       0035E8
_TMR0_DefaultInterruptHandler             text52       0036EC
_TMR0_ISR                                 text50       0036AC
_TMR0_Initialize                          text11       0033A8
_TMR0_InterruptHandler                    bssBANK0     0000E0
_TMR0_SetInterruptHandler                 text13       0036BA
_TMR0_StartTimer                          text12       0036E2
_TRISA                                    (abs)        000F88
_TRISAbits                                (abs)        000F88
_TRISB                                    (abs)        000F89
_TRISC                                    (abs)        000F8A
_TX1STA                                   (abs)        000F9E
_TestGPSStartCondition                    text7        003464
_TimeTextToSecond                         text20       00233C
_Timer0_10ms                              text53       00130A
_ValidateDateTime                         text19       002520
_VerifyForGPSOnTIme                       text6        003322
_WPUA                                     (abs)        000F10
_WPUB                                     (abs)        000F18
_WPUC                                     (abs)        000F20
_WPUE                                     (abs)        000F2D
_WriteEeprom                              text5        00350A
_WriteLongInt                             text1        002BFA
__CFG_BOREN$SBORDIS                       (abs)        000000
__CFG_BORV$VBOR_2P45                      (abs)        000000
__CFG_CLKOUTEN$OFF                        (abs)        000000
__CFG_CP$OFF                              (abs)        000000
__CFG_CPD$OFF                             (abs)        000000
__CFG_CSWEN$ON                            (abs)        000000
__CFG_DEBUG$OFF                           (abs)        000000
__CFG_EBTR0$OFF                           (abs)        000000
__CFG_EBTR1$OFF                           (abs)        000000
__CFG_EBTR2$OFF                           (abs)        000000
__CFG_EBTR3$OFF                           (abs)        000000
__CFG_EBTRB$OFF                           (abs)        000000
__CFG_FCMEN$ON                            (abs)        000000
__CFG_FEXTOSC$HS                          (abs)        000000
__CFG_LPBOREN$OFF                         (abs)        000000
__CFG_LVP$ON                              (abs)        000000
__CFG_MCLRE$EXTMCLR                       (abs)        000000
__CFG_PPS1WAY$ON                          (abs)        000000
__CFG_PWRTE$OFF                           (abs)        000000
__CFG_RSTOSC$EXTOSC_4PLL                  (abs)        000000
__CFG_SCANE$ON                            (abs)        000000
__CFG_STVREN$ON                           (abs)        000000
__CFG_WDTCCS$SC                           (abs)        000000
__CFG_WDTCPS$WDTCPS_31                    (abs)        000000
__CFG_WDTCWS$WDTCWS_7                     (abs)        000000
__CFG_WDTE$OFF                            (abs)        000000
__CFG_WRT0$OFF                            (abs)        000000
__CFG_WRT1$OFF                            (abs)        000000
__CFG_WRT2$OFF                            (abs)        000000
__CFG_WRT3$OFF                            (abs)        000000
__CFG_WRTB$OFF                            (abs)        000000
__CFG_WRTC$OFF                            (abs)        000000
__CFG_WRTD$OFF                            (abs)        000000
__CFG_XINST$OFF                           (abs)        000000
__CFG_ZCD$OFF                             (abs)        000000
__HRAM                                    (abs)        000000
__Habs1                                   abs1         000000
__Hbank0                                  bank0        000000
__Hbank1                                  bank1        000000
__Hbank10                                 bank10       000000
__Hbank11                                 bank11       000000
__Hbank12                                 bank12       000000
__Hbank13                                 bank13       000000
__Hbank14                                 bank14       000000
__Hbank2                                  bank2        000000
__Hbank3                                  bank3        000000
__Hbank4                                  bank4        000000
__Hbank5                                  bank5        000000
__Hbank6                                  bank6        000000
__Hbank7                                  bank7        000000
__Hbank8                                  bank8        000000
__Hbank9                                  bank9        000000
__Hbigbss                                 bigbss       000000
__Hbigdata                                bigdata      000000
__Hbigram                                 bigram       000000
__Hbss                                    bss          000000
__HbssBANK0                               bssBANK0     000000
__HbssBANK1                               bssBANK1     000000
__HbssBANK2                               bssBANK2     000000
__HbssBIGRAM                              bssBIGRAM    000000
__HbssCOMRAM                              bssCOMRAM    000000
__Hcinit                                  cinit        000000
__Hclrtext                                clrtext      000000
__Hcomram                                 comram       000000
__Hconfig                                 config       30000C
__Hconst                                  const        000000
__HcstackBANK0                            cstackBANK0  000000
__HcstackCOMRAM                           cstackCOMRAM 000000
__Hdata                                   data         000000
__HdataBANK0                              dataBANK0    000000
__HdataBANK1                              dataBANK1    000000
__HdataBIGRAM                             dataBIGRAM   000000
__HdataCOMRAM                             dataCOMRAM   000000
__Heeprom_data                            eeprom_data  000000
__Hfarbss                                 farbss       000000
__Hfardata                                fardata      000000
__Hibigdata                               ibigdata     000000
__Hidata                                  idata        000000
__HidataBANK0                             idataBANK0   000000
__HidataBANK1                             idataBANK1   000000
__HidataBIGRAM                            idataBIGRAM  000000
__HidataCOMRAM                            idataCOMRAM  000000
__Hidloc                                  idloc        200010
__Hifardata                               ifardata     000000
__Hinit                                   init         000074
__Hintcode                                intcode      00006A
__Hintcode_body                           intcode_body 000000
__Hintcodelo                              intcodelo    00006A
__Hintentry                               intentry     000000
__Hintret                                 intret       000000
__Hintsave_regs                           intsave_regs 000000
__Hirdata                                 irdata       000000
__Hmediumconst                            mediumconst  000000
__HnvFARRAM                               nvFARRAM     000000
__Hnvbit                                  nvbit        000000
__Hnvrram                                 nvrram       000000
__Hpa_nodes0                              pa_nodes0    000000
__Hparam                                  rparam       000000
__Hpowerup                                powerup      000070
__Hram                                    ram          000000
__Hramtop                                 ramtop       000F00
__Hrbit                                   rbit         000000
__Hrbss                                   rbss         000000
__Hrdata                                  rdata        000000
__Hreset_vec                              reset_vec    000004
__Hrparam                                 rparam       000000
__Hsfr                                    sfr          000000
__Hsmallconst                             smallconst   000F0A
__Hspace_0                                (abs)        30000C
__Hspace_1                                (abs)        000AB0
__Hspace_2                                (abs)        000000
__Hstack                                  stack        000000
__Hstruct                                 struct       000000
__Htemp                                   temp         000060
__Htext                                   text         000000
__Htext0                                  text0        000000
__Htext1                                  text1        000000
__Htext10                                 text10       000000
__Htext11                                 text11       000000
__Htext12                                 text12       000000
__Htext13                                 text13       000000
__Htext14                                 text14       000000
__Htext15                                 text15       000000
__Htext16                                 text16       000000
__Htext17                                 text17       000000
__Htext18                                 text18       000000
__Htext19                                 text19       000000
__Htext2                                  text2        000000
__Htext20                                 text20       000000
__Htext21                                 text21       000000
__Htext22                                 text22       000000
__Htext23                                 text23       000000
__Htext24                                 text24       000000
__Htext25                                 text25       000000
__Htext26                                 text26       000000
__Htext27                                 text27       000000
__Htext28                                 text28       000000
__Htext29                                 text29       000000
__Htext3                                  text3        000000
__Htext30                                 text30       000000
__Htext31                                 text31       000000
__Htext32                                 text32       000000
__Htext33                                 text33       000000
__Htext34                                 text34       000000
__Htext35                                 text35       000000
__Htext36                                 text36       000000
__Htext37                                 text37       000000
__Htext38                                 text38       000000
__Htext39                                 text39       000000
__Htext4                                  text4        000000
__Htext40                                 text40       000000
__Htext41                                 text41       000000
__Htext42                                 text42       000000
__Htext43                                 text43       000000
__Htext44                                 text44       000000
__Htext45                                 text45       000000
__Htext46                                 text46       000000
__Htext47                                 text47       000000
__Htext48                                 text48       000000
__Htext5                                  text5        000000
__Htext50                                 text50       000000
__Htext51                                 text51       000000
__Htext52                                 text52       000000
__Htext53                                 text53       000000
__Htext54                                 text54       000000
__Htext55                                 text55       000000
__Htext56                                 text56       000000
__Htext57                                 text57       000000
__Htext58                                 text58       000000
__Htext59                                 text59       000000
__Htext6                                  text6        000000
__Htext60                                 text60       000000
__Htext61                                 text61       000000
__Htext62                                 text62       000000
__Htext63                                 text63       000000
__Htext64                                 text64       000000
__Htext65                                 text65       000000
__Htext7                                  text7        000000
__Htext8                                  text8        000000
__Htext9                                  text9        000000
__LRAM                                    (abs)        000001
__Labs1                                   abs1         000000
__Lbank0                                  bank0        000000
__Lbank1                                  bank1        000000
__Lbank10                                 bank10       000000
__Lbank11                                 bank11       000000
__Lbank12                                 bank12       000000
__Lbank13                                 bank13       000000
__Lbank14                                 bank14       000000
__Lbank2                                  bank2        000000
__Lbank3                                  bank3        000000
__Lbank4                                  bank4        000000
__Lbank5                                  bank5        000000
__Lbank6                                  bank6        000000
__Lbank7                                  bank7        000000
__Lbank8                                  bank8        000000
__Lbank9                                  bank9        000000
__Lbigbss                                 bigbss       000000
__Lbigdata                                bigdata      000000
__Lbigram                                 bigram       000000
__Lbss                                    bss          000000
__LbssBANK0                               bssBANK0     000000
__LbssBANK1                               bssBANK1     000000
__LbssBANK2                               bssBANK2     000000
__LbssBIGRAM                              bssBIGRAM    000000
__LbssCOMRAM                              bssCOMRAM    000000
__Lcinit                                  cinit        000000
__Lclrtext                                clrtext      000000
__Lcomram                                 comram       000000
__Lconfig                                 config       300000
__Lconst                                  const        000000
__LcstackBANK0                            cstackBANK0  000000
__LcstackCOMRAM                           cstackCOMRAM 000000
__Ldata                                   data         000000
__LdataBANK0                              dataBANK0    000000
__LdataBANK1                              dataBANK1    000000
__LdataBIGRAM                             dataBIGRAM   000000
__LdataCOMRAM                             dataCOMRAM   000000
__Leeprom_data                            eeprom_data  000000
__Lfarbss                                 farbss       000000
__Lfardata                                fardata      000000
__Libigdata                               ibigdata     000000
__Lidata                                  idata        000000
__LidataBANK0                             idataBANK0   000000
__LidataBANK1                             idataBANK1   000000
__LidataBIGRAM                            idataBIGRAM  000000
__LidataCOMRAM                            idataCOMRAM  000000
__Lidloc                                  idloc        200000
__Lifardata                               ifardata     000000
__Linit                                   init         000070
__Lintcode                                intcode      000008
__Lintcode_body                           intcode_body 000000
__Lintcodelo                              intcodelo    00006A
__Lintentry                               intentry     000000
__Lintret                                 intret       000000
__Lintsave_regs                           intsave_regs 000000
__Lirdata                                 irdata       000000
__Lmediumconst                            mediumconst  000000
__LnvFARRAM                               nvFARRAM     000000
__Lnvbit                                  nvbit        000000
__Lnvrram                                 nvrram       000000
__Lpa_nodes0                              pa_nodes0    000000
__Lparam                                  rparam       000000
__Lpowerup                                powerup      00006A
__Lram                                    ram          000000
__Lramtop                                 ramtop       000F00
__Lrbit                                   rbit         000000
__Lrbss                                   rbss         000000
__Lrdata                                  rdata        000000
__Lreset_vec                              reset_vec    000000
__Lrparam                                 rparam       000000
__Lsfr                                    sfr          000000
__Lsmallconst                             smallconst   000F00
__Lspace_0                                (abs)        000000
__Lspace_1                                (abs)        000000
__Lspace_2                                (abs)        000000
__Lstack                                  stack        000000
__Lstruct                                 struct       000000
__Ltemp                                   temp         00005F
__Ltext                                   text         000000
__Ltext0                                  text0        000000
__Ltext1                                  text1        000000
__Ltext10                                 text10       000000
__Ltext11                                 text11       000000
__Ltext12                                 text12       000000
__Ltext13                                 text13       000000
__Ltext14                                 text14       000000
__Ltext15                                 text15       000000
__Ltext16                                 text16       000000
__Ltext17                                 text17       000000
__Ltext18                                 text18       000000
__Ltext19                                 text19       000000
__Ltext2                                  text2        000000
__Ltext20                                 text20       000000
__Ltext21                                 text21       000000
__Ltext22                                 text22       000000
__Ltext23                                 text23       000000
__Ltext24                                 text24       000000
__Ltext25                                 text25       000000
__Ltext26                                 text26       000000
__Ltext27                                 text27       000000
__Ltext28                                 text28       000000
__Ltext29                                 text29       000000
__Ltext3                                  text3        000000
__Ltext30                                 text30       000000
__Ltext31                                 text31       000000
__Ltext32                                 text32       000000
__Ltext33                                 text33       000000
__Ltext34                                 text34       000000
__Ltext35                                 text35       000000
__Ltext36                                 text36       000000
__Ltext37                                 text37       000000
__Ltext38                                 text38       000000
__Ltext39                                 text39       000000
__Ltext4                                  text4        000000
__Ltext40                                 text40       000000
__Ltext41                                 text41       000000
__Ltext42                                 text42       000000
__Ltext43                                 text43       000000
__Ltext44                                 text44       000000
__Ltext45                                 text45       000000
__Ltext46                                 text46       000000
__Ltext47                                 text47       000000
__Ltext48                                 text48       000000
__Ltext5                                  text5        000000
__Ltext50                                 text50       000000
__Ltext51                                 text51       000000
__Ltext52                                 text52       000000
__Ltext53                                 text53       000000
__Ltext54                                 text54       000000
__Ltext55                                 text55       000000
__Ltext56                                 text56       000000
__Ltext57                                 text57       000000
__Ltext58                                 text58       000000
__Ltext59                                 text59       000000
__Ltext6                                  text6        000000
__Ltext60                                 text60       000000
__Ltext61                                 text61       000000
__Ltext62                                 text62       000000
__Ltext63                                 text63       000000
__Ltext64                                 text64       000000
__Ltext65                                 text65       000000
__Ltext7                                  text7        000000
__Ltext8                                  text8        000000
__Ltext9                                  text9        000000
__S0                                      (abs)        30000C
__S1                                      (abs)        000AB0
__S2                                      (abs)        000000
___aldiv                                  text2        002CBA
___aldiv@counter                          cstackBANK0  000068
___aldiv@dividend                         cstackBANK0  000060
___aldiv@divisor                          cstackBANK0  000064
___aldiv@quotient                         cstackBANK0  00006A
___aldiv@sign                             cstackBANK0  000069
___almod                                  text59       002ECE
___almod@counter                          cstackCOMRAM 000009
___almod@dividend                         cstackCOMRAM 000001
___almod@divisor                          cstackCOMRAM 000005
___almod@sign                             cstackCOMRAM 00000A
___awdiv                                  text36       002FEE
___awdiv@counter                          cstackBANK0  000064
___awdiv@dividend                         cstackBANK0  000060
___awdiv@divisor                          cstackBANK0  000062
___awdiv@quotient                         cstackBANK0  000066
___awdiv@sign                             cstackBANK0  000065
___awmod                                  text24       003066
___awmod@counter                          cstackBANK0  00006C
___awmod@dividend                         cstackBANK0  000068
___awmod@divisor                          cstackBANK0  00006A
___awmod@sign                             cstackBANK0  00006D
___ftmul                                  text57       002B32
___ftmul@cntr                             cstackCOMRAM 00001A
___ftmul@exp                              cstackCOMRAM 000016
___ftmul@f1                               cstackCOMRAM 00000D
___ftmul@f2                               cstackCOMRAM 000010
___ftmul@f3_as_product                    cstackCOMRAM 000017
___ftmul@sign                             cstackCOMRAM 00001B
___ftpack                                 text58       002F68
___ftpack@arg                             cstackCOMRAM 000001
___ftpack@exp                             cstackCOMRAM 000004
___ftpack@sign                            cstackCOMRAM 000005
___fttol                                  text56       002D76
___fttol@exp1                             cstackCOMRAM 00002A
___fttol@f1                               cstackCOMRAM 00001C
___fttol@lval                             cstackCOMRAM 000026
___fttol@sign1                            cstackCOMRAM 000025
___inthi_sp                               stack        000000
___intlo_sp                               stack        000000
___lbtoft                                 text55       0035C4
___lbtoft@c                               cstackCOMRAM 00000C
___lmul                                   text39       003242
___lmul@multiplicand                      cstackBANK0  000064
___lmul@multiplier                        cstackBANK0  000060
___lmul@product                           cstackBANK0  000068
___lwmod                                  text33       0033E8
___lwmod@counter                          cstackBANK0  000064
___lwmod@dividend                         cstackBANK0  000060
___lwmod@divisor                          cstackBANK0  000062
___param_bank                             (abs)        000000
___rparam_used                            (abs)        000001
___sp                                     stack        000000
___wmul                                   text48       00359E
___wmul@multiplicand                      cstackBANK0  000062
___wmul@multiplier                        cstackBANK0  000060
___wmul@product                           cstackBANK0  000064
__accesstop                               (abs)        000060
__activetblptr                            (abs)        000003
__end_ofPL10                              text19       0025D6
__end_ofPL100                             text23       002332
__end_ofPL102                             text35       001BC2
__end_ofPL104                             text53       001636
__end_ofPL106                             text53       001646
__end_ofPL108                             text44       002996
__end_ofPL110                             text19       00260C
__end_ofPL112                             text4        0027D6
__end_ofPL114                             text53       001654
__end_ofPL116                             text47       002108
__end_ofPL118                             text53       001662
__end_ofPL12                              text47       0020C8
__end_ofPL120                             text57       002BF2
__end_ofPL122                             text53       001670
__end_ofPL124                             text53       00167A
__end_ofPL126                             text42       002EC4
__end_ofPL128                             text42       002ECE
__end_ofPL130                             text26       002224
__end_ofPL132                             text57       002BFA
__end_ofPL134                             text30       002516
__end_ofPL136                             text61       0026F2
__end_ofPL138                             text58       002FE4
__end_ofPL14                              text23       002326
__end_ofPL140                             text30       002520
__end_ofPL142                             text58       002FEE
__end_ofPL144                             text53       001684
__end_ofPL146                             text27       0028B8
__end_ofPL148                             text23       00233C
__end_ofPL150                             text1        002CBA
__end_ofPL152                             text29       00350A
__end_ofPL154                             text35       001BCC
__end_ofPL156                             text53       00168E
__end_ofPL158                             text26       00222C
__end_ofPL16                              text35       001B96
__end_ofPL160                             text63       0034D4
__end_ofPL162                             text35       001BD4
__end_ofPL18                              text53       0015B6
__end_ofPL2                               text40       001FCA
__end_ofPL20                              text38       001CBA
__end_ofPL22                              text0        001E8C
__end_ofPL24                              text38       001CE2
__end_ofPL26                              text53       0015CC
__end_ofPL28                              text53       0015F0
__end_ofPL30                              text38       001CFE
__end_ofPL32                              text38       001D06
__end_ofPL34                              text53       001600
__end_ofPL36                              text38       001D16
__end_ofPL38                              text53       001614
__end_ofPL4                               text40       001FD2
__end_ofPL40                              text47       0020E8
__end_ofPL42                              text53       001626
__end_ofPL44                              text47       0020F0
__end_ofPL46                              text19       0025E0
__end_ofPL48                              text38       001D24
__end_ofPL50                              text19       0025EA
__end_ofPL52                              text44       00294C
__end_ofPL54                              text4        00278A
__end_ofPL56                              text4        0027A2
__end_ofPL58                              text44       002964
__end_ofPL6                               text40       001FDC
__end_ofPL60                              text44       00297A
__end_ofPL62                              text4        0027AC
__end_ofPL64                              text4        0027BA
__end_ofPL66                              text0        001E96
__end_ofPL68                              text20       002428
__end_ofPL70                              text19       0025F6
__end_ofPL72                              text38       001D3A
__end_ofPL74                              text38       001D44
__end_ofPL76                              text19       002602
__end_ofPL78                              text35       001BA4
__end_ofPL8                               text37       001864
__end_ofPL80                              text47       0020FA
__end_ofPL82                              text30       00250C
__end_ofPL84                              text1        002CB0
__end_ofPL86                              text35       001BB6
__end_ofPL88                              text59       002F68
__end_ofPL90                              text44       00298C
__end_ofPL92                              text17       00319A
__end_ofPL94                              text4        0027CC
__end_ofPL96                              text18       001A28
__end_ofPL98                              text20       002430
__end_ofReadGPSDateTime@F11468            smallconst   000F09
__end_of_AdjustDayLightSaving             text26       00221A
__end_of_DecreaseByADay                   text30       0024FE
__end_of_DecreaseByAMonth                 text31       003242
__end_of_DecreaseByAYear                  text32       00356E
__end_of_EUSART1_Initialize               text25       003642
__end_of_EUSART1_Read                     text22       00367C
__end_of_GetDay                           text23       00231C
__end_of_GetEventNumber                   text47       0020B8
__end_of_GetThisCycle                     text46       0036D4
__end_of_INTERRUPT_Initialize             text16       0036EA
__end_of_INTERRUPT_InterruptManager       intcode      00006A
__end_of_IncreaseByADay                   text27       0028AE
__end_of_IncreaseByAMonth                 text28       0032D8
__end_of_IncreaseByASecond                text60       0031F6
__end_of_IncreaseByAYear                  text29       003502
__end_of_Lcd_CharCP                       text4        002772
__end_of_Lcd_Command                      text44       002934
__end_of_Lcd_Delay5500us                  text43       00368E
__end_of_Lcd_Delay5us                     text45       0036CC
__end_of_Lcd_Init                         text42       002EBA
__end_of_Lcd_WriteChar                    text3        0033A8
__end_of_LoadAllFromEeprom                text34       00369E
__end_of_LoadCyclesFromEeprom             text40       001FB0
__end_of_LoadEventsFromEeprom             text38       001C8E
__end_of_LoadSettingsFromEeprom           text37       00185A
__end_of_LoadStatesFromEeprom             text35       001B86
__end_of_OSCILLATOR_Initialize            text15       00361A
__end_of_PIN_MANAGER_Initialize           text14       003134
__end_of_ReadEeprom                       text41       003656
__end_of_ReadGPS                          text17       003188
__end_of_ReadGPSDateTime                  text21       002A68
__end_of_ReadGPS_DATE_TIME                text18       001A1C
__end_of_SYSTEM_Initialize                text10       00362E
__end_of_StopGPS                          text9        0036E2
__end_of_SwitchOnGPS                      text8        0036AC
__end_of_TMR0_CallBack                    text51       003604
__end_of_TMR0_DefaultInterruptHandler     text52       0036EE
__end_of_TMR0_ISR                         text50       0036BA
__end_of_TMR0_Initialize                  text11       0033E8
__end_of_TMR0_SetInterruptHandler         text13       0036C4
__end_of_TMR0_StartTimer                  text12       0036E6
__end_of_TestGPSStartCondition            text7        00349C
__end_of_TimeTextToSecond                 text20       002412
__end_of_Timer0_10ms                      text53       0015A2
__end_of_ValidateDateTime                 text19       0025C2
__end_of_VerifyForGPSOnTIme               text6        003368
__end_of_WriteEeprom                      text5        00353C
__end_of_WriteLongInt                     text1        002C9E
__end_of___aldiv                          text2        002D76
__end_of___almod                          text59       002F56
__end_of___awdiv                          text36       003066
__end_of___awmod                          text24       0030CE
__end_of___ftmul                          text57       002BE4
__end_of___ftpack                         text58       002FDA
__end_of___fttol                          text56       002E2E
__end_of___lbtoft                         text55       0035E8
__end_of___lmul                           text39       00328E
__end_of___lwmod                          text33       003426
__end_of___wmul                           text48       0035C4
__end_of__initialization                  cinit        002B28
__end_of_main                             text0        001E7A
__end_ofi2_GetThisCycle                   text54       0036DC
__end_ofi2_IncreaseByADay                 text61       0026E8
__end_ofi2_IncreaseByAMonth               text62       003322
__end_ofi2_IncreaseByAYear                text63       0034CC
__end_ofi2___lwmod                        text64       003464
__initialization                          cinit        002A68
__mediumconst                             mediumconst  000000
__pbssBANK0                               bssBANK0     0000B2
__pbssBANK1                               bssBANK1     000100
__pbssBANK2                               bssBANK2     000200
__pbssBIGRAM                              bssBIGRAM    0006F0
__pbssCOMRAM                              bssCOMRAM    00004C
__pcinit                                  cinit        002A68
__pcstackBANK0                            cstackBANK0  000060
__pcstackCOMRAM                           cstackCOMRAM 000001
__pdataBANK0                              dataBANK0    0000EC
__pdataBANK1                              dataBANK1    000144
__pdataBIGRAM                             dataBIGRAM   0002F0
__pdataCOMRAM                             dataCOMRAM   00005D
__pidataBANK0                             idataBANK0   003656
__pidataBANK1                             idataBANK1   00356E
__pidataBIGRAM                            idataBIGRAM  000F0A
__pidataCOMRAM                            idataCOMRAM  0036EA
__pintcode                                intcode      000008
__psmallconst                             smallconst   000F00
__ptext0                                  text0        001D44
__ptext1                                  text1        002BFA
__ptext10                                 text10       00361A
__ptext11                                 text11       0033A8
__ptext12                                 text12       0036E2
__ptext13                                 text13       0036BA
__ptext14                                 text14       0030CE
__ptext15                                 text15       003604
__ptext16                                 text16       0036E6
__ptext17                                 text17       003134
__ptext18                                 text18       001864
__ptext19                                 text19       002520
__ptext2                                  text2        002CBA
__ptext20                                 text20       00233C
__ptext21                                 text21       002996
__ptext22                                 text22       00366A
__ptext23                                 text23       00222C
__ptext24                                 text24       003066
__ptext25                                 text25       00362E
__ptext26                                 text26       002108
__ptext27                                 text27       0027D6
__ptext28                                 text28       00328E
__ptext29                                 text29       0034D4
__ptext3                                  text3        003368
__ptext30                                 text30       002430
__ptext31                                 text31       0031F6
__ptext32                                 text32       00353C
__ptext33                                 text33       0033E8
__ptext34                                 text34       00368E
__ptext35                                 text35       001A28
__ptext36                                 text36       002FEE
__ptext37                                 text37       00168E
__ptext38                                 text38       001BD4
__ptext39                                 text39       003242
__ptext4                                  text4        0026F2
__ptext40                                 text40       001E96
__ptext41                                 text41       003642
__ptext42                                 text42       002E2E
__ptext43                                 text43       00367C
__ptext44                                 text44       0028B8
__ptext45                                 text45       0036C4
__ptext46                                 text46       0036CC
__ptext47                                 text47       001FDC
__ptext48                                 text48       00359E
__ptext5                                  text5        00350A
__ptext50                                 text50       0036AC
__ptext51                                 text51       0035E8
__ptext52                                 text52       0036EC
__ptext53                                 text53       00130A
__ptext54                                 text54       0036D4
__ptext55                                 text55       0035C4
__ptext56                                 text56       002D76
__ptext57                                 text57       002B32
__ptext58                                 text58       002F68
__ptext59                                 text59       002ECE
__ptext6                                  text6        003322
__ptext60                                 text60       00319A
__ptext61                                 text61       00260C
__ptext62                                 text62       0032D8
__ptext63                                 text63       00349C
__ptext64                                 text64       003426
[...]
 Parameters:    Size  Location     Type
  arg             3    0[COMRAM] unsigned um
  exp             1    3[COMRAM] unsigned char 
  sign            1    4[COMRAM] unsigned char 
 Auto vars:     Size  Location     Type
		None
 Return value:  Size  Location     Type
                  3    0[COMRAM] float 
 Registers used:
		wreg, status,2, status,0
 Tracked objects:
		On entry : 
		On exit  : 
		Unchanged: 
 Data sizes:     COMRAM   BANK0   BANK1   BANK2   BANK3   BANK4   BANK5   BANK6   BANK7   BANK8   BANK9  BANK10  BANK11  BANK12  BANK13  BANK14
      Params:         5       0       0       0       0       0       0       0       0       0       0       0       0       0       0       0
      Locals:         0       0       0       0       0       0       0       0       0       0       0       0       0       0       0       0
      Temps:          3       0       0       0       0       0       0       0       0       0       0       0       0       0       0       0
      Totals:         8       0       0       0       0       0       0       0       0       0       0       0       0       0       0       0
Total ram usage:        8 bytes
 Hardware stack levels used:    1
 This function calls:
		Nothing
 This function is called by:
		___ftmul
		___lbtoft
 This function uses a non-reentrant model


 *************** function ___almod *****************
 Defined at:
		line 8 in file "C:\Program Files (x86)\Microchip\xc8\v1.42\sources\common\almod.c"
 Parameters:    Size  Location     Type
  dividend        4    0[COMRAM] long 
  divisor         4    4[COMRAM] long 
 Auto vars:     Size  Location     Type
  sign            1    9[COMRAM] unsigned char 
  counter         1    8[COMRAM] unsigned char 
 Return value:  Size  Location     Type
                  4    0[COMRAM] long 
 Registers used:
		wreg, status,2, status,0
 Tracked objects:
		On entry : 
		On exit  : 
		Unchanged: 
 Data sizes:     COMRAM   BANK0   BANK1   BANK2   BANK3   BANK4   BANK5   BANK6   BANK7   BANK8   BANK9  BANK10  BANK11  BANK12  BANK13  BANK14
      Params:         8       0       0       0       0       0       0       0       0       0       0       0       0       0       0       0
      Locals:         2       0       0       0       0       0       0       0       0       0       0       0       0       0       0       0
      Temps:          0       0       0       0       0       0       0       0       0       0       0       0       0       0       0       0
      Totals:        10       0       0       0       0       0       0       0       0       0       0       0       0       0       0       0
Total ram usage:       10 bytes
 Hardware stack levels used:    1
 This function calls:
		Nothing
 This function is called by:
		_Timer0_10ms
 This function uses a non-reentrant model


 *************** function _IncreaseByASecond *****************
 Defined at:
		line 3 in file "libs/funcs.c"
 Parameters:    Size  Location     Type
  dt             11   41[COMRAM] struct _GSK_DATE_TIME
 Auto vars:     Size  Location     Type
		None
 Return value:  Size  Location     Type
                  11   41[COMRAM] struct _GSK_DATE_TIME
 Registers used:
		wreg, fsr0l, fsr0h, fsr2l, fsr2h, status,2, status,0, cstack
 Tracked objects:
		On entry : 
		On exit  : 
		Unchanged: 
 Data sizes:     COMRAM   BANK0   BANK1   BANK2   BANK3   BANK4   BANK5   BANK6   BANK7   BANK8   BANK9  BANK10  BANK11  BANK12  BANK13  BANK14
      Params:        11       0       0       0       0       0       0       0       0       0       0       0       0       0       0       0
      Locals:         0       0       0       0       0       0       0       0       0       0       0       0       0       0       0       0
      Temps:          0       0       0       0       0       0       0       0       0       0       0       0       0       0       0       0
      Totals:        11       0       0       0       0       0       0       0       0       0       0       0       0       0       0       0
Total ram usage:       11 bytes
 Hardware stack levels used:    1
 Hardware stack levels required when called:    4
 This function calls:
		i2_IncreaseByADay
 This function is called by:
		_Timer0_10ms
 This function uses a non-reentrant model


 *************** function i2_IncreaseByADay *****************
 Defined at:
		line 12 in file "libs/funcs.c"
 Parameters:    Size  Location     Type
  dt             11   27[COMRAM] struct _GSK_DATE_TIME
 Auto vars:     Size  Location     Type
  IncreaseByAD    1   40[COMRAM] char 
 Return value:  Size  Location     Type
                  11   27[COMRAM] struct _GSK_DATE_TIME
 Registers used:
		wreg, fsr0l, fsr0h, fsr2l, fsr2h, status,2, status,0, cstack
 Tracked objects:
		On entry : 
		On exit  : 
		Unchanged: 
 Data sizes:     COMRAM   BANK0   BANK1   BANK2   BANK3   BANK4   BANK5   BANK6   BANK7   BANK8   BANK9  BANK10  BANK11  BANK12  BANK13  BANK14
      Params:        11       0       0       0       0       0       0       0       0       0       0       0       0       0       0       0
      Locals:         1       0       0       0       0       0       0       0       0       0       0       0       0       0       0       0
      Temps:          2       0       0       0       0       0       0       0       0       0       0       0       0       0       0       0
      Totals:        14       0       0       0       0       0       0       0       0       0       0       0       0       0       0       0
Total ram usage:       14 bytes
 Hardware stack levels used:    1
 Hardware stack levels required when called:    3
 This function calls:
		i2_IncreaseByAMonth
		i2___lwmod
 This function is called by:
		_IncreaseByASecond
 This function uses a non-reentrant model


 *************** function i2_IncreaseByAMonth *****************
 Defined at:
		line 32 in file "libs/funcs.c"
 Parameters:    Size  Location     Type
  dt             11   16[COMRAM] struct _GSK_DATE_TIME
 Auto vars:     Size  Location     Type
		None
 Return value:  Size  Location     Type
                  11   16[COMRAM] struct _GSK_DATE_TIME
 Registers used:
		wreg, fsr0l, fsr0h, fsr2l, fsr2h, status,2, status,0, cstack
 Tracked objects:
		On entry : 
		On exit  : 
		Unchanged: 
 Data sizes:     COMRAM   BANK0   BANK1   BANK2   BANK3   BANK4   BANK5   BANK6   BANK7   BANK8   BANK9  BANK10  BANK11  BANK12  BANK13  BANK14
      Params:        11       0       0       0       0       0       0       0       0       0       0       0       0       0       0       0
      Locals:         0       0       0       0       0       0       0       0       0       0       0       0       0       0       0       0
      Temps:          0       0       0       0       0       0       0       0       0       0       0       0       0       0       0       0
      Totals:        11       0       0       0       0       0       0       0       0       0       0       0       0       0       0       0
Total ram usage:       11 bytes
 Hardware stack levels used:    1
 Hardware stack levels required when called:    2
 This function calls:
		i2_IncreaseByAYear
 This function is called by:
		i2_IncreaseByADay
 This function uses a non-reentrant model


 *************** function i2_IncreaseByAYear *****************
 Defined at:
		line 41 in file "libs/funcs.c"
 Parameters:    Size  Location     Type
  dt             11    5[COMRAM] struct _GSK_DATE_TIME
 Auto vars:     Size  Location     Type
		None
 Return value:  Size  Location     Type
                  11    5[COMRAM] struct _GSK_DATE_TIME
 Registers used:
		wreg, fsr0l, fsr0h, fsr2l, fsr2h, status,2, status,0, cstack
 Tracked objects:
		On entry : 
		On exit  : 
		Unchanged: 
 Data sizes:     COMRAM   BANK0   BANK1   BANK2   BANK3   BANK4   BANK5   BANK6   BANK7   BANK8   BANK9  BANK10  BANK11  BANK12  BANK13  BANK14
      Params:        11       0       0       0       0       0       0       0       0       0       0       0       0       0       0       0
      Locals:         0       0       0       0       0       0       0       0       0       0       0       0       0       0       0       0
      Temps:          0       0       0       0       0       0       0       0       0       0       0       0       0       0       0       0
      Totals:        11       0       0       0       0       0       0       0       0       0       0       0       0       0       0       0
Total ram usage:       11 bytes
 Hardware stack levels used:    1
 Hardware stack levels required when called:    1
 This function calls:
		i2___lwmod
 This function is called by:
		i2_IncreaseByAMonth
 This function uses a non-reentrant model


 *************** function i2___lwmod *****************
 Defined at:
		line 8 in file "C:\Program Files (x86)\Microchip\xc8\v1.42\sources\common\lwmod.c"
 Parameters:    Size  Location     Type
  dividend        2    0[COMRAM] unsigned int 
  divisor         2    2[COMRAM] unsigned int 
 Auto vars:     Size  Location     Type
  __lwmod         1    4[COMRAM] unsigned char 
 Return value:  Size  Location     Type
                  2    0[COMRAM] unsigned int 
 Registers used:
		wreg, status,2, status,0
 Tracked objects:
		On entry : 
		On exit  : 
		Unchanged: 
 Data sizes:     COMRAM   BANK0   BANK1   BANK2   BANK3   BANK4   BANK5   BANK6   BANK7   BANK8   BANK9  BANK10  BANK11  BANK12  BANK13  BANK14
      Params:         4       0       0       0       0       0       0       0       0       0       0       0       0       0       0       0
      Locals:         1       0       0       0       0       0       0       0       0       0       0       0       0       0       0       0
      Temps:          0       0       0       0       0       0       0       0       0       0       0       0       0       0       0       0
      Totals:         5       0       0       0       0       0       0       0       0       0       0       0       0       0       0       0
Total ram usage:        5 bytes
 Hardware stack levels used:    1
 This function calls:
		Nothing
 This function is called by:
		i2_IncreaseByADay
		i2_IncreaseByAYear
 This function uses a non-reentrant model



MODULE INFORMATION

Module		Function		Class		Link	Load	Size
C:\Program Files (x86)\Microchip\xc8\v1.42\sources\common\ftmul.c
		___ftmul       		CODE           	2B32	0000	179

C:\Program Files (x86)\Microchip\xc8\v1.42\sources\common\ftmul.c estimated size: 179

C:\Program Files (x86)\Microchip\xc8\v1.42\sources\common\awdiv.c
		___awdiv       		CODE           	2FEE	0000	121

C:\Program Files (x86)\Microchip\xc8\v1.42\sources\common\awdiv.c estimated size: 121

C:\Program Files (x86)\Microchip\xc8\v1.42\sources\common\Umul32.c
		___lmul        		CODE           	3242	0000	77

C:\Program Files (x86)\Microchip\xc8\v1.42\sources\common\Umul32.c estimated size: 77

C:\Program Files (x86)\Microchip\xc8\v1.42\sources\common\aldiv.c
		___aldiv       		CODE           	2CBA	0000	189

C:\Program Files (x86)\Microchip\xc8\v1.42\sources\common\aldiv.c estimated size: 189

mcc_generated_files/interrupt_manager.c
		_INTERRUPT_Initialize		CODE           	36E6	0000	5
		_INTERRUPT_InterruptManager		CODE           	0008	0000	99

mcc_generated_files/interrupt_manager.c estimated size: 104

mcc_generated_files/tmr0.c
		_TMR0_SetInterruptHandler		CODE           	36BA	0000	11
		_TMR0_DefaultInterruptHandler		CODE           	36EC	0000	3
		_TMR0_CallBack 		CODE           	35E8	0000	29
		_TMR0_StartTimer		CODE           	36E2	0000	5
		_TMR0_ISR      		CODE           	36AC	0000	15
		_TMR0_Initialize		CODE           	33A8	0000	65

mcc_generated_files/tmr0.c estimated size: 128

C:\Program Files (x86)\Microchip\xc8\v1.42\sources\common\fttol.c
		___fttol       		CODE           	2D76	0000	185

C:\Program Files (x86)\Microchip\xc8\v1.42\sources\common\fttol.c estimated size: 185

mcc_generated_files/pin_manager.c
		_PIN_MANAGER_Initialize		CODE           	30CE	0000	103

mcc_generated_files/pin_manager.c estimated size: 103

libs/eeprom.c
		_LoadAllFromEeprom		CODE           	368E	0000	17
		_LoadCyclesFromEeprom		CODE           	1E96	0000	283
		_LoadSettingsFromEeprom		CODE           	168E	0000	461
		_ReadEeprom    		CODE           	3642	0000	21
		_WriteEeprom   		CODE           	350A	0000	51
		_LoadStatesFromEeprom		CODE           	1A28	0000	351
		_LoadEventsFromEeprom		CODE           	1BD4	0000	187

libs/eeprom.c estimated size: 1371

libs/projMain.c
		_Timer0_10ms   		CODE           	130A	0000	665

libs/projMain.c estimated size: 665

C:\Program Files (x86)\Microchip\xc8\v1.42\sources\common\lbtoft.c
		___lbtoft      		CODE           	35C4	0000	37

C:\Program Files (x86)\Microchip\xc8\v1.42\sources\common\lbtoft.c estimated size: 37

shared
		PL12           		CODE           	20B8	0000	17
		PL50           		CODE           	25E0	0000	11
		PL8            		CODE           	185A	0000	11
		PL22           		CODE           	1E7A	0000	19
		PL60           		CODE           	2964	0000	23
		PL100          		CODE           	2326	0000	13
		PL32           		CODE           	1CFE	0000	9
		PL70           		CODE           	25EA	0000	13
		PL42           		CODE           	1614	0000	19
		PL80           		CODE           	20F0	0000	11
		PL110          		CODE           	2602	0000	11
		PL14           		CODE           	231C	0000	11
		PL52           		CODE           	2934	0000	25
		PL90           		CODE           	297A	0000	19
		i2_GetThisCycle		CODE           	36D4	0000	9
		PL24           		CODE           	1CBA	0000	41
		PL62           		CODE           	27A2	0000	11
		PL120          		CODE           	2BE4	0000	15
		PL34           		CODE           	15F0	0000	17
		PL72           		CODE           	1D24	0000	23
		i2_IncreaseByADay		CODE           	260C	0000	221
		PL44           		CODE           	20E8	0000	9
		PL82           		CODE           	24FE	0000	15
		PL130          		CODE           	221A	0000	11
		PL16           		CODE           	1B86	0000	17
		PL54           		CODE           	2772	0000	25
		PL92           		CODE           	3188	0000	19
		PL26           		CODE           	15B6	0000	23
		PL64           		CODE           	27AC	0000	15
		PL102          		CODE           	1BB6	0000	13
		PL140          		CODE           	2516	0000	11
		PL36           		CODE           	1D06	0000	17
		PL74           		CODE           	1D3A	0000	11
		PL46           		CODE           	25D6	0000	11
		PL84           		CODE           	2C9E	0000	19
		PL112          		CODE           	27CC	0000	11
		PL150          		CODE           	2CB0	0000	11
		PL18           		CODE           	15A2	0000	21
		PL56           		CODE           	278A	0000	25
		PL94           		CODE           	27BA	0000	19
		i2_IncreaseByAYear		CODE           	349C	0000	49
		PL28           		CODE           	15CC	0000	37
		PL66           		CODE           	1E8C	0000	11
		PL122          		CODE           	1662	0000	15
		PL160          		CODE           	34CC	0000	9
		PL38           		CODE           	1600	0000	21
		PL76           		CODE           	25F6	0000	13
		PL48           		CODE           	1D16	0000	15
		PL86           		CODE           	1BA4	0000	19
		PL132          		CODE           	2BF2	0000	9
		PL58           		CODE           	294C	0000	25
		PL96           		CODE           	1A1C	0000	13
		PL68           		CODE           	2412	0000	23
		PL104          		CODE           	1626	0000	17
		PL142          		CODE           	2FE4	0000	11
		PL78           		CODE           	1B96	0000	15
		PL88           		CODE           	2F56	0000	19
		PL114          		CODE           	1646	0000	15
		PL152          		CODE           	3502	0000	9
		PL98           		CODE           	2428	0000	9
		i2___lwmod     		CODE           	3426	0000	63
		PL124          		CODE           	1670	0000	11
		PL162          		CODE           	1BCC	0000	9
		__initialization		CODE           	2A68	0000	193
		PL134          		CODE           	250C	0000	11
		PL106          		CODE           	1636	0000	17
		PL144          		CODE           	167A	0000	11
		ReadGPSDateTime@F11468		SMALLCONST     	0F01	0000	9
		PL116          		CODE           	20FA	0000	15
		PL154          		CODE           	1BC2	0000	11
		i2_IncreaseByAMonth		CODE           	32D8	0000	75
		PL126          		CODE           	2EBA	0000	11
		PL136          		CODE           	26E8	0000	11
		PL108          		CODE           	298C	0000	11
		PL146          		CODE           	28AE	0000	11
		PL118          		CODE           	1654	0000	15
		PL156          		CODE           	1684	0000	11
		PL128          		CODE           	2EC4	0000	11
		PL138          		CODE           	2FDA	0000	11
		PL2            		CODE           	1FB0	0000	27
		PL148          		CODE           	2332	0000	11
		PL10           		CODE           	25C2	0000	21
		PL4            		CODE           	1FCA	0000	9
		PL20           		CODE           	1C8E	0000	45
		PL158          		CODE           	2224	0000	9
		PL30           		CODE           	1CE2	0000	29
		PL6            		CODE           	1FD2	0000	11
		PL40           		CODE           	20C8	0000	33

shared estimated size: 1918

mcc_generated_files/eusart1.c
		_EUSART1_Initialize		CODE           	362E	0000	21
		_EUSART1_Read  		CODE           	366A	0000	19

mcc_generated_files/eusart1.c estimated size: 40

mcc_generated_files/mcc.c
		_OSCILLATOR_Initialize		CODE           	3604	0000	23
		_SYSTEM_Initialize		CODE           	361A	0000	21

mcc_generated_files/mcc.c estimated size: 44

C:\Program Files (x86)\Microchip\xc8\v1.42\sources\common\float.c
		___ftpack      		CODE           	2F68	0000	115

C:\Program Files (x86)\Microchip\xc8\v1.42\sources\common\float.c estimated size: 115

C:\Program Files (x86)\Microchip\xc8\v1.42\sources\common\lwmod.c
		___lwmod       		CODE           	33E8	0000	63

C:\Program Files (x86)\Microchip\xc8\v1.42\sources\common\lwmod.c estimated size: 63

C:\Program Files (x86)\Microchip\xc8\v1.42\sources\common\awmod.c
		___awmod       		CODE           	3066	0000	105

C:\Program Files (x86)\Microchip\xc8\v1.42\sources\common\awmod.c estimated size: 105

libs/funcs.c
		_DecreaseByAMonth		CODE           	31F6	0000	77
		_AdjustDayLightSaving		CODE           	2108	0000	275
		_DecreaseByADay		CODE           	2430	0000	207
		_SwitchOnGPS   		CODE           	369E	0000	15
		_IncreaseByAMonth		CODE           	328E	0000	75
		_ReadGPS_DATE_TIME		CODE           	1864	0000	441
		_IncreaseByASecond		CODE           	319A	0000	93
		_GetThisCycle  		CODE           	36CC	0000	9
		_IncreaseByADay		CODE           	27D6	0000	217
		_DecreaseByAYear		CODE           	353C	0000	51
		_TimeTextToSecond		CODE           	233C	0000	215
		_TestGPSStartCondition		CODE           	3464	0000	57
		_VerifyForGPSOnTIme		CODE           	3322	0000	71
		_StopGPS       		CODE           	36DC	0000	7
		_IncreaseByAYear		CODE           	34D4	0000	47
		_ReadGPS       		CODE           	3134	0000	85
		_GetEventNumber		CODE           	1FDC	0000	221

libs/funcs.c estimated size: 2163

C:\Program Files (x86)\Microchip\xc8\v1.42\sources\common\almod.c
		___almod       		CODE           	2ECE	0000	137

C:\Program Files (x86)\Microchip\xc8\v1.42\sources\common\almod.c estimated size: 137

C:\Program Files (x86)\Microchip\xc8\v1.42\sources\common\Umul16.c
		___wmul        		CODE           	359E	0000	39

C:\Program Files (x86)\Microchip\xc8\v1.42\sources\common\Umul16.c estimated size: 39

main.c
		_main          		CODE           	1D44	0000	311

main.c estimated size: 311

libs/gps.c
		_GetDay        		CODE           	222C	0000	241
		_ValidateDateTime		CODE           	2520	0000	163
		_ReadGPSDateTime		CODE           	2996	0000	211

libs/gps.c estimated size: 615

libs/HD44780.c
		_Lcd_WriteChar 		CODE           	3368	0000	65
		_Lcd_Init      		CODE           	2E2E	0000	141
		_Lcd_Command   		CODE           	28B8	0000	125
		_Lcd_Delay5us  		CODE           	36C4	0000	9
		_Lcd_CharCP    		CODE           	26F2	0000	129
		_Lcd_Delay5500us		CODE           	367C	0000	19
		_WriteLongInt  		CODE           	2BFA	0000	165

libs/HD44780.c estimated size: 653

