Microchip MPLAB XC8 Compiler V1.42 ()

Linker command line:

-W-3 --edf=C:\Program Files (x86)\Microchip\xc8\v1.42\dat\en_msgs.txt -cs \
  -h+dist/default/production\Proj004.X.production.sym \
  --cmf=dist/default/production\Proj004.X.production.cmf -z -Q18F26K40 \
  -oC:\Users\gadis\AppData\Local\Temp\s43s.2 \
  -Mdist/default/production/Proj004.X.production.map -E1 -ver=XC8 \
  -ASTACK=0AAFh-0e7dh -pstack=STACK -ACODE=00h-0FFFFh -ACONST=00h-0FFFFh \
  -ASMALLCONST=0F00h-0FFFhx241 -AMEDIUMCONST=0F00h-0FFFFh -ACOMRAM=01h-05Fh \
  -AABS1=00h-0E7Dh -ABIGRAM=01h-0E7Dh \
  -ARAM=060h-0FFh,0100h-01FFhx13,0E00h-0E7Dh -ABANK0=060h-0FFh \
  -ABANK1=0100h-01FFh -ABANK2=0200h-02FFh -ABANK3=0300h-03FFh \
  -ABANK4=0400h-04FFh -ABANK5=0500h-05FFh -ABANK6=0600h-06FFh \
  -ABANK7=0700h-07FFh -ABANK8=0800h-08FFh -ABANK9=0900h-09FFh \
  -ABANK10=0A00h-0AFFh -ABANK11=0B00h-0BFFh -ABANK12=0C00h-0CFFh \
  -ABANK13=0D00h-0DFFh -ABANK14=0E00h-0E7Dh \
  -ASFR=0E7Eh-0EFFh,0F00h-0F5Fh,0F60h-0FFFh \
  -preset_vec=00h,intcode=08h,intcodelo,powerup,init -pramtop=0F00h \
  -psmallconst=SMALLCONST -pmediumconst=MEDIUMCONST -pconst=CONST \
  -AFARRAM=00h-00h -ACONFIG=0300000h-030000Bh -pconfig=CONFIG \
  -AIDLOC=0200000h-020000Fh -pidloc=IDLOC -AEEDATA=0310000h-03103FFh \
  -peeprom_data=EEDATA \
  -prdata=COMRAM,nvrram=COMRAM,nvbit=COMRAM,rbss=COMRAM,rbit=COMRAM \
  -pfarbss=FARRAM,fardata=FARRAM,nvFARRAM=FARRAM \
  -pintsave_regs=BIGRAM,bigbss=BIGRAM,bigdata=BIGRAM -pbss=RAM \
  -pidata=CODE,irdata=CODE,ibigdata=CODE,ifardata=CODE -prparam=COMRAM \
  C:\Users\gadis\AppData\Local\Temp\s43s.obj \
  dist/default/production\Proj004.X.production.obj \
  build/default/production/libs/powerup.obj 

Object code version is 3.11

Machine type is 18F26K40

Call graph: (short form)




                Name                               Link     Load   Length Selector   Space Scale
C:\Users\gadis\AppData\Local\Temp\s43s.obj
                init                                 70       70        4        4       0
                reset_vec                             0        0        4        0       0
                idloc                            200000   200000       10   200000       0
                config                           300000   300000        C   300000       0
dist/default/production\Proj004.X.production.obj
                intcode                               8        8       62        4       0
                temp                                 5F       5F        1        1       1
                smallconst                          F00      F00        A      780       0
                text53                             2C5A     2C5A       3E      985       0
                text52                             2CD0     2CD0       38      985       0
                text51                             2B4A     2B4A       4A      985       0
                text50                             22F2     22F2       E6      985       0
                text49                             2A0C     2A0C       5C      985       0
                text48                             130A     130A      24A      985       0
                text47                             2EF8     2EF8        2     174A       0
                text46                             2DF8     2DF8       1C      985       0
                text45                             2EC8     2EC8        E     174A       0
                text43                             2DD2     2DD2       26      985       0
                text42                             1F24     1F24       FE      985       0
                text41                             2EE0     2EE0        8     174A       0
                text40                             23D8     23D8       E4      985       0
                text39                             2EA6     2EA6       12     174A       0
                text38                             273E     273E       A0      985       0
                text37                             2E6C     2E6C       14      985       0
                text36                             1A84     1A84      146      985       0
                text35                             1BCA     1BCA      126      985       0
                text34                             1554     1554      1D6      985       0
                text33                             285C     285C       78      985       0
                text32                             18D8     18D8      1AC      985       0
                text31                             2EB8     2EB8       10     174A       0
                text30                             2C1C     2C1C       3E      985       0
                text29                             2D70     2D70       32      985       0
                text28                             2AB4     2AB4       4C      985       0
                text27                             2116     2116       F0      985       0
                text26                             2D08     2D08       36      985       0
                text25                             2B00     2B00       4A      985       0
                text24                             24BC     24BC       E2      985       0
                text23                             1CF0     1CF0      124      985       0
                text22                             2E58     2E58       14      985       0
                text21                             293E     293E       68      985       0
                text20                             1E14     1E14      110      985       0
                text19                             2E94     2E94       12     174A       0
                text18                             259E     259E       D6      985       0
                text17                             2A68     2A68       4C      985       0
                text16                             2022     2022       F4      985       0
                text15                             2206     2206       EC      985       0
                text14                             172A     172A      1AE      985       0
                text13                             28D4     28D4       6A      985       0
                text12                             2EF2     2EF2        4     174A       0
                text11                             2E2E     2E2E       16      985       0
                text10                             29A6     29A6       66      985       0
                text9                              2ED6     2ED6        A     174A       0
                text8                              2EEE     2EEE        4     174A       0
                text7                              2BDC     2BDC       40      985       0
                text6                              2E44     2E44       14      985       0
                text5                              2EE8     2EE8        6     174A       0
                text4                              2E14     2E14       1A      985       0
                text3                              2C98     2C98       38      985       0
                text2                              2B94     2B94       48      985       0
                text1                              2D3E     2D3E       32      985       0
                text0                              27DE     27DE       7E      985       0
                cstackCOMRAM                          1        1       4A        1       1
                cstackBANK0                          60       60       4E       60       1
                dataBIGRAM                          2F0      2F0      3FF      2F0       1
                bssBIGRAM                           6EF      6EF      3C0      2F0       1
                bssBANK2                            200      200       F0      200       1
                dataBANK1                           144      144       30      100       1
                bssBANK1                            100      100       44      100       1
                dataBANK0                            E4       E4       13       60       1
                bssBANK0                             AE       AE       36       60       1
                dataCOMRAM                           5D       5D        2        1       1
                bssCOMRAM                            4B       4B       12        1       1
                cinit                              2674     2674       CA      985       0
                idataBANK1                         2DA2     2DA2       30      985       0
                idataBANK0                         2E80     2E80       13      985       0
                idataBIGRAM                         F0A      F0A      3FF      F0A       0
                idataCOMRAM                        2EF6     2EF6        2     174A       0
build/default/production/libs/powerup.obj
                powerup                              6A       6A        6        4       0

TOTAL           Name                               Link     Load   Length     Space
        CLASS   STACK          

        CLASS   CODE           
                intcode                               8        8       62         0
                init                                 70       70        4         0
                powerup                              6A       6A        6         0
                reset_vec                             0        0        4         0
                text53                             2C5A     2C5A       3E         0
                text52                             2CD0     2CD0       38         0
                text51                             2B4A     2B4A       4A         0
                text50                             22F2     22F2       E6         0
                text49                             2A0C     2A0C       5C         0
                text48                             130A     130A      24A         0
                text47                             2EF8     2EF8        2         0
                text46                             2DF8     2DF8       1C         0
                text45                             2EC8     2EC8        E         0
                text43                             2DD2     2DD2       26         0
                text42                             1F24     1F24       FE         0
                text41                             2EE0     2EE0        8         0
                text40                             23D8     23D8       E4         0
                text39                             2EA6     2EA6       12         0
                text38                             273E     273E       A0         0
                text37                             2E6C     2E6C       14         0
                text36                             1A84     1A84      146         0
                text35                             1BCA     1BCA      126         0
                text34                             1554     1554      1D6         0
                text33                             285C     285C       78         0
                text32                             18D8     18D8      1AC         0
                text31                             2EB8     2EB8       10         0
                text30                             2C1C     2C1C       3E         0
                text29                             2D70     2D70       32         0
                text28                             2AB4     2AB4       4C         0
                text27                             2116     2116       F0         0
                text26                             2D08     2D08       36         0
                text25                             2B00     2B00       4A         0
                text24                             24BC     24BC       E2         0
                text23                             1CF0     1CF0      124         0
                text22                             2E58     2E58       14         0
                text21                             293E     293E       68         0
                text20                             1E14     1E14      110         0
                text19                             2E94     2E94       12         0
                text18                             259E     259E       D6         0
                text17                             2A68     2A68       4C         0
                text16                             2022     2022       F4         0
                text15                             2206     2206       EC         0
                text14                             172A     172A      1AE         0
                text13                             28D4     28D4       6A         0
                text12                             2EF2     2EF2        4         0
                text11                             2E2E     2E2E       16         0
                text10                             29A6     29A6       66         0
                text9                              2ED6     2ED6        A         0
                text8                              2EEE     2EEE        4         0
                text7                              2BDC     2BDC       40         0
                text6                              2E44     2E44       14         0
                text5                              2EE8     2EE8        6         0
                text4                              2E14     2E14       1A         0
                text3                              2C98     2C98       38         0
                text2                              2B94     2B94       48         0
                text1                              2D3E     2D3E       32         0
                text0                              27DE     27DE       7E         0
                cinit                              2674     2674       CA         0
                idataBANK1                         2DA2     2DA2       30         0
                idataBANK0                         2E80     2E80       13         0
                idataBIGRAM                         F0A      F0A      3FF         0
                idataCOMRAM                        2EF6     2EF6        2         0

        CLASS   CONST          

        CLASS   SMALLCONST     
                smallconst                          F00      F00        A         0

        CLASS   MEDIUMCONST    

        CLASS   COMRAM         
                temp                                 5F       5F        1         1
                cstackCOMRAM                          1        1       4A         1
                dataCOMRAM                           5D       5D        2         1
                bssCOMRAM                            4B       4B       12         1

        CLASS   ABS1           

        CLASS   BIGRAM         
                dataBIGRAM                          2F0      2F0      3FF         1
                bssBIGRAM                           6EF      6EF      3C0         1

        CLASS   RAM            

        CLASS   BANK0          
                cstackBANK0                          60       60       4E         1
                dataBANK0                            E4       E4       13         1
                bssBANK0                             AE       AE       36         1

        CLASS   BANK1          
                dataBANK1                           144      144       30         1
                bssBANK1                            100      100       44         1

        CLASS   BANK2          
                bssBANK2                            200      200       F0         1

        CLASS   BANK3          

        CLASS   BANK4          

        CLASS   BANK5          

        CLASS   BANK6          

        CLASS   BANK7          

        CLASS   BANK8          

        CLASS   BANK9          

        CLASS   BANK10         

        CLASS   BANK11         

        CLASS   BANK12         

        CLASS   BANK13         

        CLASS   BANK14         

        CLASS   SFR            

        CLASS   FARRAM         

        CLASS   CONFIG         
                config                           300000   300000        C         0

        CLASS   IDLOC          
                idloc                            200000   200000       10         0

        CLASS   EEDATA         



SEGMENTS        Name                           Load    Length   Top    Selector   Space  Class

                reset_vec                      000000  000004  000004         0       0  CODE    
                cstackCOMRAM                   000001  00005F  000060         1       1  COMRAM  
                intcode                        000008  00006C  000074         4       0  CODE    
                cstackBANK0                    000060  000097  0000F7        60       1  BANK0   
                bssBANK1                       000100  000074  000174       100       1  BANK1   
                bssBANK2                       000200  0000F0  0002F0       200       1  BANK2   
                dataBIGRAM                     0002F0  0007BF  000AAF       2F0       1  BIGRAM  
                smallconst                     000F00  00000A  000F0A       780       0  SMALLCON
                idataBIGRAM                    000F0A  0003FF  001309       F0A       0  CODE    
                text48                         00130A  001B89  002E93       985       0  CODE    
                text19                         002E94  000066  002EFA      174A       0  CODE    
                idloc                          200000  000010  200010    200000       0  IDLOC   
                config                         300000  00000C  30000C    300000       0  CONFIG  


UNUSED ADDRESS RANGES

        Name                Unused          Largest block    Delta
        BANK0            0000F7-0000FF                9
        BANK1            000174-0001FF               8C
        BANK10           000AAF-000AFF               51
        BANK11           000B00-000BFF              100
        BANK12           000C00-000CFF              100
        BANK13           000D00-000DFF              100
        BANK14           000E00-000E7D               7E
        BIGRAM           0000F7-0000FF                9
                         000174-0001FF               8C
                         000AAF-000E7D              3CF
        CODE             000004-000007                4
                         000074-000EFF              E8C
                         001309-001309                1
                         002E93-002E93                1
                         002EFA-00FFFF             D106
        CONST            000004-000007                4
                         000074-000EFF              E8C
                         001309-001309                1
                         002E93-002E93                1
                         002EFA-00FFFF             D106
        EEDATA           310000-3103FF              400
        MEDIUMCONST      001309-001309                1
                         002E93-002E93                1
                         002EFA-00FFFF             D106
        RAM              0000F7-0000FF                9
                         000174-0001FF               8C
                         000AAF-000E7D              100
        SFR              000E7E-000FFF               82
        SMALLCONST       001309-001309                1
                         002E93-002E93                1
                         002EFA-00FFFF              100
        STACK            000AAF-000E7D              3CF

                                  Symbol Table

?_AdjustDayLightSaving                    cstackBANK0  000089
?_DecreaseByADay                          cstackBANK0  00007B
?_DecreaseByAMonth                        cstackBANK0  000070
?_DecreaseByAYear                         cstackBANK0  000065
?_IncreaseByADay                          cstackBANK0  00007B
?_IncreaseByAMonth                        cstackBANK0  000070
?_IncreaseByASecond                       cstackCOMRAM 00002A
?_IncreaseByAYear                         cstackBANK0  000065
?_TimeTextToSecond                        cstackBANK0  00006C
?___awdiv                                 cstackBANK0  000060
?___awmod                                 cstackBANK0  000068
?___lmul                                  cstackBANK0  000060
?___lwmod                                 cstackBANK0  000060
?___wmul                                  cstackBANK0  000060
?i2_IncreaseByADay                        cstackCOMRAM 00001C
?i2_IncreaseByAMonth                      cstackCOMRAM 000011
?i2_IncreaseByAYear                       cstackCOMRAM 000006
?i2___lwmod                               cstackCOMRAM 000001
AdjustDayLightSaving@End                  cstackBANK0  000096
AdjustDayLightSaving@Present              cstackBANK0  000098
AdjustDayLightSaving@Start                cstackBANK0  000094
AdjustDayLightSaving@dt                   cstackBANK0  000089
DecreaseByADay@MonthDays                  cstackBANK0  000087
DecreaseByADay@dt                         cstackBANK0  00007B
DecreaseByAMonth@dt                       cstackBANK0  000070
DecreaseByAYear@dt                        cstackBANK0  000065
GetDay@Date                               cstackBANK0  00006E
GetDay@d                                  cstackBANK0  000075
GetDay@m                                  cstackBANK0  000076
GetDay@t                                  dataBANK1    00015C
GetDay@y                                  cstackBANK0  000077
GetEventNumber@i                          cstackBANK0  00006F
IncreaseByADay@MonthDays                  cstackBANK0  000088
IncreaseByADay@dt                         cstackBANK0  00007B
IncreaseByAMonth@dt                       cstackBANK0  000070
IncreaseByASecond@dt                      cstackCOMRAM 00002A
IncreaseByAYear@dt                        cstackBANK0  000065
Lcd_Command@command                       cstackBANK0  000062
Lcd_Init@data                             cstackBANK0  000063
LoadCyclesFromEeprom@Address              cstackBANK0  00006D
LoadCyclesFromEeprom@i                    cstackBANK0  000071
LoadCyclesFromEeprom@i_1461               cstackBANK0  000073
LoadCyclesFromEeprom@j                    cstackBANK0  00006F
LoadEventsFromEeprom@Address              cstackBANK0  00006C
LoadEventsFromEeprom@Temp16               cstackBANK0  00006E
LoadEventsFromEeprom@i                    cstackBANK0  00006A
LoadSettingsFromEeprom@Address            cstackBANK0  00006C
LoadSettingsFromEeprom@Temp16             cstackBANK0  00006A
LoadSettingsFromEeprom@Temp32             cstackBANK0  000066
LoadStatesFromEeprom@AddAudioNormal       cstackBANK0  00006B
LoadStatesFromEeprom@AddAudioSpecial      cstackBANK0  00006D
LoadStatesFromEeprom@AddStates            cstackBANK0  000078
LoadStatesFromEeprom@AudAddInc            cstackBANK0  000073
LoadStatesFromEeprom@TempNormalAdd        cstackBANK0  00006F
LoadStatesFromEeprom@TempSpecialAdd       cstackBANK0  000071
LoadStatesFromEeprom@i                    cstackBANK0  00007A
LoadStatesFromEeprom@j                    cstackBANK0  000074
LoadStatesFromEeprom@j_1396               cstackBANK0  000076
PIN_MANAGER_Initialize@state              cstackBANK0  000060
PL10                                      text15       0022A8
PL100                                     text26       002D36
PL102                                     text32       001A72
PL104                                     text23       001E02
PL106                                     text27       0021FC
PL108                                     text50       0023CE
PL110                                     text23       001E0C
PL112                                     text32       001A7C
PL114                                     text52       002D00
PL12                                      text42       001FD2
PL14                                      text32       001A36
PL16                                      text20       001F04
PL18                                      text35       001C74
PL2                                       text36       001B9E
PL20                                      text48       0014CA
PL22                                      text48       0014E0
PL24                                      text35       001C9E
PL26                                      text42       001FE2
PL28                                      text48       001504
PL30                                      text35       001CAE
PL32                                      text15       0022BC
PL34                                      text15       0022C6
PL36                                      text40       002458
PL38                                      text40       002470
PL4                                       text36       001BB8
PL40                                      text16       0020F8
PL42                                      text35       001CBC
PL44                                      text15       0022D0
PL46                                      text40       002488
PL48                                      text48       001516
PL50                                      text35       001CD2
PL52                                      text15       0022DC
PL54                                      text40       002492
PL56                                      text32       001A46
PL58                                      text42       002002
PL6                                       text36       001BC0
PL60                                      text27       0021E4
PL62                                      text42       00200C
PL64                                      text35       001CDC
PL66                                      text40       0024A0
PL68                                      text32       001A54
PL70                                      text14       0018CC
PL72                                      text16       00210E
PL74                                      text20       001F0E
PL76                                      text32       001A66
PL78                                      text48       00152C
PL8                                       text34       001720
PL80                                      text40       0024B2
PL82                                      text15       0022E8
PL84                                      text42       002014
PL86                                      text48       00153C
PL88                                      text48       00154A
PL90                                      text38       0027CA
PL92                                      text38       0027D4
PL94                                      text27       0021F2
PL96                                      text24       002594
PL98                                      text20       001F1A
ReadEeprom@Address                        cstackBANK0  000060
ReadGPSDateTime@Commas                    cstackBANK0  00006F
ReadGPSDateTime@Date                      cstackBANK0  000060
ReadGPSDateTime@F11464                    smallconst   000F01
ReadGPSDateTime@Pos                       cstackBANK0  000071
ReadGPSDateTime@StartCode                 cstackBANK0  000066
ReadGPSDateTime@TempChar                  cstackBANK0  000070
ReadGPSDateTime@Time                      cstackBANK0  000061
ReadGPSDateTime@i                         cstackBANK0  00006D
ReadGPS_DATE_TIME@Date                    cstackBANK0  0000A5
ReadGPS_DATE_TIME@F11470                  dataBANK0    0000EB
ReadGPS_DATE_TIME@F11472                  dataBANK0    0000E4
ReadGPS_DATE_TIME@Time                    cstackBANK0  00009E
TMR0_SetInterruptHandler@InterruptHandler cstackBANK0  000060
TimeTextToSecond@Second                   cstackBANK0  000080
TimeTextToSecond@Time                     cstackBANK0  00006C
Timer0_10ms@OutForThePorts                cstackCOMRAM 00003B
Timer0_10ms@ThisCycle                     cstackCOMRAM 00003A
Timer0_10ms@i                             cstackCOMRAM 00003D
Timer0_10ms@i_2888                        cstackCOMRAM 00003F
Timer0_10ms@i_2889                        cstackCOMRAM 000040
Timer0_10ms@i_2890                        cstackCOMRAM 00003E
ValidateDateTime@Date                     cstackBANK0  000060
ValidateDateTime@Item                     cstackBANK0  000063
ValidateDateTime@Time                     cstackBANK0  000061
VerifyForGPSOnTIme@TimeDiff               cstackBANK0  000060
WriteEeprom@Add                           cstackBANK0  000060
WriteEeprom@Address                       cstackBANK0  000063
WriteEeprom@Data                          cstackBANK0  000062
_ANSELA                                   (abs)        000F11
_ANSELB                                   (abs)        000F19
_ANSELC                                   (abs)        000F21
_AUDIO_NORMAL_OFF_TIME                    bssCOMRAM    000058
_AUDIO_NORMAL_ON_TIME                     bssCOMRAM    000059
_AUDIO_SPECIAL_OFF_TIME                   bssCOMRAM    000056
_AUDIO_SPECIAL_ON_TIME                    bssCOMRAM    000057
_AdjustDayLightSaving                     text23       001CF0
_BAUD1CON                                 (abs)        000F9F
_BLINK_LAST_X_SECONDS                     bssCOMRAM    00005A
_BLINK_OFF_TIME                           bssCOMRAM    00005B
_BLINK_ON_TIME                            bssCOMRAM    00005C
_BLINK_STATE_ON_OFF_COUNTER               bssCOMRAM    00004F
_CENTI_SECOND_COUNT                       bssCOMRAM    000050
_CENTURY                                  dataBANK0    0000F6
_CYCLES                                   bssBANK1     000100
_DATE_TIME                                bssBANK0     0000B9
_DAY_LIGHT_END                            bssBANK0     0000D4
_DAY_LIGHT_START                          bssBANK0     0000D8
_DecreaseByADay                           text27       002116
_DecreaseByAMonth                         text28       002AB4
_DecreaseByAYear                          text29       002D70
_EE_Settings                              dataBIGRAM   0002F0
_EUSART1_Initialize                       text22       002E58
_EUSART1_Read                             text19       002E94
_EVENTS                                   bssBANK2     000200
_FLAGS_0                                  bssBANK0     0000E1
_FLAGS_1                                  bssBANK0     0000E0
_GIE                                      (abs)        007F97
_GPS_DATE_TIME                            bssBANK0     0000AE
_GPS_SYNC_AT_START                        bssBANK0     0000E3
_GPS_SYNC_EVERY_DAY_AT_LOCAL_TIME         bssBANK0     0000CC
_GPS_SYNC_EVERY_x_SECONDS                 bssBANK0     0000D0
_GetDay                                   text20       001E14
_GetEventNumber                           text42       001F24
_INTCONbits                               (abs)        000FF2
_INTERRUPT_Initialize                     text12       002EF2
_INTERRUPT_InterruptManager               intcode      000008
_IncreaseByADay                           text24       0024BC
_IncreaseByAMonth                         text25       002B00
_IncreaseByASecond                        text49       002A0C
_IncreaseByAYear                          text26       002D08
_LATA                                     (abs)        000F83
_LATAbits                                 (abs)        000F83
_LATB                                     (abs)        000F84
_LATC                                     (abs)        000F85
_LATCbits                                 (abs)        000F85
_LIGHTS                                   dataBANK0    0000F2
_Lcd_Command                              text40       0023D8
_Lcd_Delay5500us                          text39       002EA6
_Lcd_Delay5us                             text41       002EE0
_Lcd_Init                                 text38       00273E
_LoadAllFromEeprom                        text31       002EB8
_LoadCyclesFromEeprom                     text36       001A84
_LoadEventsFromEeprom                     text35       001BCA
_LoadSettingsFromEeprom                   text34       001554
_LoadStatesFromEeprom                     text32       0018D8
_NEXT_EVENT                               dataCOMRAM   00005D
_NEXT_STATE                               bssCOMRAM    000053
_NORMAL_AUDIO_STATE_ON_OFF_COUNTER        bssCOMRAM    00004E
_NO_OF_TIMES_GPS_FAILED                   bssBANK0     0000E2
_NVMADRH                                  (abs)        000F7F
_NVMADRL                                  (abs)        000F7E
_NVMCON1bits                              (abs)        000F81
_NVMCON2                                  (abs)        000F82
_NVMDAT                                   (abs)        000F80
_ODCONA                                   (abs)        000F0F
_ODCONB                                   (abs)        000F17
_ODCONC                                   (abs)        000F1F
_OSCCON1                                  (abs)        000ED8
_OSCCON3                                  (abs)        000EDA
_OSCEN                                    (abs)        000EDC
_OSCFRQ                                   (abs)        000EDE
_OSCILLATOR_Initialize                    text11       002E2E
_OSCTUNE                                  (abs)        000EDD
_PIE0bits                                 (abs)        000EC2
_PIN_MANAGER_Initialize                   text10       0029A6
_PIR0bits                                 (abs)        000ECA
_PIR3bits                                 (abs)        000ECD
_PLLR                                     (abs)        0076D8
_PPSLOCK                                  (abs)        000EA0
_PPSLOCKbits                              (abs)        000EA0
_PRESENT_EVENT                            dataCOMRAM   00005E
_PRESENT_STATE                            bssCOMRAM    000054
_RC1REG                                   (abs)        000F99
_RC1STA                                   (abs)        000F9D
_RC1STAbits                               (abs)        000F9D
_RC6PPS                                   (abs)        000EFD
_RX1PPSbits                               (abs)        000EB5
_ReadEeprom                               text37       002E6C
_ReadGPS                                  text13       0028D4
_ReadGPSDateTime                          text18       00259E
_ReadGPS_DATE_TIME                        text14       00172A
_SP1BRGH                                  (abs)        000F9C
_SP1BRGL                                  (abs)        000F9B
_SPECIAL_AUDIO_LAST_X_SECONDS             bssCOMRAM    000055
_SPECIAL_AUDIO_STATE_ON_OFF_COUNTER       bssCOMRAM    00004D
_STATES                                   bssBIGRAM    0006EF
_STATE_SECONDS                            bssCOMRAM    000052
_STATE_SECONDS_REMAINING                  bssCOMRAM    000051
_SYSTEM_Initialize                        text6        002E44
_StopGPS                                  text5        002EE8
_SwitchOnGPS                              text4        002E14
_T0CON0                                   (abs)        000FD5
_T0CON0bits                               (abs)        000FD5
_T0CON1                                   (abs)        000FD6
_TIME_AT_LAST_GPS_SYNC                    bssBANK0     0000C4
_TIME_WHEN_GPS_IS_SWITCHED_ON             bssBANK0     0000C8
_TIME_ZONE                                bssBANK0     0000DE
_TMR0H                                    (abs)        000FD4
_TMR0L                                    (abs)        000FD3
_TMR0_CallBack                            text46       002DF8
_TMR0_DefaultInterruptHandler             text47       002EF8
_TMR0_ISR                                 text45       002EC8
_TMR0_Initialize                          text7        002BDC
_TMR0_InterruptHandler                    bssBANK0     0000DC
_TMR0_SetInterruptHandler                 text9        002ED6
_TMR0_StartTimer                          text8        002EEE
_TRISA                                    (abs)        000F88
_TRISAbits                                (abs)        000F88
_TRISB                                    (abs)        000F89
_TRISC                                    (abs)        000F8A
_TX1STA                                   (abs)        000F9E
_TestGPSStartCondition                    text3        002C98
_TimeTextToSecond                         text16       002022
_Timer0_10ms                              text48       00130A
_ValidateDateTime                         text15       002206
_VerifyForGPSOnTIme                       text2        002B94
_WPUA                                     (abs)        000F10
_WPUB                                     (abs)        000F18
_WPUC                                     (abs)        000F20
_WPUE                                     (abs)        000F2D
_WriteEeprom                              text1        002D3E
__CFG_BOREN$SBORDIS                       (abs)        000000
__CFG_BORV$VBOR_2P45                      (abs)        000000
__CFG_CLKOUTEN$OFF                        (abs)        000000
__CFG_CP$OFF                              (abs)        000000
__CFG_CPD$OFF                             (abs)        000000
__CFG_CSWEN$ON                            (abs)        000000
__CFG_DEBUG$OFF                           (abs)        000000
__CFG_EBTR0$OFF                           (abs)        000000
__CFG_EBTR1$OFF                           (abs)        000000
__CFG_EBTR2$OFF                           (abs)        000000
__CFG_EBTR3$OFF                           (abs)        000000
__CFG_EBTRB$OFF                           (abs)        000000
__CFG_FCMEN$ON                            (abs)        000000
__CFG_FEXTOSC$HS                          (abs)        000000
__CFG_LPBOREN$OFF                         (abs)        000000
__CFG_LVP$ON                              (abs)        000000
__CFG_MCLRE$EXTMCLR                       (abs)        000000
__CFG_PPS1WAY$ON                          (abs)        000000
__CFG_PWRTE$OFF                           (abs)        000000
__CFG_RSTOSC$EXTOSC_4PLL                  (abs)        000000
__CFG_SCANE$ON                            (abs)        000000
__CFG_STVREN$ON                           (abs)        000000
__CFG_WDTCCS$SC                           (abs)        000000
__CFG_WDTCPS$WDTCPS_31                    (abs)        000000
__CFG_WDTCWS$WDTCWS_7                     (abs)        000000
__CFG_WDTE$OFF                            (abs)        000000
__CFG_WRT0$OFF                            (abs)        000000
__CFG_WRT1$OFF                            (abs)        000000
__CFG_WRT2$OFF                            (abs)        000000
__CFG_WRT3$OFF                            (abs)        000000
__CFG_WRTB$OFF                            (abs)        000000
__CFG_WRTC$OFF                            (abs)        000000
__CFG_WRTD$OFF                            (abs)        000000
__CFG_XINST$OFF                           (abs)        000000
__CFG_ZCD$OFF                             (abs)        000000
__HRAM                                    (abs)        000000
__Habs1                                   abs1         000000
__Hbank0                                  bank0        000000
__Hbank1                                  bank1        000000
__Hbank10                                 bank10       000000
__Hbank11                                 bank11       000000
__Hbank12                                 bank12       000000
__Hbank13                                 bank13       000000
__Hbank14                                 bank14       000000
__Hbank2                                  bank2        000000
__Hbank3                                  bank3        000000
__Hbank4                                  bank4        000000
__Hbank5                                  bank5        000000
__Hbank6                                  bank6        000000
__Hbank7                                  bank7        000000
__Hbank8                                  bank8        000000
__Hbank9                                  bank9        000000
__Hbigbss                                 bigbss       000000
__Hbigdata                                bigdata      000000
__Hbigram                                 bigram       000000
__Hbss                                    bss          000000
__HbssBANK0                               bssBANK0     000000
__HbssBANK1                               bssBANK1     000000
__HbssBANK2                               bssBANK2     000000
__HbssBIGRAM                              bssBIGRAM    000000
__HbssCOMRAM                              bssCOMRAM    000000
__Hcinit                                  cinit        000000
__Hclrtext                                clrtext      000000
__Hcomram                                 comram       000000
__Hconfig                                 config       30000C
__Hconst                                  const        000000
__HcstackBANK0                            cstackBANK0  000000
__HcstackCOMRAM                           cstackCOMRAM 000000
__Hdata                                   data         000000
__HdataBANK0                              dataBANK0    000000
__HdataBANK1                              dataBANK1    000000
__HdataBIGRAM                             dataBIGRAM   000000
__HdataCOMRAM                             dataCOMRAM   000000
__Heeprom_data                            eeprom_data  000000
__Hfarbss                                 farbss       000000
__Hfardata                                fardata      000000
__Hibigdata                               ibigdata     000000
__Hidata                                  idata        000000
__HidataBANK0                             idataBANK0   000000
__HidataBANK1                             idataBANK1   000000
__HidataBIGRAM                            idataBIGRAM  000000
__HidataCOMRAM                            idataCOMRAM  000000
__Hidloc                                  idloc        200010
__Hifardata                               ifardata     000000
__Hinit                                   init         000074
__Hintcode                                intcode      00006A
__Hintcode_body                           intcode_body 000000
__Hintcodelo                              intcodelo    00006A
__Hintentry                               intentry     000000
__Hintret                                 intret       000000
__Hintsave_regs                           intsave_regs 000000
__Hirdata                                 irdata       000000
__Hmediumconst                            mediumconst  000000
__HnvFARRAM                               nvFARRAM     000000
__Hnvbit                                  nvbit        000000
__Hnvrram                                 nvrram       000000
__Hpa_nodes0                              pa_nodes0    000000
__Hparam                                  rparam       000000
__Hpowerup                                powerup      000070
__Hram                                    ram          000000
__Hramtop                                 ramtop       000F00
__Hrbit                                   rbit         000000
__Hrbss                                   rbss         000000
__Hrdata                                  rdata        000000
__Hreset_vec                              reset_vec    000004
__Hrparam                                 rparam       000000
__Hsfr                                    sfr          000000
__Hsmallconst                             smallconst   000F0A
__Hspace_0                                (abs)        30000C
__Hspace_1                                (abs)        000AAF
__Hspace_2                                (abs)        000000
__Hstack                                  stack        000000
__Hstruct                                 struct       000000
__Htemp                                   temp         000060
__Htext                                   text         000000
__Htext0                                  text0        000000
__Htext1                                  text1        000000
__Htext10                                 text10       000000
__Htext11                                 text11       000000
__Htext12                                 text12       000000
__Htext13                                 text13       000000
__Htext14                                 text14       000000
__Htext15                                 text15       000000
__Htext16                                 text16       000000
__Htext17                                 text17       000000
__Htext18                                 text18       000000
__Htext19                                 text19       000000
__Htext2                                  text2        000000
__Htext20                                 text20       000000
__Htext21                                 text21       000000
__Htext22                                 text22       000000
__Htext23                                 text23       000000
__Htext24                                 text24       000000
__Htext25                                 text25       000000
__Htext26                                 text26       000000
__Htext27                                 text27       000000
__Htext28                                 text28       000000
__Htext29                                 text29       000000
__Htext3                                  text3        000000
__Htext30                                 text30       000000
__Htext31                                 text31       000000
__Htext32                                 text32       000000
__Htext33                                 text33       000000
__Htext34                                 text34       000000
__Htext35                                 text35       000000
__Htext36                                 text36       000000
__Htext37                                 text37       000000
__Htext38                                 text38       000000
__Htext39                                 text39       000000
__Htext4                                  text4        000000
__Htext40                                 text40       000000
__Htext41                                 text41       000000
__Htext42                                 text42       000000
__Htext43                                 text43       000000
__Htext45                                 text45       000000
__Htext46                                 text46       000000
__Htext47                                 text47       000000
__Htext48                                 text48       000000
__Htext49                                 text49       000000
__Htext5                                  text5        000000
__Htext50                                 text50       000000
__Htext51                                 text51       000000
__Htext52                                 text52       000000
__Htext53                                 text53       000000
__Htext54                                 text54       000000
__Htext6                                  text6        000000
__Htext7                                  text7        000000
__Htext8                                  text8        000000
__Htext9                                  text9        000000
__LRAM                                    (abs)        000001
__Labs1                                   abs1         000000
__Lbank0                                  bank0        000000
__Lbank1                                  bank1        000000
__Lbank10                                 bank10       000000
__Lbank11                                 bank11       000000
__Lbank12                                 bank12       000000
__Lbank13                                 bank13       000000
__Lbank14                                 bank14       000000
__Lbank2                                  bank2        000000
__Lbank3                                  bank3        000000
__Lbank4                                  bank4        000000
__Lbank5                                  bank5        000000
__Lbank6                                  bank6        000000
__Lbank7                                  bank7        000000
__Lbank8                                  bank8        000000
__Lbank9                                  bank9        000000
__Lbigbss                                 bigbss       000000
__Lbigdata                                bigdata      000000
__Lbigram                                 bigram       000000
__Lbss                                    bss          000000
__LbssBANK0                               bssBANK0     000000
__LbssBANK1                               bssBANK1     000000
__LbssBANK2                               bssBANK2     000000
__LbssBIGRAM                              bssBIGRAM    000000
__LbssCOMRAM                              bssCOMRAM    000000
__Lcinit                                  cinit        000000
__Lclrtext                                clrtext      000000
__Lcomram                                 comram       000000
__Lconfig                                 config       300000
__Lconst                                  const        000000
__LcstackBANK0                            cstackBANK0  000000
__LcstackCOMRAM                           cstackCOMRAM 000000
__Ldata                                   data         000000
__LdataBANK0                              dataBANK0    000000
__LdataBANK1                              dataBANK1    000000
__LdataBIGRAM                             dataBIGRAM   000000
__LdataCOMRAM                             dataCOMRAM   000000
__Leeprom_data                            eeprom_data  000000
__Lfarbss                                 farbss       000000
__Lfardata                                fardata      000000
__Libigdata                               ibigdata     000000
__Lidata                                  idata        000000
__LidataBANK0                             idataBANK0   000000
__LidataBANK1                             idataBANK1   000000
__LidataBIGRAM                            idataBIGRAM  000000
__LidataCOMRAM                            idataCOMRAM  000000
__Lidloc                                  idloc        200000
__Lifardata                               ifardata     000000
__Linit                                   init         000070
__Lintcode                                intcode      000008
__Lintcode_body                           intcode_body 000000
__Lintcodelo                              intcodelo    00006A
__Lintentry                               intentry     000000
__Lintret                                 intret       000000
__Lintsave_regs                           intsave_regs 000000
__Lirdata                                 irdata       000000
__Lmediumconst                            mediumconst  000000
__LnvFARRAM                               nvFARRAM     000000
__Lnvbit                                  nvbit        000000
__Lnvrram                                 nvrram       000000
__Lpa_nodes0                              pa_nodes0    000000
__Lparam                                  rparam       000000
__Lpowerup                                powerup      00006A
__Lram                                    ram          000000
__Lramtop                                 ramtop       000F00
__Lrbit                                   rbit         000000
__Lrbss                                   rbss         000000
__Lrdata                                  rdata        000000
__Lreset_vec                              reset_vec    000000
__Lrparam                                 rparam       000000
__Lsfr                                    sfr          000000
__Lsmallconst                             smallconst   000F00
__Lspace_0                                (abs)        000000
__Lspace_1                                (abs)        000000
__Lspace_2                                (abs)        000000
__Lstack                                  stack        000000
__Lstruct                                 struct       000000
__Ltemp                                   temp         00005F
__Ltext                                   text         000000
__Ltext0                                  text0        000000
__Ltext1                                  text1        000000
__Ltext10                                 text10       000000
__Ltext11                                 text11       000000
__Ltext12                                 text12       000000
__Ltext13                                 text13       000000
__Ltext14                                 text14       000000
__Ltext15                                 text15       000000
__Ltext16                                 text16       000000
__Ltext17                                 text17       000000
__Ltext18                                 text18       000000
__Ltext19                                 text19       000000
__Ltext2                                  text2        000000
__Ltext20                                 text20       000000
__Ltext21                                 text21       000000
__Ltext22                                 text22       000000
__Ltext23                                 text23       000000
__Ltext24                                 text24       000000
__Ltext25                                 text25       000000
__Ltext26                                 text26       000000
__Ltext27                                 text27       000000
__Ltext28                                 text28       000000
__Ltext29                                 text29       000000
__Ltext3                                  text3        000000
__Ltext30                                 text30       000000
__Ltext31                                 text31       000000
__Ltext32                                 text32       000000
__Ltext33                                 text33       000000
__Ltext34                                 text34       000000
__Ltext35                                 text35       000000
__Ltext36                                 text36       000000
__Ltext37                                 text37       000000
__Ltext38                                 text38       000000
__Ltext39                                 text39       000000
__Ltext4                                  text4        000000
__Ltext40                                 text40       000000
__Ltext41                                 text41       000000
__Ltext42                                 text42       000000
__Ltext43                                 text43       000000
__Ltext45                                 text45       000000
__Ltext46                                 text46       000000
__Ltext47                                 text47       000000
__Ltext48                                 text48       000000
__Ltext49                                 text49       000000
__Ltext5                                  text5        000000
__Ltext50                                 text50       000000
__Ltext51                                 text51       000000
__Ltext52                                 text52       000000
__Ltext53                                 text53       000000
__Ltext54                                 text54       000000
__Ltext6                                  text6        000000
__Ltext7                                  text7        000000
__Ltext8                                  text8        000000
__Ltext9                                  text9        000000
__S0                                      (abs)        30000C
__S1                                      (abs)        000AAF
__S2                                      (abs)        000000
___awdiv                                  text33       00285C
___awdiv@counter                          cstackBANK0  000064
___awdiv@dividend                         cstackBANK0  000060
___awdiv@divisor                          cstackBANK0  000062
___awdiv@quotient                         cstackBANK0  000066
___awdiv@sign                             cstackBANK0  000065
___awmod                                  text21       00293E
___awmod@counter                          cstackBANK0  00006C
___awmod@dividend                         cstackBANK0  000068
___awmod@divisor                          cstackBANK0  00006A
___awmod@sign                             cstackBANK0  00006D
___inthi_sp                               stack        000000
___intlo_sp                               stack        000000
___lmul                                   text17       002A68
___lmul@multiplicand                      cstackBANK0  000064
___lmul@multiplier                        cstackBANK0  000060
___lmul@product                           cstackBANK0  000068
___lwmod                                  text30       002C1C
___lwmod@counter                          cstackBANK0  000064
___lwmod@dividend                         cstackBANK0  000060
___lwmod@divisor                          cstackBANK0  000062
___param_bank                             (abs)        000000
___rparam_used                            (abs)        000001
___sp                                     stack        000000
___wmul                                   text43       002DD2
___wmul@multiplicand                      cstackBANK0  000062
___wmul@multiplier                        cstackBANK0  000060
___wmul@product                           cstackBANK0  000064
__accesstop                               (abs)        000060
__activetblptr                            (abs)        000003
__end_ofPL10                              text15       0022BC
__end_ofPL100                             text26       002D3E
__end_ofPL102                             text32       001A7C
__end_ofPL104                             text23       001E0C
__end_ofPL106                             text27       002206
__end_ofPL108                             text50       0023D8
__end_ofPL110                             text23       001E14
__end_ofPL112                             text32       001A84
__end_ofPL114                             text52       002D08
__end_ofPL12                              text42       001FE2
__end_ofPL14                              text32       001A46
__end_ofPL16                              text20       001F0E
__end_ofPL18                              text35       001C9E
__end_ofPL2                               text36       001BB8
__end_ofPL20                              text48       0014E0
__end_ofPL22                              text48       001504
__end_ofPL24                              text35       001CAE
__end_ofPL26                              text42       002002
__end_ofPL28                              text48       001516
__end_ofPL30                              text35       001CBC
__end_ofPL32                              text15       0022C6
__end_ofPL34                              text15       0022D0
__end_ofPL36                              text40       002470
__end_ofPL38                              text40       002488
__end_ofPL4                               text36       001BC0
__end_ofPL40                              text16       00210E
__end_ofPL42                              text35       001CD2
__end_ofPL44                              text15       0022DC
__end_ofPL46                              text40       002492
__end_ofPL48                              text48       00152C
__end_ofPL50                              text35       001CDC
__end_ofPL52                              text15       0022E8
__end_ofPL54                              text40       0024A0
__end_ofPL56                              text32       001A54
__end_ofPL58                              text42       00200C
__end_ofPL6                               text36       001BCA
__end_ofPL60                              text27       0021F2
__end_ofPL62                              text42       002014
__end_ofPL64                              text35       001CF0
__end_ofPL66                              text40       0024B2
__end_ofPL68                              text32       001A66
__end_ofPL70                              text14       0018D8
__end_ofPL72                              text16       002116
__end_ofPL74                              text20       001F1A
__end_ofPL76                              text32       001A72
__end_ofPL78                              text48       00153C
__end_ofPL8                               text34       00172A
__end_ofPL80                              text40       0024BC
__end_ofPL82                              text15       0022F2
__end_ofPL84                              text42       002022
__end_ofPL86                              text48       00154A
__end_ofPL88                              text48       001554
__end_ofPL90                              text38       0027D4
__end_ofPL92                              text38       0027DE
__end_ofPL94                              text27       0021FC
__end_ofPL96                              text24       00259E
__end_ofPL98                              text20       001F24
__end_ofReadGPSDateTime@F11464            smallconst   000F08
__end_of_AdjustDayLightSaving             text23       001E02
__end_of_DecreaseByADay                   text27       0021E4
__end_of_DecreaseByAMonth                 text28       002B00
__end_of_DecreaseByAYear                  text29       002DA2
__end_of_EUSART1_Initialize               text22       002E6C
__end_of_EUSART1_Read                     text19       002EA6
__end_of_GetDay                           text20       001F04
__end_of_GetEventNumber                   text42       001FD2
__end_of_INTERRUPT_Initialize             text12       002EF6
__end_of_INTERRUPT_InterruptManager       intcode      00006A
__end_of_IncreaseByADay                   text24       002594
__end_of_IncreaseByAMonth                 text25       002B4A
__end_of_IncreaseByASecond                text49       002A68
__end_of_IncreaseByAYear                  text26       002D36
__end_of_Lcd_Command                      text40       002458
__end_of_Lcd_Delay5500us                  text39       002EB8
__end_of_Lcd_Delay5us                     text41       002EE8
__end_of_Lcd_Init                         text38       0027CA
__end_of_LoadAllFromEeprom                text31       002EC8
__end_of_LoadCyclesFromEeprom             text36       001B9E
__end_of_LoadEventsFromEeprom             text35       001C74
__end_of_LoadSettingsFromEeprom           text34       001720
__end_of_LoadStatesFromEeprom             text32       001A36
__end_of_OSCILLATOR_Initialize            text11       002E44
__end_of_PIN_MANAGER_Initialize           text10       002A0C
__end_of_ReadEeprom                       text37       002E80
__end_of_ReadGPS                          text13       00293E
__end_of_ReadGPSDateTime                  text18       002674
__end_of_ReadGPS_DATE_TIME                text14       0018CC
__end_of_SYSTEM_Initialize                text6        002E58
__end_of_StopGPS                          text5        002EEE
__end_of_SwitchOnGPS                      text4        002E2E
__end_of_TMR0_CallBack                    text46       002E14
__end_of_TMR0_DefaultInterruptHandler     text47       002EFA
__end_of_TMR0_ISR                         text45       002ED6
__end_of_TMR0_Initialize                  text7        002C1C
__end_of_TMR0_SetInterruptHandler         text9        002EE0
__end_of_TMR0_StartTimer                  text8        002EF2
__end_of_TestGPSStartCondition            text3        002CD0
__end_of_TimeTextToSecond                 text16       0020F8
__end_of_Timer0_10ms                      text48       0014CA
__end_of_ValidateDateTime                 text15       0022A8
__end_of_VerifyForGPSOnTIme               text2        002BDC
__end_of_WriteEeprom                      text1        002D70
__end_of___awdiv                          text33       0028D4
__end_of___awmod                          text21       0029A6
__end_of___lmul                           text17       002AB4
__end_of___lwmod                          text30       002C5A
__end_of___wmul                           text43       002DF8
__end_of__initialization                  cinit        002734
__end_of_main                             text0        00285C
__end_ofi2_IncreaseByADay                 text50       0023CE
__end_ofi2_IncreaseByAMonth               text51       002B94
__end_ofi2_IncreaseByAYear                text52       002D00
__end_ofi2___lwmod                        text53       002C98
__initialization                          cinit        002674
__mediumconst                             mediumconst  000000
__pbssBANK0                               bssBANK0     0000AE
__pbssBANK1                               bssBANK1     000100
__pbssBANK2                               bssBANK2     000200
__pbssBIGRAM                              bssBIGRAM    0006EF
__pbssCOMRAM                              bssCOMRAM    00004B
__pcinit                                  cinit        002674
__pcstackBANK0                            cstackBANK0  000060
__pcstackCOMRAM                           cstackCOMRAM 000001
__pdataBANK0                              dataBANK0    0000E4
__pdataBANK1                              dataBANK1    000144
__pdataBIGRAM                             dataBIGRAM   0002F0
__pdataCOMRAM                             dataCOMRAM   00005D
__pidataBANK0                             idataBANK0   002E80
__pidataBANK1                             idataBANK1   002DA2
__pidataBIGRAM                            idataBIGRAM  000F0A
__pidataCOMRAM                            idataCOMRAM  002EF6
__pintcode                                intcode      000008
__psmallconst                             smallconst   000F00
__ptext0                                  text0        0027DE
__ptext1                                  text1        002D3E
__ptext10                                 text10       0029A6
__ptext11                                 text11       002E2E
__ptext12                                 text12       002EF2
__ptext13                                 text13       0028D4
__ptext14                                 text14       00172A
__ptext15                                 text15       002206
__ptext16                                 text16       002022
__ptext17                                 text17       002A68
__ptext18                                 text18       00259E
__ptext19                                 text19       002E94
__ptext2                                  text2        002B94
__ptext20                                 text20       001E14
__ptext21                                 text21       00293E
__ptext22                                 text22       002E58
__ptext23                                 text23       001CF0
__ptext24                                 text24       0024BC
__ptext25                                 text25       002B00
__ptext26                                 text26       002D08
__ptext27                                 text27       002116
__ptext28                                 text28       002AB4
__ptext29                                 text29       002D70
__ptext3                                  text3        002C98
__ptext30                                 text30       002C1C
__ptext31                                 text31       002EB8
__ptext32                                 text32       0018D8
__ptext33                                 text33       00285C
__ptext34                                 text34       001554
__ptext35                                 text35       001BCA
__ptext36                                 text36       001A84
__ptext37                                 text37       002E6C
__ptext38                                 text38       00273E
__ptext39                                 text39       002EA6
__ptext4                                  text4        002E14
__ptext40                                 text40       0023D8
__ptext41                                 text41       002EE0
__ptext42                                 text42       001F24
__ptext43                                 text43       002DD2
__ptext45                                 text45       002EC8
__ptext46                                 text46       002DF8
__ptext47                                 text47       002EF8
__ptext48                                 text48       00130A
__ptext49                                 text49       002A0C
__ptext5                                  text5        002EE8
__ptext50                                 text50       0022F2
__ptext51                                 text51       002B4A
__ptext52                                 text52       002CD0
__ptext53                                 text53       002C5A
__ptext54                                 text54       000000
__ptext6                                  text6        002E44
__ptext7                                  text7        002BDC
__ptext8                                  text8        002EEE
__ptext9                                  text9        002ED6
__ramtop                                  ramtop       000F00
__size_of_AdjustDayLightSaving            (abs)        000000
__size_of_DecreaseByADay                  (abs)        000000
__size_of_DecreaseByAMonth                (abs)        000000
__size_of_DecreaseByAYear                 (abs)        000000
__size_of_EUSART1_Initialize              (abs)        000000
__size_of_EUSART1_Read                    (abs)        000000
__size_of_GetDay                          (abs)        000000
__size_of_GetEventNumber                  (abs)        000000
__size_of_INTERRUPT_Initialize            (abs)        000000
__size_of_INTERRUPT_InterruptManager      (abs)        000000
__size_of_IncreaseByADay                  (abs)        000000
__size_of_IncreaseByAMonth                (abs)        000000
__size_of_IncreaseByASecond               (abs)        000000
__size_of_IncreaseByAYear                 (abs)        000000
__size_of_Lcd_Command                     (abs)        000000
__size_of_Lcd_Delay5500us                 (abs)        000000
__size_of_Lcd_Delay5us                    (abs)        000000
__size_of_Lcd_Init                        (abs)        000000
__size_of_LoadAllFromEeprom               (abs)        000000
__size_of_LoadCyclesFromEeprom            (abs)        000000
__size_of_LoadEventsFromEeprom            (abs)        000000
__size_of_LoadSettingsFromEeprom          (abs)        000000
__size_of_LoadStatesFromEeprom            (abs)        000000
__size_of_OSCILLATOR_Initialize           (abs)        000000
__size_of_PIN_MANAGER_Initialize          (abs)        000000
__size_of_ReadEeprom                      (abs)        000000
__size_of_ReadGPS                         (abs)        000000
__size_of_ReadGPSDateTime                 (abs)        000000
__size_of_ReadGPS_DATE_TIME               (abs)        000000
__size_of_SYSTEM_Initialize               (abs)        000000
__size_of_StopGPS                         (abs)        000000
__size_of_SwitchOnGPS                     (abs)        000000
__size_of_TMR0_CallBack                   (abs)        000000
__size_of_TMR0_DefaultInterruptHandler    (abs)        000000
__size_of_TMR0_ISR                        (abs)        000000
__size_of_TMR0_Initialize                 (abs)        000000
__size_of_TMR0_SetInterruptHandler        (abs)        000000
__size_of_TMR0_StartTimer                 (abs)        000000
__size_of_TestGPSStartCondition           (abs)        000000
__size_of_TimeTextToSecond                (abs)        000000
__size_of_Timer0_10ms                     (abs)        000000
__size_of_ValidateDateTime                (abs)        000000
__size_of_VerifyForGPSOnTIme              (abs)        000000
__size_of_WriteEeprom                     (abs)        000000
__size_of___awdiv                         (abs)        000000
__size_of___awmod                         (abs)        000000
__size_of___lmul                          (abs)        000000
__size_of___lwmod                         (abs)        000000
__size_of___wmul                          (abs)        000000
__size_of_main                            (abs)        000000
__size_ofi2_IncreaseByADay                (abs)        000000
__size_ofi2_IncreaseByAMonth              (abs)        000000
__size_ofi2_IncreaseByAYear               (abs)        000000
__size_ofi2___lwmod                       (abs)        000000
__smallconst                              smallconst   000F00
_main                                     text0        0027DE
_timer0ReloadVal16bit                     bssCOMRAM    00004B
btemp                                     temp         00005F
end_of_initialization                     cinit        002734
i2IncreaseByADay@MonthDays                cstackCOMRAM 000029
i2IncreaseByADay@dt                       cstackCOMRAM 00001C
i2IncreaseByAMonth@dt                     cstackCOMRAM 000011
i2IncreaseByAYear@dt                      cstackCOMRAM 000006
i2_IncreaseByADay                         text50       0022F2
i2_IncreaseByAMonth                       text51       002B4A
i2_IncreaseByAYear                        text52       002CD0
i2___lwmod                                text53       002C5A
i2___lwmod@counter                        cstackCOMRAM 000005
i2___lwmod@dividend                       cstackCOMRAM 000001
i2___lwmod@divisor                        cstackCOMRAM 000003
int$flags                                 temp         00005F
intlevel0                                 text         000000
intlevel1                                 text         000000
intlevel2                                 text         000000
intlevel3                                 text         000000
main@i                                    cstackBANK0  0000AC
powerup                                   powerup      00006A
projMain@NO_OF_DAYS_IN_A_MONTH            dataBANK1    000144
stackhi                                   (abs)        000E7D
stacklo                                   (abs)        000AAF
start                                     init         000070
start_initialization                      cinit        002674


FUNCTION INFORMATION:

 *************** function _main *****************
 Defined at:
		line 53 in file "main.c"
 Parameters:    Size  Location     Type
		None
 Auto vars:     Size  Location     Type
  i               2   76[BANK0 ] short 
 Return value:  Size  Location     Type
                  1    wreg      void 
 Registers used:
		wreg, fsr0l, fsr0h, fsr1l, fsr1h, fsr2l, fsr2h, status,2, status,0, tblptrl, tblptrh, tblptru, prodl, prodh, cstack
 Tracked objects:
		On entry : 
		On exit  : 
		Unchanged: 
 Data sizes:     COMRAM   BANK0   BANK1   BANK2   BANK3   BANK4   BANK5   BANK6   BANK7   BANK8   BANK9  BANK10  BANK11  BANK12  BANK13  BANK14
      Params:         0       0       0       0       0       0       0       0       0       0       0       0       0       0       0       0
      Locals:         0       2       0       0       0       0       0       0       0       0       0       0       0       0       0       0
      Temps:          0       0       0       0       0       0       0       0       0       0       0       0       0       0       0       0
      Totals:         0       2       0       0       0       0       0       0       0       0       0       0       0       0       0       0
Total ram usage:        2 bytes
 Hardware stack levels required when called:   16
 This function calls:
		_GetEventNumber
		_Lcd_Command
		_Lcd_Init
		_LoadAllFromEeprom
		_ReadGPS
		_SYSTEM_Initialize
		_StopGPS
		_SwitchOnGPS
		_TMR0_SetInterruptHandler
		_TestGPSStartCondition
		_VerifyForGPSOnTIme
		_WriteEeprom
 This function is called by:
		Startup code after reset
 This function uses a non-reentrant model


 *************** function _WriteEeprom *****************
 Defined at:
		line 15 in file "libs/eeprom.c"
 Parameters:    Size  Location     Type
  Add             2    0[BANK0 ] unsigned short 
  Data            1    2[BANK0 ] unsigned char 
 Auto vars:     Size  Location     Type
  Address         2    3[BANK0 ] struct _WORD_VAL
 Return value:  Size  Location     Type
                  1    wreg      void 
 Registers used:
		wreg, status,2
 Tracked objects:
		On entry : 
		On exit  : 
		Unchanged: 
 Data sizes:     COMRAM   BANK0   BANK1   BANK2   BANK3   BANK4   BANK5   BANK6   BANK7   BANK8   BANK9  BANK10  BANK11  BANK12  BANK13  BANK14
      Params:         0       3       0       0       0       0       0       0       0       0       0       0       0       0       0       0
      Locals:         0       2       0       0       0       0       0       0       0       0       0       0       0       0       0       0
      Temps:          0       0       0       0       0       0       0       0       0       0       0       0       0       0       0       0
      Totals:         0       5       0       0       0       0       0       0       0       0       0       0       0       0       0       0
Total ram usage:        5 bytes
 Hardware stack levels used:    1
 Hardware stack levels required when called:    9
 This function calls:
		Nothing
 This function is called by:
		_main
 This function uses a non-reentrant model


 *************** function _VerifyForGPSOnTIme *****************
 Defined at:
		line 157 in file "libs/funcs.c"
 Parameters:    Size  Location     Type
		None
 Auto vars:     Size  Location     Type
  TimeDiff        4    0[BANK0 ] long 
 Return value:  Size  Location     Type
                  1    wreg      void 
 Registers used:
		wreg, status,2, status,0
 Tracked objects:
		On entry : 
		On exit  : 
		Unchanged: 
 Data sizes:     COMRAM   BANK0   BANK1   BANK2   BANK3   BANK4   BANK5   BANK6   BANK7   BANK8   BANK9  BANK10  BANK11  BANK12  BANK13  BANK14
      Params:         0       0       0       0       0       0       0       0       0       0       0       0       0       0       0       0
      Locals:         0       4       0       0       0       0       0       0       0       0       0       0       0       0       0       0
      Temps:          0       0       0       0       0       0       0       0       0       0       0       0       0       0       0       0
      Totals:         0       4       0       0       0       0       0       0       0       0       0       0       0       0       0       0
Total ram usage:        4 bytes
 Hardware stack levels used:    1
 Hardware stack levels required when called:    9
 This function calls:
		Nothing
 This function is called by:
		_main
 This function uses a non-reentrant model


 *************** function _TestGPSStartCondition *****************
 Defined at:
		line 191 in file "libs/funcs.c"
 Parameters:    Size  Location     Type
		None
 Auto vars:     Size  Location     Type
		None
 Return value:  Size  Location     Type
                  1    wreg      void 
 Registers used:
		wreg, status,2, status,0
 Tracked objects:
		On entry : 
		On exit  : 
		Unchanged: 
 Data sizes:     COMRAM   BANK0   BANK1   BANK2   BANK3   BANK4   BANK5   BANK6   BANK7   BANK8   BANK9  BANK10  BANK11  BANK12  BANK13  BANK14
      Params:         0       0       0       0       0       0       0       0       0       0       0       0       0       0       0       0
      Locals:         0       0       0       0       0       0       0       0       0       0       0       0       0       0       0       0
[...]
      Params:         0       0       0       0       0       0       0       0       0       0       0       0       0       0       0       0
      Locals:         0       0       0       0       0       0       0       0       0       0       0       0       0       0       0       0
      Temps:          0       0       0       0       0       0       0       0       0       0       0       0       0       0       0       0
      Totals:         0       0       0       0       0       0       0       0       0       0       0       0       0       0       0       0
Total ram usage:        0 bytes
 Hardware stack levels used:    1
 Hardware stack levels required when called:    7
 This function calls:
		_TMR0_CallBack
 This function is called by:
		_INTERRUPT_InterruptManager
 This function uses a non-reentrant model


 *************** function _TMR0_CallBack *****************
 Defined at:
		line 151 in file "mcc_generated_files/tmr0.c"
 Parameters:    Size  Location     Type
		None
 Auto vars:     Size  Location     Type
		None
 Return value:  Size  Location     Type
                  1    wreg      void 
 Registers used:
		wreg, fsr0l, fsr0h, fsr1l, fsr1h, fsr2l, fsr2h, status,2, status,0, pclath, tosl, prodl, prodh, cstack
 Tracked objects:
		On entry : 
		On exit  : 
		Unchanged: 
 Data sizes:     COMRAM   BANK0   BANK1   BANK2   BANK3   BANK4   BANK5   BANK6   BANK7   BANK8   BANK9  BANK10  BANK11  BANK12  BANK13  BANK14
      Params:         0       0       0       0       0       0       0       0       0       0       0       0       0       0       0       0
      Locals:         0       0       0       0       0       0       0       0       0       0       0       0       0       0       0       0
      Temps:          0       0       0       0       0       0       0       0       0       0       0       0       0       0       0       0
      Totals:         0       0       0       0       0       0       0       0       0       0       0       0       0       0       0       0
Total ram usage:        0 bytes
 Hardware stack levels used:    1
 Hardware stack levels required when called:    6
 This function calls:
		Absolute function
		_TMR0_DefaultInterruptHandler
		_Timer0_10ms
 This function is called by:
		_TMR0_ISR
 This function uses a non-reentrant model


 *************** function _TMR0_DefaultInterruptHandler *****************
 Defined at:
		line 165 in file "mcc_generated_files/tmr0.c"
 Parameters:    Size  Location     Type
		None
 Auto vars:     Size  Location     Type
		None
 Return value:  Size  Location     Type
                  1    wreg      void 
 Registers used:
		None
 Tracked objects:
		On entry : 
		On exit  : 
		Unchanged: 
 Data sizes:     COMRAM   BANK0   BANK1   BANK2   BANK3   BANK4   BANK5   BANK6   BANK7   BANK8   BANK9  BANK10  BANK11  BANK12  BANK13  BANK14
      Params:         0       0       0       0       0       0       0       0       0       0       0       0       0       0       0       0
      Locals:         0       0       0       0       0       0       0       0       0       0       0       0       0       0       0       0
      Temps:          0       0       0       0       0       0       0       0       0       0       0       0       0       0       0       0
      Totals:         0       0       0       0       0       0       0       0       0       0       0       0       0       0       0       0
Total ram usage:        0 bytes
 Hardware stack levels used:    1
 This function calls:
		Nothing
 This function is called by:
		_TMR0_Initialize
		_TMR0_CallBack
 This function uses a non-reentrant model


 *************** function _Timer0_10ms *****************
 Defined at:
		line 3 in file "libs/projMain.c"
 Parameters:    Size  Location     Type
		None
 Auto vars:     Size  Location     Type
  i               1   62[COMRAM] unsigned char 
  i               1   63[COMRAM] unsigned char 
  ThisCycle       1   57[COMRAM] unsigned char 
  i               1   61[COMRAM] unsigned char 
  i               1   60[COMRAM] unsigned char 
  OutForThePor    2   58[COMRAM] unsigned char [2]
 Return value:  Size  Location     Type
                  1    wreg      void 
 Registers used:
		wreg, fsr0l, fsr0h, fsr1l, fsr1h, fsr2l, fsr2h, status,2, status,0, prodl, prodh, cstack
 Tracked objects:
		On entry : 
		On exit  : 
		Unchanged: 
 Data sizes:     COMRAM   BANK0   BANK1   BANK2   BANK3   BANK4   BANK5   BANK6   BANK7   BANK8   BANK9  BANK10  BANK11  BANK12  BANK13  BANK14
      Params:         0       0       0       0       0       0       0       0       0       0       0       0       0       0       0       0
      Locals:         7       0       0       0       0       0       0       0       0       0       0       0       0       0       0       0
      Temps:          5       0       0       0       0       0       0       0       0       0       0       0       0       0       0       0
      Totals:        12       0       0       0       0       0       0       0       0       0       0       0       0       0       0       0
Total ram usage:       12 bytes
 Hardware stack levels used:    1
 Hardware stack levels required when called:    5
 This function calls:
		_IncreaseByASecond
 This function is called by:
		_main
		_TMR0_CallBack
 This function uses a non-reentrant model


 *************** function _IncreaseByASecond *****************
 Defined at:
		line 3 in file "libs/funcs.c"
 Parameters:    Size  Location     Type
  dt             11   41[COMRAM] struct _GSK_DATE_TIME
 Auto vars:     Size  Location     Type
		None
 Return value:  Size  Location     Type
                  11   41[COMRAM] struct _GSK_DATE_TIME
 Registers used:
		wreg, fsr0l, fsr0h, fsr2l, fsr2h, status,2, status,0, cstack
 Tracked objects:
		On entry : 
		On exit  : 
		Unchanged: 
 Data sizes:     COMRAM   BANK0   BANK1   BANK2   BANK3   BANK4   BANK5   BANK6   BANK7   BANK8   BANK9  BANK10  BANK11  BANK12  BANK13  BANK14
      Params:        11       0       0       0       0       0       0       0       0       0       0       0       0       0       0       0
      Locals:         0       0       0       0       0       0       0       0       0       0       0       0       0       0       0       0
      Temps:          0       0       0       0       0       0       0       0       0       0       0       0       0       0       0       0
      Totals:        11       0       0       0       0       0       0       0       0       0       0       0       0       0       0       0
Total ram usage:       11 bytes
 Hardware stack levels used:    1
 Hardware stack levels required when called:    4
 This function calls:
		i2_IncreaseByADay
 This function is called by:
		_Timer0_10ms
 This function uses a non-reentrant model


 *************** function i2_IncreaseByADay *****************
 Defined at:
		line 12 in file "libs/funcs.c"
 Parameters:    Size  Location     Type
  dt             11   27[COMRAM] struct _GSK_DATE_TIME
 Auto vars:     Size  Location     Type
  IncreaseByAD    1   40[COMRAM] char 
 Return value:  Size  Location     Type
                  11   27[COMRAM] struct _GSK_DATE_TIME
 Registers used:
		wreg, fsr0l, fsr0h, fsr2l, fsr2h, status,2, status,0, cstack
 Tracked objects:
		On entry : 
		On exit  : 
		Unchanged: 
 Data sizes:     COMRAM   BANK0   BANK1   BANK2   BANK3   BANK4   BANK5   BANK6   BANK7   BANK8   BANK9  BANK10  BANK11  BANK12  BANK13  BANK14
      Params:        11       0       0       0       0       0       0       0       0       0       0       0       0       0       0       0
      Locals:         1       0       0       0       0       0       0       0       0       0       0       0       0       0       0       0
      Temps:          2       0       0       0       0       0       0       0       0       0       0       0       0       0       0       0
      Totals:        14       0       0       0       0       0       0       0       0       0       0       0       0       0       0       0
Total ram usage:       14 bytes
 Hardware stack levels used:    1
 Hardware stack levels required when called:    3
 This function calls:
		i2_IncreaseByAMonth
		i2___lwmod
 This function is called by:
		_IncreaseByASecond
 This function uses a non-reentrant model


 *************** function i2_IncreaseByAMonth *****************
 Defined at:
		line 32 in file "libs/funcs.c"
 Parameters:    Size  Location     Type
  dt             11   16[COMRAM] struct _GSK_DATE_TIME
 Auto vars:     Size  Location     Type
		None
 Return value:  Size  Location     Type
                  11   16[COMRAM] struct _GSK_DATE_TIME
 Registers used:
		wreg, fsr0l, fsr0h, fsr2l, fsr2h, status,2, status,0, cstack
 Tracked objects:
		On entry : 
		On exit  : 
		Unchanged: 
 Data sizes:     COMRAM   BANK0   BANK1   BANK2   BANK3   BANK4   BANK5   BANK6   BANK7   BANK8   BANK9  BANK10  BANK11  BANK12  BANK13  BANK14
      Params:        11       0       0       0       0       0       0       0       0       0       0       0       0       0       0       0
      Locals:         0       0       0       0       0       0       0       0       0       0       0       0       0       0       0       0
      Temps:          0       0       0       0       0       0       0       0       0       0       0       0       0       0       0       0
      Totals:        11       0       0       0       0       0       0       0       0       0       0       0       0       0       0       0
Total ram usage:       11 bytes
 Hardware stack levels used:    1
 Hardware stack levels required when called:    2
 This function calls:
		i2_IncreaseByAYear
 This function is called by:
		i2_IncreaseByADay
 This function uses a non-reentrant model


 *************** function i2_IncreaseByAYear *****************
 Defined at:
		line 41 in file "libs/funcs.c"
 Parameters:    Size  Location     Type
  dt             11    5[COMRAM] struct _GSK_DATE_TIME
 Auto vars:     Size  Location     Type
		None
 Return value:  Size  Location     Type
                  11    5[COMRAM] struct _GSK_DATE_TIME
 Registers used:
		wreg, fsr0l, fsr0h, fsr2l, fsr2h, status,2, status,0, cstack
 Tracked objects:
		On entry : 
		On exit  : 
		Unchanged: 
 Data sizes:     COMRAM   BANK0   BANK1   BANK2   BANK3   BANK4   BANK5   BANK6   BANK7   BANK8   BANK9  BANK10  BANK11  BANK12  BANK13  BANK14
      Params:        11       0       0       0       0       0       0       0       0       0       0       0       0       0       0       0
      Locals:         0       0       0       0       0       0       0       0       0       0       0       0       0       0       0       0
      Temps:          0       0       0       0       0       0       0       0       0       0       0       0       0       0       0       0
      Totals:        11       0       0       0       0       0       0       0       0       0       0       0       0       0       0       0
Total ram usage:       11 bytes
 Hardware stack levels used:    1
 Hardware stack levels required when called:    1
 This function calls:
		i2___lwmod
 This function is called by:
		i2_IncreaseByAMonth
 This function uses a non-reentrant model


 *************** function i2___lwmod *****************
 Defined at:
		line 8 in file "C:\Program Files (x86)\Microchip\xc8\v1.42\sources\common\lwmod.c"
 Parameters:    Size  Location     Type
  dividend        2    0[COMRAM] unsigned int 
  divisor         2    2[COMRAM] unsigned int 
 Auto vars:     Size  Location     Type
  __lwmod         1    4[COMRAM] unsigned char 
 Return value:  Size  Location     Type
                  2    0[COMRAM] unsigned int 
 Registers used:
		wreg, status,2, status,0
 Tracked objects:
		On entry : 
		On exit  : 
		Unchanged: 
 Data sizes:     COMRAM   BANK0   BANK1   BANK2   BANK3   BANK4   BANK5   BANK6   BANK7   BANK8   BANK9  BANK10  BANK11  BANK12  BANK13  BANK14
      Params:         4       0       0       0       0       0       0       0       0       0       0       0       0       0       0       0
      Locals:         1       0       0       0       0       0       0       0       0       0       0       0       0       0       0       0
      Temps:          0       0       0       0       0       0       0       0       0       0       0       0       0       0       0       0
      Totals:         5       0       0       0       0       0       0       0       0       0       0       0       0       0       0       0
Total ram usage:        5 bytes
 Hardware stack levels used:    1
 This function calls:
		Nothing
 This function is called by:
		i2_IncreaseByADay
		i2_IncreaseByAYear
 This function uses a non-reentrant model



MODULE INFORMATION

Module		Function		Class		Link	Load	Size
C:\Program Files (x86)\Microchip\xc8\v1.42\sources\common\awdiv.c
		___awdiv       		CODE           	285C	0000	121

C:\Program Files (x86)\Microchip\xc8\v1.42\sources\common\awdiv.c estimated size: 121

C:\Program Files (x86)\Microchip\xc8\v1.42\sources\common\Umul32.c
		___lmul        		CODE           	2A68	0000	77

C:\Program Files (x86)\Microchip\xc8\v1.42\sources\common\Umul32.c estimated size: 77

mcc_generated_files/interrupt_manager.c
		_INTERRUPT_Initialize		CODE           	2EF2	0000	5
		_INTERRUPT_InterruptManager		CODE           	0008	0000	99

mcc_generated_files/interrupt_manager.c estimated size: 104

mcc_generated_files/tmr0.c
		_TMR0_SetInterruptHandler		CODE           	2ED6	0000	11
		_TMR0_DefaultInterruptHandler		CODE           	2EF8	0000	3
		_TMR0_CallBack 		CODE           	2DF8	0000	29
		_TMR0_StartTimer		CODE           	2EEE	0000	5
		_TMR0_ISR      		CODE           	2EC8	0000	15
		_TMR0_Initialize		CODE           	2BDC	0000	65

mcc_generated_files/tmr0.c estimated size: 128

mcc_generated_files/pin_manager.c
		_PIN_MANAGER_Initialize		CODE           	29A6	0000	103

mcc_generated_files/pin_manager.c estimated size: 103

libs/eeprom.c
		_LoadAllFromEeprom		CODE           	2EB8	0000	17
		_LoadCyclesFromEeprom		CODE           	1A84	0000	283
		_LoadSettingsFromEeprom		CODE           	1554	0000	461
		_ReadEeprom    		CODE           	2E6C	0000	21
		_WriteEeprom   		CODE           	2D3E	0000	51
		_LoadStatesFromEeprom		CODE           	18D8	0000	351
		_LoadEventsFromEeprom		CODE           	1BCA	0000	171

libs/eeprom.c estimated size: 1355

libs/projMain.c
		_Timer0_10ms   		CODE           	130A	0000	449

libs/projMain.c estimated size: 449

shared
		PL12           		CODE           	1FD2	0000	17
		PL50           		CODE           	1CD2	0000	11
		PL8            		CODE           	1720	0000	11
		PL22           		CODE           	14E0	0000	37
		PL60           		CODE           	21E4	0000	15
		PL100          		CODE           	2D36	0000	9
		PL32           		CODE           	22BC	0000	11
		PL70           		CODE           	18CC	0000	13
		PL42           		CODE           	1CBC	0000	23
		PL80           		CODE           	24B2	0000	11
		PL110          		CODE           	1E0C	0000	9
		PL14           		CODE           	1A36	0000	17
		PL52           		CODE           	22DC	0000	13
		PL90           		CODE           	27CA	0000	11
		PL24           		CODE           	1C9E	0000	17
		PL62           		CODE           	200C	0000	9
		PL34           		CODE           	22C6	0000	11
		PL72           		CODE           	210E	0000	9
		i2_IncreaseByADay		CODE           	22F2	0000	221
		PL44           		CODE           	22D0	0000	13
		PL82           		CODE           	22E8	0000	11
		PL16           		CODE           	1F04	0000	11
		PL54           		CODE           	2492	0000	15
		PL92           		CODE           	27D4	0000	11
		PL26           		CODE           	1FE2	0000	33
		PL64           		CODE           	1CDC	0000	21
		PL102          		CODE           	1A72	0000	11
		PL36           		CODE           	2458	0000	25
		PL74           		CODE           	1F0E	0000	13
		PL46           		CODE           	2488	0000	11
		PL84           		CODE           	2014	0000	15
		PL112          		CODE           	1A7C	0000	9
		PL18           		CODE           	1C74	0000	43
		PL56           		CODE           	1A46	0000	15
		PL94           		CODE           	21F2	0000	11
		i2_IncreaseByAYear		CODE           	2CD0	0000	49
		PL28           		CODE           	1504	0000	19
		PL66           		CODE           	24A0	0000	19
		PL38           		CODE           	2470	0000	25
		PL76           		CODE           	1A66	0000	13
		PL48           		CODE           	1516	0000	23
		PL86           		CODE           	153C	0000	15
		PL58           		CODE           	2002	0000	11
		PL96           		CODE           	2594	0000	11
		PL68           		CODE           	1A54	0000	19
		PL104          		CODE           	1E02	0000	11
		PL78           		CODE           	152C	0000	17
		PL88           		CODE           	154A	0000	11
		PL114          		CODE           	2D00	0000	9
		PL98           		CODE           	1F1A	0000	11
		i2___lwmod     		CODE           	2C5A	0000	63
		__initialization		CODE           	2674	0000	193
		PL106          		CODE           	21FC	0000	11
		i2_IncreaseByAMonth		CODE           	2B4A	0000	75
		PL108          		CODE           	23CE	0000	11
		PL2            		CODE           	1B9E	0000	27
		ReadGPSDateTime@F11464		SMALLCONST     	0F01	0000	8
		PL10           		CODE           	22A8	0000	21
		PL4            		CODE           	1BB8	0000	9
		PL20           		CODE           	14CA	0000	23
		PL30           		CODE           	1CAE	0000	15
		PL6            		CODE           	1BC0	0000	11
		PL40           		CODE           	20F8	0000	23

shared estimated size: 1496

mcc_generated_files/eusart1.c
		_EUSART1_Initialize		CODE           	2E58	0000	21
		_EUSART1_Read  		CODE           	2E94	0000	19

mcc_generated_files/eusart1.c estimated size: 40

mcc_generated_files/mcc.c
		_OSCILLATOR_Initialize		CODE           	2E2E	0000	23
		_SYSTEM_Initialize		CODE           	2E44	0000	21

mcc_generated_files/mcc.c estimated size: 44

C:\Program Files (x86)\Microchip\xc8\v1.42\sources\common\lwmod.c
		___lwmod       		CODE           	2C1C	0000	63

C:\Program Files (x86)\Microchip\xc8\v1.42\sources\common\lwmod.c estimated size: 63

C:\Program Files (x86)\Microchip\xc8\v1.42\sources\common\awmod.c
		___awmod       		CODE           	293E	0000	105

C:\Program Files (x86)\Microchip\xc8\v1.42\sources\common\awmod.c estimated size: 105

libs/funcs.c
		_DecreaseByAMonth		CODE           	2AB4	0000	77
		_AdjustDayLightSaving		CODE           	1CF0	0000	275
		_DecreaseByADay		CODE           	2116	0000	207
		_SwitchOnGPS   		CODE           	2E14	0000	27
		_IncreaseByAMonth		CODE           	2B00	0000	75
		_ReadGPS_DATE_TIME		CODE           	172A	0000	419
		_IncreaseByASecond		CODE           	2A0C	0000	93
		_IncreaseByADay		CODE           	24BC	0000	217
		_DecreaseByAYear		CODE           	2D70	0000	51
		_TimeTextToSecond		CODE           	2022	0000	215
		_TestGPSStartCondition		CODE           	2C98	0000	57
		_VerifyForGPSOnTIme		CODE           	2B94	0000	73
		_StopGPS       		CODE           	2EE8	0000	7
		_IncreaseByAYear		CODE           	2D08	0000	47
		_ReadGPS       		CODE           	28D4	0000	107
		_GetEventNumber		CODE           	1F24	0000	175

libs/funcs.c estimated size: 2122

C:\Program Files (x86)\Microchip\xc8\v1.42\sources\common\Umul16.c
		___wmul        		CODE           	2DD2	0000	39

C:\Program Files (x86)\Microchip\xc8\v1.42\sources\common\Umul16.c estimated size: 39

main.c
		_main          		CODE           	27DE	0000	127

main.c estimated size: 127

libs/gps.c
		_GetDay        		CODE           	1E14	0000	241
		_ValidateDateTime		CODE           	2206	0000	163
		_ReadGPSDateTime		CODE           	259E	0000	215

libs/gps.c estimated size: 619

libs/HD44780.c
		_Lcd_Init      		CODE           	273E	0000	141
		_Lcd_Command   		CODE           	23D8	0000	129
		_Lcd_Delay5us  		CODE           	2EE0	0000	9
		_Lcd_Delay5500us		CODE           	2EA6	0000	19

libs/HD44780.c estimated size: 298

