Microchip MPLAB XC8 Compiler V1.42 ()

Linker command line:

-W-3 --edf=C:\Program Files (x86)\Microchip\xc8\v1.42\dat\en_msgs.txt -cs \
  -h+dist/default/production\Proj004.X.production.sym \
  --cmf=dist/default/production\Proj004.X.production.cmf -z -Q18F26K40 \
  -oC:\Users\gadis\AppData\Local\Temp\s8e0.2 \
  -Mdist/default/production/Proj004.X.production.map -E1 -ver=XC8 \
  -ASTACK=05B0h-0e7dh -pstack=STACK -ACODE=00h-0FFFFh -ACONST=00h-0FFFFh \
  -ASMALLCONST=0F00h-0FFFhx241 -AMEDIUMCONST=0F00h-0FFFFh -ACOMRAM=01h-05Fh \
  -AABS1=00h-0E7Dh -ABIGRAM=01h-0E7Dh \
  -ARAM=060h-0FFh,0100h-01FFhx13,0E00h-0E7Dh -ABANK0=060h-0FFh \
  -ABANK1=0100h-01FFh -ABANK2=0200h-02FFh -ABANK3=0300h-03FFh \
  -ABANK4=0400h-04FFh -ABANK5=0500h-05FFh -ABANK6=0600h-06FFh \
  -ABANK7=0700h-07FFh -ABANK8=0800h-08FFh -ABANK9=0900h-09FFh \
  -ABANK10=0A00h-0AFFh -ABANK11=0B00h-0BFFh -ABANK12=0C00h-0CFFh \
  -ABANK13=0D00h-0DFFh -ABANK14=0E00h-0E7Dh \
  -ASFR=0E7Eh-0EFFh,0F00h-0F5Fh,0F60h-0FFFh \
  -preset_vec=00h,intcode=08h,intcodelo,powerup,init -pramtop=0F00h \
  -psmallconst=SMALLCONST -pmediumconst=MEDIUMCONST -pconst=CONST \
  -AFARRAM=00h-00h -ACONFIG=0300000h-030000Bh -pconfig=CONFIG \
  -AIDLOC=0200000h-020000Fh -pidloc=IDLOC -AEEDATA=0310000h-03103FFh \
  -peeprom_data=EEDATA \
  -prdata=COMRAM,nvrram=COMRAM,nvbit=COMRAM,rbss=COMRAM,rbit=COMRAM \
  -pfarbss=FARRAM,fardata=FARRAM,nvFARRAM=FARRAM \
  -pintsave_regs=BIGRAM,bigbss=BIGRAM,bigdata=BIGRAM -pbss=RAM \
  -pidata=CODE,irdata=CODE,ibigdata=CODE,ifardata=CODE -prparam=COMRAM \
  C:\Users\gadis\AppData\Local\Temp\s8e0.obj \
  dist/default/production\Proj004.X.production.obj \
  build/default/production/libs/powerup.obj 

Object code version is 3.11

Machine type is 18F26K40

Call graph: (short form)




                Name                               Link     Load   Length Selector   Space Scale
C:\Users\gadis\AppData\Local\Temp\s8e0.obj
                init                                 92       92        4        4       0
                reset_vec                             0        0        4        0       0
                idloc                            200000   200000       10   200000       0
                config                           300000   300000        C   300000       0
dist/default/production\Proj004.X.production.obj
                intcode                               8        8       84        4       0
                temp                                 4B       4B        1        1       1
                smallconst                          F00      F00       1A      780       0
                text37                             2324     2324       70      78D       0
                text36                             246C     246C       3A      78D       0
                text35                             25F0     25F0        2      78D       0
                text34                             2542     2542       1E      78D       0
                text33                             24A6     24A6       2A      78D       0
                text31                             21B6     21B6       84      78D       0
                text30                             22B4     22B4       70      78D       0
                text29                             251C     251C       26      78D       0
                text28                             1732     1732      176      78D       0
                text27                             25DC     25DC        A      78D       0
                text26                             1C1E     1C1E      116      78D       0
                text25                             25B2     25B2       12      78D       0
                text24                             1F04     1F04       C2      78D       0
                text23                             1B08     1B08      116      78D       0
                text22                             2394     2394       52      78D       0
                text21                             1D34     1D34      104      78D       0
                text20                             2122     2122       94      78D       0
                text19                             258C     258C       14      78D       0
                text18                             13EA     13EA      1C0      78D       0
                text17                              F1A      F1A      26A      78D       0
                text16                             1184     1184      266      78D       0
                text15                             25C4     25C4        E      78D       0
                text14                             25A0     25A0       12      78D       0
                text13                             19E8     19E8      120      78D       0
                text12                             2576     2576       16      78D       0
                text11                             25EA     25EA        4      78D       0
                text10                             24F6     24F6       26      78D       0
                text9                              2086     2086       9C      78D       0
                text8                              25D2     25D2        A      78D       0
                text7                              25E6     25E6        4      78D       0
                text6                              242C     242C       40      78D       0
                text5                              2560     2560       16      78D       0
                text4                              15AA     15AA      188      78D       0
                text3                              23E6     23E6       46      78D       0
                text2                              1E38     1E38       CC      78D       0
                text1                              1FC6     1FC6       C0      78D       0
                text0                              18A8     18A8      140      78D       0
                cstackCOMRAM                          1        1       33        1       1
                cstackBANK0                          D8       D8       13       60       1
                bssBIGRAM                           1F0      1F0      3C0      1F0       1
                bssBANK1                            100      100       F0      100       1
                dataBANK0                            B2       B2       26       60       1
                bssBANK0                             60       60       52       60       1
                dataCOMRAM                           49       49        2        1       1
                bssCOMRAM                            34       34       15        1       1
                cinit                              223A     223A       7A      78D       0
                idataBANK0                         24D0     24D0       26      78D       0
                idataCOMRAM                        25EE     25EE        2      78D       0
build/default/production/libs/powerup.obj
                powerup                              8C       8C        6        4       0

TOTAL           Name                               Link     Load   Length     Space
        CLASS   STACK          

        CLASS   CODE           
                intcode                               8        8       84         0
                init                                 92       92        4         0
                powerup                              8C       8C        6         0
                reset_vec                             0        0        4         0
                text37                             2324     2324       70         0
                text36                             246C     246C       3A         0
                text35                             25F0     25F0        2         0
                text34                             2542     2542       1E         0
                text33                             24A6     24A6       2A         0
                text31                             21B6     21B6       84         0
                text30                             22B4     22B4       70         0
                text29                             251C     251C       26         0
                text28                             1732     1732      176         0
                text27                             25DC     25DC        A         0
                text26                             1C1E     1C1E      116         0
                text25                             25B2     25B2       12         0
                text24                             1F04     1F04       C2         0
                text23                             1B08     1B08      116         0
                text22                             2394     2394       52         0
                text21                             1D34     1D34      104         0
                text20                             2122     2122       94         0
                text19                             258C     258C       14         0
                text18                             13EA     13EA      1C0         0
                text17                              F1A      F1A      26A         0
                text16                             1184     1184      266         0
                text15                             25C4     25C4        E         0
                text14                             25A0     25A0       12         0
                text13                             19E8     19E8      120         0
                text12                             2576     2576       16         0
                text11                             25EA     25EA        4         0
                text10                             24F6     24F6       26         0
                text9                              2086     2086       9C         0
                text8                              25D2     25D2        A         0
                text7                              25E6     25E6        4         0
                text6                              242C     242C       40         0
                text5                              2560     2560       16         0
                text4                              15AA     15AA      188         0
                text3                              23E6     23E6       46         0
                text2                              1E38     1E38       CC         0
                text1                              1FC6     1FC6       C0         0
                text0                              18A8     18A8      140         0
                cinit                              223A     223A       7A         0
                idataBANK0                         24D0     24D0       26         0
                idataCOMRAM                        25EE     25EE        2         0

        CLASS   CONST          

        CLASS   SMALLCONST     
                smallconst                          F00      F00       1A         0

        CLASS   MEDIUMCONST    

        CLASS   COMRAM         
                temp                                 4B       4B        1         1
                cstackCOMRAM                          1        1       33         1
                dataCOMRAM                           49       49        2         1
                bssCOMRAM                            34       34       15         1

        CLASS   ABS1           

        CLASS   BIGRAM         
                bssBIGRAM                           1F0      1F0      3C0         1

        CLASS   RAM            

        CLASS   BANK0          
                cstackBANK0                          D8       D8       13         1
                dataBANK0                            B2       B2       26         1
                bssBANK0                             60       60       52         1

        CLASS   BANK1          
                bssBANK1                            100      100       F0         1

        CLASS   BANK2          

        CLASS   BANK3          

        CLASS   BANK4          

        CLASS   BANK5          

        CLASS   BANK6          

        CLASS   BANK7          

        CLASS   BANK8          

        CLASS   BANK9          

        CLASS   BANK10         

        CLASS   BANK11         

        CLASS   BANK12         

        CLASS   BANK13         

        CLASS   BANK14         

        CLASS   SFR            

        CLASS   FARRAM         

        CLASS   CONFIG         
                config                           300000   300000        C         0

        CLASS   IDLOC          
                idloc                            200000   200000       10         0

        CLASS   EEDATA         



SEGMENTS        Name                           Load    Length   Top    Selector   Space  Class

                reset_vec                      000000  000004  000004         0       0  CODE    
                cstackCOMRAM                   000001  00004B  00004C         1       1  COMRAM  
                intcode                        000008  00008E  000096         4       0  CODE    
                bssBANK0                       000060  00008B  0000EB        60       1  BANK0   
                bssBANK1                       000100  0000F0  0001F0       100       1  BANK1   
                bssBIGRAM                      0001F0  0003C0  0005B0       1F0       1  BIGRAM  
                smallconst                     000F00  00001A  000F1A       780       0  SMALLCON
                text17                         000F1A  0016D8  0025F2       78D       0  CODE    
                idloc                          200000  000010  200010    200000       0  IDLOC   
                config                         300000  00000C  30000C    300000       0  CONFIG  


UNUSED ADDRESS RANGES

        Name                Unused          Largest block    Delta
        BANK0            0000EB-0000FF               15
        BANK10           000A00-000AFF              100
        BANK11           000B00-000BFF              100
        BANK12           000C00-000CFF              100
        BANK13           000D00-000DFF              100
        BANK14           000E00-000E7D               7E
        BANK5            0005B0-0005FF               50
        BANK6            000600-0006FF              100
        BANK7            000700-0007FF              100
        BANK8            000800-0008FF              100
        BANK9            000900-0009FF              100
        BIGRAM           00004C-00005F               14
                         0000EB-0000FF               15
                         0005B0-000E7D              8CE
        CODE             000004-000007                4
                         000096-000EFF              E6A
                         0025F2-00FFFF             DA0E
        COMRAM           00004C-00005F               14
        CONST            000004-000007                4
                         000096-000EFF              E6A
                         0025F2-00FFFF             DA0E
        EEDATA           310000-3103FF              400
        MEDIUMCONST      0025F2-00FFFF             DA0E
        RAM              0000EB-0000FF               15
                         0005B0-000E7D              100
        SFR              000E7E-000FFF               82
        SMALLCONST       0025F2-00FFFF              100
        STACK            0005B0-000E7D              8CE

                                  Symbol Table

?___aldiv                                 cstackCOMRAM 000015
?___awdiv                                 cstackCOMRAM 000015
?___awmod                                 cstackCOMRAM 00001D
?___lwdiv                                 cstackCOMRAM 00001B
?___wmul                                  cstackCOMRAM 000015
?i2___awmod                               cstackCOMRAM 000001
GetDay@Date                               cstackCOMRAM 000023
GetDay@d                                  cstackCOMRAM 00002D
GetDay@m                                  cstackCOMRAM 00002E
GetDay@t                                  dataBANK0    0000B2
GetDay@y                                  cstackCOMRAM 00002F
Lcd_CharCP@c                              cstackCOMRAM 000017
Lcd_Command@command                       cstackCOMRAM 000017
Lcd_Init@data                             cstackCOMRAM 000018
Lcd_Int@data                              cstackBANK0  0000D9
Lcd_Int@size                              cstackCOMRAM 000033
Lcd_Int@tempVal                           cstackBANK0  0000DA
Lcd_Int@val                               cstackCOMRAM 000032
Lcd_Int@x                                 cstackCOMRAM 000031
Lcd_Int@y                                 cstackBANK0  0000D8
Lcd_Text@buffer                           cstackCOMRAM 000019
Lcd_Text@data                             cstackCOMRAM 00001C
Lcd_Text@x                                cstackCOMRAM 000018
Lcd_Text@y                                cstackCOMRAM 00001B
Lcd_WriteChar@c                           cstackCOMRAM 000024
Lcd_WriteChar@data                        cstackCOMRAM 000026
Lcd_WriteChar@x                           cstackCOMRAM 000023
Lcd_WriteChar@y                           cstackCOMRAM 000025
LoadEventsFromEeprom@Address              cstackCOMRAM 000021
LoadEventsFromEeprom@Temp16               cstackCOMRAM 000023
LoadEventsFromEeprom@i                    cstackCOMRAM 00001F
LoadSettingsFromEeprom@Address            cstackCOMRAM 000022
LoadSettingsFromEeprom@Temp16             cstackCOMRAM 000020
LoadSettingsFromEeprom@Temp32             cstackCOMRAM 00001C
LoadStatesFromEeprom@AddAudioNormal       cstackCOMRAM 000021
LoadStatesFromEeprom@AddAudioSpecial      cstackCOMRAM 000023
LoadStatesFromEeprom@AddStates            cstackCOMRAM 00002E
LoadStatesFromEeprom@AudAddInc            cstackCOMRAM 000029
LoadStatesFromEeprom@TempNormalAdd        cstackCOMRAM 000025
LoadStatesFromEeprom@TempSpecialAdd       cstackCOMRAM 000027
LoadStatesFromEeprom@i                    cstackCOMRAM 000030
LoadStatesFromEeprom@j                    cstackCOMRAM 00002A
LoadStatesFromEeprom@j_1155               cstackCOMRAM 00002C
PIN_MANAGER_Initialize@state              cstackCOMRAM 000015
ReadEeprom@Address                        cstackCOMRAM 000015
ReadGPSDateTime@Commas                    cstackCOMRAM 000024
ReadGPSDateTime@Date                      cstackCOMRAM 000015
ReadGPSDateTime@F11399                    smallconst   000F01
ReadGPSDateTime@Pos                       cstackCOMRAM 000028
ReadGPSDateTime@StartCode                 cstackCOMRAM 00001D
ReadGPSDateTime@TempChar                  cstackCOMRAM 000027
ReadGPSDateTime@Time                      cstackCOMRAM 000017
ReadGPSDateTime@i                         cstackCOMRAM 000025
ReadGPSTime@F11391                        smallconst   000F08
TMR0_ISR@CountCallBack                    bssCOMRAM    000034
TMR0_SetInterruptHandler@InterruptHandler cstackCOMRAM 000015
ValidateDateTime@Date                     cstackCOMRAM 000015
ValidateDateTime@Item                     cstackCOMRAM 00001A
ValidateDateTime@Time                     cstackCOMRAM 000017
WriteLongInt@POS                          cstackCOMRAM 00002E
WriteLongInt@Sign                         cstackCOMRAM 00002D
WriteLongInt@Val                          cstackCOMRAM 000028
WriteLongInt@size                         cstackCOMRAM 00002C
WriteLongInt@x                            cstackCOMRAM 000027
WriteLongInt@y                            cstackCOMRAM 00002F
_ANSELA                                   (abs)        000F11
_ANSELB                                   (abs)        000F19
_ANSELC                                   (abs)        000F21
_AUDIO_NORMAL_OFF_TIME                    bssCOMRAM    000044
_AUDIO_NORMAL_ON_TIME                     bssCOMRAM    000045
_AUDIO_SPECIAL_OFF_TIME                   bssCOMRAM    000042
_AUDIO_SPECIAL_ON_TIME                    bssCOMRAM    000043
_BAUD1CON                                 (abs)        000F9F
_BLINK_LAST_X_SECONDS                     bssCOMRAM    000046
_BLINK_OFF_TIME                           bssCOMRAM    000047
_BLINK_ON_TIME                            bssCOMRAM    000048
_CENTURY                                  dataCOMRAM   000049
_CYCLES                                   bssBANK0     000060
_CYCLE_DELAY                              bssBANK0     0000AC
_DAY_LIGHT_END                            bssCOMRAM    00003A
_DAY_LIGHT_START                          bssCOMRAM    00003C
_EUSART1_Initialize                       text12       002576
_EUSART1_Read                             text14       0025A0
_EVENTS                                   bssBANK1     000100
_GIE                                      (abs)        007F97
_GLOBAL_CENTURY                           dataCOMRAM   00004A
_GLOBAL_I                                 bssCOMRAM    00003E
_GLOBAL_USARTSIZE                         bssBANK0     0000B0
_GPS_SYNC_AT_START                        bssCOMRAM    000040
_GPS_SYNC_EVERY_DAY_AT_LOCAL_TIME         bssBANK0     0000A4
_GPS_SYNC_EVERY_x_SECONDS                 bssBANK0     0000A8
_GetDay                                   text28       001732
_INTCONbits                               (abs)        000FF2
_INTERRUPT_Initialize                     text11       0025EA
_INTERRUPT_InterruptManager               intcode      000008
_LATA                                     (abs)        000F83
_LATAbits                                 (abs)        000F83
_LATB                                     (abs)        000F84
_LATC                                     (abs)        000F85
_LATCbits                                 (abs)        000F85
_Lcd_CharCP                               text23       001B08
_Lcd_Command                              text26       001C1E
_Lcd_Delay5500us                          text25       0025B2
_Lcd_Delay5us                             text27       0025DC
_Lcd_Init                                 text24       001F04
_Lcd_Int                                  text21       001D34
_Lcd_Text                                 text20       002122
_Lcd_WriteChar                            text3        0023E6
_LoadAllFromEeprom                        text15       0025C4
_LoadEventsFromEeprom                     text18       0013EA
_LoadSettingsFromEeprom                   text17       000F1A
_LoadStatesFromEeprom                     text16       001184
_NVMADRH                                  (abs)        000F7F
_NVMADRL                                  (abs)        000F7E
_NVMCON1bits                              (abs)        000F81
_NVMDAT                                   (abs)        000F80
_ODCONA                                   (abs)        000F0F
_ODCONB                                   (abs)        000F17
_ODCONC                                   (abs)        000F1F
_OSCCON1                                  (abs)        000ED8
_OSCCON3                                  (abs)        000EDA
_OSCEN                                    (abs)        000EDC
_OSCFRQ                                   (abs)        000EDE
_OSCILLATOR_Initialize                    text10       0024F6
_OSCTUNE                                  (abs)        000EDD
_PIE0bits                                 (abs)        000EC2
_PIN_MANAGER_Initialize                   text9        002086
_PIR0bits                                 (abs)        000ECA
_PIR3bits                                 (abs)        000ECD
_PLLR                                     (abs)        0076D8
_PPSLOCK                                  (abs)        000EA0
_PPSLOCKbits                              (abs)        000EA0
_RC1REG                                   (abs)        000F99
_RC1STA                                   (abs)        000F9D
_RC1STAbits                               (abs)        000F9D
_RC6PPS                                   (abs)        000EFD
_RX1PPSbits                               (abs)        000EB5
_ReadEeprom                               text19       00258C
_ReadGPSDateTime                          text13       0019E8
_SP1BRGH                                  (abs)        000F9C
_SP1BRGL                                  (abs)        000F9B
_SPECIAL_AUDIO_LAST_X_SECONDS             bssCOMRAM    000041
_STATES                                   bssBIGRAM    0001F0
_SYSTEM_Initialize                        text5        002560
_T0CON0                                   (abs)        000FD5
_T0CON0bits                               (abs)        000FD5
_T0CON1                                   (abs)        000FD6
_TIME_ZONE                                bssBANK0     0000AE
_TMR0H                                    (abs)        000FD4
_TMR0L                                    (abs)        000FD3
_TMR0_CallBack                            text34       002542
_TMR0_DefaultInterruptHandler             text35       0025F0
_TMR0_ISR                                 text33       0024A6
_TMR0_Initialize                          text6        00242C
_TMR0_InterruptHandler                    bssCOMRAM    000036
_TMR0_SetInterruptHandler                 text8        0025D2
_TMR0_StartTimer                          text7        0025E6
_TRISA                                    (abs)        000F88
_TRISAbits                                (abs)        000F88
_TRISB                                    (abs)        000F89
_TRISC                                    (abs)        000F8A
_TX1REG                                   (abs)        000F9A
_TX1STA                                   (abs)        000F9E
_Timer0_10ms                              text36       00246C
_ValidateDateTime                         text4        0015AA
_WPUA                                     (abs)        000F10
_WPUB                                     (abs)        000F18
_WPUC                                     (abs)        000F20
_WPUE                                     (abs)        000F2D
_WriteLongInt                             text1        001FC6
__CFG_BOREN$SBORDIS                       (abs)        000000
__CFG_BORV$VBOR_2P45                      (abs)        000000
__CFG_CLKOUTEN$OFF                        (abs)        000000
__CFG_CP$OFF                              (abs)        000000
__CFG_CPD$OFF                             (abs)        000000
__CFG_CSWEN$ON                            (abs)        000000
__CFG_DEBUG$OFF                           (abs)        000000
__CFG_EBTR0$OFF                           (abs)        000000
__CFG_EBTR1$OFF                           (abs)        000000
__CFG_EBTR2$OFF                           (abs)        000000
__CFG_EBTR3$OFF                           (abs)        000000
__CFG_EBTRB$OFF                           (abs)        000000
__CFG_FCMEN$ON                            (abs)        000000
__CFG_FEXTOSC$HS                          (abs)        000000
__CFG_LPBOREN$OFF                         (abs)        000000
__CFG_LVP$ON                              (abs)        000000
__CFG_MCLRE$EXTMCLR                       (abs)        000000
__CFG_PPS1WAY$ON                          (abs)        000000
__CFG_PWRTE$OFF                           (abs)        000000
__CFG_RSTOSC$EXTOSC_4PLL                  (abs)        000000
__CFG_SCANE$ON                            (abs)        000000
__CFG_STVREN$ON                           (abs)        000000
__CFG_WDTCCS$SC                           (abs)        000000
__CFG_WDTCPS$WDTCPS_31                    (abs)        000000
__CFG_WDTCWS$WDTCWS_7                     (abs)        000000
__CFG_WDTE$OFF                            (abs)        000000
__CFG_WRT0$OFF                            (abs)        000000
__CFG_WRT1$OFF                            (abs)        000000
__CFG_WRT2$OFF                            (abs)        000000
__CFG_WRT3$OFF                            (abs)        000000
__CFG_WRTB$OFF                            (abs)        000000
__CFG_WRTC$OFF                            (abs)        000000
__CFG_WRTD$OFF                            (abs)        000000
__CFG_XINST$OFF                           (abs)        000000
__CFG_ZCD$OFF                             (abs)        000000
__HRAM                                    (abs)        000000
__Habs1                                   abs1         000000
__Hbank0                                  bank0        000000
__Hbank1                                  bank1        000000
__Hbank10                                 bank10       000000
__Hbank11                                 bank11       000000
__Hbank12                                 bank12       000000
__Hbank13                                 bank13       000000
__Hbank14                                 bank14       000000
__Hbank2                                  bank2        000000
__Hbank3                                  bank3        000000
__Hbank4                                  bank4        000000
__Hbank5                                  bank5        000000
__Hbank6                                  bank6        000000
__Hbank7                                  bank7        000000
__Hbank8                                  bank8        000000
__Hbank9                                  bank9        000000
__Hbigbss                                 bigbss       000000
__Hbigdata                                bigdata      000000
__Hbigram                                 bigram       000000
__Hbss                                    bss          000000
__HbssBANK0                               bssBANK0     000000
__HbssBANK1                               bssBANK1     000000
__HbssBIGRAM                              bssBIGRAM    000000
__HbssCOMRAM                              bssCOMRAM    000000
__Hcinit                                  cinit        000000
__Hclrtext                                clrtext      000000
__Hcomram                                 comram       000000
__Hconfig                                 config       30000C
__Hconst                                  const        000000
__HcstackBANK0                            cstackBANK0  000000
__HcstackCOMRAM                           cstackCOMRAM 000000
__Hdata                                   data         000000
__HdataBANK0                              dataBANK0    000000
__HdataCOMRAM                             dataCOMRAM   000000
__Heeprom_data                            eeprom_data  000000
__Hfarbss                                 farbss       000000
__Hfardata                                fardata      000000
__Hibigdata                               ibigdata     000000
__Hidata                                  idata        000000
__HidataBANK0                             idataBANK0   000000
__HidataCOMRAM                            idataCOMRAM  000000
__Hidloc                                  idloc        200010
__Hifardata                               ifardata     000000
__Hinit                                   init         000096
__Hintcode                                intcode      00008C
__Hintcode_body                           intcode_body 000000
__Hintcodelo                              intcodelo    00008C
__Hintentry                               intentry     000000
__Hintret                                 intret       000000
__Hintsave_regs                           intsave_regs 000000
__Hirdata                                 irdata       000000
__Hmediumconst                            mediumconst  000000
__HnvFARRAM                               nvFARRAM     000000
__Hnvbit                                  nvbit        000000
__Hnvrram                                 nvrram       000000
__Hparam                                  rparam       000000
__Hpowerup                                powerup      000092
__Hram                                    ram          000000
__Hramtop                                 ramtop       000F00
__Hrbit                                   rbit         000000
__Hrbss                                   rbss         000000
__Hrdata                                  rdata        000000
__Hreset_vec                              reset_vec    000004
__Hrparam                                 rparam       000000
__Hsfr                                    sfr          000000
__Hsmallconst                             smallconst   000F1A
__Hspace_0                                (abs)        30000C
__Hspace_1                                (abs)        0005B0
__Hspace_2                                (abs)        000000
__Hstack                                  stack        000000
__Hstruct                                 struct       000000
__Htemp                                   temp         00004C
__Htext                                   text         000000
__Htext0                                  text0        000000
__Htext1                                  text1        000000
__Htext10                                 text10       000000
__Htext11                                 text11       000000
__Htext12                                 text12       000000
__Htext13                                 text13       000000
__Htext14                                 text14       000000
__Htext15                                 text15       000000
__Htext16                                 text16       000000
__Htext17                                 text17       000000
__Htext18                                 text18       000000
__Htext19                                 text19       000000
__Htext2                                  text2        000000
__Htext20                                 text20       000000
__Htext21                                 text21       000000
__Htext22                                 text22       000000
__Htext23                                 text23       000000
__Htext24                                 text24       000000
__Htext25                                 text25       000000
__Htext26                                 text26       000000
__Htext27                                 text27       000000
__Htext28                                 text28       000000
__Htext29                                 text29       000000
__Htext3                                  text3        000000
__Htext30                                 text30       000000
__Htext31                                 text31       000000
__Htext33                                 text33       000000
__Htext34                                 text34       000000
__Htext35                                 text35       000000
__Htext36                                 text36       000000
__Htext37                                 text37       000000
__Htext38                                 text38       000000
__Htext4                                  text4        000000
__Htext5                                  text5        000000
__Htext6                                  text6        000000
__Htext7                                  text7        000000
__Htext8                                  text8        000000
__Htext9                                  text9        000000
__LRAM                                    (abs)        000001
__Labs1                                   abs1         000000
__Lbank0                                  bank0        000000
__Lbank1                                  bank1        000000
__Lbank10                                 bank10       000000
__Lbank11                                 bank11       000000
__Lbank12                                 bank12       000000
__Lbank13                                 bank13       000000
__Lbank14                                 bank14       000000
__Lbank2                                  bank2        000000
__Lbank3                                  bank3        000000
__Lbank4                                  bank4        000000
__Lbank5                                  bank5        000000
__Lbank6                                  bank6        000000
__Lbank7                                  bank7        000000
__Lbank8                                  bank8        000000
__Lbank9                                  bank9        000000
__Lbigbss                                 bigbss       000000
__Lbigdata                                bigdata      000000
__Lbigram                                 bigram       000000
__Lbss                                    bss          000000
__LbssBANK0                               bssBANK0     000000
__LbssBANK1                               bssBANK1     000000
__LbssBIGRAM                              bssBIGRAM    000000
__LbssCOMRAM                              bssCOMRAM    000000
__Lcinit                                  cinit        000000
__Lclrtext                                clrtext      000000
__Lcomram                                 comram       000000
__Lconfig                                 config       300000
__Lconst                                  const        000000
__LcstackBANK0                            cstackBANK0  000000
__LcstackCOMRAM                           cstackCOMRAM 000000
__Ldata                                   data         000000
__LdataBANK0                              dataBANK0    000000
__LdataCOMRAM                             dataCOMRAM   000000
__Leeprom_data                            eeprom_data  000000
__Lfarbss                                 farbss       000000
__Lfardata                                fardata      000000
__Libigdata                               ibigdata     000000
__Lidata                                  idata        000000
__LidataBANK0                             idataBANK0   000000
__LidataCOMRAM                            idataCOMRAM  000000
__Lidloc                                  idloc        200000
__Lifardata                               ifardata     000000
__Linit                                   init         000092
__Lintcode                                intcode      000008
__Lintcode_body                           intcode_body 000000
__Lintcodelo                              intcodelo    00008C
__Lintentry                               intentry     000000
__Lintret                                 intret       000000
__Lintsave_regs                           intsave_regs 000000
__Lirdata                                 irdata       000000
__Lmediumconst                            mediumconst  000000
__LnvFARRAM                               nvFARRAM     000000
__Lnvbit                                  nvbit        000000
__Lnvrram                                 nvrram       000000
__Lparam                                  rparam       000000
__Lpowerup                                powerup      00008C
__Lram                                    ram          000000
__Lramtop                                 ramtop       000F00
__Lrbit                                   rbit         000000
__Lrbss                                   rbss         000000
__Lrdata                                  rdata        000000
__Lreset_vec                              reset_vec    000000
__Lrparam                                 rparam       000000
__Lsfr                                    sfr          000000
__Lsmallconst                             smallconst   000F00
__Lspace_0                                (abs)        000000
__Lspace_1                                (abs)        000000
__Lspace_2                                (abs)        000000
__Lstack                                  stack        000000
__Lstruct                                 struct       000000
__Ltemp                                   temp         00004B
__Ltext                                   text         000000
__Ltext0                                  text0        000000
__Ltext1                                  text1        000000
__Ltext10                                 text10       000000
__Ltext11                                 text11       000000
__Ltext12                                 text12       000000
__Ltext13                                 text13       000000
__Ltext14                                 text14       000000
__Ltext15                                 text15       000000
__Ltext16                                 text16       000000
__Ltext17                                 text17       000000
__Ltext18                                 text18       000000
__Ltext19                                 text19       000000
__Ltext2                                  text2        000000
__Ltext20                                 text20       000000
__Ltext21                                 text21       000000
__Ltext22                                 text22       000000
__Ltext23                                 text23       000000
__Ltext24                                 text24       000000
__Ltext25                                 text25       000000
__Ltext26                                 text26       000000
__Ltext27                                 text27       000000
__Ltext28                                 text28       000000
__Ltext29                                 text29       000000
__Ltext3                                  text3        000000
__Ltext30                                 text30       000000
__Ltext31                                 text31       000000
__Ltext33                                 text33       000000
__Ltext34                                 text34       000000
__Ltext35                                 text35       000000
__Ltext36                                 text36       000000
__Ltext37                                 text37       000000
__Ltext38                                 text38       000000
__Ltext4                                  text4        000000
__Ltext5                                  text5        000000
__Ltext6                                  text6        000000
__Ltext7                                  text7        000000
__Ltext8                                  text8        000000
__Ltext9                                  text9        000000
__S0                                      (abs)        30000C
__S1                                      (abs)        0005B0
__S2                                      (abs)        000000
___aldiv                                  text2        001E38
___aldiv@counter                          cstackCOMRAM 00001D
___aldiv@dividend                         cstackCOMRAM 000015
___aldiv@divisor                          cstackCOMRAM 000019
___aldiv@quotient                         cstackCOMRAM 00001F
___aldiv@sign                             cstackCOMRAM 00001E
___awdiv                                  text31       0021B6
___awdiv@counter                          cstackCOMRAM 000019
___awdiv@dividend                         cstackCOMRAM 000015
___awdiv@divisor                          cstackCOMRAM 000017
___awdiv@quotient                         cstackCOMRAM 00001B
___awdiv@sign                             cstackCOMRAM 00001A
___awmod                                  text30       0022B4
___awmod@counter                          cstackCOMRAM 000021
___awmod@dividend                         cstackCOMRAM 00001D
___awmod@divisor                          cstackCOMRAM 00001F
___awmod@sign                             cstackCOMRAM 000022
___inthi_sp                               stack        000000
___intlo_sp                               stack        000000
___lwdiv                                  text22       002394
___lwdiv@counter                          cstackCOMRAM 00001F
___lwdiv@dividend                         cstackCOMRAM 00001B
___lwdiv@divisor                          cstackCOMRAM 00001D
___lwdiv@quotient                         cstackCOMRAM 000020
___param_bank                             (abs)        000000
___rparam_used                            (abs)        000001
___sp                                     stack        000000
___wmul                                   text29       00251C
___wmul@multiplicand                      cstackCOMRAM 000017
___wmul@multiplier                        cstackCOMRAM 000015
___wmul@product                           cstackCOMRAM 000019
__accesstop                               (abs)        000060
__activetblptr                            (abs)        000003
__end_ofReadGPSDateTime@F11399            smallconst   000F08
__end_ofReadGPSTime@F11391                smallconst   000F0F
__end_of_EUSART1_Initialize               text12       00258C
__end_of_EUSART1_Read                     text14       0025B2
__end_of_GetDay                           text28       0018A8
__end_of_INTERRUPT_Initialize             text11       0025EE
__end_of_INTERRUPT_InterruptManager       intcode      00008C
__end_of_Lcd_CharCP                       text23       001C1E
__end_of_Lcd_Command                      text26       001D34
__end_of_Lcd_Delay5500us                  text25       0025C4
__end_of_Lcd_Delay5us                     text27       0025E6
__end_of_Lcd_Init                         text24       001FC6
__end_of_Lcd_Int                          text21       001E38
__end_of_Lcd_Text                         text20       0021B6
__end_of_Lcd_WriteChar                    text3        00242C
__end_of_LoadAllFromEeprom                text15       0025D2
__end_of_LoadEventsFromEeprom             text18       0015AA
__end_of_LoadSettingsFromEeprom           text17       001184
__end_of_LoadStatesFromEeprom             text16       0013EA
__end_of_OSCILLATOR_Initialize            text10       00251C
__end_of_PIN_MANAGER_Initialize           text9        002122
__end_of_ReadEeprom                       text19       0025A0
__end_of_ReadGPSDateTime                  text13       001B08
__end_of_SYSTEM_Initialize                text5        002576
__end_of_TMR0_CallBack                    text34       002560
__end_of_TMR0_DefaultInterruptHandler     text35       0025F2
__end_of_TMR0_ISR                         text33       0024D0
__end_of_TMR0_Initialize                  text6        00246C
__end_of_TMR0_SetInterruptHandler         text8        0025DC
__end_of_TMR0_StartTimer                  text7        0025EA
__end_of_Timer0_10ms                      text36       0024A6
__end_of_ValidateDateTime                 text4        001732
__end_of_WriteLongInt                     text1        002086
__end_of___aldiv                          text2        001F04
__end_of___awdiv                          text31       00223A
__end_of___awmod                          text30       002324
__end_of___lwdiv                          text22       0023E6
__end_of___wmul                           text29       002542
__end_of__initialization                  cinit        0022AA
__end_of_main                             text0        0019E8
__end_ofi2___awmod                        text37       002394
__initialization                          cinit        00223A
__mediumconst                             mediumconst  000000
__pbssBANK0                               bssBANK0     000060
__pbssBANK1                               bssBANK1     000100
__pbssBIGRAM                              bssBIGRAM    0001F0
__pbssCOMRAM                              bssCOMRAM    000034
__pcinit                                  cinit        00223A
__pcstackBANK0                            cstackBANK0  0000D8
__pcstackCOMRAM                           cstackCOMRAM 000001
__pdataBANK0                              dataBANK0    0000B2
__pdataCOMRAM                             dataCOMRAM   000049
__pidataBANK0                             idataBANK0   0024D0
__pidataCOMRAM                            idataCOMRAM  0025EE
__pintcode                                intcode      000008
__psmallconst                             smallconst   000F00
__ptext0                                  text0        0018A8
__ptext1                                  text1        001FC6
__ptext10                                 text10       0024F6
__ptext11                                 text11       0025EA
__ptext12                                 text12       002576
__ptext13                                 text13       0019E8
__ptext14                                 text14       0025A0
__ptext15                                 text15       0025C4
__ptext16                                 text16       001184
__ptext17                                 text17       000F1A
__ptext18                                 text18       0013EA
__ptext19                                 text19       00258C
__ptext2                                  text2        001E38
__ptext20                                 text20       002122
__ptext21                                 text21       001D34
__ptext22                                 text22       002394
__ptext23                                 text23       001B08
__ptext24                                 text24       001F04
__ptext25                                 text25       0025B2
__ptext26                                 text26       001C1E
__ptext27                                 text27       0025DC
__ptext28                                 text28       001732
__ptext29                                 text29       00251C
__ptext3                                  text3        0023E6
__ptext30                                 text30       0022B4
__ptext31                                 text31       0021B6
__ptext33                                 text33       0024A6
__ptext34                                 text34       002542
__ptext35                                 text35       0025F0
__ptext36                                 text36       00246C
__ptext37                                 text37       002324
__ptext38                                 text38       000000
__ptext4                                  text4        0015AA
__ptext5                                  text5        002560
__ptext6                                  text6        00242C
__ptext7                                  text7        0025E6
__ptext8                                  text8        0025D2
__ptext9                                  text9        002086
__ramtop                                  ramtop       000F00
__size_of_EUSART1_Initialize              (abs)        000000
__size_of_EUSART1_Read                    (abs)        000000
__size_of_GetDay                          (abs)        000000
__size_of_INTERRUPT_Initialize            (abs)        000000
__size_of_INTERRUPT_InterruptManager      (abs)        000000
__size_of_Lcd_CharCP                      (abs)        000000
__size_of_Lcd_Command                     (abs)        000000
__size_of_Lcd_Delay5500us                 (abs)        000000
__size_of_Lcd_Delay5us                    (abs)        000000
__size_of_Lcd_Init                        (abs)        000000
__size_of_Lcd_Int                         (abs)        000000
__size_of_Lcd_Text                        (abs)        000000
__size_of_Lcd_WriteChar                   (abs)        000000
__size_of_LoadAllFromEeprom               (abs)        000000
__size_of_LoadEventsFromEeprom            (abs)        000000
__size_of_LoadSettingsFromEeprom          (abs)        000000
__size_of_LoadStatesFromEeprom            (abs)        000000
__size_of_OSCILLATOR_Initialize           (abs)        000000
__size_of_PIN_MANAGER_Initialize          (abs)        000000
__size_of_ReadEeprom                      (abs)        000000
__size_of_ReadGPSDateTime                 (abs)        000000
__size_of_SYSTEM_Initialize               (abs)        000000
__size_of_TMR0_CallBack                   (abs)        000000
__size_of_TMR0_DefaultInterruptHandler    (abs)        000000
__size_of_TMR0_ISR                        (abs)        000000
__size_of_TMR0_Initialize                 (abs)        000000
__size_of_TMR0_SetInterruptHandler        (abs)        000000
__size_of_TMR0_StartTimer                 (abs)        000000
__size_of_Timer0_10ms                     (abs)        000000
__size_of_ValidateDateTime                (abs)        000000
__size_of_WriteLongInt                    (abs)        000000
__size_of___aldiv                         (abs)        000000
__size_of___awdiv                         (abs)        000000
__size_of___awmod                         (abs)        000000
__size_of___lwdiv                         (abs)        000000
__size_of___wmul                          (abs)        000000
__size_of_main                            (abs)        000000
__size_ofi2___awmod                       (abs)        000000
__smallconst                              smallconst   000F00
_main                                     text0        0018A8
_timer0ReloadVal16bit                     bssCOMRAM    000038
btemp                                     temp         00004B
end_of_initialization                     cinit        0022AA
i2___awmod                                text37       002324
i2___awmod@counter                        cstackCOMRAM 000005
i2___awmod@dividend                       cstackCOMRAM 000001
i2___awmod@divisor                        cstackCOMRAM 000003
i2___awmod@sign                           cstackCOMRAM 000006
int$flags                                 temp         00004B
intlevel0                                 text         000000
intlevel1                                 text         000000
intlevel2                                 text         000000
intlevel3                                 text         000000
main@Date                                 cstackBANK0  0000E4
main@F11390                               dataBANK0    0000D1
main@F11392                               dataBANK0    0000CA
main@Time                                 cstackBANK0  0000DD
powerup                                   powerup      00008C
stackhi                                   (abs)        000E7D
stacklo                                   (abs)        0005B0
start                                     init         000092
start_initialization                      cinit        00223A


FUNCTION INFORMATION:

 *************** function _main *****************
 Defined at:
		line 53 in file "main.c"
 Parameters:    Size  Location     Type
		None
 Auto vars:     Size  Location     Type
  Date            7   12[BANK0 ] unsigned char [7]
  Time            7    5[BANK0 ] unsigned char [7]
 Return value:  Size  Location     Type
                  1    wreg      void 
 Registers used:
		wreg, fsr1l, fsr1h, fsr2l, fsr2h, status,2, status,0, tblptrl, tblptrh, tblptru, prodl, prodh, cstack
 Tracked objects:
		On entry : 
		On exit  : 
		Unchanged: 
 Data sizes:     COMRAM   BANK0   BANK1   BANK2   BANK3   BANK4   BANK5   BANK6   BANK7   BANK8   BANK9  BANK10  BANK11  BANK12  BANK13  BANK14
      Params:         0       0       0       0       0       0       0       0       0       0       0       0       0       0       0       0
      Locals:         0      14       0       0       0       0       0       0       0       0       0       0       0       0       0       0
      Temps:          0       1       0       0       0       0       0       0       0       0       0       0       0       0       0       0
      Totals:         0      15       0       0       0       0       0       0       0       0       0       0       0       0       0       0
Total ram usage:       15 bytes
 Hardware stack levels required when called:    9
 This function calls:
		_EUSART1_Initialize
		_GetDay
		_Lcd_Init
		_Lcd_Int
		_Lcd_Text
		_LoadAllFromEeprom
		_ReadGPSDateTime
		_SYSTEM_Initialize
		_TMR0_SetInterruptHandler
		_ValidateDateTime
		_WriteLongInt
 This function is called by:
		Startup code after reset
 This function uses a non-reentrant model


 *************** function _WriteLongInt *****************
 Defined at:
		line 183 in file "libs/HD44780.c"
 Parameters:    Size  Location     Type
  y               1    wreg     unsigned char 
  x               1   38[COMRAM] unsigned char 
  Val             4   39[COMRAM] long 
  size            1   43[COMRAM] char 
  Sign            1   44[COMRAM] unsigned char 
 Auto vars:     Size  Location     Type
  y               1   46[COMRAM] unsigned char 
  POS             1   45[COMRAM] char 
 Return value:  Size  Location     Type
                  1    wreg      void 
 Registers used:
		wreg, status,2, status,0, prodl, prodh, cstack
 Tracked objects:
		On entry : 
		On exit  : 
		Unchanged: 
 Data sizes:     COMRAM   BANK0   BANK1   BANK2   BANK3   BANK4   BANK5   BANK6   BANK7   BANK8   BANK9  BANK10  BANK11  BANK12  BANK13  BANK14
      Params:         7       0       0       0       0       0       0       0       0       0       0       0       0       0       0       0
      Locals:         2       0       0       0       0       0       0       0       0       0       0       0       0       0       0       0
      Temps:          0       0       0       0       0       0       0       0       0       0       0       0       0       0       0       0
      Totals:         9       0       0       0       0       0       0       0       0       0       0       0       0       0       0       0
Total ram usage:        9 bytes
 Hardware stack levels used:    1
 Hardware stack levels required when called:    8
 This function calls:
		_Lcd_WriteChar
		___aldiv
 This function is called by:
		_main
 This function uses a non-reentrant model


 *************** function ___aldiv *****************
 Defined at:
		line 8 in file "C:\Program Files (x86)\Microchip\xc8\v1.42\sources\common\aldiv.c"
 Parameters:    Size  Location     Type
  dividend        4   20[COMRAM] long 
  divisor         4   24[COMRAM] long 
 Auto vars:     Size  Location     Type
  quotient        4   30[COMRAM] long 
  sign            1   29[COMRAM] unsigned char 
  counter         1   28[COMRAM] unsigned char 
 Return value:  Size  Location     Type
                  4   20[COMRAM] long 
 Registers used:
		wreg, status,2, status,0
 Tracked objects:
		On entry : 
		On exit  : 
		Unchanged: 
 Data sizes:     COMRAM   BANK0   BANK1   BANK2   BANK3   BANK4   BANK5   BANK6   BANK7   BANK8   BANK9  BANK10  BANK11  BANK12  BANK13  BANK14
      Params:         8       0       0       0       0       0       0       0       0       0       0       0       0       0       0       0
      Locals:         6       0       0       0       0       0       0       0       0       0       0       0       0       0       0       0
      Temps:          0       0       0       0       0       0       0       0       0       0       0       0       0       0       0       0
      Totals:        14       0       0       0       0       0       0       0       0       0       0       0       0       0       0       0
Total ram usage:       14 bytes
 Hardware stack levels used:    1
 Hardware stack levels required when called:    5
 This function calls:
		Nothing
 This function is called by:
		_WriteLongInt
 This function uses a non-reentrant model


 *************** function _Lcd_WriteChar *****************
 Defined at:
		line 99 in file "libs/HD44780.c"
 Parameters:    Size  Location     Type
  y               1    wreg     unsigned char 
  x               1   34[COMRAM] unsigned char 
  c               1   35[COMRAM] unsigned char 
 Auto vars:     Size  Location     Type
  y               1   36[COMRAM] unsigned char 
  data            1   37[COMRAM] unsigned char 
 Return value:  Size  Location     Type
                  1    wreg      void 
 Registers used:
		wreg, status,2, status,0, cstack
 Tracked objects:
		On entry : 
		On exit  : 
		Unchanged: 
 Data sizes:     COMRAM   BANK0   BANK1   BANK2   BANK3   BANK4   BANK5   BANK6   BANK7   BANK8   BANK9  BANK10  BANK11  BANK12  BANK13  BANK14
      Params:         2       0       0       0       0       0       0       0       0       0       0       0       0       0       0       0
      Locals:         2       0       0       0       0       0       0       0       0       0       0       0       0       0       0       0
      Temps:          0       0       0       0       0       0       0       0       0       0       0       0       0       0       0       0
      Totals:         4       0       0       0       0       0       0       0       0       0       0       0       0       0       0       0
Total ram usage:        4 bytes
 Hardware stack levels used:    1
 Hardware stack levels required when called:    7
 This function calls:
		_Lcd_CharCP
		_Lcd_Command
 This function is called by:
		_WriteLongInt
		_Lcd_Disp_Bin
 This function uses a non-reentrant model


 *************** function _ValidateDateTime *****************
 Defined at:
		line 137 in file "libs/gps.c"
 Parameters:    Size  Location     Type
  Date            2   20[COMRAM] PTR unsigned char 
		 -> main@Date(7), 
  Time            2   22[COMRAM] PTR unsigned char 
		 -> main@Time(7), 
 Auto vars:     Size  Location     Type
  Item            1   25[COMRAM] char 
 Return value:  Size  Location     Type
                  1    wreg      enum E11037
 Registers used:
		wreg, fsr2l, fsr2h, status,2, status,0, prodl, prodh
 Tracked objects:
		On entry : 
		On exit  : 
		Unchanged: 
 Data sizes:     COMRAM   BANK0   BANK1   BANK2   BANK3   BANK4   BANK5   BANK6   BANK7   BANK8   BANK9  BANK10  BANK11  BANK12  BANK13  BANK14
      Params:         4       0       0       0       0       0       0       0       0       0       0       0       0       0       0       0
      Locals:         1       0       0       0       0       0       0       0       0       0       0       0       0       0       0       0
      Temps:          1       0       0       0       0       0       0       0       0       0       0       0       0       0       0       0
      Totals:         6       0       0       0       0       0       0       0       0       0       0       0       0       0       0       0
Total ram usage:        6 bytes
 Hardware stack levels used:    1
 Hardware stack levels required when called:    5
 This function calls:
		Nothing
 This function is called by:
		_main
 This function uses a non-reentrant model


 *************** function _SYSTEM_Initialize *****************
 Defined at:
		line 107 in file "mcc_generated_files/mcc.c"
 Parameters:    Size  Location     Type
		None
 Auto vars:     Size  Location     Type
		None
 Return value:  Size  Location     Type
                  1    wreg      void 
 Registers used:
		wreg, status,2, status,0, cstack
 Tracked objects:
		On entry : 
		On exit  : 
		Unchanged: 
 Data sizes:     COMRAM   BANK0   BANK1   BANK2   BANK3   BANK4   BANK5   BANK6   BANK7   BANK8   BANK9  BANK10  BANK11  BANK12  BANK13  BANK14
      Params:         0       0       0       0       0       0       0       0       0       0       0       0       0       0       0       0
      Locals:         0       0       0       0       0       0       0       0       0       0       0       0       0       0       0       0
      Temps:          0       0       0       0       0       0       0       0       0       0       0       0       0       0       0       0
      Totals:         0       0       0       0       0       0       0       0       0       0       0       0       0       0       0       0
Total ram usage:        0 bytes
 Hardware stack levels used:    1
 Hardware stack levels required when called:    7
 This function calls:
		_EUSART1_Initialize
		_INTERRUPT_Initialize
		_OSCILLATOR_Initialize
		_PIN_MANAGER_Initialize
		_TMR0_Initialize
 This function is called by:
		_main
 This function uses a non-reentrant model


 *************** function _TMR0_Initialize *****************
 Defined at:
		line 65 in file "mcc_generated_files/tmr0.c"
 Parameters:    Size  Location     Type
		None
 Auto vars:     Size  Location     Type
		None
 Return value:  Size  Location     Type
                  1    wreg      void 
 Registers used:
		wreg, status,2, status,0, cstack
 Tracked objects:
		On entry : 
		On exit  : 
		Unchanged: 
 Data sizes:     COMRAM   BANK0   BANK1   BANK2   BANK3   BANK4   BANK5   BANK6   BANK7   BANK8   BANK9  BANK10  BANK11  BANK12  BANK13  BANK14
      Params:         0       0       0       0       0       0       0       0       0       0       0       0       0       0       0       0
      Locals:         0       0       0       0       0       0       0       0       0       0       0       0       0       0       0       0
      Temps:          2       0       0       0       0       0       0       0       0       0       0       0       0       0       0       0
      Totals:         2       0       0       0       0       0       0       0       0       0       0       0       0       0       0       0
Total ram usage:        2 bytes
 Hardware stack levels used:    1
 Hardware stack levels required when called:    6
 This function calls:
		_TMR0_SetInterruptHandler
		_TMR0_StartTimer
 This function is called by:
		_SYSTEM_Initialize
 This function uses a non-reentrant model


 *************** function _TMR0_StartTimer *****************
 Defined at:
		line 97 in file "mcc_generated_files/tmr0.c"
 Parameters:    Size  Location     Type
		None
 Auto vars:     Size  Location     Type
		None
 Return value:  Size  Location     Type
                  1    wreg      void 
 Registers used:
		None
 Tracked objects:
		On entry : 
		On exit  : 
		Unchanged: 
 Data sizes:     COMRAM   BANK0   BANK1   BANK2   BANK3   BANK4   BANK5   BANK6   BANK7   BANK8   BANK9  BANK10  BANK11  BANK12  BANK13  BANK14
      Params:         0       0       0       0       0       0       0       0       0       0       0       0       0       0       0       0
      Locals:         0       0       0       0       0       0       0       0       0       0       0       0       0       0       0       0
      Temps:          0       0       0       0       0       0       0       0       0       0       0       0       0       0       0       0
      Totals:         0       0       0       0       0       0       0       0       0       0       0       0       0       0       0       0
Total ram usage:        0 bytes
 Hardware stack levels used:    1
 Hardware stack levels required when called:    5
 This function calls:
		Nothing
 This function is called by:
		_TMR0_Initialize
 This function uses a non-reentrant model


 *************** function _TMR0_SetInterruptHandler *****************
 Defined at:
		line 169 in file "mcc_generated_files/tmr0.c"
 Parameters:    Size  Location     Type
  InterruptHan    2   20[COMRAM] PTR FTN()void 
		 -> Timer0_10ms(1), TMR0_DefaultInterruptHandler(1), 
 Auto vars:     Size  Location     Type
		None
 Return value:  Size  Location     Type
                  1    wreg      void 
 Registers used:
		wreg, status,2, status,0
 Tracked objects:
		On entry : 
		On exit  : 
		Unchanged: 
 Data sizes:     COMRAM   BANK0   BANK1   BANK2   BANK3   BANK4   BANK5   BANK6   BANK7   BANK8   BANK9  BANK10  BANK11  BANK12  BANK13  BANK14
      Params:         2       0       0       0       0       0       0       0       0       0       0       0       0       0       0       0
      Locals:         0       0       0       0       0       0       0       0       0       0       0       0       0       0       0       0
      Temps:          0       0       0       0       0       0       0       0       0       0       0       0       0       0       0       0
      Totals:         2       0       0       0       0       0       0       0       0       0       0       0       0       0       0       0
Total ram usage:        2 bytes
 Hardware stack levels used:    1
 Hardware stack levels required when called:    5
 This function calls:
		Nothing
 This function is called by:
		_TMR0_Initialize
		_main
 This function uses a non-reentrant model


 *************** function _PIN_MANAGER_Initialize *****************
 Defined at:
		line 52 in file "mcc_generated_files/pin_manager.c"
 Parameters:    Size  Location     Type
		None
 Auto vars:     Size  Location     Type
  state           1   20[COMRAM] unsigned char 
 Return value:  Size  Location     Type
                  1    wreg      void 
 Registers used:
		wreg, status,2
 Tracked objects:
		On entry : 
		On exit  : 
		Unchanged: 
 Data sizes:     COMRAM   BANK0   BANK1   BANK2   BANK3   BANK4   BANK5   BANK6   BANK7   BANK8   BANK9  BANK10  BANK11  BANK12  BANK13  BANK14
      Params:         0       0       0       0       0       0       0       0       0       0       0       0       0       0       0       0
      Locals:         1       0       0       0       0       0       0       0       0       0       0       0       0       0       0       0
      Temps:          0       0       0       0       0       0       0       0       0       0       0       0       0       0       0       0
      Totals:         1       0       0       0       0       0       0       0       0       0       0       0       0       0       0       0
Total ram usage:        1 bytes
 Hardware stack levels used:    1
 Hardware stack levels required when called:    5
 This function calls:
		Nothing
 This function is called by:
		_SYSTEM_Initialize
 This function uses a non-reentrant model


 *************** function _OSCILLATOR_Initialize *****************
 Defined at:
		line 117 in file "mcc_generated_files/mcc.c"
 Parameters:    Size  Location     Type
		None
 Auto vars:     Size  Location     Type
		None
 Return value:  Size  Location     Type
                  1    wreg      void 
 Registers used:
		wreg, status,2
 Tracked objects:
		On entry : 
		On exit  : 
		Unchanged: 
 Data sizes:     COMRAM   BANK0   BANK1   BANK2   BANK3   BANK4   BANK5   BANK6   BANK7   BANK8   BANK9  BANK10  BANK11  BANK12  BANK13  BANK14
      Params:         0       0       0       0       0       0       0       0       0       0       0       0       0       0       0       0
      Locals:         0       0       0       0       0       0       0       0       0       0       0       0       0       0       0       0
      Temps:          0       0       0       0       0       0       0       0       0       0       0       0       0       0       0       0
      Totals:         0       0       0       0       0       0       0       0       0       0       0       0       0       0       0       0
Total ram usage:        0 bytes
 Hardware stack levels used:    1
 Hardware stack levels required when called:    5
 This function calls:
		Nothing
 This function is called by:
		_SYSTEM_Initialize
 This function uses a non-reentrant model


 *************** function _INTERRUPT_Initialize *****************
 Defined at:
		line 51 in file "mcc_generated_files/interrupt_manager.c"
 Parameters:    Size  Location     Type
		None
 Auto vars:     Size  Location     Type
		None
 Return value:  Size  Location     Type
                  1    wreg      void 
 Registers used:
		None
 Tracked objects:
		On entry : 
		On exit  : 
		Unchanged: 
 Data sizes:     COMRAM   BANK0   BANK1   BANK2   BANK3   BANK4   BANK5   BANK6   BANK7   BANK8   BANK9  BANK10  BANK11  BANK12  BANK13  BANK14
      Params:         0       0       0       0       0       0       0       0       0       0       0       0       0       0       0       0
      Locals:         0       0       0       0       0       0       0       0       0       0       0       0       0       0       0       0
      Temps:          0       0       0       0       0       0       0       0       0       0       0       0       0       0       0       0
      Totals:         0       0       0       0       0       0       0       0       0       0       0       0       0       0       0       0
Total ram usage:        0 bytes
 Hardware stack levels used:    1
 Hardware stack levels required when called:    5
 This function calls:
		Nothing
 This function is called by:
		_SYSTEM_Initialize
 This function uses a non-reentrant model


 *************** function _EUSART1_Initialize *****************
 Defined at:
		line 55 in file "mcc_generated_files/eusart1.c"
 Parameters:    Size  Location     Type
		None
 Auto vars:     Size  Location     Type
		None
 Return value:  Size  Location     Type
                  1    wreg      void 
 Registers used:
		wreg, status,2
 Tracked objects:
		On entry : 
		On exit  : 
		Unchanged: 
 Data sizes:     COMRAM   BANK0   BANK1   BANK2   BANK3   BANK4   BANK5   BANK6   BANK7   BANK8   BANK9  BANK10  BANK11  BANK12  BANK13  BANK14
      Params:         0       0       0       0       0       0       0       0       0       0       0       0       0       0       0       0
      Locals:         0       0       0       0       0       0       0       0       0       0       0       0       0       0       0       0
      Temps:          0       0       0       0       0       0       0       0       0       0       0       0       0       0       0       0
      Totals:         0       0       0       0       0       0       0       0       0       0       0       0       0       0       0       0
Total ram usage:        0 bytes
 Hardware stack levels used:    1
 Hardware stack levels required when called:    5
 This function calls:
		Nothing
 This function is called by:
		_SYSTEM_Initialize
		_main
 This function uses a non-reentrant model


 *************** function _ReadGPSDateTime *****************
 Defined at:
		line 39 in file "libs/gps.c"
 Parameters:    Size  Location     Type
  Date            2   20[COMRAM] PTR unsigned char 
		 -> main@Date(7), 
  Time            2   22[COMRAM] PTR unsigned char 
		 -> main@Time(7), 
 Auto vars:     Size  Location     Type
  StartCode       7   28[COMRAM] const unsigned char [7]
  i               2   36[COMRAM] int 
  Pos             1   39[COMRAM] unsigned char 
  TempChar        1   38[COMRAM] unsigned char 
  Commas          1   35[COMRAM] unsigned char 
 Return value:  Size  Location     Type
                  1    wreg      void 
 Registers used:
		wreg, fsr2l, fsr2h, status,2, status,0, tblptrl, tblptrh, tblptru, prodl, prodh, cstack
 Tracked objects:
		On entry : 
		On exit  : 
		Unchanged: 
 Data sizes:     COMRAM   BANK0   BANK1   BANK2   BANK3   BANK4   BANK5   BANK6   BANK7   BANK8   BANK9  BANK10  BANK11  BANK12  BANK13  BANK14
      Params:         4       0       0       0       0       0       0       0       0       0       0       0       0       0       0       0
      Locals:        12       0       0       0       0       0       0       0       0       0       0       0       0       0       0       0
      Temps:          4       0       0       0       0       0       0       0       0       0       0       0       0       0       0       0
      Totals:        20       0       0       0       0       0       0       0       0       0       0       0       0       0       0       0
Total ram usage:       20 bytes
 Hardware stack levels used:    1
 Hardware stack levels required when called:    6
 This function calls:
		_EUSART1_Read
 This function is called by:
		_main
 This function uses a non-reentrant model


 *************** function _EUSART1_Read *****************
 Defined at:
		line 77 in file "mcc_generated_files/eusart1.c"
 Parameters:    Size  Location     Type
		None
 Auto vars:     Size  Location     Type
		None
 Return value:  Size  Location     Type
                  1    wreg      unsigned char 
 Registers used:
		wreg, status,2
 Tracked objects:
		On entry : 
		On exit  : 
		Unchanged: 
 Data sizes:     COMRAM   BANK0   BANK1   BANK2   BANK3   BANK4   BANK5   BANK6   BANK7   BANK8   BANK9  BANK10  BANK11  BANK12  BANK13  BANK14
      Params:         0       0       0       0       0       0       0       0       0       0       0       0       0       0       0       0
      Locals:         0       0       0       0       0       0       0       0       0       0       0       0       0       0       0       0
      Temps:          0       0       0       0       0       0       0       0       0       0       0       0       0       0       0       0
      Totals:         0       0       0       0       0       0       0       0       0       0       0       0       0       0       0       0
Total ram usage:        0 bytes
 Hardware stack levels used:    1
 Hardware stack levels required when called:    5
 This function calls:
		Nothing
 This function is called by:
		_ReadGPSDateTime
		_ShowRawData
		_ReadGPSTime
 This function uses a non-reentrant model


 *************** function _LoadAllFromEeprom *****************
 Defined at:
		line 137 in file "libs/eeprom.c"
 Parameters:    Size  Location     Type
		None
 Auto vars:     Size  Location     Type
		None
 Return value:  Size  Location     Type
                  1    wreg      void 
 Registers used:
		wreg, fsr2l, fsr2h, status,2, status,0, prodl, prodh, cstack
 Tracked objects:
		On entry : 
		On exit  : 
		Unchanged: 
 Data sizes:     COMRAM   BANK0   BANK1   BANK2   BANK3   BANK4   BANK5   BANK6   BANK7   BANK8   BANK9  BANK10  BANK11  BANK12  BANK13  BANK14
      Params:         0       0       0       0       0       0       0       0       0       0       0       0       0       0       0       0
      Locals:         0       0       0       0       0       0       0       0       0       0       0       0       0       0       0       0
      Temps:          0       0       0       0       0       0       0       0       0       0       0       0       0       0       0       0
      Totals:         0       0       0       0       0       0       0       0       0       0       0       0       0       0       0       0
Total ram usage:        0 bytes
 Hardware stack levels used:    1
 Hardware stack levels required when called:    7
 This function calls:
		_LoadEventsFromEeprom
		_LoadSettingsFromEeprom
		_LoadStatesFromEeprom
 This function is called by:
		_main
 This function uses a non-reentrant model


 *************** function _LoadStatesFromEeprom *****************
 Defined at:
		line 108 in file "libs/eeprom.c"
 Parameters:    Size  Location     Type
		None
 Auto vars:     Size  Location     Type
  j               2   43[COMRAM] int 
  j               2   41[COMRAM] int 
  i               2   47[COMRAM] int 
  AddStates       2   45[COMRAM] struct _WORD_VAL
  TempSpecialA    2   38[COMRAM] struct _WORD_VAL
  TempNormalAd    2   36[COMRAM] struct _WORD_VAL
  AddAudioSpec    2   34[COMRAM] struct _WORD_VAL
  AddAudioNorm    2   32[COMRAM] struct _WORD_VAL
  AudAddInc       1   40[COMRAM] unsigned char 
 Return value:  Size  Location     Type
                  1    wreg      void 
 Registers used:
		wreg, fsr2l, fsr2h, status,2, status,0, prodl, prodh, cstack
 Tracked objects:
		On entry : 
		On exit  : 
		Unchanged: 
 Data sizes:     COMRAM   BANK0   BANK1   BANK2   BANK3   BANK4   BANK5   BANK6   BANK7   BANK8   BANK9  BANK10  BANK11  BANK12  BANK13  BANK14
      Params:         0       0       0       0       0       0       0       0       0       0       0       0       0       0       0       0
      Locals:        17       0       0       0       0       0       0       0       0       0       0       0       0       0       0       0
      Temps:          4       0       0       0       0       0       0       0       0       0       0       0       0       0       0       0
      Totals:        21       0       0       0       0       0       0       0       0       0       0       0       0       0       0       0
Total ram usage:       21 bytes
 Hardware stack levels used:    1
 Hardware stack levels required when called:    6
 This function calls:
		_ReadEeprom
		___awdiv
		___wmul
 This function is called by:
		_LoadAllFromEeprom
 This function uses a non-reentrant model


 *************** function _LoadSettingsFromEeprom *****************
 Defined at:
		line 15 in file "libs/eeprom.c"
[...]
Total ram usage:        3 bytes
 Hardware stack levels used:    1
 Hardware stack levels required when called:    6
 This function calls:
		_Lcd_Delay5us
 This function is called by:
		_Lcd_Init
		_Lcd_Text
		_Lcd_WriteChar
		_Lcd_Int
		_Lcd_ConstText
 This function uses a non-reentrant model


 *************** function _Lcd_Delay5us *****************
 Defined at:
		line 150 in file "libs/HD44780.c"
 Parameters:    Size  Location     Type
		None
 Auto vars:     Size  Location     Type
		None
 Return value:  Size  Location     Type
                  1    wreg      void 
 Registers used:
		wreg
 Tracked objects:
		On entry : 
		On exit  : 
		Unchanged: 
 Data sizes:     COMRAM   BANK0   BANK1   BANK2   BANK3   BANK4   BANK5   BANK6   BANK7   BANK8   BANK9  BANK10  BANK11  BANK12  BANK13  BANK14
      Params:         0       0       0       0       0       0       0       0       0       0       0       0       0       0       0       0
      Locals:         0       0       0       0       0       0       0       0       0       0       0       0       0       0       0       0
      Temps:          0       0       0       0       0       0       0       0       0       0       0       0       0       0       0       0
      Totals:         0       0       0       0       0       0       0       0       0       0       0       0       0       0       0       0
Total ram usage:        0 bytes
 Hardware stack levels used:    1
 Hardware stack levels required when called:    5
 This function calls:
		Nothing
 This function is called by:
		_Lcd_Init
		_Lcd_CharCP
		_Lcd_Command
 This function uses a non-reentrant model


 *************** function _GetDay *****************
 Defined at:
		line 128 in file "libs/gps.c"
 Parameters:    Size  Location     Type
  Date            2   34[COMRAM] PTR unsigned char 
		 -> main@Date(7), 
 Auto vars:     Size  Location     Type
  y               2   46[COMRAM] int 
  m               1   45[COMRAM] unsigned char 
  d               1   44[COMRAM] unsigned char 
 Return value:  Size  Location     Type
                  1    wreg      char 
 Registers used:
		wreg, fsr2l, fsr2h, status,2, status,0, prodl, prodh, cstack
 Tracked objects:
		On entry : 
		On exit  : 
		Unchanged: 
 Data sizes:     COMRAM   BANK0   BANK1   BANK2   BANK3   BANK4   BANK5   BANK6   BANK7   BANK8   BANK9  BANK10  BANK11  BANK12  BANK13  BANK14
      Params:         2       0       0       0       0       0       0       0       0       0       0       0       0       0       0       0
      Locals:         4       0       0       0       0       0       0       0       0       0       0       0       0       0       0       0
      Temps:          8       0       0       0       0       0       0       0       0       0       0       0       0       0       0       0
      Totals:        14       0       0       0       0       0       0       0       0       0       0       0       0       0       0       0
Total ram usage:       14 bytes
 Hardware stack levels used:    1
 Hardware stack levels required when called:    6
 This function calls:
		___awdiv
		___awmod
		___wmul
 This function is called by:
		_main
 This function uses a non-reentrant model


 *************** function ___wmul *****************
 Defined at:
		line 15 in file "C:\Program Files (x86)\Microchip\xc8\v1.42\sources\common\Umul16.c"
 Parameters:    Size  Location     Type
  multiplier      2   20[COMRAM] unsigned int 
  multiplicand    2   22[COMRAM] unsigned int 
 Auto vars:     Size  Location     Type
  product         2   24[COMRAM] unsigned int 
 Return value:  Size  Location     Type
                  2   20[COMRAM] unsigned int 
 Registers used:
		wreg, status,2, status,0, prodl, prodh
 Tracked objects:
		On entry : 
		On exit  : 
		Unchanged: 
 Data sizes:     COMRAM   BANK0   BANK1   BANK2   BANK3   BANK4   BANK5   BANK6   BANK7   BANK8   BANK9  BANK10  BANK11  BANK12  BANK13  BANK14
      Params:         4       0       0       0       0       0       0       0       0       0       0       0       0       0       0       0
      Locals:         2       0       0       0       0       0       0       0       0       0       0       0       0       0       0       0
      Temps:          0       0       0       0       0       0       0       0       0       0       0       0       0       0       0       0
      Totals:         6       0       0       0       0       0       0       0       0       0       0       0       0       0       0       0
Total ram usage:        6 bytes
 Hardware stack levels used:    1
 Hardware stack levels required when called:    5
 This function calls:
		Nothing
 This function is called by:
		_GetDay
		_Lcd_Int
		_LoadSettingsFromEeprom
		_LoadEventsFromEeprom
		_LoadStatesFromEeprom
 This function uses a non-reentrant model


 *************** function ___awmod *****************
 Defined at:
		line 8 in file "C:\Program Files (x86)\Microchip\xc8\v1.42\sources\common\awmod.c"
 Parameters:    Size  Location     Type
  dividend        2   28[COMRAM] int 
  divisor         2   30[COMRAM] int 
 Auto vars:     Size  Location     Type
  sign            1   33[COMRAM] unsigned char 
  counter         1   32[COMRAM] unsigned char 
 Return value:  Size  Location     Type
                  2   28[COMRAM] int 
 Registers used:
		wreg, status,2, status,0
 Tracked objects:
		On entry : 
		On exit  : 
		Unchanged: 
 Data sizes:     COMRAM   BANK0   BANK1   BANK2   BANK3   BANK4   BANK5   BANK6   BANK7   BANK8   BANK9  BANK10  BANK11  BANK12  BANK13  BANK14
      Params:         4       0       0       0       0       0       0       0       0       0       0       0       0       0       0       0
      Locals:         2       0       0       0       0       0       0       0       0       0       0       0       0       0       0       0
      Temps:          0       0       0       0       0       0       0       0       0       0       0       0       0       0       0       0
      Totals:         6       0       0       0       0       0       0       0       0       0       0       0       0       0       0       0
Total ram usage:        6 bytes
 Hardware stack levels used:    1
 Hardware stack levels required when called:    5
 This function calls:
		Nothing
 This function is called by:
		_GetDay
 This function uses a non-reentrant model


 *************** function ___awdiv *****************
 Defined at:
		line 8 in file "C:\Program Files (x86)\Microchip\xc8\v1.42\sources\common\awdiv.c"
 Parameters:    Size  Location     Type
  dividend        2   20[COMRAM] int 
  divisor         2   22[COMRAM] int 
 Auto vars:     Size  Location     Type
  quotient        2   26[COMRAM] int 
  sign            1   25[COMRAM] unsigned char 
  counter         1   24[COMRAM] unsigned char 
 Return value:  Size  Location     Type
                  2   20[COMRAM] int 
 Registers used:
		wreg, status,2, status,0
 Tracked objects:
		On entry : 
		On exit  : 
		Unchanged: 
 Data sizes:     COMRAM   BANK0   BANK1   BANK2   BANK3   BANK4   BANK5   BANK6   BANK7   BANK8   BANK9  BANK10  BANK11  BANK12  BANK13  BANK14
      Params:         4       0       0       0       0       0       0       0       0       0       0       0       0       0       0       0
      Locals:         4       0       0       0       0       0       0       0       0       0       0       0       0       0       0       0
      Temps:          0       0       0       0       0       0       0       0       0       0       0       0       0       0       0       0
      Totals:         8       0       0       0       0       0       0       0       0       0       0       0       0       0       0       0
Total ram usage:        8 bytes
 Hardware stack levels used:    1
 Hardware stack levels required when called:    5
 This function calls:
		Nothing
 This function is called by:
		_GetDay
		_Lcd_Int
		_LoadStatesFromEeprom
 This function uses a non-reentrant model


 *************** function _INTERRUPT_InterruptManager *****************
 Defined at:
		line 57 in file "mcc_generated_files/interrupt_manager.c"
 Parameters:    Size  Location     Type
		None
 Auto vars:     Size  Location     Type
		None
 Return value:  Size  Location     Type
                  1    wreg      void 
 Registers used:
		wreg, status,2, status,0, pclath, tosl, cstack
 Tracked objects:
		On entry : 
		On exit  : 
		Unchanged: 
 Data sizes:     COMRAM   BANK0   BANK1   BANK2   BANK3   BANK4   BANK5   BANK6   BANK7   BANK8   BANK9  BANK10  BANK11  BANK12  BANK13  BANK14
      Params:         0       0       0       0       0       0       0       0       0       0       0       0       0       0       0       0
      Locals:         0       0       0       0       0       0       0       0       0       0       0       0       0       0       0       0
      Temps:         14       0       0       0       0       0       0       0       0       0       0       0       0       0       0       0
      Totals:        14       0       0       0       0       0       0       0       0       0       0       0       0       0       0       0
Total ram usage:       14 bytes
 Hardware stack levels used:    1
 Hardware stack levels required when called:    4
 This function calls:
		_TMR0_ISR
 This function is called by:
		Interrupt level 2
 This function uses a non-reentrant model


 *************** function _TMR0_ISR *****************
 Defined at:
		line 136 in file "mcc_generated_files/tmr0.c"
 Parameters:    Size  Location     Type
		None
 Auto vars:     Size  Location     Type
		None
 Return value:  Size  Location     Type
                  1    wreg      void 
 Registers used:
		wreg, status,2, status,0, pclath, tosl, cstack
 Tracked objects:
		On entry : 
		On exit  : 
		Unchanged: 
 Data sizes:     COMRAM   BANK0   BANK1   BANK2   BANK3   BANK4   BANK5   BANK6   BANK7   BANK8   BANK9  BANK10  BANK11  BANK12  BANK13  BANK14
      Params:         0       0       0       0       0       0       0       0       0       0       0       0       0       0       0       0
      Locals:         0       0       0       0       0       0       0       0       0       0       0       0       0       0       0       0
      Temps:          0       0       0       0       0       0       0       0       0       0       0       0       0       0       0       0
      Totals:         0       0       0       0       0       0       0       0       0       0       0       0       0       0       0       0
Total ram usage:        0 bytes
 Hardware stack levels used:    1
 Hardware stack levels required when called:    3
 This function calls:
		_TMR0_CallBack
 This function is called by:
		_INTERRUPT_InterruptManager
 This function uses a non-reentrant model


 *************** function _TMR0_CallBack *****************
 Defined at:
		line 159 in file "mcc_generated_files/tmr0.c"
 Parameters:    Size  Location     Type
		None
 Auto vars:     Size  Location     Type
		None
 Return value:  Size  Location     Type
                  1    wreg      void 
 Registers used:
		wreg, status,2, status,0, pclath, tosl, cstack
 Tracked objects:
		On entry : 
		On exit  : 
		Unchanged: 
 Data sizes:     COMRAM   BANK0   BANK1   BANK2   BANK3   BANK4   BANK5   BANK6   BANK7   BANK8   BANK9  BANK10  BANK11  BANK12  BANK13  BANK14
      Params:         0       0       0       0       0       0       0       0       0       0       0       0       0       0       0       0
      Locals:         0       0       0       0       0       0       0       0       0       0       0       0       0       0       0       0
      Temps:          0       0       0       0       0       0       0       0       0       0       0       0       0       0       0       0
      Totals:         0       0       0       0       0       0       0       0       0       0       0       0       0       0       0       0
Total ram usage:        0 bytes
 Hardware stack levels used:    1
 Hardware stack levels required when called:    2
 This function calls:
		Absolute function
		_TMR0_DefaultInterruptHandler
		_Timer0_10ms
 This function is called by:
		_TMR0_ISR
 This function uses a non-reentrant model


 *************** function _TMR0_DefaultInterruptHandler *****************
 Defined at:
		line 173 in file "mcc_generated_files/tmr0.c"
 Parameters:    Size  Location     Type
		None
 Auto vars:     Size  Location     Type
		None
 Return value:  Size  Location     Type
                  1    wreg      void 
 Registers used:
		None
 Tracked objects:
		On entry : 
		On exit  : 
		Unchanged: 
 Data sizes:     COMRAM   BANK0   BANK1   BANK2   BANK3   BANK4   BANK5   BANK6   BANK7   BANK8   BANK9  BANK10  BANK11  BANK12  BANK13  BANK14
      Params:         0       0       0       0       0       0       0       0       0       0       0       0       0       0       0       0
      Locals:         0       0       0       0       0       0       0       0       0       0       0       0       0       0       0       0
      Temps:          0       0       0       0       0       0       0       0       0       0       0       0       0       0       0       0
      Totals:         0       0       0       0       0       0       0       0       0       0       0       0       0       0       0       0
Total ram usage:        0 bytes
 Hardware stack levels used:    1
 This function calls:
		Nothing
 This function is called by:
		_TMR0_Initialize
		_TMR0_CallBack
 This function uses a non-reentrant model


 *************** function _Timer0_10ms *****************
 Defined at:
		line 3 in file "libs/projMain.c"
 Parameters:    Size  Location     Type
		None
 Auto vars:     Size  Location     Type
		None
 Return value:  Size  Location     Type
                  1    wreg      void 
 Registers used:
		wreg, status,2, status,0, cstack
 Tracked objects:
		On entry : 
		On exit  : 
		Unchanged: 
 Data sizes:     COMRAM   BANK0   BANK1   BANK2   BANK3   BANK4   BANK5   BANK6   BANK7   BANK8   BANK9  BANK10  BANK11  BANK12  BANK13  BANK14
      Params:         0       0       0       0       0       0       0       0       0       0       0       0       0       0       0       0
      Locals:         0       0       0       0       0       0       0       0       0       0       0       0       0       0       0       0
      Temps:          0       0       0       0       0       0       0       0       0       0       0       0       0       0       0       0
      Totals:         0       0       0       0       0       0       0       0       0       0       0       0       0       0       0       0
Total ram usage:        0 bytes
 Hardware stack levels used:    1
 Hardware stack levels required when called:    1
 This function calls:
		i2___awmod
 This function is called by:
		_main
		_TMR0_CallBack
 This function uses a non-reentrant model


 *************** function i2___awmod *****************
 Defined at:
		line 8 in file "C:\Program Files (x86)\Microchip\xc8\v1.42\sources\common\awmod.c"
 Parameters:    Size  Location     Type
  dividend        2    0[COMRAM] int 
  divisor         2    2[COMRAM] int 
 Auto vars:     Size  Location     Type
  __awmod         1    5[COMRAM] unsigned char 
  __awmod         1    4[COMRAM] unsigned char 
 Return value:  Size  Location     Type
                  2    0[COMRAM] int 
 Registers used:
		wreg, status,2, status,0
 Tracked objects:
		On entry : 
		On exit  : 
		Unchanged: 
 Data sizes:     COMRAM   BANK0   BANK1   BANK2   BANK3   BANK4   BANK5   BANK6   BANK7   BANK8   BANK9  BANK10  BANK11  BANK12  BANK13  BANK14
      Params:         4       0       0       0       0       0       0       0       0       0       0       0       0       0       0       0
      Locals:         2       0       0       0       0       0       0       0       0       0       0       0       0       0       0       0
      Temps:          0       0       0       0       0       0       0       0       0       0       0       0       0       0       0       0
      Totals:         6       0       0       0       0       0       0       0       0       0       0       0       0       0       0       0
Total ram usage:        6 bytes
 Hardware stack levels used:    1
 This function calls:
		Nothing
 This function is called by:
		_Timer0_10ms
 This function uses a non-reentrant model



MODULE INFORMATION

Module		Function		Class		Link	Load	Size
C:\Program Files (x86)\Microchip\xc8\v1.42\sources\common\lwdiv.c
		___lwdiv       		CODE           	2394	0000	83

C:\Program Files (x86)\Microchip\xc8\v1.42\sources\common\lwdiv.c estimated size: 83

C:\Program Files (x86)\Microchip\xc8\v1.42\sources\common\awdiv.c
		___awdiv       		CODE           	21B6	0000	133

C:\Program Files (x86)\Microchip\xc8\v1.42\sources\common\awdiv.c estimated size: 133

C:\Program Files (x86)\Microchip\xc8\v1.42\sources\common\aldiv.c
		___aldiv       		CODE           	1E38	0000	205

C:\Program Files (x86)\Microchip\xc8\v1.42\sources\common\aldiv.c estimated size: 205

mcc_generated_files/interrupt_manager.c
		_INTERRUPT_Initialize		CODE           	25EA	0000	5
		_INTERRUPT_InterruptManager		CODE           	0008	0000	133

mcc_generated_files/interrupt_manager.c estimated size: 138

mcc_generated_files/tmr0.c
		_TMR0_SetInterruptHandler		CODE           	25D2	0000	11
		_TMR0_DefaultInterruptHandler		CODE           	25F0	0000	3
		_TMR0_CallBack 		CODE           	2542	0000	31
		_TMR0_StartTimer		CODE           	25E6	0000	5
		_TMR0_ISR      		CODE           	24A6	0000	43
		_TMR0_Initialize		CODE           	242C	0000	65

mcc_generated_files/tmr0.c estimated size: 158

mcc_generated_files/pin_manager.c
		_PIN_MANAGER_Initialize		CODE           	2086	0000	157

mcc_generated_files/pin_manager.c estimated size: 157

libs/eeprom.c
		_LoadAllFromEeprom		CODE           	25C4	0000	15
		_LoadSettingsFromEeprom		CODE           	0F1A	0000	619
		_ReadEeprom    		CODE           	258C	0000	21
		_LoadStatesFromEeprom		CODE           	1184	0000	615
		_LoadEventsFromEeprom		CODE           	13EA	0000	449

libs/eeprom.c estimated size: 1719

libs/projMain.c
		_Timer0_10ms   		CODE           	246C	0000	59

libs/projMain.c estimated size: 59

shared
		__initialization		CODE           	223A	0000	113
		i2___awmod     		CODE           	2324	0000	113
		ReadGPSTime@F11391		SMALLCONST     	0F08	0000	8
		ReadGPSDateTime@F11399		SMALLCONST     	0F01	0000	8

shared estimated size: 242

mcc_generated_files/eusart1.c
		_EUSART1_Initialize		CODE           	2576	0000	23
		_EUSART1_Read  		CODE           	25A0	0000	19

mcc_generated_files/eusart1.c estimated size: 42

mcc_generated_files/mcc.c
		_OSCILLATOR_Initialize		CODE           	24F6	0000	39
		_SYSTEM_Initialize		CODE           	2560	0000	23

mcc_generated_files/mcc.c estimated size: 62

C:\Program Files (x86)\Microchip\xc8\v1.42\sources\common\awmod.c
		___awmod       		CODE           	22B4	0000	113

C:\Program Files (x86)\Microchip\xc8\v1.42\sources\common\awmod.c estimated size: 113

C:\Program Files (x86)\Microchip\xc8\v1.42\sources\common\Umul16.c
		___wmul        		CODE           	251C	0000	39

C:\Program Files (x86)\Microchip\xc8\v1.42\sources\common\Umul16.c estimated size: 39

main.c
		_main          		CODE           	18A8	0000	321

main.c estimated size: 321

libs/gps.c
		_GetDay        		CODE           	1732	0000	375
		_ValidateDateTime		CODE           	15AA	0000	393
		_ReadGPSDateTime		CODE           	19E8	0000	289

libs/gps.c estimated size: 1057

libs/HD44780.c
		_Lcd_WriteChar 		CODE           	23E6	0000	71
		_Lcd_Init      		CODE           	1F04	0000	195
		_Lcd_Command   		CODE           	1C1E	0000	279
		_Lcd_Text      		CODE           	2122	0000	149
		_Lcd_Delay5us  		CODE           	25DC	0000	11
		_Lcd_CharCP    		CODE           	1B08	0000	279
		_Lcd_Int       		CODE           	1D34	0000	261
		_Lcd_Delay5500us		CODE           	25B2	0000	19
		_WriteLongInt  		CODE           	1FC6	0000	193

libs/HD44780.c estimated size: 1457

