Microchip MPLAB XC8 Compiler V1.42 ()

Linker command line:

-W-3 --edf=C:\Program Files (x86)\Microchip\xc8\v1.42\dat\en_msgs.txt -cs \
  -h+dist/default/production\Proj004.X.production.sym \
  --cmf=dist/default/production\Proj004.X.production.cmf -z -Q18F26K40 \
  -oC:\Users\gadis\AppData\Local\Temp\sgvg.2 \
  -Mdist/default/production/Proj004.X.production.map -E1 -ver=XC8 \
  -ASTACK=06B0h-0e7dh -pstack=STACK -ACODE=00h-0FFFFh -ACONST=00h-0FFFFh \
  -ASMALLCONST=0F00h-0FFFhx241 -AMEDIUMCONST=0F00h-0FFFFh -ACOMRAM=01h-05Fh \
  -AABS1=00h-0E7Dh -ABIGRAM=01h-0E7Dh \
  -ARAM=060h-0FFh,0100h-01FFhx13,0E00h-0E7Dh -ABANK0=060h-0FFh \
  -ABANK1=0100h-01FFh -ABANK2=0200h-02FFh -ABANK3=0300h-03FFh \
  -ABANK4=0400h-04FFh -ABANK5=0500h-05FFh -ABANK6=0600h-06FFh \
  -ABANK7=0700h-07FFh -ABANK8=0800h-08FFh -ABANK9=0900h-09FFh \
  -ABANK10=0A00h-0AFFh -ABANK11=0B00h-0BFFh -ABANK12=0C00h-0CFFh \
  -ABANK13=0D00h-0DFFh -ABANK14=0E00h-0E7Dh \
  -ASFR=0E7Eh-0EFFh,0F00h-0F5Fh,0F60h-0FFFh \
  -preset_vec=00h,intcode=08h,intcodelo,powerup,init -pramtop=0F00h \
  -psmallconst=SMALLCONST -pmediumconst=MEDIUMCONST -pconst=CONST \
  -AFARRAM=00h-00h -ACONFIG=0300000h-030000Bh -pconfig=CONFIG \
  -AIDLOC=0200000h-020000Fh -pidloc=IDLOC -AEEDATA=0310000h-03103FFh \
  -peeprom_data=EEDATA \
  -prdata=COMRAM,nvrram=COMRAM,nvbit=COMRAM,rbss=COMRAM,rbit=COMRAM \
  -pfarbss=FARRAM,fardata=FARRAM,nvFARRAM=FARRAM \
  -pintsave_regs=BIGRAM,bigbss=BIGRAM,bigdata=BIGRAM -pbss=RAM \
  -pidata=CODE,irdata=CODE,ibigdata=CODE,ifardata=CODE -prparam=COMRAM \
  C:\Users\gadis\AppData\Local\Temp\sgvg.obj \
  dist/default/production\Proj004.X.production.obj \
  build/default/production/libs/powerup.obj 

Object code version is 3.11

Machine type is 18F26K40

Call graph: (short form)




                Name                               Link     Load   Length Selector   Space Scale
C:\Users\gadis\AppData\Local\Temp\sgvg.obj
                init                                 70       70        4        4       0
                reset_vec                             0        0        4        0       0
                idloc                            200000   200000       10   200000       0
                config                           300000   300000        C   300000       0
dist/default/production\Proj004.X.production.obj
                intcode                               8        8       62        4       0
                temp                                 5F       5F        1        1       1
                smallconst                          F00      F00        A      780       0
                text54                             2CC2     2CC2       1A      785       0
                text53                             2ABC     2ABC       3E      785       0
                text52                             2B32     2B32       38      785       0
                text51                             29A8     29A8       4A      785       0
                text50                             20E0     20E0       E6      785       0
                text49                             286A     286A       5C      785       0
                text48                             259A     259A       9A      785       0
                text47                             2634     2634       86      785       0
                text46                             237A     237A       C8      785       0
                text45                             2442     2442       B8      785       0
                text44                             2C28     2C28       24      785       0
                text43                              F0A      F0A      39E      785       0
                text42                             2D7C     2D7C        2      785       0
                text41                             2CA8     2CA8       1A      785       0
                text40                             2C6E     2C6E       20      785       0
                text38                             2C02     2C02       26      785       0
                text37                             1AB0     1AB0      12C      785       0
                text36                             2D2E     2D2E       14      785       0
                text35                             196A     196A      146      785       0
                text34                             2912     2912       4C      785       0
                text33                             17FA     17FA      170      785       0
                text32                             12A8     12A8      1DE      785       0
                text31                             26BA     26BA       78      785       0
                text30                             164E     164E      1AC      785       0
                text29                             2D54     2D54       10      785       0
                text28                             2A7E     2A7E       3E      785       0
                text27                             2BA0     2BA0       32      785       0
                text26                             28C6     28C6       4C      785       0
                text25                             1F04     1F04       F0      785       0
                text24                             2B6A     2B6A       36      785       0
                text23                             295E     295E       4A      785       0
                text22                             21C6     21C6       E2      785       0
                text21                             1BDC     1BDC      124      785       0
                text20                             2D1A     2D1A       14      785       0
                text19                             279C     279C       68      785       0
                text18                             1D00     1D00      110      785       0
                text17                             2D42     2D42       12      785       0
                text16                             22A8     22A8       D2      785       0
                text15                             1E10     1E10       F4      785       0
                text14                             1FF4     1FF4       EC      785       0
                text13                             1486     1486      1C8      785       0
                text12                             2732     2732       6A      785       0
                text11                             2D78     2D78        4      785       0
                text10                             2CDC     2CDC       16      785       0
                text9                              2804     2804       66      785       0
                text8                              2D64     2D64        A      785       0
                text7                              2D74     2D74        4      785       0
                text6                              2C4C     2C4C       22      785       0
                text5                              2D06     2D06       14      785       0
                text4                              2D6E     2D6E        6      785       0
                text3                              2C8E     2C8E       1A      785       0
                text2                              2AFA     2AFA       38      785       0
                text1                              29F2     29F2       48      785       0
                text0                              2A3A     2A3A       44      785       0
                cstackCOMRAM                          1        1       4C        1       1
                cstackBANK0                          60       60       4E       60       1
                bssBIGRAM                           2F0      2F0      3C0      2F0       1
                bssBANK2                            200      200       F0      200       1
                dataBANK1                           144      144       30      100       1
                bssBANK1                            100      100       44      100       1
                dataBANK0                            EA       EA       14       60       1
                bssBANK0                             AE       AE       3C       60       1
                dataCOMRAM                           5E       5E        1        1       1
                bssCOMRAM                            4D       4D       11        1       1
                cinit                              24FA     24FA       A0      785       0
                idataBANK1                         2BD2     2BD2       30      785       0
                idataBANK0                         2CF2     2CF2       14      785       0
                idataCOMRAM                        2D7E     2D7E        1      785       0
build/default/production/libs/powerup.obj
                powerup                              6A       6A        6        4       0

TOTAL           Name                               Link     Load   Length     Space
        CLASS   STACK          

        CLASS   CODE           
                intcode                               8        8       62         0
                init                                 70       70        4         0
                powerup                              6A       6A        6         0
                reset_vec                             0        0        4         0
                text54                             2CC2     2CC2       1A         0
                text53                             2ABC     2ABC       3E         0
                text52                             2B32     2B32       38         0
                text51                             29A8     29A8       4A         0
                text50                             20E0     20E0       E6         0
                text49                             286A     286A       5C         0
                text48                             259A     259A       9A         0
                text47                             2634     2634       86         0
                text46                             237A     237A       C8         0
                text45                             2442     2442       B8         0
                text44                             2C28     2C28       24         0
                text43                              F0A      F0A      39E         0
                text42                             2D7C     2D7C        2         0
                text41                             2CA8     2CA8       1A         0
                text40                             2C6E     2C6E       20         0
                text38                             2C02     2C02       26         0
                text37                             1AB0     1AB0      12C         0
                text36                             2D2E     2D2E       14         0
                text35                             196A     196A      146         0
                text34                             2912     2912       4C         0
                text33                             17FA     17FA      170         0
                text32                             12A8     12A8      1DE         0
                text31                             26BA     26BA       78         0
                text30                             164E     164E      1AC         0
                text29                             2D54     2D54       10         0
                text28                             2A7E     2A7E       3E         0
                text27                             2BA0     2BA0       32         0
                text26                             28C6     28C6       4C         0
                text25                             1F04     1F04       F0         0
                text24                             2B6A     2B6A       36         0
                text23                             295E     295E       4A         0
                text22                             21C6     21C6       E2         0
                text21                             1BDC     1BDC      124         0
                text20                             2D1A     2D1A       14         0
                text19                             279C     279C       68         0
                text18                             1D00     1D00      110         0
                text17                             2D42     2D42       12         0
                text16                             22A8     22A8       D2         0
                text15                             1E10     1E10       F4         0
                text14                             1FF4     1FF4       EC         0
                text13                             1486     1486      1C8         0
                text12                             2732     2732       6A         0
                text11                             2D78     2D78        4         0
                text10                             2CDC     2CDC       16         0
                text9                              2804     2804       66         0
                text8                              2D64     2D64        A         0
                text7                              2D74     2D74        4         0
                text6                              2C4C     2C4C       22         0
                text5                              2D06     2D06       14         0
                text4                              2D6E     2D6E        6         0
                text3                              2C8E     2C8E       1A         0
                text2                              2AFA     2AFA       38         0
                text1                              29F2     29F2       48         0
                text0                              2A3A     2A3A       44         0
                cinit                              24FA     24FA       A0         0
                idataBANK1                         2BD2     2BD2       30         0
                idataBANK0                         2CF2     2CF2       14         0
                idataCOMRAM                        2D7E     2D7E        1         0

        CLASS   CONST          

        CLASS   SMALLCONST     
                smallconst                          F00      F00        A         0

        CLASS   MEDIUMCONST    

        CLASS   COMRAM         
                temp                                 5F       5F        1         1
                cstackCOMRAM                          1        1       4C         1
                dataCOMRAM                           5E       5E        1         1
                bssCOMRAM                            4D       4D       11         1

        CLASS   ABS1           

        CLASS   BIGRAM         
                bssBIGRAM                           2F0      2F0      3C0         1

        CLASS   RAM            

        CLASS   BANK0          
                cstackBANK0                          60       60       4E         1
                dataBANK0                            EA       EA       14         1
                bssBANK0                             AE       AE       3C         1

        CLASS   BANK1          
                dataBANK1                           144      144       30         1
                bssBANK1                            100      100       44         1

        CLASS   BANK2          
                bssBANK2                            200      200       F0         1

        CLASS   BANK3          

        CLASS   BANK4          

        CLASS   BANK5          

        CLASS   BANK6          

        CLASS   BANK7          

        CLASS   BANK8          

        CLASS   BANK9          

        CLASS   BANK10         

        CLASS   BANK11         

        CLASS   BANK12         

        CLASS   BANK13         

        CLASS   BANK14         

        CLASS   SFR            

        CLASS   FARRAM         

        CLASS   CONFIG         
                config                           300000   300000        C         0

        CLASS   IDLOC          
                idloc                            200000   200000       10         0

        CLASS   EEDATA         



SEGMENTS        Name                           Load    Length   Top    Selector   Space  Class

                reset_vec                      000000  000004  000004         0       0  CODE    
                cstackCOMRAM                   000001  00005F  000060         1       1  COMRAM  
                intcode                        000008  00006C  000074         4       0  CODE    
                cstackBANK0                    000060  00009E  0000FE        60       1  BANK0   
                bssBANK1                       000100  000074  000174       100       1  BANK1   
                bssBANK2                       000200  0000F0  0002F0       200       1  BANK2   
                bssBIGRAM                      0002F0  0003C0  0006B0       2F0       1  BIGRAM  
                smallconst                     000F00  00000A  000F0A       780       0  SMALLCON
                text43                         000F0A  001E75  002D7F       785       0  CODE    
                idloc                          200000  000010  200010    200000       0  IDLOC   
                config                         300000  00000C  30000C    300000       0  CONFIG  


UNUSED ADDRESS RANGES

        Name                Unused          Largest block    Delta
        BANK0            0000FE-0000FF                2
        BANK1            000174-0001FF               8C
        BANK10           000A00-000AFF              100
        BANK11           000B00-000BFF              100
        BANK12           000C00-000CFF              100
        BANK13           000D00-000DFF              100
        BANK14           000E00-000E7D               7E
        BANK6            0006B0-0006FF               50
        BANK7            000700-0007FF              100
        BANK8            000800-0008FF              100
        BANK9            000900-0009FF              100
        BIGRAM           0000FE-0000FF                2
                         000174-0001FF               8C
                         0006B0-000E7D              7CE
        CODE             000004-000007                4
                         000074-000EFF              E8C
                         002D7F-00FFFF             D281
        CONST            000004-000007                4
                         000074-000EFF              E8C
                         002D7F-00FFFF             D281
        EEDATA           310000-3103FF              400
        MEDIUMCONST      002D7F-00FFFF             D281
        RAM              0000FE-0000FF                2
                         000174-0001FF               8C
                         0006B0-000E7D              100
        SFR              000E7E-000FFF               82
        SMALLCONST       002D7F-00FFFF              100
        STACK            0006B0-000E7D              7CE

                                  Symbol Table

?_AdjustDayLightSaving                    cstackBANK0  000089
?_DecreaseByADay                          cstackBANK0  00007B
?_DecreaseByAMonth                        cstackBANK0  000070
?_DecreaseByAYear                         cstackBANK0  000065
?_IncreaseByADay                          cstackBANK0  00007B
?_IncreaseByAMonth                        cstackBANK0  000070
?_IncreaseByASecond                       cstackCOMRAM 00002A
?_IncreaseByAYear                         cstackBANK0  000065
?_TimeTextToSecond                        cstackBANK0  00006C
?___almod                                 cstackCOMRAM 000001
?___awdiv                                 cstackBANK0  000060
?___awmod                                 cstackBANK0  000068
?___ftmul                                 cstackCOMRAM 00000D
?___ftpack                                cstackCOMRAM 000001
?___fttol                                 cstackCOMRAM 00001C
?___lbtoft                                cstackCOMRAM 000009
?___lmul                                  cstackBANK0  000060
?___lwmod                                 cstackBANK0  000060
?___wmul                                  cstackBANK0  000060
?i2_IncreaseByADay                        cstackCOMRAM 00001C
?i2_IncreaseByAMonth                      cstackCOMRAM 000011
?i2_IncreaseByAYear                       cstackCOMRAM 000006
?i2___lwmod                               cstackCOMRAM 000001
AdjustDayLightSaving@End                  cstackBANK0  000096
AdjustDayLightSaving@Present              cstackBANK0  000098
AdjustDayLightSaving@Start                cstackBANK0  000094
AdjustDayLightSaving@dt                   cstackBANK0  000089
DecreaseByADay@MonthDays                  cstackBANK0  000087
DecreaseByADay@dt                         cstackBANK0  00007B
DecreaseByAMonth@dt                       cstackBANK0  000070
DecreaseByAYear@dt                        cstackBANK0  000065
GetDay@Date                               cstackBANK0  00006E
GetDay@d                                  cstackBANK0  000075
GetDay@m                                  cstackBANK0  000076
GetDay@t                                  dataBANK1    00015C
GetDay@y                                  cstackBANK0  000077
GetEventNumber@i                          cstackBANK0  00006F
IncreaseByADay@MonthDays                  cstackBANK0  000088
IncreaseByADay@dt                         cstackBANK0  00007B
IncreaseByAMonth@dt                       cstackBANK0  000070
IncreaseByASecond@dt                      cstackCOMRAM 00002A
IncreaseByAYear@dt                        cstackBANK0  000065
LoadCyclesFromEeprom@Address              cstackBANK0  00006D
LoadCyclesFromEeprom@i                    cstackBANK0  000071
LoadCyclesFromEeprom@i_1464               cstackBANK0  000073
LoadCyclesFromEeprom@j                    cstackBANK0  00006F
LoadEventsFromEeprom@Address              cstackBANK0  000076
LoadEventsFromEeprom@Temp16               cstackBANK0  000078
LoadEventsFromEeprom@i                    cstackBANK0  000074
LoadSettingsFromEeprom@Address            cstackBANK0  00006C
LoadSettingsFromEeprom@Temp16             cstackBANK0  00006A
LoadSettingsFromEeprom@Temp32             cstackBANK0  000066
LoadStatesFromEeprom@AddAudioNormal       cstackBANK0  00006B
LoadStatesFromEeprom@AddAudioSpecial      cstackBANK0  00006D
LoadStatesFromEeprom@AddStates            cstackBANK0  000078
LoadStatesFromEeprom@AudAddInc            cstackBANK0  000073
LoadStatesFromEeprom@TempNormalAdd        cstackBANK0  00006F
LoadStatesFromEeprom@TempSpecialAdd       cstackBANK0  000071
LoadStatesFromEeprom@i                    cstackBANK0  00007A
LoadStatesFromEeprom@j                    cstackBANK0  000074
LoadStatesFromEeprom@j_1399               cstackBANK0  000076
PIN_MANAGER_Initialize@state              cstackBANK0  000060
PL10                                      text14       002096
PL100                                     text25       001FE0
PL102                                     text50       0021BC
PL104                                     text47       0026A6
PL106                                     text25       001FEA
PL108                                     text47       0026B0
PL110                                     text43       001294
PL112                                     text22       00229E
PL114                                     text18       001E06
PL116                                     text24       002B98
PL118                                     text30       0017E8
PL12                                      text37       001B8C
PL120                                     text43       00129E
PL122                                     text21       001CF8
PL124                                     text52       002B62
PL126                                     text30       0017F2
PL14                                      text18       001DF0
PL16                                      text30       0017AC
PL18                                      text43       0011CE
PL2                                       text35       001A84
PL20                                      text33       0018B4
PL22                                      text33       0018E0
PL24                                      text43       0011E2
PL26                                      text43       0011F8
PL28                                      text33       001908
PL30                                      text33       001924
PL32                                      text33       00192C
PL34                                      text37       001B9C
PL36                                      text43       00121C
PL38                                      text43       00122E
PL4                                       text35       001A9E
PL40                                      text37       001BBC
PL42                                      text14       0020AA
PL44                                      text33       00193C
PL46                                      text14       0020B4
PL48                                      text15       001EE6
PL50                                      text14       0020BE
PL52                                      text33       00194A
PL54                                      text33       001960
PL56                                      text14       0020CA
PL58                                      text30       0017BC
PL6                                       text35       001AA6
PL60                                      text37       001BC4
PL62                                      text25       001FD2
PL64                                      text54       002CC8
PL66                                      text30       0017CA
PL68                                      text48       002622
PL70                                      text13       001642
PL72                                      text15       001EFC
PL74                                      text18       001DFA
PL76                                      text30       0017DC
PL78                                      text43       001240
PL8                                       text32       00147C
PL80                                      text43       001250
PL82                                      text14       0020D6
PL84                                      text43       001260
PL86                                      text37       001BCE
PL88                                      text43       00126E
PL90                                      text46       00242C
PL92                                      text43       00127C
PL94                                      text43       00128A
PL96                                      text21       001CEE
PL98                                      text46       00243A
ReadEeprom@Address                        cstackBANK0  000060
ReadGPSDateTime@Commas                    cstackBANK0  000070
ReadGPSDateTime@Date                      cstackBANK0  000060
ReadGPSDateTime@F11467                    smallconst   000F01
ReadGPSDateTime@Pos                       cstackBANK0  000072
ReadGPSDateTime@StartCode                 cstackBANK0  000066
ReadGPSDateTime@TempChar                  cstackBANK0  000071
ReadGPSDateTime@Time                      cstackBANK0  000061
ReadGPSDateTime@i                         cstackBANK0  00006E
ReadGPS_DATE_TIME@Date                    cstackBANK0  0000A5
ReadGPS_DATE_TIME@F11474                  dataBANK0    0000F1
ReadGPS_DATE_TIME@F11476                  dataBANK0    0000EA
ReadGPS_DATE_TIME@IsValidGPS              cstackBANK0  0000AC
ReadGPS_DATE_TIME@TempItr                 cstackBANK0  0000AD
ReadGPS_DATE_TIME@Time                    cstackBANK0  00009E
TMR0_ISR@CountCallBack                    bssBANK0     0000DC
TMR0_SetInterruptHandler@InterruptHandler cstackBANK0  000060
TimeTextToSecond@Second                   cstackBANK0  000080
TimeTextToSecond@Time                     cstackBANK0  00006C
Timer0_10ms@OutForThePorts                cstackCOMRAM 00003F
Timer0_10ms@ThisCycle                     cstackCOMRAM 00003C
Timer0_10ms@ThisCycle_2898                cstackCOMRAM 00003A
Timer0_10ms@i                             cstackCOMRAM 00003B
Timer0_10ms@i_2891                        cstackCOMRAM 00003D
Timer0_10ms@i_2892                        cstackCOMRAM 000041
Timer0_10ms@i_2893                        cstackCOMRAM 000042
Timer0_10ms@i_2894                        cstackCOMRAM 00003E
ValidateDateTime@Date                     cstackBANK0  000060
ValidateDateTime@Item                     cstackBANK0  000063
ValidateDateTime@Time                     cstackBANK0  000061
VerifyForGPSOnTIme@TimeDiff               cstackBANK0  000060
_ANSELA                                   (abs)        000F11
_ANSELB                                   (abs)        000F19
_ANSELC                                   (abs)        000F21
_AUDIO_NORMAL_OFF_TIME                    bssCOMRAM    000059
_AUDIO_NORMAL_ON_TIME                     bssCOMRAM    00005A
_AUDIO_SPECIAL_OFF_TIME                   bssBANK0     0000E9
_AUDIO_SPECIAL_ON_TIME                    bssCOMRAM    000058
_AdjustDayLightSaving                     text21       001BDC
_BAUD1CON                                 (abs)        000F9F
_BLINK_LAST_X_SECONDS                     bssCOMRAM    00005B
_BLINK_OFF_TIME                           bssCOMRAM    00005C
_BLINK_ON_TIME                            bssCOMRAM    00005D
_BLINK_STATE_ON_OFF_COUNTER               bssCOMRAM    000053
_CENTI_SECOND_COUNT                       bssCOMRAM    000054
_CENTURY                                  dataBANK0    0000FD
_CYCLES                                   bssBANK1     000100
_CYCLE_DELAY                              bssBANK0     0000E0
_DATE_TIME                                bssBANK0     0000B9
_DAY_LIGHT_END                            bssBANK0     0000D4
_DAY_LIGHT_START                          bssBANK0     0000D8
_DecreaseByADay                           text25       001F04
_DecreaseByAMonth                         text26       0028C6
_DecreaseByAYear                          text27       002BA0
_EUSART1_Initialize                       text20       002D1A
_EUSART1_Read                             text17       002D42
_EVENTS                                   bssBANK2     000200
_FLAGS_0                                  bssBANK0     0000E4
_FLAGS_1                                  bssCOMRAM    00004F
_GIE                                      (abs)        007F97
_GPS_DATE_TIME                            bssBANK0     0000AE
_GPS_SYNC_AT_START                        bssBANK0     0000E7
_GPS_SYNC_EVERY_DAY_AT_LOCAL_TIME         bssBANK0     0000CC
_GPS_SYNC_EVERY_x_SECONDS                 bssBANK0     0000D0
_GetDay                                   text18       001D00
_GetEventNumber                           text37       001AB0
_GetThisCycle                             text54       002CC2
_INTCONbits                               (abs)        000FF2
_INTERRUPT_Initialize                     text11       002D78
_INTERRUPT_InterruptManager               intcode      000008
_IncreaseByADay                           text22       0021C6
_IncreaseByAMonth                         text23       00295E
_IncreaseByASecond                        text49       00286A
_IncreaseByAYear                          text24       002B6A
_LATA                                     (abs)        000F83
_LATB                                     (abs)        000F84
_LATC                                     (abs)        000F85
_LATCbits                                 (abs)        000F85
_LIGHTS                                   dataBANK0    0000F8
_LoadAllFromEeprom                        text29       002D54
_LoadCyclesFromEeprom                     text35       00196A
_LoadEventsFromEeprom                     text33       0017FA
_LoadSettingsFromEeprom                   text32       0012A8
_LoadStatesFromEeprom                     text30       00164E
_NEXT_EVENT                               dataBANK0    0000FC
_NEXT_STATE                               bssBANK0     0000E6
_NORMAL_AUDIO_STATE_ON_OFF_COUNTER        bssCOMRAM    000052
_NO_OF_TIMES_GPS_FAILED                   bssBANK0     0000E5
_NVMADRH                                  (abs)        000F7F
_NVMADRL                                  (abs)        000F7E
_NVMCON1bits                              (abs)        000F81
_NVMDAT                                   (abs)        000F80
_ODCONA                                   (abs)        000F0F
_ODCONB                                   (abs)        000F17
_ODCONC                                   (abs)        000F1F
_OSCCON1                                  (abs)        000ED8
_OSCCON3                                  (abs)        000EDA
_OSCEN                                    (abs)        000EDC
_OSCFRQ                                   (abs)        000EDE
_OSCILLATOR_Initialize                    text10       002CDC
_OSCTUNE                                  (abs)        000EDD
_PIE0bits                                 (abs)        000EC2
_PIN_MANAGER_Initialize                   text9        002804
_PIR0bits                                 (abs)        000ECA
_PIR3bits                                 (abs)        000ECD
_PLLR                                     (abs)        0076D8
_PPSLOCK                                  (abs)        000EA0
_PPSLOCKbits                              (abs)        000EA0
_PRESENT_EVENT                            dataCOMRAM   00005E
_PRESENT_STATE                            bssCOMRAM    000057
_RC1REG                                   (abs)        000F99
_RC1STA                                   (abs)        000F9D
_RC1STAbits                               (abs)        000F9D
_RC6PPS                                   (abs)        000EFD
_RX1PPSbits                               (abs)        000EB5
_ReadEeprom                               text36       002D2E
_ReadGPS                                  text12       002732
_ReadGPSDateTime                          text16       0022A8
_ReadGPS_DATE_TIME                        text13       001486
_SECONDS_TO_ADJUST                        bssCOMRAM    00004D
_SECONDS_TO_ADJUST_PART                   bssCOMRAM    000050
_SP1BRGH                                  (abs)        000F9C
_SP1BRGL                                  (abs)        000F9B
_SPECIAL_AUDIO_LAST_X_SECONDS             bssBANK0     0000E8
_SPECIAL_AUDIO_STATE_ON_OFF_COUNTER       bssCOMRAM    000051
_STATES                                   bssBIGRAM    0002F0
_STATE_SECONDS                            bssCOMRAM    000056
_STATE_SECONDS_REMAINING                  bssCOMRAM    000055
_SYSTEM_Initialize                        text5        002D06
_StopGPS                                  text4        002D6E
_SwitchOnGPS                              text3        002C8E
_T0CON0                                   (abs)        000FD5
_T0CON0bits                               (abs)        000FD5
_T0CON1                                   (abs)        000FD6
_TIME_AT_LAST_GPS_SYNC                    bssBANK0     0000C4
_TIME_WHEN_GPS_IS_SWITCHED_ON             bssBANK0     0000C8
_TIME_ZONE                                bssBANK0     0000E2
_TMR0H                                    (abs)        000FD4
_TMR0L                                    (abs)        000FD3
_TMR0_CallBack                            text41       002CA8
_TMR0_DefaultInterruptHandler             text42       002D7C
_TMR0_ISR                                 text40       002C6E
_TMR0_Initialize                          text6        002C4C
_TMR0_InterruptHandler                    bssBANK0     0000DE
_TMR0_SetInterruptHandler                 text8        002D64
_TMR0_StartTimer                          text7        002D74
_TRISA                                    (abs)        000F88
_TRISB                                    (abs)        000F89
_TRISC                                    (abs)        000F8A
_TX1STA                                   (abs)        000F9E
_TestGPSStartCondition                    text2        002AFA
_TimeTextToSecond                         text15       001E10
_Timer0_10ms                              text43       000F0A
_ValidateDateTime                         text14       001FF4
_VerifyForGPSOnTIme                       text1        0029F2
_WPUA                                     (abs)        000F10
_WPUB                                     (abs)        000F18
_WPUC                                     (abs)        000F20
_WPUE                                     (abs)        000F2D
__CFG_BOREN$SBORDIS                       (abs)        000000
__CFG_BORV$VBOR_2P45                      (abs)        000000
__CFG_CLKOUTEN$OFF                        (abs)        000000
__CFG_CP$OFF                              (abs)        000000
__CFG_CPD$OFF                             (abs)        000000
__CFG_CSWEN$ON                            (abs)        000000
__CFG_DEBUG$OFF                           (abs)        000000
__CFG_EBTR0$OFF                           (abs)        000000
__CFG_EBTR1$OFF                           (abs)        000000
__CFG_EBTR2$OFF                           (abs)        000000
__CFG_EBTR3$OFF                           (abs)        000000
__CFG_EBTRB$OFF                           (abs)        000000
__CFG_FCMEN$ON                            (abs)        000000
__CFG_FEXTOSC$HS                          (abs)        000000
__CFG_LPBOREN$OFF                         (abs)        000000
__CFG_LVP$ON                              (abs)        000000
__CFG_MCLRE$EXTMCLR                       (abs)        000000
__CFG_PPS1WAY$ON                          (abs)        000000
__CFG_PWRTE$OFF                           (abs)        000000
__CFG_RSTOSC$EXTOSC_4PLL                  (abs)        000000
__CFG_SCANE$ON                            (abs)        000000
__CFG_STVREN$ON                           (abs)        000000
__CFG_WDTCCS$SC                           (abs)        000000
__CFG_WDTCPS$WDTCPS_31                    (abs)        000000
__CFG_WDTCWS$WDTCWS_7                     (abs)        000000
__CFG_WDTE$OFF                            (abs)        000000
__CFG_WRT0$OFF                            (abs)        000000
__CFG_WRT1$OFF                            (abs)        000000
__CFG_WRT2$OFF                            (abs)        000000
__CFG_WRT3$OFF                            (abs)        000000
__CFG_WRTB$OFF                            (abs)        000000
__CFG_WRTC$OFF                            (abs)        000000
__CFG_WRTD$OFF                            (abs)        000000
__CFG_XINST$OFF                           (abs)        000000
__CFG_ZCD$OFF                             (abs)        000000
__HRAM                                    (abs)        000000
__Habs1                                   abs1         000000
__Hbank0                                  bank0        000000
__Hbank1                                  bank1        000000
__Hbank10                                 bank10       000000
__Hbank11                                 bank11       000000
__Hbank12                                 bank12       000000
__Hbank13                                 bank13       000000
__Hbank14                                 bank14       000000
__Hbank2                                  bank2        000000
__Hbank3                                  bank3        000000
__Hbank4                                  bank4        000000
__Hbank5                                  bank5        000000
__Hbank6                                  bank6        000000
__Hbank7                                  bank7        000000
__Hbank8                                  bank8        000000
__Hbank9                                  bank9        000000
__Hbigbss                                 bigbss       000000
__Hbigdata                                bigdata      000000
__Hbigram                                 bigram       000000
__Hbss                                    bss          000000
__HbssBANK0                               bssBANK0     000000
__HbssBANK1                               bssBANK1     000000
__HbssBANK2                               bssBANK2     000000
__HbssBIGRAM                              bssBIGRAM    000000
__HbssCOMRAM                              bssCOMRAM    000000
__Hcinit                                  cinit        000000
__Hclrtext                                clrtext      000000
__Hcomram                                 comram       000000
__Hconfig                                 config       30000C
__Hconst                                  const        000000
__HcstackBANK0                            cstackBANK0  000000
__HcstackCOMRAM                           cstackCOMRAM 000000
__Hdata                                   data         000000
__HdataBANK0                              dataBANK0    000000
__HdataBANK1                              dataBANK1    000000
__HdataCOMRAM                             dataCOMRAM   000000
__Heeprom_data                            eeprom_data  000000
__Hfarbss                                 farbss       000000
__Hfardata                                fardata      000000
__Hibigdata                               ibigdata     000000
__Hidata                                  idata        000000
__HidataBANK0                             idataBANK0   000000
__HidataBANK1                             idataBANK1   000000
__HidataCOMRAM                            idataCOMRAM  000000
__Hidloc                                  idloc        200010
__Hifardata                               ifardata     000000
__Hinit                                   init         000074
__Hintcode                                intcode      00006A
__Hintcode_body                           intcode_body 000000
__Hintcodelo                              intcodelo    00006A
__Hintentry                               intentry     000000
__Hintret                                 intret       000000
__Hintsave_regs                           intsave_regs 000000
__Hirdata                                 irdata       000000
__Hmediumconst                            mediumconst  000000
__HnvFARRAM                               nvFARRAM     000000
__Hnvbit                                  nvbit        000000
__Hnvrram                                 nvrram       000000
__Hpa_nodes0                              pa_nodes0    000000
__Hparam                                  rparam       000000
__Hpowerup                                powerup      000070
__Hram                                    ram          000000
__Hramtop                                 ramtop       000F00
__Hrbit                                   rbit         000000
__Hrbss                                   rbss         000000
__Hrdata                                  rdata        000000
__Hreset_vec                              reset_vec    000004
__Hrparam                                 rparam       000000
__Hsfr                                    sfr          000000
__Hsmallconst                             smallconst   000F0A
__Hspace_0                                (abs)        30000C
__Hspace_1                                (abs)        0006B0
__Hspace_2                                (abs)        000000
__Hstack                                  stack        000000
__Hstruct                                 struct       000000
__Htemp                                   temp         000060
__Htext                                   text         000000
__Htext0                                  text0        000000
__Htext1                                  text1        000000
__Htext10                                 text10       000000
__Htext11                                 text11       000000
__Htext12                                 text12       000000
__Htext13                                 text13       000000
__Htext14                                 text14       000000
__Htext15                                 text15       000000
__Htext16                                 text16       000000
__Htext17                                 text17       000000
__Htext18                                 text18       000000
__Htext19                                 text19       000000
__Htext2                                  text2        000000
__Htext20                                 text20       000000
__Htext21                                 text21       000000
__Htext22                                 text22       000000
__Htext23                                 text23       000000
__Htext24                                 text24       000000
__Htext25                                 text25       000000
__Htext26                                 text26       000000
__Htext27                                 text27       000000
__Htext28                                 text28       000000
__Htext29                                 text29       000000
__Htext3                                  text3        000000
__Htext30                                 text30       000000
__Htext31                                 text31       000000
__Htext32                                 text32       000000
__Htext33                                 text33       000000
__Htext34                                 text34       000000
__Htext35                                 text35       000000
__Htext36                                 text36       000000
__Htext37                                 text37       000000
__Htext38                                 text38       000000
__Htext4                                  text4        000000
__Htext40                                 text40       000000
__Htext41                                 text41       000000
__Htext42                                 text42       000000
__Htext43                                 text43       000000
__Htext44                                 text44       000000
__Htext45                                 text45       000000
__Htext46                                 text46       000000
__Htext47                                 text47       000000
__Htext48                                 text48       000000
__Htext49                                 text49       000000
__Htext5                                  text5        000000
__Htext50                                 text50       000000
__Htext51                                 text51       000000
__Htext52                                 text52       000000
__Htext53                                 text53       000000
__Htext54                                 text54       000000
__Htext55                                 text55       000000
__Htext6                                  text6        000000
__Htext7                                  text7        000000
__Htext8                                  text8        000000
__Htext9                                  text9        000000
__LRAM                                    (abs)        000001
__Labs1                                   abs1         000000
__Lbank0                                  bank0        000000
__Lbank1                                  bank1        000000
__Lbank10                                 bank10       000000
__Lbank11                                 bank11       000000
__Lbank12                                 bank12       000000
__Lbank13                                 bank13       000000
__Lbank14                                 bank14       000000
__Lbank2                                  bank2        000000
__Lbank3                                  bank3        000000
__Lbank4                                  bank4        000000
__Lbank5                                  bank5        000000
__Lbank6                                  bank6        000000
__Lbank7                                  bank7        000000
__Lbank8                                  bank8        000000
__Lbank9                                  bank9        000000
__Lbigbss                                 bigbss       000000
__Lbigdata                                bigdata      000000
__Lbigram                                 bigram       000000
__Lbss                                    bss          000000
__LbssBANK0                               bssBANK0     000000
__LbssBANK1                               bssBANK1     000000
__LbssBANK2                               bssBANK2     000000
__LbssBIGRAM                              bssBIGRAM    000000
__LbssCOMRAM                              bssCOMRAM    000000
__Lcinit                                  cinit        000000
__Lclrtext                                clrtext      000000
__Lcomram                                 comram       000000
__Lconfig                                 config       300000
__Lconst                                  const        000000
__LcstackBANK0                            cstackBANK0  000000
__LcstackCOMRAM                           cstackCOMRAM 000000
__Ldata                                   data         000000
__LdataBANK0                              dataBANK0    000000
__LdataBANK1                              dataBANK1    000000
__LdataCOMRAM                             dataCOMRAM   000000
__Leeprom_data                            eeprom_data  000000
__Lfarbss                                 farbss       000000
__Lfardata                                fardata      000000
__Libigdata                               ibigdata     000000
__Lidata                                  idata        000000
__LidataBANK0                             idataBANK0   000000
__LidataBANK1                             idataBANK1   000000
__LidataCOMRAM                            idataCOMRAM  000000
__Lidloc                                  idloc        200000
__Lifardata                               ifardata     000000
__Linit                                   init         000070
__Lintcode                                intcode      000008
__Lintcode_body                           intcode_body 000000
__Lintcodelo                              intcodelo    00006A
__Lintentry                               intentry     000000
__Lintret                                 intret       000000
__Lintsave_regs                           intsave_regs 000000
__Lirdata                                 irdata       000000
__Lmediumconst                            mediumconst  000000
__LnvFARRAM                               nvFARRAM     000000
__Lnvbit                                  nvbit        000000
__Lnvrram                                 nvrram       000000
__Lpa_nodes0                              pa_nodes0    000000
__Lparam                                  rparam       000000
__Lpowerup                                powerup      00006A
__Lram                                    ram          000000
__Lramtop                                 ramtop       000F00
__Lrbit                                   rbit         000000
__Lrbss                                   rbss         000000
__Lrdata                                  rdata        000000
__Lreset_vec                              reset_vec    000000
__Lrparam                                 rparam       000000
__Lsfr                                    sfr          000000
__Lsmallconst                             smallconst   000F00
__Lspace_0                                (abs)        000000
__Lspace_1                                (abs)        000000
__Lspace_2                                (abs)        000000
__Lstack                                  stack        000000
__Lstruct                                 struct       000000
__Ltemp                                   temp         00005F
__Ltext                                   text         000000
__Ltext0                                  text0        000000
__Ltext1                                  text1        000000
__Ltext10                                 text10       000000
__Ltext11                                 text11       000000
__Ltext12                                 text12       000000
__Ltext13                                 text13       000000
__Ltext14                                 text14       000000
__Ltext15                                 text15       000000
__Ltext16                                 text16       000000
__Ltext17                                 text17       000000
__Ltext18                                 text18       000000
__Ltext19                                 text19       000000
__Ltext2                                  text2        000000
__Ltext20                                 text20       000000
__Ltext21                                 text21       000000
__Ltext22                                 text22       000000
__Ltext23                                 text23       000000
__Ltext24                                 text24       000000
__Ltext25                                 text25       000000
__Ltext26                                 text26       000000
__Ltext27                                 text27       000000
__Ltext28                                 text28       000000
__Ltext29                                 text29       000000
__Ltext3                                  text3        000000
__Ltext30                                 text30       000000
__Ltext31                                 text31       000000
__Ltext32                                 text32       000000
__Ltext33                                 text33       000000
__Ltext34                                 text34       000000
__Ltext35                                 text35       000000
__Ltext36                                 text36       000000
__Ltext37                                 text37       000000
__Ltext38                                 text38       000000
__Ltext4                                  text4        000000
__Ltext40                                 text40       000000
__Ltext41                                 text41       000000
__Ltext42                                 text42       000000
__Ltext43                                 text43       000000
__Ltext44                                 text44       000000
__Ltext45                                 text45       000000
__Ltext46                                 text46       000000
__Ltext47                                 text47       000000
__Ltext48                                 text48       000000
__Ltext49                                 text49       000000
__Ltext5                                  text5        000000
__Ltext50                                 text50       000000
__Ltext51                                 text51       000000
__Ltext52                                 text52       000000
__Ltext53                                 text53       000000
__Ltext54                                 text54       000000
__Ltext55                                 text55       000000
__Ltext6                                  text6        000000
__Ltext7                                  text7        000000
__Ltext8                                  text8        000000
__Ltext9                                  text9        000000
__S0                                      (abs)        30000C
__S1                                      (abs)        0006B0
__S2                                      (abs)        000000
___almod                                  text48       00259A
___almod@counter                          cstackCOMRAM 000009
___almod@dividend                         cstackCOMRAM 000001
___almod@divisor                          cstackCOMRAM 000005
___almod@sign                             cstackCOMRAM 00000A
___awdiv                                  text31       0026BA
___awdiv@counter                          cstackBANK0  000064
___awdiv@dividend                         cstackBANK0  000060
___awdiv@divisor                          cstackBANK0  000062
___awdiv@quotient                         cstackBANK0  000066
___awdiv@sign                             cstackBANK0  000065
___awmod                                  text19       00279C
___awmod@counter                          cstackBANK0  00006C
___awmod@dividend                         cstackBANK0  000068
___awmod@divisor                          cstackBANK0  00006A
___awmod@sign                             cstackBANK0  00006D
___ftmul                                  text46       00237A
___ftmul@cntr                             cstackCOMRAM 00001A
___ftmul@exp                              cstackCOMRAM 000016
___ftmul@f1                               cstackCOMRAM 00000D
___ftmul@f2                               cstackCOMRAM 000010
___ftmul@f3_as_product                    cstackCOMRAM 000017
___ftmul@sign                             cstackCOMRAM 00001B
___ftpack                                 text47       002634
___ftpack@arg                             cstackCOMRAM 000001
___ftpack@exp                             cstackCOMRAM 000004
___ftpack@sign                            cstackCOMRAM 000005
___fttol                                  text45       002442
___fttol@exp1                             cstackCOMRAM 00002A
___fttol@f1                               cstackCOMRAM 00001C
___fttol@lval                             cstackCOMRAM 000026
___fttol@sign1                            cstackCOMRAM 000025
___inthi_sp                               stack        000000
___intlo_sp                               stack        000000
___lbtoft                                 text44       002C28
___lbtoft@c                               cstackCOMRAM 00000C
___lmul                                   text34       002912
___lmul@multiplicand                      cstackBANK0  000064
___lmul@multiplier                        cstackBANK0  000060
___lmul@product                           cstackBANK0  000068
___lwmod                                  text28       002A7E
___lwmod@counter                          cstackBANK0  000064
___lwmod@dividend                         cstackBANK0  000060
___lwmod@divisor                          cstackBANK0  000062
___param_bank                             (abs)        000000
___rparam_used                            (abs)        000001
___sp                                     stack        000000
___wmul                                   text38       002C02
___wmul@multiplicand                      cstackBANK0  000062
___wmul@multiplier                        cstackBANK0  000060
___wmul@product                           cstackBANK0  000064
__accesstop                               (abs)        000060
__activetblptr                            (abs)        000003
__end_ofPL10                              text14       0020AA
__end_ofPL100                             text25       001FEA
__end_ofPL102                             text50       0021C6
__end_ofPL104                             text47       0026B0
__end_ofPL106                             text25       001FF4
__end_ofPL108                             text47       0026BA
__end_ofPL110                             text43       00129E
__end_ofPL112                             text22       0022A8
__end_ofPL114                             text18       001E10
__end_ofPL116                             text24       002BA0
__end_ofPL118                             text30       0017F2
__end_ofPL12                              text37       001B9C
__end_ofPL120                             text43       0012A8
__end_ofPL122                             text21       001D00
__end_ofPL124                             text52       002B6A
__end_ofPL126                             text30       0017FA
__end_ofPL14                              text18       001DFA
__end_ofPL16                              text30       0017BC
__end_ofPL18                              text43       0011E2
__end_ofPL2                               text35       001A9E
__end_ofPL20                              text33       0018E0
__end_ofPL22                              text33       001908
__end_ofPL24                              text43       0011F8
__end_ofPL26                              text43       00121C
__end_ofPL28                              text33       001924
__end_ofPL30                              text33       00192C
__end_ofPL32                              text33       00193C
__end_ofPL34                              text37       001BBC
__end_ofPL36                              text43       00122E
__end_ofPL38                              text43       001240
__end_ofPL4                               text35       001AA6
__end_ofPL40                              text37       001BC4
__end_ofPL42                              text14       0020B4
__end_ofPL44                              text33       00194A
__end_ofPL46                              text14       0020BE
__end_ofPL48                              text15       001EFC
__end_ofPL50                              text14       0020CA
__end_ofPL52                              text33       001960
__end_ofPL54                              text33       00196A
__end_ofPL56                              text14       0020D6
__end_ofPL58                              text30       0017CA
__end_ofPL6                               text35       001AB0
__end_ofPL60                              text37       001BCE
__end_ofPL62                              text25       001FE0
__end_ofPL64                              text54       002CDC
__end_ofPL66                              text30       0017DC
__end_ofPL68                              text48       002634
__end_ofPL70                              text13       00164E
__end_ofPL72                              text15       001F04
__end_ofPL74                              text18       001E06
__end_ofPL76                              text30       0017E8
__end_ofPL78                              text43       001250
__end_ofPL8                               text32       001486
__end_ofPL80                              text43       001260
__end_ofPL82                              text14       0020E0
__end_ofPL84                              text43       00126E
__end_ofPL86                              text37       001BDC
__end_ofPL88                              text43       00127C
__end_ofPL90                              text46       00243A
__end_ofPL92                              text43       00128A
__end_ofPL94                              text43       001294
__end_ofPL96                              text21       001CF8
__end_ofPL98                              text46       002442
__end_ofReadGPSDateTime@F11467            smallconst   000F09
__end_of_AdjustDayLightSaving             text21       001CEE
__end_of_DecreaseByADay                   text25       001FD2
__end_of_DecreaseByAMonth                 text26       002912
__end_of_DecreaseByAYear                  text27       002BD2
__end_of_EUSART1_Initialize               text20       002D2E
__end_of_EUSART1_Read                     text17       002D54
__end_of_GetDay                           text18       001DF0
__end_of_GetEventNumber                   text37       001B8C
__end_of_GetThisCycle                     text54       002CC8
__end_of_INTERRUPT_Initialize             text11       002D7C
__end_of_INTERRUPT_InterruptManager       intcode      00006A
__end_of_IncreaseByADay                   text22       00229E
__end_of_IncreaseByAMonth                 text23       0029A8
__end_of_IncreaseByASecond                text49       0028C6
__end_of_IncreaseByAYear                  text24       002B98
__end_of_LoadAllFromEeprom                text29       002D64
__end_of_LoadCyclesFromEeprom             text35       001A84
__end_of_LoadEventsFromEeprom             text33       0018B4
__end_of_LoadSettingsFromEeprom           text32       00147C
__end_of_LoadStatesFromEeprom             text30       0017AC
__end_of_OSCILLATOR_Initialize            text10       002CF2
__end_of_PIN_MANAGER_Initialize           text9        00286A
__end_of_ReadEeprom                       text36       002D42
__end_of_ReadGPS                          text12       00279C
__end_of_ReadGPSDateTime                  text16       00237A
__end_of_ReadGPS_DATE_TIME                text13       001642
__end_of_SYSTEM_Initialize                text5        002D1A
__end_of_StopGPS                          text4        002D74
__end_of_SwitchOnGPS                      text3        002CA8
__end_of_TMR0_CallBack                    text41       002CC2
__end_of_TMR0_DefaultInterruptHandler     text42       002D7E
__end_of_TMR0_ISR                         text40       002C8E
__end_of_TMR0_Initialize                  text6        002C6E
__end_of_TMR0_SetInterruptHandler         text8        002D6E
__end_of_TMR0_StartTimer                  text7        002D78
__end_of_TestGPSStartCondition            text2        002B32
__end_of_TimeTextToSecond                 text15       001EE6
__end_of_Timer0_10ms                      text43       0011CE
__end_of_ValidateDateTime                 text14       002096
__end_of_VerifyForGPSOnTIme               text1        002A3A
__end_of___almod                          text48       002622
__end_of___awdiv                          text31       002732
__end_of___awmod                          text19       002804
__end_of___ftmul                          text46       00242C
__end_of___ftpack                         text47       0026A6
__end_of___fttol                          text45       0024FA
__end_of___lbtoft                         text44       002C4C
__end_of___lmul                           text34       00295E
__end_of___lwmod                          text28       002ABC
__end_of___wmul                           text38       002C28
__end_of__initialization                  cinit        002590
__end_of_main                             text0        002A7E
__end_ofi2_IncreaseByADay                 text50       0021BC
__end_ofi2_IncreaseByAMonth               text51       0029F2
__end_ofi2_IncreaseByAYear                text52       002B62
__end_ofi2___lwmod                        text53       002AFA
__initialization                          cinit        0024FA
__mediumconst                             mediumconst  000000
__pbssBANK0                               bssBANK0     0000AE
__pbssBANK1                               bssBANK1     000100
__pbssBANK2                               bssBANK2     000200
__pbssBIGRAM                              bssBIGRAM    0002F0
__pbssCOMRAM                              bssCOMRAM    00004D
__pcinit                                  cinit        0024FA
__pcstackBANK0                            cstackBANK0  000060
__pcstackCOMRAM                           cstackCOMRAM 000001
__pdataBANK0                              dataBANK0    0000EA
__pdataBANK1                              dataBANK1    000144
__pdataCOMRAM                             dataCOMRAM   00005E
__pidataBANK0                             idataBANK0   002CF2
__pidataBANK1                             idataBANK1   002BD2
__pidataCOMRAM                            idataCOMRAM  002D7E
__pintcode                                intcode      000008
__psmallconst                             smallconst   000F00
__ptext0                                  text0        002A3A
__ptext1                                  text1        0029F2
__ptext10                                 text10       002CDC
__ptext11                                 text11       002D78
__ptext12                                 text12       002732
__ptext13                                 text13       001486
__ptext14                                 text14       001FF4
__ptext15                                 text15       001E10
__ptext16                                 text16       0022A8
__ptext17                                 text17       002D42
__ptext18                                 text18       001D00
__ptext19                                 text19       00279C
__ptext2                                  text2        002AFA
__ptext20                                 text20       002D1A
__ptext21                                 text21       001BDC
__ptext22                                 text22       0021C6
__ptext23                                 text23       00295E
__ptext24                                 text24       002B6A
__ptext25                                 text25       001F04
__ptext26                                 text26       0028C6
__ptext27                                 text27       002BA0
__ptext28                                 text28       002A7E
__ptext29                                 text29       002D54
__ptext3                                  text3        002C8E
__ptext30                                 text30       00164E
__ptext31                                 text31       0026BA
__ptext32                                 text32       0012A8
__ptext33                                 text33       0017FA
__ptext34                                 text34       002912
__ptext35                                 text35       00196A
__ptext36                                 text36       002D2E
__ptext37                                 text37       001AB0
__ptext38                                 text38       002C02
__ptext4                                  text4        002D6E
__ptext40                                 text40       002C6E
__ptext41                                 text41       002CA8
__ptext42                                 text42       002D7C
__ptext43                                 text43       000F0A
__ptext44                                 text44       002C28
__ptext45                                 text45       002442
__ptext46                                 text46       00237A
__ptext47                                 text47       002634
__ptext48                                 text48       00259A
__ptext49                                 text49       00286A
__ptext5                                  text5        002D06
__ptext50                                 text50       0020E0
__ptext51                                 text51       0029A8
__ptext52                                 text52       002B32
__ptext53                                 text53       002ABC
__ptext54                                 text54       002CC2
__ptext55                                 text55       000000
__ptext6                                  text6        002C4C
__ptext7                                  text7        002D74
__ptext8                                  text8        002D64
__ptext9                                  text9        002804
__ramtop                                  ramtop       000F00
__size_of_AdjustDayLightSaving            (abs)        000000
__size_of_DecreaseByADay                  (abs)        000000
__size_of_DecreaseByAMonth                (abs)        000000
__size_of_DecreaseByAYear                 (abs)        000000
__size_of_EUSART1_Initialize              (abs)        000000
__size_of_EUSART1_Read                    (abs)        000000
__size_of_GetDay                          (abs)        000000
__size_of_GetEventNumber                  (abs)        000000
__size_of_GetThisCycle                    (abs)        000000
__size_of_INTERRUPT_Initialize            (abs)        000000
__size_of_INTERRUPT_InterruptManager      (abs)        000000
__size_of_IncreaseByADay                  (abs)        000000
__size_of_IncreaseByAMonth                (abs)        000000
__size_of_IncreaseByASecond               (abs)        000000
__size_of_IncreaseByAYear                 (abs)        000000
__size_of_LoadAllFromEeprom               (abs)        000000
__size_of_LoadCyclesFromEeprom            (abs)        000000
__size_of_LoadEventsFromEeprom            (abs)        000000
__size_of_LoadSettingsFromEeprom          (abs)        000000
__size_of_LoadStatesFromEeprom            (abs)        000000
__size_of_OSCILLATOR_Initialize           (abs)        000000
__size_of_PIN_MANAGER_Initialize          (abs)        000000
__size_of_ReadEeprom                      (abs)        000000
__size_of_ReadGPS                         (abs)        000000
__size_of_ReadGPSDateTime                 (abs)        000000
__size_of_ReadGPS_DATE_TIME               (abs)        000000
__size_of_SYSTEM_Initialize               (abs)        000000
__size_of_StopGPS                         (abs)        000000
__size_of_SwitchOnGPS                     (abs)        000000
__size_of_TMR0_CallBack                   (abs)        000000
__size_of_TMR0_DefaultInterruptHandler    (abs)        000000
__size_of_TMR0_ISR                        (abs)        000000
__size_of_TMR0_Initialize                 (abs)        000000
__size_of_TMR0_SetInterruptHandler        (abs)        000000
__size_of_TMR0_StartTimer                 (abs)        000000
__size_of_TestGPSStartCondition           (abs)        000000
__size_of_TimeTextToSecond                (abs)        000000
__size_of_Timer0_10ms                     (abs)        000000
__size_of_ValidateDateTime                (abs)        000000
__size_of_VerifyForGPSOnTIme              (abs)        000000
__size_of___almod                         (abs)        000000
__size_of___awdiv                         (abs)        000000
__size_of___awmod                         (abs)        000000
__size_of___ftmul                         (abs)        000000
__size_of___ftpack                        (abs)        000000
__size_of___fttol                         (abs)        000000
__size_of___lbtoft                        (abs)        000000
__size_of___lmul                          (abs)        000000
__size_of___lwmod                         (abs)        000000
__size_of___wmul                          (abs)        000000
__size_of_main                            (abs)        000000
__size_ofi2_IncreaseByADay                (abs)        000000
__size_ofi2_IncreaseByAMonth              (abs)        000000
__size_ofi2_IncreaseByAYear               (abs)        000000
__size_ofi2___lwmod                       (abs)        000000
__smallconst                              smallconst   000F00
_main                                     text0        002A3A
btemp                                     temp         00005F
end_of_initialization                     cinit        002590
i2IncreaseByADay@MonthDays                cstackCOMRAM 000029
i2IncreaseByADay@dt                       cstackCOMRAM 00001C
i2IncreaseByAMonth@dt                     cstackCOMRAM 000011
i2IncreaseByAYear@dt                      cstackCOMRAM 000006
i2_IncreaseByADay                         text50       0020E0
i2_IncreaseByAMonth                       text51       0029A8
i2_IncreaseByAYear                        text52       002B32
i2___lwmod                                text53       002ABC
i2___lwmod@counter                        cstackCOMRAM 000005
i2___lwmod@dividend                       cstackCOMRAM 000001
i2___lwmod@divisor                        cstackCOMRAM 000003
int$flags                                 temp         00005F
intlevel0                                 text         000000
intlevel1                                 text         000000
intlevel2                                 text         000000
intlevel3                                 text         000000
powerup                                   powerup      00006A
projMain@NO_OF_DAYS_IN_A_MONTH            dataBANK1    000144
stackhi                                   (abs)        000E7D
stacklo                                   (abs)        0006B0
start                                     init         000070
start_initialization                      cinit        0024FA


FUNCTION INFORMATION:

 *************** function _main *****************
 Defined at:
		line 53 in file "main.c"
 Parameters:    Size  Location     Type
		None
 Auto vars:     Size  Location     Type
		None
 Return value:  Size  Location     Type
                  1    wreg      void 
 Registers used:
		wreg, fsr0l, fsr0h, fsr1l, fsr1h, fsr2l, fsr2h, status,2, status,0, tblptrl, tblptrh, tblptru, prodl, prodh, cstack
 Tracked objects:
		On entry : 
		On exit  : 
		Unchanged: 
 Data sizes:     COMRAM   BANK0   BANK1   BANK2   BANK3   BANK4   BANK5   BANK6   BANK7   BANK8   BANK9  BANK10  BANK11  BANK12  BANK13  BANK14
      Params:         0       0       0       0       0       0       0       0       0       0       0       0       0       0       0       0
      Locals:         0       0       0       0       0       0       0       0       0       0       0       0       0       0       0       0
      Temps:          0       0       0       0       0       0       0       0       0       0       0       0       0       0       0       0
      Totals:         0       0       0       0       0       0       0       0       0       0       0       0       0       0       0       0
Total ram usage:        0 bytes
 Hardware stack levels required when called:   16
 This function calls:
		_GetEventNumber
		_LoadAllFromEeprom
		_ReadGPS
		_SYSTEM_Initialize
		_StopGPS
		_SwitchOnGPS
		_TMR0_SetInterruptHandler
		_TestGPSStartCondition
		_VerifyForGPSOnTIme
 This function is called by:
		Startup code after reset
 This function uses a non-reentrant model


 *************** function _VerifyForGPSOnTIme *****************
 Defined at:
		line 164 in file "libs/funcs.c"
 Parameters:    Size  Location     Type
		None
 Auto vars:     Size  Location     Type
  TimeDiff        4    0[BANK0 ] long 
 Return value:  Size  Location     Type
                  1    wreg      void 
 Registers used:
		wreg, status,2, status,0
 Tracked objects:
		On entry : 
		On exit  : 
		Unchanged: 
 Data sizes:     COMRAM   BANK0   BANK1   BANK2   BANK3   BANK4   BANK5   BANK6   BANK7   BANK8   BANK9  BANK10  BANK11  BANK12  BANK13  BANK14
      Params:         0       0       0       0       0       0       0       0       0       0       0       0       0       0       0       0
      Locals:         0       4       0       0       0       0       0       0       0       0       0       0       0       0       0       0
      Temps:          0       0       0       0       0       0       0       0       0       0       0       0       0       0       0       0
      Totals:         0       4       0       0       0       0       0       0       0       0       0       0       0       0       0       0
Total ram usage:        4 bytes
 Hardware stack levels used:    1
 Hardware stack levels required when called:    9
 This function calls:
		Nothing
 This function is called by:
		_main
 This function uses a non-reentrant model


 *************** function _TestGPSStartCondition *****************
 Defined at:
		line 204 in file "libs/funcs.c"
 Parameters:    Size  Location     Type
		None
 Auto vars:     Size  Location     Type
		None
 Return value:  Size  Location     Type
                  1    wreg      void 
 Registers used:
		wreg, status,2, status,0
 Tracked objects:
		On entry : 
		On exit  : 
		Unchanged: 
 Data sizes:     COMRAM   BANK0   BANK1   BANK2   BANK3   BANK4   BANK5   BANK6   BANK7   BANK8   BANK9  BANK10  BANK11  BANK12  BANK13  BANK14
      Params:         0       0       0       0       0       0       0       0       0       0       0       0       0       0       0       0
      Locals:         0       0       0       0       0       0       0       0       0       0       0       0       0       0       0       0
      Temps:          0       1       0       0       0       0       0       0       0       0       0       0       0       0       0       0
[...]
 This function calls:
		___ftpack
 This function is called by:
		_Timer0_10ms
 This function uses a non-reentrant model


 *************** function ___ftpack *****************
 Defined at:
		line 62 in file "C:\Program Files (x86)\Microchip\xc8\v1.42\sources\common\float.c"
 Parameters:    Size  Location     Type
  arg             3    0[COMRAM] unsigned um
  exp             1    3[COMRAM] unsigned char 
  sign            1    4[COMRAM] unsigned char 
 Auto vars:     Size  Location     Type
		None
 Return value:  Size  Location     Type
                  3    0[COMRAM] float 
 Registers used:
		wreg, status,2, status,0
 Tracked objects:
		On entry : 
		On exit  : 
		Unchanged: 
 Data sizes:     COMRAM   BANK0   BANK1   BANK2   BANK3   BANK4   BANK5   BANK6   BANK7   BANK8   BANK9  BANK10  BANK11  BANK12  BANK13  BANK14
      Params:         5       0       0       0       0       0       0       0       0       0       0       0       0       0       0       0
      Locals:         0       0       0       0       0       0       0       0       0       0       0       0       0       0       0       0
      Temps:          3       0       0       0       0       0       0       0       0       0       0       0       0       0       0       0
      Totals:         8       0       0       0       0       0       0       0       0       0       0       0       0       0       0       0
Total ram usage:        8 bytes
 Hardware stack levels used:    1
 This function calls:
		Nothing
 This function is called by:
		___ftmul
		___lbtoft
 This function uses a non-reentrant model


 *************** function ___almod *****************
 Defined at:
		line 8 in file "C:\Program Files (x86)\Microchip\xc8\v1.42\sources\common\almod.c"
 Parameters:    Size  Location     Type
  dividend        4    0[COMRAM] long 
  divisor         4    4[COMRAM] long 
 Auto vars:     Size  Location     Type
  sign            1    9[COMRAM] unsigned char 
  counter         1    8[COMRAM] unsigned char 
 Return value:  Size  Location     Type
                  4    0[COMRAM] long 
 Registers used:
		wreg, status,2, status,0
 Tracked objects:
		On entry : 
		On exit  : 
		Unchanged: 
 Data sizes:     COMRAM   BANK0   BANK1   BANK2   BANK3   BANK4   BANK5   BANK6   BANK7   BANK8   BANK9  BANK10  BANK11  BANK12  BANK13  BANK14
      Params:         8       0       0       0       0       0       0       0       0       0       0       0       0       0       0       0
      Locals:         2       0       0       0       0       0       0       0       0       0       0       0       0       0       0       0
      Temps:          0       0       0       0       0       0       0       0       0       0       0       0       0       0       0       0
      Totals:        10       0       0       0       0       0       0       0       0       0       0       0       0       0       0       0
Total ram usage:       10 bytes
 Hardware stack levels used:    1
 This function calls:
		Nothing
 This function is called by:
		_Timer0_10ms
 This function uses a non-reentrant model


 *************** function _IncreaseByASecond *****************
 Defined at:
		line 3 in file "libs/funcs.c"
 Parameters:    Size  Location     Type
  dt             11   41[COMRAM] struct _GSK_DATE_TIME
 Auto vars:     Size  Location     Type
		None
 Return value:  Size  Location     Type
                  11   41[COMRAM] struct _GSK_DATE_TIME
 Registers used:
		wreg, fsr0l, fsr0h, fsr2l, fsr2h, status,2, status,0, cstack
 Tracked objects:
		On entry : 
		On exit  : 
		Unchanged: 
 Data sizes:     COMRAM   BANK0   BANK1   BANK2   BANK3   BANK4   BANK5   BANK6   BANK7   BANK8   BANK9  BANK10  BANK11  BANK12  BANK13  BANK14
      Params:        11       0       0       0       0       0       0       0       0       0       0       0       0       0       0       0
      Locals:         0       0       0       0       0       0       0       0       0       0       0       0       0       0       0       0
      Temps:          0       0       0       0       0       0       0       0       0       0       0       0       0       0       0       0
      Totals:        11       0       0       0       0       0       0       0       0       0       0       0       0       0       0       0
Total ram usage:       11 bytes
 Hardware stack levels used:    1
 Hardware stack levels required when called:    4
 This function calls:
		i2_IncreaseByADay
 This function is called by:
		_Timer0_10ms
 This function uses a non-reentrant model


 *************** function i2_IncreaseByADay *****************
 Defined at:
		line 12 in file "libs/funcs.c"
 Parameters:    Size  Location     Type
  dt             11   27[COMRAM] struct _GSK_DATE_TIME
 Auto vars:     Size  Location     Type
  IncreaseByAD    1   40[COMRAM] char 
 Return value:  Size  Location     Type
                  11   27[COMRAM] struct _GSK_DATE_TIME
 Registers used:
		wreg, fsr0l, fsr0h, fsr2l, fsr2h, status,2, status,0, cstack
 Tracked objects:
		On entry : 
		On exit  : 
		Unchanged: 
 Data sizes:     COMRAM   BANK0   BANK1   BANK2   BANK3   BANK4   BANK5   BANK6   BANK7   BANK8   BANK9  BANK10  BANK11  BANK12  BANK13  BANK14
      Params:        11       0       0       0       0       0       0       0       0       0       0       0       0       0       0       0
      Locals:         1       0       0       0       0       0       0       0       0       0       0       0       0       0       0       0
      Temps:          2       0       0       0       0       0       0       0       0       0       0       0       0       0       0       0
      Totals:        14       0       0       0       0       0       0       0       0       0       0       0       0       0       0       0
Total ram usage:       14 bytes
 Hardware stack levels used:    1
 Hardware stack levels required when called:    3
 This function calls:
		i2_IncreaseByAMonth
		i2___lwmod
 This function is called by:
		_IncreaseByASecond
 This function uses a non-reentrant model


 *************** function i2_IncreaseByAMonth *****************
 Defined at:
		line 32 in file "libs/funcs.c"
 Parameters:    Size  Location     Type
  dt             11   16[COMRAM] struct _GSK_DATE_TIME
 Auto vars:     Size  Location     Type
		None
 Return value:  Size  Location     Type
                  11   16[COMRAM] struct _GSK_DATE_TIME
 Registers used:
		wreg, fsr0l, fsr0h, fsr2l, fsr2h, status,2, status,0, cstack
 Tracked objects:
		On entry : 
		On exit  : 
		Unchanged: 
 Data sizes:     COMRAM   BANK0   BANK1   BANK2   BANK3   BANK4   BANK5   BANK6   BANK7   BANK8   BANK9  BANK10  BANK11  BANK12  BANK13  BANK14
      Params:        11       0       0       0       0       0       0       0       0       0       0       0       0       0       0       0
      Locals:         0       0       0       0       0       0       0       0       0       0       0       0       0       0       0       0
      Temps:          0       0       0       0       0       0       0       0       0       0       0       0       0       0       0       0
      Totals:        11       0       0       0       0       0       0       0       0       0       0       0       0       0       0       0
Total ram usage:       11 bytes
 Hardware stack levels used:    1
 Hardware stack levels required when called:    2
 This function calls:
		i2_IncreaseByAYear
 This function is called by:
		i2_IncreaseByADay
 This function uses a non-reentrant model


 *************** function i2_IncreaseByAYear *****************
 Defined at:
		line 41 in file "libs/funcs.c"
 Parameters:    Size  Location     Type
  dt             11    5[COMRAM] struct _GSK_DATE_TIME
 Auto vars:     Size  Location     Type
		None
 Return value:  Size  Location     Type
                  11    5[COMRAM] struct _GSK_DATE_TIME
 Registers used:
		wreg, fsr0l, fsr0h, fsr2l, fsr2h, status,2, status,0, cstack
 Tracked objects:
		On entry : 
		On exit  : 
		Unchanged: 
 Data sizes:     COMRAM   BANK0   BANK1   BANK2   BANK3   BANK4   BANK5   BANK6   BANK7   BANK8   BANK9  BANK10  BANK11  BANK12  BANK13  BANK14
      Params:        11       0       0       0       0       0       0       0       0       0       0       0       0       0       0       0
      Locals:         0       0       0       0       0       0       0       0       0       0       0       0       0       0       0       0
      Temps:          0       0       0       0       0       0       0       0       0       0       0       0       0       0       0       0
      Totals:        11       0       0       0       0       0       0       0       0       0       0       0       0       0       0       0
Total ram usage:       11 bytes
 Hardware stack levels used:    1
 Hardware stack levels required when called:    1
 This function calls:
		i2___lwmod
 This function is called by:
		i2_IncreaseByAMonth
 This function uses a non-reentrant model


 *************** function i2___lwmod *****************
 Defined at:
		line 8 in file "C:\Program Files (x86)\Microchip\xc8\v1.42\sources\common\lwmod.c"
 Parameters:    Size  Location     Type
  dividend        2    0[COMRAM] unsigned int 
  divisor         2    2[COMRAM] unsigned int 
 Auto vars:     Size  Location     Type
  __lwmod         1    4[COMRAM] unsigned char 
 Return value:  Size  Location     Type
                  2    0[COMRAM] unsigned int 
 Registers used:
		wreg, status,2, status,0
 Tracked objects:
		On entry : 
		On exit  : 
		Unchanged: 
 Data sizes:     COMRAM   BANK0   BANK1   BANK2   BANK3   BANK4   BANK5   BANK6   BANK7   BANK8   BANK9  BANK10  BANK11  BANK12  BANK13  BANK14
      Params:         4       0       0       0       0       0       0       0       0       0       0       0       0       0       0       0
      Locals:         1       0       0       0       0       0       0       0       0       0       0       0       0       0       0       0
      Temps:          0       0       0       0       0       0       0       0       0       0       0       0       0       0       0       0
      Totals:         5       0       0       0       0       0       0       0       0       0       0       0       0       0       0       0
Total ram usage:        5 bytes
 Hardware stack levels used:    1
 This function calls:
		Nothing
 This function is called by:
		i2_IncreaseByADay
		i2_IncreaseByAYear
 This function uses a non-reentrant model


 *************** function _GetThisCycle *****************
 Defined at:
		line 230 in file "libs/funcs.c"
 Parameters:    Size  Location     Type
		None
 Auto vars:     Size  Location     Type
		None
 Return value:  Size  Location     Type
                  1    wreg      unsigned char 
 Registers used:
		wreg, fsr2l, fsr2h, status,2, status,0, prodl, prodh
 Tracked objects:
		On entry : 
		On exit  : 
		Unchanged: 
 Data sizes:     COMRAM   BANK0   BANK1   BANK2   BANK3   BANK4   BANK5   BANK6   BANK7   BANK8   BANK9  BANK10  BANK11  BANK12  BANK13  BANK14
      Params:         0       0       0       0       0       0       0       0       0       0       0       0       0       0       0       0
      Locals:         0       0       0       0       0       0       0       0       0       0       0       0       0       0       0       0
      Temps:          0       0       0       0       0       0       0       0       0       0       0       0       0       0       0       0
      Totals:         0       0       0       0       0       0       0       0       0       0       0       0       0       0       0       0
Total ram usage:        0 bytes
 Hardware stack levels used:    1
 This function calls:
		Nothing
 This function is called by:
		_Timer0_10ms
 This function uses a non-reentrant model



MODULE INFORMATION

Module		Function		Class		Link	Load	Size
C:\Program Files (x86)\Microchip\xc8\v1.42\sources\common\ftmul.c
		___ftmul       		CODE           	237A	0000	179

C:\Program Files (x86)\Microchip\xc8\v1.42\sources\common\ftmul.c estimated size: 179

C:\Program Files (x86)\Microchip\xc8\v1.42\sources\common\awdiv.c
		___awdiv       		CODE           	26BA	0000	121

C:\Program Files (x86)\Microchip\xc8\v1.42\sources\common\awdiv.c estimated size: 121

C:\Program Files (x86)\Microchip\xc8\v1.42\sources\common\Umul32.c
		___lmul        		CODE           	2912	0000	77

C:\Program Files (x86)\Microchip\xc8\v1.42\sources\common\Umul32.c estimated size: 77

mcc_generated_files/interrupt_manager.c
		_INTERRUPT_Initialize		CODE           	2D78	0000	5
		_INTERRUPT_InterruptManager		CODE           	0008	0000	99

mcc_generated_files/interrupt_manager.c estimated size: 104

mcc_generated_files/tmr0.c
		_TMR0_SetInterruptHandler		CODE           	2D64	0000	11
		_TMR0_DefaultInterruptHandler		CODE           	2D7C	0000	3
		_TMR0_CallBack 		CODE           	2CA8	0000	27
		_TMR0_StartTimer		CODE           	2D74	0000	5
		_TMR0_ISR      		CODE           	2C6E	0000	33
		_TMR0_Initialize		CODE           	2C4C	0000	35

mcc_generated_files/tmr0.c estimated size: 114

C:\Program Files (x86)\Microchip\xc8\v1.42\sources\common\fttol.c
		___fttol       		CODE           	2442	0000	185

C:\Program Files (x86)\Microchip\xc8\v1.42\sources\common\fttol.c estimated size: 185

mcc_generated_files/pin_manager.c
		_PIN_MANAGER_Initialize		CODE           	2804	0000	103

mcc_generated_files/pin_manager.c estimated size: 103

libs/eeprom.c
		_LoadAllFromEeprom		CODE           	2D54	0000	17
		_LoadCyclesFromEeprom		CODE           	196A	0000	283
		_LoadSettingsFromEeprom		CODE           	12A8	0000	469
		_ReadEeprom    		CODE           	2D2E	0000	21
		_LoadStatesFromEeprom		CODE           	164E	0000	351
		_LoadEventsFromEeprom		CODE           	17FA	0000	187

libs/eeprom.c estimated size: 1328

libs/projMain.c
		_Timer0_10ms   		CODE           	0F0A	0000	709

libs/projMain.c estimated size: 709

C:\Program Files (x86)\Microchip\xc8\v1.42\sources\common\lbtoft.c
		___lbtoft      		CODE           	2C28	0000	37

C:\Program Files (x86)\Microchip\xc8\v1.42\sources\common\lbtoft.c estimated size: 37

shared
		PL12           		CODE           	1B8C	0000	17
		PL50           		CODE           	20BE	0000	13
		PL8            		CODE           	147C	0000	11
		PL22           		CODE           	18E0	0000	41
		PL60           		CODE           	1BC4	0000	11
		PL100          		CODE           	1FE0	0000	11
		PL32           		CODE           	192C	0000	17
		PL70           		CODE           	1642	0000	13
		PL42           		CODE           	20AA	0000	11
		PL80           		CODE           	1250	0000	17
		PL110          		CODE           	1294	0000	11
		PL14           		CODE           	1DF0	0000	11
		PL52           		CODE           	194A	0000	23
		PL90           		CODE           	242C	0000	15
		PL24           		CODE           	11E2	0000	23
		PL62           		CODE           	1FD2	0000	15
		PL120          		CODE           	129E	0000	11
		PL34           		CODE           	1B9C	0000	33
		PL72           		CODE           	1EFC	0000	9
		i2_IncreaseByADay		CODE           	20E0	0000	221
		PL44           		CODE           	193C	0000	15
		PL82           		CODE           	20D6	0000	11
		PL16           		CODE           	17AC	0000	17
		PL54           		CODE           	1960	0000	11
		PL92           		CODE           	127C	0000	15
		PL26           		CODE           	11F8	0000	37
		PL64           		CODE           	2CC8	0000	21
		PL102          		CODE           	21BC	0000	11
		PL36           		CODE           	121C	0000	19
		PL74           		CODE           	1DFA	0000	13
		PL46           		CODE           	20B4	0000	11
		PL84           		CODE           	1260	0000	15
		PL112          		CODE           	229E	0000	11
		PL18           		CODE           	11CE	0000	21
		PL56           		CODE           	20CA	0000	13
		PL94           		CODE           	128A	0000	11
		i2_IncreaseByAYear		CODE           	2B32	0000	49
		PL28           		CODE           	1908	0000	29
		PL66           		CODE           	17CA	0000	19
		PL122          		CODE           	1CF8	0000	9
		PL38           		CODE           	122E	0000	19
		PL76           		CODE           	17DC	0000	13
		PL48           		CODE           	1EE6	0000	23
		PL86           		CODE           	1BCE	0000	15
		PL58           		CODE           	17BC	0000	15
		PL96           		CODE           	1CEE	0000	11
		PL68           		CODE           	2622	0000	19
		PL104          		CODE           	26A6	0000	11
		PL78           		CODE           	1240	0000	17
		ReadGPSDateTime@F11467		SMALLCONST     	0F01	0000	9
		PL88           		CODE           	126E	0000	15
		PL114          		CODE           	1E06	0000	11
		PL98           		CODE           	243A	0000	9
		i2___lwmod     		CODE           	2ABC	0000	63
		PL124          		CODE           	2B62	0000	9
		__initialization		CODE           	24FA	0000	151
		PL106          		CODE           	1FEA	0000	11
		PL116          		CODE           	2B98	0000	9
		i2_IncreaseByAMonth		CODE           	29A8	0000	75
		PL126          		CODE           	17F2	0000	9
		PL108          		CODE           	26B0	0000	11
		PL118          		CODE           	17E8	0000	11
		PL2            		CODE           	1A84	0000	27
		PL10           		CODE           	2096	0000	21
		PL4            		CODE           	1A9E	0000	9
		PL20           		CODE           	18B4	0000	45
		PL30           		CODE           	1924	0000	9
		PL6            		CODE           	1AA6	0000	11
		PL40           		CODE           	1BBC	0000	9

shared estimated size: 1559

mcc_generated_files/eusart1.c
		_EUSART1_Initialize		CODE           	2D1A	0000	21
		_EUSART1_Read  		CODE           	2D42	0000	19

mcc_generated_files/eusart1.c estimated size: 40

mcc_generated_files/mcc.c
		_OSCILLATOR_Initialize		CODE           	2CDC	0000	23
		_SYSTEM_Initialize		CODE           	2D06	0000	21

mcc_generated_files/mcc.c estimated size: 44

C:\Program Files (x86)\Microchip\xc8\v1.42\sources\common\float.c
		___ftpack      		CODE           	2634	0000	115

C:\Program Files (x86)\Microchip\xc8\v1.42\sources\common\float.c estimated size: 115

C:\Program Files (x86)\Microchip\xc8\v1.42\sources\common\lwmod.c
		___lwmod       		CODE           	2A7E	0000	63

C:\Program Files (x86)\Microchip\xc8\v1.42\sources\common\lwmod.c estimated size: 63

C:\Program Files (x86)\Microchip\xc8\v1.42\sources\common\awmod.c
		___awmod       		CODE           	279C	0000	105

C:\Program Files (x86)\Microchip\xc8\v1.42\sources\common\awmod.c estimated size: 105

libs/funcs.c
		_DecreaseByAMonth		CODE           	28C6	0000	77
		_AdjustDayLightSaving		CODE           	1BDC	0000	275
		_DecreaseByADay		CODE           	1F04	0000	207
		_SwitchOnGPS   		CODE           	2C8E	0000	27
		_IncreaseByAMonth		CODE           	295E	0000	75
		_ReadGPS_DATE_TIME		CODE           	1486	0000	445
		_IncreaseByASecond		CODE           	286A	0000	93
		_GetThisCycle  		CODE           	2CC2	0000	7
		_IncreaseByADay		CODE           	21C6	0000	217
		_DecreaseByAYear		CODE           	2BA0	0000	51
		_TimeTextToSecond		CODE           	1E10	0000	215
		_TestGPSStartCondition		CODE           	2AFA	0000	57
		_VerifyForGPSOnTIme		CODE           	29F2	0000	73
		_StopGPS       		CODE           	2D6E	0000	7
		_IncreaseByAYear		CODE           	2B6A	0000	47
		_ReadGPS       		CODE           	2732	0000	107
		_GetEventNumber		CODE           	1AB0	0000	221

libs/funcs.c estimated size: 2201

C:\Program Files (x86)\Microchip\xc8\v1.42\sources\common\almod.c
		___almod       		CODE           	259A	0000	137

C:\Program Files (x86)\Microchip\xc8\v1.42\sources\common\almod.c estimated size: 137

C:\Program Files (x86)\Microchip\xc8\v1.42\sources\common\Umul16.c
		___wmul        		CODE           	2C02	0000	39

C:\Program Files (x86)\Microchip\xc8\v1.42\sources\common\Umul16.c estimated size: 39

main.c
		_main          		CODE           	2A3A	0000	69

main.c estimated size: 69

libs/gps.c
		_GetDay        		CODE           	1D00	0000	241
		_ValidateDateTime		CODE           	1FF4	0000	163
		_ReadGPSDateTime		CODE           	22A8	0000	211

libs/gps.c estimated size: 615

