Microchip MPLAB XC8 Compiler V1.42 ()

Linker command line:

-W-3 --edf=C:\Program Files (x86)\Microchip\xc8\v1.42\dat\en_msgs.txt -cs \
  -h+dist/default/production\Proj004.X.production.sym \
  --cmf=dist/default/production\Proj004.X.production.cmf -z -Q18F26K40 \
  -oC:\Users\gadis\AppData\Local\Temp\scm4.2 \
  -Mdist/default/production/Proj004.X.production.map -E1 -ver=XC8 \
  -ASTACK=06B0h-0e7dh -pstack=STACK -ACODE=00h-0FFFFh -ACONST=00h-0FFFFh \
  -ASMALLCONST=0F00h-0FFFhx241 -AMEDIUMCONST=0F00h-0FFFFh -ACOMRAM=01h-05Fh \
  -AABS1=00h-0E7Dh -ABIGRAM=01h-0E7Dh \
  -ARAM=060h-0FFh,0100h-01FFhx13,0E00h-0E7Dh -ABANK0=060h-0FFh \
  -ABANK1=0100h-01FFh -ABANK2=0200h-02FFh -ABANK3=0300h-03FFh \
  -ABANK4=0400h-04FFh -ABANK5=0500h-05FFh -ABANK6=0600h-06FFh \
  -ABANK7=0700h-07FFh -ABANK8=0800h-08FFh -ABANK9=0900h-09FFh \
  -ABANK10=0A00h-0AFFh -ABANK11=0B00h-0BFFh -ABANK12=0C00h-0CFFh \
  -ABANK13=0D00h-0DFFh -ABANK14=0E00h-0E7Dh \
  -ASFR=0E7Eh-0EFFh,0F00h-0F5Fh,0F60h-0FFFh \
  -preset_vec=00h,intcode=08h,intcodelo,powerup,init -pramtop=0F00h \
  -psmallconst=SMALLCONST -pmediumconst=MEDIUMCONST -pconst=CONST \
  -AFARRAM=00h-00h -ACONFIG=0300000h-030000Bh -pconfig=CONFIG \
  -AIDLOC=0200000h-020000Fh -pidloc=IDLOC -AEEDATA=0310000h-03103FFh \
  -peeprom_data=EEDATA \
  -prdata=COMRAM,nvrram=COMRAM,nvbit=COMRAM,rbss=COMRAM,rbit=COMRAM \
  -pfarbss=FARRAM,fardata=FARRAM,nvFARRAM=FARRAM \
  -pintsave_regs=BIGRAM,bigbss=BIGRAM,bigdata=BIGRAM -pbss=RAM \
  -pidata=CODE,irdata=CODE,ibigdata=CODE,ifardata=CODE -prparam=COMRAM \
  C:\Users\gadis\AppData\Local\Temp\scm4.obj \
  dist/default/production\Proj004.X.production.obj \
  build/default/production/libs/powerup.obj 

Object code version is 3.11

Machine type is 18F26K40

Call graph: (short form)




                Name                               Link     Load   Length Selector   Space Scale
C:\Users\gadis\AppData\Local\Temp\scm4.obj
                init                                 60       60        4        4       0
                reset_vec                             0        0        4        0       0
                idloc                            200000   200000       10   200000       0
                config                           300000   300000        C   300000       0
dist/default/production\Proj004.X.production.obj
                intcode                               8        8       52        4       0
                temp                                 5C       5C        1        1       1
                smallconst                          F00      F00       10      780       0
                text52                             2868     2868       3E      788       0
                text51                             28A6     28A6       38      788       0
                text50                             2760     2760       4A      788       0
                text49                             1DAE     1DAE       E0      788       0
                text48                             2576     2576       5C      788       0
                text47                             24A8     24A8       68      788       0
                text46                             262C     262C       52      788       0
                text45                             2A74     2A74        2     14B7       0
                text44                             2994     2994       1A     14B7       0
                text43                             2A4C     2A4C        E     14B7       0
                text41                             2A64     2A64        8     14B7       0
                text40                             1CCA     1CCA       E4      788       0
                text39                             2A2A     2A2A       12     14B7       0
                text38                             229A     229A       A0      788       0
                text37                             1E8E     1E8E       DE      788       0
                text36                             25D2     25D2       5A      788       0
                text35                             2A04     2A04       14     14B7       0
                text34                             296E     296E       26     14B7       0
                text33                             155E     155E      146      788       0
                text32                             16A4     16A4      134      788       0
                text31                             126C     126C      17A      788       0
                text30                             23C8     23C8       78      788       0
                text29                             10C0     10C0      1AC      788       0
                text28                             2A3C     2A3C       10     14B7       0
                text27                             282A     282A       3E      788       0
                text26                             2914     2914       32      788       0
                text25                             26CA     26CA       4C      788       0
                text24                             1BE0     1BE0       EA      788       0
                text23                             28DE     28DE       36      788       0
                text22                             2716     2716       4A      788       0
                text21                             1F6C     1F6C       DC      788       0
                text20                             17D8     17D8      124      788       0
                text19                             29F0     29F0       14     14B7       0
                text18                             2440     2440       68      788       0
                text17                             18FC     18FC      104      788       0
                text16                             2A18     2A18       12     14B7       0
                text15                             2048     2048       D6      788       0
                text14                             267E     267E       4C      788       0
                text13                             1A00     1A00       F4      788       0
                text12                             1AF4     1AF4       EC      788       0
                text11                              F10      F10      1B0      788       0
                text10                             2A70     2A70        4     14B7       0
                text9                              29C6     29C6       16     14B7       0
                text8                              2510     2510       66      788       0
                text7                              2A5A     2A5A        A     14B7       0
                text6                              2A6C     2A6C        4     14B7       0
                text5                              27EA     27EA       40      788       0
                text4                              29DC     29DC       14     14B7       0
                text3                              27AA     27AA       40      788       0
                text2                              21DE     21DE       BC      788       0
                text1                              211E     211E       C0      788       0
                text0                              13E6     13E6      178      788       0
                cstackCOMRAM                          1        1       3C        1       1
                cstackBANK0                          60       60       4C       60       1
                bssBIGRAM                           2F0      2F0      3C0      2F0       1
                bssBANK2                            200      200       F0      200       1
                bssBANK1                            100      100       44      100       1
                dataBANK0                            AC       AC       27       60       1
                bssBANK0                             D3       D3       20       60       1
                dataCOMRAM                           3D       3D       18        1       1
                bssCOMRAM                            55       55        7        1       1
                cinit                              233A     233A       8E      788       0
                idataBANK0                         2946     2946       27      788       0
                idataCOMRAM                        29AE     29AE       18     14B7       0
build/default/production/libs/powerup.obj
                powerup                              5A       5A        6        4       0

TOTAL           Name                               Link     Load   Length     Space
        CLASS   STACK          

        CLASS   CODE           
                intcode                               8        8       52         0
                init                                 60       60        4         0
                powerup                              5A       5A        6         0
                reset_vec                             0        0        4         0
                text52                             2868     2868       3E         0
                text51                             28A6     28A6       38         0
                text50                             2760     2760       4A         0
                text49                             1DAE     1DAE       E0         0
                text48                             2576     2576       5C         0
                text47                             24A8     24A8       68         0
                text46                             262C     262C       52         0
                text45                             2A74     2A74        2         0
                text44                             2994     2994       1A         0
                text43                             2A4C     2A4C        E         0
                text41                             2A64     2A64        8         0
                text40                             1CCA     1CCA       E4         0
                text39                             2A2A     2A2A       12         0
                text38                             229A     229A       A0         0
                text37                             1E8E     1E8E       DE         0
                text36                             25D2     25D2       5A         0
                text35                             2A04     2A04       14         0
                text34                             296E     296E       26         0
                text33                             155E     155E      146         0
                text32                             16A4     16A4      134         0
                text31                             126C     126C      17A         0
                text30                             23C8     23C8       78         0
                text29                             10C0     10C0      1AC         0
                text28                             2A3C     2A3C       10         0
                text27                             282A     282A       3E         0
                text26                             2914     2914       32         0
                text25                             26CA     26CA       4C         0
                text24                             1BE0     1BE0       EA         0
                text23                             28DE     28DE       36         0
                text22                             2716     2716       4A         0
                text21                             1F6C     1F6C       DC         0
                text20                             17D8     17D8      124         0
                text19                             29F0     29F0       14         0
                text18                             2440     2440       68         0
                text17                             18FC     18FC      104         0
                text16                             2A18     2A18       12         0
                text15                             2048     2048       D6         0
                text14                             267E     267E       4C         0
                text13                             1A00     1A00       F4         0
                text12                             1AF4     1AF4       EC         0
                text11                              F10      F10      1B0         0
                text10                             2A70     2A70        4         0
                text9                              29C6     29C6       16         0
                text8                              2510     2510       66         0
                text7                              2A5A     2A5A        A         0
                text6                              2A6C     2A6C        4         0
                text5                              27EA     27EA       40         0
                text4                              29DC     29DC       14         0
                text3                              27AA     27AA       40         0
                text2                              21DE     21DE       BC         0
                text1                              211E     211E       C0         0
                text0                              13E6     13E6      178         0
                cinit                              233A     233A       8E         0
                idataBANK0                         2946     2946       27         0
                idataCOMRAM                        29AE     29AE       18         0

        CLASS   CONST          

        CLASS   SMALLCONST     
                smallconst                          F00      F00       10         0

        CLASS   MEDIUMCONST    

        CLASS   COMRAM         
                temp                                 5C       5C        1         1
                cstackCOMRAM                          1        1       3C         1
                dataCOMRAM                           3D       3D       18         1
                bssCOMRAM                            55       55        7         1

        CLASS   ABS1           

        CLASS   BIGRAM         
                bssBIGRAM                           2F0      2F0      3C0         1

        CLASS   RAM            

        CLASS   BANK0          
                cstackBANK0                          60       60       4C         1
                dataBANK0                            AC       AC       27         1
                bssBANK0                             D3       D3       20         1

        CLASS   BANK1          
                bssBANK1                            100      100       44         1

        CLASS   BANK2          
                bssBANK2                            200      200       F0         1

        CLASS   BANK3          

        CLASS   BANK4          

        CLASS   BANK5          

        CLASS   BANK6          

        CLASS   BANK7          

        CLASS   BANK8          

        CLASS   BANK9          

        CLASS   BANK10         

        CLASS   BANK11         

        CLASS   BANK12         

        CLASS   BANK13         

        CLASS   BANK14         

        CLASS   SFR            

        CLASS   FARRAM         

        CLASS   CONFIG         
                config                           300000   300000        C         0

        CLASS   IDLOC          
                idloc                            200000   200000       10         0

        CLASS   EEDATA         



SEGMENTS        Name                           Load    Length   Top    Selector   Space  Class

                reset_vec                      000000  000004  000004         0       0  CODE    
                cstackCOMRAM                   000001  00005C  00005D         1       1  COMRAM  
                intcode                        000008  00005C  000064         4       0  CODE    
                cstackBANK0                    000060  000093  0000F3        60       1  BANK0   
                bssBANK1                       000100  000044  000144       100       1  BANK1   
                bssBANK2                       000200  0000F0  0002F0       200       1  BANK2   
                bssBIGRAM                      0002F0  0003C0  0006B0       2F0       1  BIGRAM  
                smallconst                     000F00  000010  000F10       780       0  SMALLCON
                text11                         000F10  001A5D  00296D       788       0  CODE    
                text34                         00296E  000108  002A76      14B7       0  CODE    
                idloc                          200000  000010  200010    200000       0  IDLOC   
                config                         300000  00000C  30000C    300000       0  CONFIG  


UNUSED ADDRESS RANGES

        Name                Unused          Largest block    Delta
        BANK0            0000F3-0000FF                D
        BANK1            000144-0001FF               BC
        BANK10           000A00-000AFF              100
        BANK11           000B00-000BFF              100
        BANK12           000C00-000CFF              100
        BANK13           000D00-000DFF              100
        BANK14           000E00-000E7D               7E
        BANK6            0006B0-0006FF               50
        BANK7            000700-0007FF              100
        BANK8            000800-0008FF              100
        BANK9            000900-0009FF              100
        BIGRAM           00005D-00005F                3
                         0000F3-0000FF                D
                         000144-0001FF               BC
                         0006B0-000E7D              7CE
        CODE             000004-000007                4
                         000064-000EFF              E9C
                         00296D-00296D                1
                         002A76-00FFFF             D58A
        COMRAM           00005D-00005F                3
        CONST            000004-000007                4
                         000064-000EFF              E9C
                         00296D-00296D                1
                         002A76-00FFFF             D58A
        EEDATA           310000-3103FF              400
        MEDIUMCONST      00296D-00296D                1
                         002A76-00FFFF             D58A
        RAM              0000F3-0000FF                D
                         000144-0001FF               BC
                         0006B0-000E7D              100
        SFR              000E7E-000FFF               82
        SMALLCONST       00296D-00296D                1
                         002A76-00FFFF              100
        STACK            0006B0-000E7D              7CE

                                  Symbol Table

?_AdjustDayLightSaving                    cstackBANK0  000089
?_DecreaseByADay                          cstackBANK0  00007B
?_DecreaseByAMonth                        cstackBANK0  000070
?_DecreaseByAYear                         cstackBANK0  000065
?_IncreaseByADay                          cstackBANK0  00007B
?_IncreaseByAMonth                        cstackBANK0  000070
?_IncreaseByASecond                       cstackCOMRAM 00002A
?_IncreaseByAYear                         cstackBANK0  000065
?_TimeTextToSecond                        cstackBANK0  00006C
?___aldiv                                 cstackBANK0  000060
?___awdiv                                 cstackBANK0  000060
?___awmod                                 cstackBANK0  000068
?___lmul                                  cstackBANK0  000060
?___lwmod                                 cstackBANK0  000060
?___wmul                                  cstackBANK0  000060
?i2_IncreaseByADay                        cstackCOMRAM 00001C
?i2_IncreaseByAMonth                      cstackCOMRAM 000011
?i2_IncreaseByAYear                       cstackCOMRAM 000006
?i2___awmod                               cstackCOMRAM 000001
?i2___lwmod                               cstackCOMRAM 000001
AdjustDayLightSaving@End                  cstackBANK0  000096
AdjustDayLightSaving@Present              cstackBANK0  000098
AdjustDayLightSaving@Start                cstackBANK0  000094
AdjustDayLightSaving@dt                   cstackBANK0  000089
DecreaseByADay@MonthDays                  cstackBANK0  000087
DecreaseByADay@dt                         cstackBANK0  00007B
DecreaseByAMonth@dt                       cstackBANK0  000070
DecreaseByAYear@dt                        cstackBANK0  000065
GetDay@Date                               cstackBANK0  00006E
GetDay@d                                  cstackBANK0  000073
GetDay@m                                  cstackBANK0  000074
GetDay@t                                  dataCOMRAM   00003D
GetDay@y                                  cstackBANK0  000075
IncreaseByADay@MonthDays                  cstackBANK0  000088
IncreaseByADay@dt                         cstackBANK0  00007B
IncreaseByAMonth@dt                       cstackBANK0  000070
IncreaseByASecond@dt                      cstackCOMRAM 00002A
IncreaseByAYear@dt                        cstackBANK0  000065
Lcd_CharCP@c                              cstackBANK0  000062
Lcd_Command@command                       cstackBANK0  000062
Lcd_Init@data                             cstackBANK0  000063
Lcd_Text@buffer                           cstackBANK0  000064
Lcd_Text@data                             cstackBANK0  000066
Lcd_Text@x                                cstackBANK0  000063
Lcd_Text@y                                cstackBANK0  000065
Lcd_WriteChar@c                           cstackBANK0  00006F
Lcd_WriteChar@data                        cstackBANK0  000071
Lcd_WriteChar@x                           cstackBANK0  00006E
Lcd_WriteChar@y                           cstackBANK0  000070
LoadCyclesFromEeprom@Address              cstackBANK0  00006D
LoadCyclesFromEeprom@i                    cstackBANK0  000071
LoadCyclesFromEeprom@i_1299               cstackBANK0  000073
LoadCyclesFromEeprom@j                    cstackBANK0  00006F
LoadEventsFromEeprom@Address              cstackBANK0  00006C
LoadEventsFromEeprom@Temp16               cstackBANK0  00006E
LoadEventsFromEeprom@i                    cstackBANK0  00006A
LoadSettingsFromEeprom@Address            cstackBANK0  00006C
LoadSettingsFromEeprom@Temp16             cstackBANK0  00006A
LoadSettingsFromEeprom@Temp32             cstackBANK0  000066
LoadStatesFromEeprom@AddAudioNormal       cstackBANK0  00006B
LoadStatesFromEeprom@AddAudioSpecial      cstackBANK0  00006D
LoadStatesFromEeprom@AddStates            cstackBANK0  000078
LoadStatesFromEeprom@AudAddInc            cstackBANK0  000073
LoadStatesFromEeprom@TempNormalAdd        cstackBANK0  00006F
LoadStatesFromEeprom@TempSpecialAdd       cstackBANK0  000071
LoadStatesFromEeprom@i                    cstackBANK0  00007A
LoadStatesFromEeprom@j                    cstackBANK0  000074
LoadStatesFromEeprom@j_1234               cstackBANK0  000076
PIN_MANAGER_Initialize@state              cstackBANK0  000060
PL10                                      text31       0013DC
PL100                                     text29       00125A
PL102                                     text0        001554
PL104                                     text20       0018EA
PL106                                     text24       001CC0
PL108                                     text49       001E84
PL110                                     text20       0018F4
PL112                                     text29       001264
PL114                                     text51       0028D6
PL12                                      text12       001B96
PL14                                      text29       00121E
PL16                                      text17       0019E0
PL18                                      text32       00175C
PL2                                       text33       001678
PL20                                      text32       001786
PL22                                      text32       001796
PL24                                      text12       001BAA
PL26                                      text12       001BB4
PL28                                      text0        00153C
PL30                                      text37       001F0A
PL32                                      text37       001F22
PL34                                      text40       001D4A
PL36                                      text40       001D62
PL38                                      text37       001F3A
PL4                                       text33       001692
PL40                                      text13       001AD6
PL42                                      text32       0017A4
PL44                                      text12       001BBE
PL46                                      text40       001D7A
PL48                                      text32       0017BA
PL50                                      text12       001BCA
PL52                                      text40       001D84
PL54                                      text29       00122E
PL56                                      text24       001CA8
PL58                                      text1        0021C2
PL6                                       text33       00169A
PL60                                      text32       0017C4
PL62                                      text40       001D92
PL64                                      text37       001F50
PL66                                      text29       00123C
PL68                                      text11       0010B4
PL70                                      text13       001AEC
PL72                                      text17       0019EA
PL74                                      text29       00124E
PL76                                      text40       001DA4
PL78                                      text12       001BD6
PL8                                       text31       0013D0
PL80                                      text37       001F62
PL82                                      text36       00261C
PL84                                      text38       002326
PL86                                      text38       002330
PL88                                      text0        001548
PL90                                      text24       001CB6
PL92                                      text21       00203E
PL94                                      text17       0019F6
PL96                                      text1        0021D4
PL98                                      text23       00290C
ReadEeprom@Address                        cstackBANK0  000060
ReadGPSDateTime@Commas                    cstackBANK0  00006F
ReadGPSDateTime@Date                      cstackBANK0  000060
ReadGPSDateTime@F11434                    smallconst   000F01
ReadGPSDateTime@Pos                       cstackBANK0  000071
ReadGPSDateTime@StartCode                 cstackBANK0  000066
ReadGPSDateTime@TempChar                  cstackBANK0  000070
ReadGPSDateTime@Time                      cstackBANK0  000061
ReadGPSDateTime@i                         cstackBANK0  00006D
ReadGPS_DATE_TIME@Date                    cstackBANK0  0000A5
ReadGPS_DATE_TIME@F11440                  dataBANK0    0000CB
ReadGPS_DATE_TIME@F11442                  dataBANK0    0000C4
ReadGPS_DATE_TIME@Time                    cstackBANK0  00009E
TMR0_SetInterruptHandler@InterruptHandler cstackBANK0  000060
TimeTextToSecond@Second                   cstackBANK0  000080
TimeTextToSecond@Time                     cstackBANK0  00006C
ValidateDateTime@Date                     cstackBANK0  000060
ValidateDateTime@Item                     cstackBANK0  000063
ValidateDateTime@Time                     cstackBANK0  000061
WriteLongInt@POS                          cstackBANK0  000079
WriteLongInt@Sign                         cstackBANK0  000078
WriteLongInt@Val                          cstackBANK0  000073
WriteLongInt@size                         cstackBANK0  000077
WriteLongInt@x                            cstackBANK0  000072
WriteLongInt@y                            cstackBANK0  00007A
_ANSELA                                   (abs)        000F11
_ANSELB                                   (abs)        000F19
_ANSELC                                   (abs)        000F21
_AdjustDayLightSaving                     text20       0017D8
_BAUD1CON                                 (abs)        000F9F
_CENTI_SECOND_COUNT                       bssCOMRAM    00005B
_CYCLES                                   bssBANK1     000100
_DATE_TIME                                bssBANK0     0000DE
_DAY_LIGHT_END                            bssBANK0     0000E9
_DAY_LIGHT_START                          bssBANK0     0000ED
_DecreaseByADay                           text24       001BE0
_DecreaseByAMonth                         text25       0026CA
_DecreaseByAYear                          text26       002914
_EUSART1_Initialize                       text19       0029F0
_EUSART1_Read                             text16       002A18
_EVENTS                                   bssBANK2     000200
_GIE                                      (abs)        007F97
_GLOBAL_CENTURY                           dataBANK0    0000D2
_GLOBAL_I                                 bssCOMRAM    000059
_GPS_DATE_TIME                            bssBANK0     0000D3
_GetDay                                   text17       0018FC
_INTCONbits                               (abs)        000FF2
_INTERRUPT_Initialize                     text10       002A70
_INTERRUPT_InterruptManager               intcode      000008
_IncreaseByADay                           text21       001F6C
_IncreaseByAMonth                         text22       002716
_IncreaseByASecond                        text48       002576
_IncreaseByAYear                          text23       0028DE
_LATA                                     (abs)        000F83
_LATAbits                                 (abs)        000F83
_LATB                                     (abs)        000F84
_LATC                                     (abs)        000F85
_LATCbits                                 (abs)        000F85
_Lcd_CharCP                               text37       001E8E
_Lcd_Command                              text40       001CCA
_Lcd_Delay5500us                          text39       002A2A
_Lcd_Delay5us                             text41       002A64
_Lcd_Init                                 text38       00229A
_Lcd_Text                                 text36       0025D2
_Lcd_WriteChar                            text3        0027AA
_LoadAllFromEeprom                        text28       002A3C
_LoadCyclesFromEeprom                     text33       00155E
_LoadEventsFromEeprom                     text32       0016A4
_LoadSettingsFromEeprom                   text31       00126C
_LoadStatesFromEeprom                     text29       0010C0
_NVMADRH                                  (abs)        000F7F
_NVMADRL                                  (abs)        000F7E
_NVMCON1bits                              (abs)        000F81
_NVMDAT                                   (abs)        000F80
_ODCONA                                   (abs)        000F0F
_ODCONB                                   (abs)        000F17
_ODCONC                                   (abs)        000F1F
_OSCCON1                                  (abs)        000ED8
_OSCCON3                                  (abs)        000EDA
_OSCEN                                    (abs)        000EDC
_OSCFRQ                                   (abs)        000EDE
_OSCILLATOR_Initialize                    text9        0029C6
_OSCTUNE                                  (abs)        000EDD
_PIE0bits                                 (abs)        000EC2
_PIN_MANAGER_Initialize                   text8        002510
_PIR0bits                                 (abs)        000ECA
_PIR3bits                                 (abs)        000ECD
_PLLR                                     (abs)        0076D8
_PPSLOCK                                  (abs)        000EA0
_PPSLOCKbits                              (abs)        000EA0
_RC1REG                                   (abs)        000F99
_RC1STA                                   (abs)        000F9D
_RC1STAbits                               (abs)        000F9D
_RC6PPS                                   (abs)        000EFD
_RX1PPSbits                               (abs)        000EB5
_ReadEeprom                               text35       002A04
_ReadGPSDateTime                          text15       002048
_ReadGPS_DATE_TIME                        text11       000F10
_SP1BRGH                                  (abs)        000F9C
_SP1BRGL                                  (abs)        000F9B
_STATES                                   bssBIGRAM    0002F0
_SYSTEM_Initialize                        text4        0029DC
_T0CON0                                   (abs)        000FD5
_T0CON0bits                               (abs)        000FD5
_T0CON1                                   (abs)        000FD6
_TIME_ZONE                                bssBANK0     0000F1
_TMR0H                                    (abs)        000FD4
_TMR0L                                    (abs)        000FD3
_TMR0_CallBack                            text44       002994
_TMR0_DefaultInterruptHandler             text45       002A74
_TMR0_ISR                                 text43       002A4C
_TMR0_Initialize                          text5        0027EA
_TMR0_InterruptHandler                    bssCOMRAM    000055
_TMR0_SetInterruptHandler                 text7        002A5A
_TMR0_StartTimer                          text6        002A6C
_TRISA                                    (abs)        000F88
_TRISAbits                                (abs)        000F88
_TRISB                                    (abs)        000F89
_TRISC                                    (abs)        000F8A
_TX1STA                                   (abs)        000F9E
_TimeTextToSecond                         text13       001A00
_Timer0_10ms                              text46       00262C
_ValidateDateTime                         text12       001AF4
_WPUA                                     (abs)        000F10
_WPUB                                     (abs)        000F18
_WPUC                                     (abs)        000F20
_WPUE                                     (abs)        000F2D
_WriteLongInt                             text1        00211E
__CFG_BOREN$SBORDIS                       (abs)        000000
__CFG_BORV$VBOR_2P45                      (abs)        000000
__CFG_CLKOUTEN$OFF                        (abs)        000000
__CFG_CP$OFF                              (abs)        000000
__CFG_CPD$OFF                             (abs)        000000
__CFG_CSWEN$ON                            (abs)        000000
__CFG_DEBUG$OFF                           (abs)        000000
__CFG_EBTR0$OFF                           (abs)        000000
__CFG_EBTR1$OFF                           (abs)        000000
__CFG_EBTR2$OFF                           (abs)        000000
__CFG_EBTR3$OFF                           (abs)        000000
__CFG_EBTRB$OFF                           (abs)        000000
__CFG_FCMEN$ON                            (abs)        000000
__CFG_FEXTOSC$HS                          (abs)        000000
__CFG_LPBOREN$OFF                         (abs)        000000
__CFG_LVP$ON                              (abs)        000000
__CFG_MCLRE$EXTMCLR                       (abs)        000000
__CFG_PPS1WAY$ON                          (abs)        000000
__CFG_PWRTE$OFF                           (abs)        000000
__CFG_RSTOSC$EXTOSC_4PLL                  (abs)        000000
__CFG_SCANE$ON                            (abs)        000000
__CFG_STVREN$ON                           (abs)        000000
__CFG_WDTCCS$SC                           (abs)        000000
__CFG_WDTCPS$WDTCPS_31                    (abs)        000000
__CFG_WDTCWS$WDTCWS_7                     (abs)        000000
__CFG_WDTE$OFF                            (abs)        000000
__CFG_WRT0$OFF                            (abs)        000000
__CFG_WRT1$OFF                            (abs)        000000
__CFG_WRT2$OFF                            (abs)        000000
__CFG_WRT3$OFF                            (abs)        000000
__CFG_WRTB$OFF                            (abs)        000000
__CFG_WRTC$OFF                            (abs)        000000
__CFG_WRTD$OFF                            (abs)        000000
__CFG_XINST$OFF                           (abs)        000000
__CFG_ZCD$OFF                             (abs)        000000
__HRAM                                    (abs)        000000
__Habs1                                   abs1         000000
__Hbank0                                  bank0        000000
__Hbank1                                  bank1        000000
__Hbank10                                 bank10       000000
__Hbank11                                 bank11       000000
__Hbank12                                 bank12       000000
__Hbank13                                 bank13       000000
__Hbank14                                 bank14       000000
__Hbank2                                  bank2        000000
__Hbank3                                  bank3        000000
__Hbank4                                  bank4        000000
__Hbank5                                  bank5        000000
__Hbank6                                  bank6        000000
__Hbank7                                  bank7        000000
__Hbank8                                  bank8        000000
__Hbank9                                  bank9        000000
__Hbigbss                                 bigbss       000000
__Hbigdata                                bigdata      000000
__Hbigram                                 bigram       000000
__Hbss                                    bss          000000
__HbssBANK0                               bssBANK0     000000
__HbssBANK1                               bssBANK1     000000
__HbssBANK2                               bssBANK2     000000
__HbssBIGRAM                              bssBIGRAM    000000
__HbssCOMRAM                              bssCOMRAM    000000
__Hcinit                                  cinit        000000
__Hclrtext                                clrtext      000000
__Hcomram                                 comram       000000
__Hconfig                                 config       30000C
__Hconst                                  const        000000
__HcstackBANK0                            cstackBANK0  000000
__HcstackCOMRAM                           cstackCOMRAM 000000
__Hdata                                   data         000000
__HdataBANK0                              dataBANK0    000000
__HdataCOMRAM                             dataCOMRAM   000000
__Heeprom_data                            eeprom_data  000000
__Hfarbss                                 farbss       000000
__Hfardata                                fardata      000000
__Hibigdata                               ibigdata     000000
__Hidata                                  idata        000000
__HidataBANK0                             idataBANK0   000000
__HidataCOMRAM                            idataCOMRAM  000000
__Hidloc                                  idloc        200010
__Hifardata                               ifardata     000000
__Hinit                                   init         000064
__Hintcode                                intcode      00005A
__Hintcode_body                           intcode_body 000000
__Hintcodelo                              intcodelo    00005A
__Hintentry                               intentry     000000
__Hintret                                 intret       000000
__Hintsave_regs                           intsave_regs 000000
__Hirdata                                 irdata       000000
__Hmediumconst                            mediumconst  000000
__HnvFARRAM                               nvFARRAM     000000
__Hnvbit                                  nvbit        000000
__Hnvrram                                 nvrram       000000
__Hpa_nodes0                              pa_nodes0    000000
__Hparam                                  rparam       000000
__Hpowerup                                powerup      000060
__Hram                                    ram          000000
__Hramtop                                 ramtop       000F00
__Hrbit                                   rbit         000000
__Hrbss                                   rbss         000000
__Hrdata                                  rdata        000000
__Hreset_vec                              reset_vec    000004
__Hrparam                                 rparam       000000
__Hsfr                                    sfr          000000
__Hsmallconst                             smallconst   000F10
__Hspace_0                                (abs)        30000C
__Hspace_1                                (abs)        0006B0
__Hspace_2                                (abs)        000000
__Hstack                                  stack        000000
__Hstruct                                 struct       000000
__Htemp                                   temp         00005D
__Htext                                   text         000000
__Htext0                                  text0        000000
__Htext1                                  text1        000000
__Htext10                                 text10       000000
__Htext11                                 text11       000000
__Htext12                                 text12       000000
__Htext13                                 text13       000000
__Htext14                                 text14       000000
__Htext15                                 text15       000000
__Htext16                                 text16       000000
__Htext17                                 text17       000000
__Htext18                                 text18       000000
__Htext19                                 text19       000000
__Htext2                                  text2        000000
__Htext20                                 text20       000000
__Htext21                                 text21       000000
__Htext22                                 text22       000000
__Htext23                                 text23       000000
__Htext24                                 text24       000000
__Htext25                                 text25       000000
__Htext26                                 text26       000000
__Htext27                                 text27       000000
__Htext28                                 text28       000000
__Htext29                                 text29       000000
__Htext3                                  text3        000000
__Htext30                                 text30       000000
__Htext31                                 text31       000000
__Htext32                                 text32       000000
__Htext33                                 text33       000000
__Htext34                                 text34       000000
__Htext35                                 text35       000000
__Htext36                                 text36       000000
__Htext37                                 text37       000000
__Htext38                                 text38       000000
__Htext39                                 text39       000000
__Htext4                                  text4        000000
__Htext40                                 text40       000000
__Htext41                                 text41       000000
__Htext43                                 text43       000000
__Htext44                                 text44       000000
__Htext45                                 text45       000000
__Htext46                                 text46       000000
__Htext47                                 text47       000000
__Htext48                                 text48       000000
__Htext49                                 text49       000000
__Htext5                                  text5        000000
__Htext50                                 text50       000000
__Htext51                                 text51       000000
__Htext52                                 text52       000000
__Htext53                                 text53       000000
__Htext6                                  text6        000000
__Htext7                                  text7        000000
__Htext8                                  text8        000000
__Htext9                                  text9        000000
__LRAM                                    (abs)        000001
__Labs1                                   abs1         000000
__Lbank0                                  bank0        000000
__Lbank1                                  bank1        000000
__Lbank10                                 bank10       000000
__Lbank11                                 bank11       000000
__Lbank12                                 bank12       000000
__Lbank13                                 bank13       000000
__Lbank14                                 bank14       000000
__Lbank2                                  bank2        000000
__Lbank3                                  bank3        000000
__Lbank4                                  bank4        000000
__Lbank5                                  bank5        000000
__Lbank6                                  bank6        000000
__Lbank7                                  bank7        000000
__Lbank8                                  bank8        000000
__Lbank9                                  bank9        000000
__Lbigbss                                 bigbss       000000
__Lbigdata                                bigdata      000000
__Lbigram                                 bigram       000000
__Lbss                                    bss          000000
__LbssBANK0                               bssBANK0     000000
__LbssBANK1                               bssBANK1     000000
__LbssBANK2                               bssBANK2     000000
__LbssBIGRAM                              bssBIGRAM    000000
__LbssCOMRAM                              bssCOMRAM    000000
__Lcinit                                  cinit        000000
__Lclrtext                                clrtext      000000
__Lcomram                                 comram       000000
__Lconfig                                 config       300000
__Lconst                                  const        000000
__LcstackBANK0                            cstackBANK0  000000
__LcstackCOMRAM                           cstackCOMRAM 000000
__Ldata                                   data         000000
__LdataBANK0                              dataBANK0    000000
__LdataCOMRAM                             dataCOMRAM   000000
__Leeprom_data                            eeprom_data  000000
__Lfarbss                                 farbss       000000
__Lfardata                                fardata      000000
__Libigdata                               ibigdata     000000
__Lidata                                  idata        000000
__LidataBANK0                             idataBANK0   000000
__LidataCOMRAM                            idataCOMRAM  000000
__Lidloc                                  idloc        200000
__Lifardata                               ifardata     000000
__Linit                                   init         000060
__Lintcode                                intcode      000008
__Lintcode_body                           intcode_body 000000
__Lintcodelo                              intcodelo    00005A
__Lintentry                               intentry     000000
__Lintret                                 intret       000000
__Lintsave_regs                           intsave_regs 000000
__Lirdata                                 irdata       000000
__Lmediumconst                            mediumconst  000000
__LnvFARRAM                               nvFARRAM     000000
__Lnvbit                                  nvbit        000000
__Lnvrram                                 nvrram       000000
__Lpa_nodes0                              pa_nodes0    000000
__Lparam                                  rparam       000000
__Lpowerup                                powerup      00005A
__Lram                                    ram          000000
__Lramtop                                 ramtop       000F00
__Lrbit                                   rbit         000000
__Lrbss                                   rbss         000000
__Lrdata                                  rdata        000000
__Lreset_vec                              reset_vec    000000
__Lrparam                                 rparam       000000
__Lsfr                                    sfr          000000
__Lsmallconst                             smallconst   000F00
__Lspace_0                                (abs)        000000
__Lspace_1                                (abs)        000000
__Lspace_2                                (abs)        000000
__Lstack                                  stack        000000
__Lstruct                                 struct       000000
__Ltemp                                   temp         00005C
__Ltext                                   text         000000
__Ltext0                                  text0        000000
__Ltext1                                  text1        000000
__Ltext10                                 text10       000000
__Ltext11                                 text11       000000
__Ltext12                                 text12       000000
__Ltext13                                 text13       000000
__Ltext14                                 text14       000000
__Ltext15                                 text15       000000
__Ltext16                                 text16       000000
__Ltext17                                 text17       000000
__Ltext18                                 text18       000000
__Ltext19                                 text19       000000
__Ltext2                                  text2        000000
__Ltext20                                 text20       000000
__Ltext21                                 text21       000000
__Ltext22                                 text22       000000
__Ltext23                                 text23       000000
__Ltext24                                 text24       000000
__Ltext25                                 text25       000000
__Ltext26                                 text26       000000
__Ltext27                                 text27       000000
__Ltext28                                 text28       000000
__Ltext29                                 text29       000000
__Ltext3                                  text3        000000
__Ltext30                                 text30       000000
__Ltext31                                 text31       000000
__Ltext32                                 text32       000000
__Ltext33                                 text33       000000
__Ltext34                                 text34       000000
__Ltext35                                 text35       000000
__Ltext36                                 text36       000000
__Ltext37                                 text37       000000
__Ltext38                                 text38       000000
__Ltext39                                 text39       000000
__Ltext4                                  text4        000000
__Ltext40                                 text40       000000
__Ltext41                                 text41       000000
__Ltext43                                 text43       000000
__Ltext44                                 text44       000000
__Ltext45                                 text45       000000
__Ltext46                                 text46       000000
__Ltext47                                 text47       000000
__Ltext48                                 text48       000000
__Ltext49                                 text49       000000
__Ltext5                                  text5        000000
__Ltext50                                 text50       000000
__Ltext51                                 text51       000000
__Ltext52                                 text52       000000
__Ltext53                                 text53       000000
__Ltext6                                  text6        000000
__Ltext7                                  text7        000000
__Ltext8                                  text8        000000
__Ltext9                                  text9        000000
__S0                                      (abs)        30000C
__S1                                      (abs)        0006B0
__S2                                      (abs)        000000
___aldiv                                  text2        0021DE
___aldiv@counter                          cstackBANK0  000068
___aldiv@dividend                         cstackBANK0  000060
___aldiv@divisor                          cstackBANK0  000064
___aldiv@quotient                         cstackBANK0  00006A
___aldiv@sign                             cstackBANK0  000069
___awdiv                                  text30       0023C8
___awdiv@counter                          cstackBANK0  000064
___awdiv@dividend                         cstackBANK0  000060
___awdiv@divisor                          cstackBANK0  000062
___awdiv@quotient                         cstackBANK0  000066
___awdiv@sign                             cstackBANK0  000065
___awmod                                  text18       002440
___awmod@counter                          cstackBANK0  00006C
___awmod@dividend                         cstackBANK0  000068
___awmod@divisor                          cstackBANK0  00006A
___awmod@sign                             cstackBANK0  00006D
___inthi_sp                               stack        000000
___intlo_sp                               stack        000000
___lmul                                   text14       00267E
___lmul@multiplicand                      cstackBANK0  000064
___lmul@multiplier                        cstackBANK0  000060
___lmul@product                           cstackBANK0  000068
___lwmod                                  text27       00282A
___lwmod@counter                          cstackBANK0  000064
___lwmod@dividend                         cstackBANK0  000060
___lwmod@divisor                          cstackBANK0  000062
___param_bank                             (abs)        000000
___rparam_used                            (abs)        000001
___sp                                     stack        000000
___wmul                                   text34       00296E
___wmul@multiplicand                      cstackBANK0  000062
___wmul@multiplier                        cstackBANK0  000060
___wmul@product                           cstackBANK0  000064
__accesstop                               (abs)        000060
__activetblptr                            (abs)        000003
__end_ofPL10                              text31       0013E6
__end_ofPL100                             text29       001264
__end_ofPL102                             text0        00155E
__end_ofPL104                             text20       0018F4
__end_ofPL106                             text24       001CCA
__end_ofPL108                             text49       001E8E
__end_ofPL110                             text20       0018FC
__end_ofPL112                             text29       00126C
__end_ofPL114                             text51       0028DE
__end_ofPL12                              text12       001BAA
__end_ofPL14                              text29       00122E
__end_ofPL16                              text17       0019EA
__end_ofPL18                              text32       001786
__end_ofPL2                               text33       001692
__end_ofPL20                              text32       001796
__end_ofPL22                              text32       0017A4
__end_ofPL24                              text12       001BB4
__end_ofPL26                              text12       001BBE
__end_ofPL28                              text0        001548
__end_ofPL30                              text37       001F22
__end_ofPL32                              text37       001F3A
__end_ofPL34                              text40       001D62
__end_ofPL36                              text40       001D7A
__end_ofPL38                              text37       001F50
__end_ofPL4                               text33       00169A
__end_ofPL40                              text13       001AEC
__end_ofPL42                              text32       0017BA
__end_ofPL44                              text12       001BCA
__end_ofPL46                              text40       001D84
__end_ofPL48                              text32       0017C4
__end_ofPL50                              text12       001BD6
__end_ofPL52                              text40       001D92
__end_ofPL54                              text29       00123C
__end_ofPL56                              text24       001CB6
__end_ofPL58                              text1        0021D4
__end_ofPL6                               text33       0016A4
__end_ofPL60                              text32       0017D8
__end_ofPL62                              text40       001DA4
__end_ofPL64                              text37       001F62
__end_ofPL66                              text29       00124E
__end_ofPL68                              text11       0010C0
__end_ofPL70                              text13       001AF4
__end_ofPL72                              text17       0019F6
__end_ofPL74                              text29       00125A
__end_ofPL76                              text40       001DAE
__end_ofPL78                              text12       001BE0
__end_ofPL8                               text31       0013DC
__end_ofPL80                              text37       001F6C
__end_ofPL82                              text36       00262C
__end_ofPL84                              text38       002330
__end_ofPL86                              text38       00233A
__end_ofPL88                              text0        001554
__end_ofPL90                              text24       001CC0
__end_ofPL92                              text21       002048
__end_ofPL94                              text17       001A00
__end_ofPL96                              text1        0021DE
__end_ofPL98                              text23       002914
__end_ofReadGPSDateTime@F11434            smallconst   000F08
__end_of_AdjustDayLightSaving             text20       0018EA
__end_of_DecreaseByADay                   text24       001CA8
__end_of_DecreaseByAMonth                 text25       002716
__end_of_DecreaseByAYear                  text26       002946
__end_of_EUSART1_Initialize               text19       002A04
__end_of_EUSART1_Read                     text16       002A2A
__end_of_GetDay                           text17       0019E0
__end_of_INTERRUPT_Initialize             text10       002A74
__end_of_INTERRUPT_InterruptManager       intcode      00005A
__end_of_IncreaseByADay                   text21       00203E
__end_of_IncreaseByAMonth                 text22       002760
__end_of_IncreaseByASecond                text48       0025D2
__end_of_IncreaseByAYear                  text23       00290C
__end_of_Lcd_CharCP                       text37       001F0A
__end_of_Lcd_Command                      text40       001D4A
__end_of_Lcd_Delay5500us                  text39       002A3C
__end_of_Lcd_Delay5us                     text41       002A6C
__end_of_Lcd_Init                         text38       002326
__end_of_Lcd_Text                         text36       00261C
__end_of_Lcd_WriteChar                    text3        0027EA
__end_of_LoadAllFromEeprom                text28       002A4C
__end_of_LoadCyclesFromEeprom             text33       001678
__end_of_LoadEventsFromEeprom             text32       00175C
__end_of_LoadSettingsFromEeprom           text31       0013D0
__end_of_LoadStatesFromEeprom             text29       00121E
__end_of_OSCILLATOR_Initialize            text9        0029DC
__end_of_PIN_MANAGER_Initialize           text8        002576
__end_of_ReadEeprom                       text35       002A18
__end_of_ReadGPSDateTime                  text15       00211E
__end_of_ReadGPS_DATE_TIME                text11       0010B4
__end_of_SYSTEM_Initialize                text4        0029F0
__end_of_TMR0_CallBack                    text44       0029AE
__end_of_TMR0_DefaultInterruptHandler     text45       002A76
__end_of_TMR0_ISR                         text43       002A5A
__end_of_TMR0_Initialize                  text5        00282A
__end_of_TMR0_SetInterruptHandler         text7        002A64
__end_of_TMR0_StartTimer                  text6        002A70
__end_of_TimeTextToSecond                 text13       001AD6
__end_of_Timer0_10ms                      text46       00267E
__end_of_ValidateDateTime                 text12       001B96
__end_of_WriteLongInt                     text1        0021C2
__end_of___aldiv                          text2        00229A
__end_of___awdiv                          text30       002440
__end_of___awmod                          text18       0024A8
__end_of___lmul                           text14       0026CA
__end_of___lwmod                          text27       002868
__end_of___wmul                           text34       002994
__end_of__initialization                  cinit        0023BE
__end_of_main                             text0        00153C
__end_ofi2_IncreaseByADay                 text49       001E84
__end_ofi2_IncreaseByAMonth               text50       0027AA
__end_ofi2_IncreaseByAYear                text51       0028D6
__end_ofi2___awmod                        text47       002510
__end_ofi2___lwmod                        text52       0028A6
__initialization                          cinit        00233A
__mediumconst                             mediumconst  000000
__pbssBANK0                               bssBANK0     0000D3
__pbssBANK1                               bssBANK1     000100
__pbssBANK2                               bssBANK2     000200
__pbssBIGRAM                              bssBIGRAM    0002F0
__pbssCOMRAM                              bssCOMRAM    000055
__pcinit                                  cinit        00233A
__pcstackBANK0                            cstackBANK0  000060
__pcstackCOMRAM                           cstackCOMRAM 000001
__pdataBANK0                              dataBANK0    0000AC
__pdataCOMRAM                             dataCOMRAM   00003D
__pidataBANK0                             idataBANK0   002946
__pidataCOMRAM                            idataCOMRAM  0029AE
__pintcode                                intcode      000008
__psmallconst                             smallconst   000F00
__ptext0                                  text0        0013E6
__ptext1                                  text1        00211E
__ptext10                                 text10       002A70
__ptext11                                 text11       000F10
__ptext12                                 text12       001AF4
__ptext13                                 text13       001A00
__ptext14                                 text14       00267E
__ptext15                                 text15       002048
__ptext16                                 text16       002A18
__ptext17                                 text17       0018FC
__ptext18                                 text18       002440
__ptext19                                 text19       0029F0
__ptext2                                  text2        0021DE
__ptext20                                 text20       0017D8
__ptext21                                 text21       001F6C
__ptext22                                 text22       002716
__ptext23                                 text23       0028DE
__ptext24                                 text24       001BE0
__ptext25                                 text25       0026CA
__ptext26                                 text26       002914
__ptext27                                 text27       00282A
__ptext28                                 text28       002A3C
__ptext29                                 text29       0010C0
__ptext3                                  text3        0027AA
__ptext30                                 text30       0023C8
__ptext31                                 text31       00126C
__ptext32                                 text32       0016A4
__ptext33                                 text33       00155E
__ptext34                                 text34       00296E
__ptext35                                 text35       002A04
__ptext36                                 text36       0025D2
__ptext37                                 text37       001E8E
__ptext38                                 text38       00229A
__ptext39                                 text39       002A2A
__ptext4                                  text4        0029DC
__ptext40                                 text40       001CCA
__ptext41                                 text41       002A64
__ptext43                                 text43       002A4C
__ptext44                                 text44       002994
__ptext45                                 text45       002A74
__ptext46                                 text46       00262C
__ptext47                                 text47       0024A8
__ptext48                                 text48       002576
__ptext49                                 text49       001DAE
__ptext5                                  text5        0027EA
__ptext50                                 text50       002760
__ptext51                                 text51       0028A6
__ptext52                                 text52       002868
__ptext53                                 text53       000000
__ptext6                                  text6        002A6C
__ptext7                                  text7        002A5A
__ptext8                                  text8        002510
__ptext9                                  text9        0029C6
__ramtop                                  ramtop       000F00
__size_of_AdjustDayLightSaving            (abs)        000000
__size_of_DecreaseByADay                  (abs)        000000
__size_of_DecreaseByAMonth                (abs)        000000
__size_of_DecreaseByAYear                 (abs)        000000
__size_of_EUSART1_Initialize              (abs)        000000
__size_of_EUSART1_Read                    (abs)        000000
__size_of_GetDay                          (abs)        000000
__size_of_INTERRUPT_Initialize            (abs)        000000
__size_of_INTERRUPT_InterruptManager      (abs)        000000
__size_of_IncreaseByADay                  (abs)        000000
__size_of_IncreaseByAMonth                (abs)        000000
__size_of_IncreaseByASecond               (abs)        000000
__size_of_IncreaseByAYear                 (abs)        000000
__size_of_Lcd_CharCP                      (abs)        000000
__size_of_Lcd_Command                     (abs)        000000
__size_of_Lcd_Delay5500us                 (abs)        000000
__size_of_Lcd_Delay5us                    (abs)        000000
__size_of_Lcd_Init                        (abs)        000000
__size_of_Lcd_Text                        (abs)        000000
__size_of_Lcd_WriteChar                   (abs)        000000
__size_of_LoadAllFromEeprom               (abs)        000000
__size_of_LoadCyclesFromEeprom            (abs)        000000
__size_of_LoadEventsFromEeprom            (abs)        000000
__size_of_LoadSettingsFromEeprom          (abs)        000000
__size_of_LoadStatesFromEeprom            (abs)        000000
__size_of_OSCILLATOR_Initialize           (abs)        000000
__size_of_PIN_MANAGER_Initialize          (abs)        000000
__size_of_ReadEeprom                      (abs)        000000
__size_of_ReadGPSDateTime                 (abs)        000000
__size_of_ReadGPS_DATE_TIME               (abs)        000000
__size_of_SYSTEM_Initialize               (abs)        000000
__size_of_TMR0_CallBack                   (abs)        000000
__size_of_TMR0_DefaultInterruptHandler    (abs)        000000
__size_of_TMR0_ISR                        (abs)        000000
__size_of_TMR0_Initialize                 (abs)        000000
__size_of_TMR0_SetInterruptHandler        (abs)        000000
__size_of_TMR0_StartTimer                 (abs)        000000
__size_of_TimeTextToSecond                (abs)        000000
__size_of_Timer0_10ms                     (abs)        000000
__size_of_ValidateDateTime                (abs)        000000
__size_of_WriteLongInt                    (abs)        000000
__size_of___aldiv                         (abs)        000000
__size_of___awdiv                         (abs)        000000
__size_of___awmod                         (abs)        000000
__size_of___lmul                          (abs)        000000
__size_of___lwmod                         (abs)        000000
__size_of___wmul                          (abs)        000000
__size_of_main                            (abs)        000000
__size_ofi2_IncreaseByADay                (abs)        000000
__size_ofi2_IncreaseByAMonth              (abs)        000000
__size_ofi2_IncreaseByAYear               (abs)        000000
__size_ofi2___awmod                       (abs)        000000
__size_ofi2___lwmod                       (abs)        000000
__smallconst                              smallconst   000F00
_main                                     text0        0013E6
_timer0ReloadVal16bit                     bssCOMRAM    000057
btemp                                     temp         00005C
end_of_initialization                     cinit        0023BE
i2IncreaseByADay@MonthDays                cstackCOMRAM 000029
i2IncreaseByADay@dt                       cstackCOMRAM 00001C
i2IncreaseByAMonth@dt                     cstackCOMRAM 000011
i2IncreaseByAYear@dt                      cstackCOMRAM 000006
i2_IncreaseByADay                         text49       001DAE
i2_IncreaseByAMonth                       text50       002760
i2_IncreaseByAYear                        text51       0028A6
i2___awmod                                text47       0024A8
i2___awmod@counter                        cstackCOMRAM 000005
i2___awmod@dividend                       cstackCOMRAM 000001
i2___awmod@divisor                        cstackCOMRAM 000003
i2___awmod@sign                           cstackCOMRAM 000006
i2___lwmod                                text52       002868
i2___lwmod@counter                        cstackCOMRAM 000005
i2___lwmod@dividend                       cstackCOMRAM 000001
i2___lwmod@divisor                        cstackCOMRAM 000003
int$flags                                 temp         00005C
intlevel0                                 text         000000
intlevel1                                 text         000000
intlevel2                                 text         000000
intlevel3                                 text         000000
powerup                                   powerup      00005A
projMain@NO_OF_DAYS_IN_A_MONTH            dataBANK0    0000AC
stackhi                                   (abs)        000E7D
stacklo                                   (abs)        0006B0
start                                     init         000060
start_initialization                      cinit        00233A


FUNCTION INFORMATION:

 *************** function _main *****************
 Defined at:
		line 53 in file "main.c"
 Parameters:    Size  Location     Type
		None
 Auto vars:     Size  Location     Type
		None
 Return value:  Size  Location     Type
                  1    wreg      void 
 Registers used:
		wreg, fsr0l, fsr0h, fsr1l, fsr1h, fsr2l, fsr2h, status,2, status,0, tblptrl, tblptrh, tblptru, prodl, prodh, cstack
 Tracked objects:
		On entry : 
		On exit  : 
		Unchanged: 
 Data sizes:     COMRAM   BANK0   BANK1   BANK2   BANK3   BANK4   BANK5   BANK6   BANK7   BANK8   BANK9  BANK10  BANK11  BANK12  BANK13  BANK14
      Params:         0       0       0       0       0       0       0       0       0       0       0       0       0       0       0       0
      Locals:         0       0       0       0       0       0       0       0       0       0       0       0       0       0       0       0
      Temps:          0       0       0       0       0       0       0       0       0       0       0       0       0       0       0       0
      Totals:         0       0       0       0       0       0       0       0       0       0       0       0       0       0       0       0
Total ram usage:        0 bytes
 Hardware stack levels required when called:   15
 This function calls:
		_AdjustDayLightSaving
		_Lcd_Command
		_Lcd_Init
		_Lcd_Text
		_LoadAllFromEeprom
		_ReadGPS_DATE_TIME
		_SYSTEM_Initialize
		_TMR0_SetInterruptHandler
		_WriteLongInt
 This function is called by:
		Startup code after reset
 This function uses a non-reentrant model


 *************** function _WriteLongInt *****************
 Defined at:
		line 183 in file "libs/HD44780.c"
 Parameters:    Size  Location     Type
  y               1    wreg     unsigned char 
  x               1   18[BANK0 ] unsigned char 
  Val             4   19[BANK0 ] long 
  size            1   23[BANK0 ] char 
  Sign            1   24[BANK0 ] unsigned char 
 Auto vars:     Size  Location     Type
  y               1   26[BANK0 ] unsigned char 
  POS             1   25[BANK0 ] char 
 Return value:  Size  Location     Type
                  1    wreg      void 
 Registers used:
		wreg, status,2, status,0, prodl, prodh, cstack
 Tracked objects:
		On entry : 
		On exit  : 
		Unchanged: 
 Data sizes:     COMRAM   BANK0   BANK1   BANK2   BANK3   BANK4   BANK5   BANK6   BANK7   BANK8   BANK9  BANK10  BANK11  BANK12  BANK13  BANK14
      Params:         0       7       0       0       0       0       0       0       0       0       0       0       0       0       0       0
      Locals:         0       2       0       0       0       0       0       0       0       0       0       0       0       0       0       0
      Temps:          0       0       0       0       0       0       0       0       0       0       0       0       0       0       0       0
      Totals:         0       9       0       0       0       0       0       0       0       0       0       0       0       0       0       0
Total ram usage:        9 bytes
 Hardware stack levels used:    1
 Hardware stack levels required when called:   12
 This function calls:
		_Lcd_WriteChar
		___aldiv
		___lmul
 This function is called by:
		_main
 This function uses a non-reentrant model


 *************** function ___aldiv *****************
 Defined at:
		line 8 in file "C:\Program Files (x86)\Microchip\xc8\v1.42\sources\common\aldiv.c"
 Parameters:    Size  Location     Type
  dividend        4    0[BANK0 ] long 
  divisor         4    4[BANK0 ] long 
 Auto vars:     Size  Location     Type
  quotient        4   10[BANK0 ] long 
  sign            1    9[BANK0 ] unsigned char 
  counter         1    8[BANK0 ] unsigned char 
 Return value:  Size  Location     Type
                  4    0[BANK0 ] long 
 Registers used:
		wreg, status,2, status,0
 Tracked objects:
		On entry : 
		On exit  : 
		Unchanged: 
 Data sizes:     COMRAM   BANK0   BANK1   BANK2   BANK3   BANK4   BANK5   BANK6   BANK7   BANK8   BANK9  BANK10  BANK11  BANK12  BANK13  BANK14
      Params:         0       8       0       0       0       0       0       0       0       0       0       0       0       0       0       0
      Locals:         0       6       0       0       0       0       0       0       0       0       0       0       0       0       0       0
      Temps:          0       0       0       0       0       0       0       0       0       0       0       0       0       0       0       0
      Totals:         0      14       0       0       0       0       0       0       0       0       0       0       0       0       0       0
Total ram usage:       14 bytes
 Hardware stack levels used:    1
 Hardware stack levels required when called:    9
 This function calls:
		Nothing
 This function is called by:
		_WriteLongInt
 This function uses a non-reentrant model


 *************** function _Lcd_WriteChar *****************
 Defined at:
		line 99 in file "libs/HD44780.c"
 Parameters:    Size  Location     Type
  y               1    wreg     unsigned char 
  x               1   14[BANK0 ] unsigned char 
  c               1   15[BANK0 ] unsigned char 
 Auto vars:     Size  Location     Type
  y               1   16[BANK0 ] unsigned char 
  data            1   17[BANK0 ] unsigned char 
 Return value:  Size  Location     Type
                  1    wreg      void 
 Registers used:
		wreg, status,2, status,0, cstack
 Tracked objects:
		On entry : 
		On exit  : 
		Unchanged: 
 Data sizes:     COMRAM   BANK0   BANK1   BANK2   BANK3   BANK4   BANK5   BANK6   BANK7   BANK8   BANK9  BANK10  BANK11  BANK12  BANK13  BANK14
      Params:         0       2       0       0       0       0       0       0       0       0       0       0       0       0       0       0
      Locals:         0       2       0       0       0       0       0       0       0       0       0       0       0       0       0       0
      Temps:          0       0       0       0       0       0       0       0       0       0       0       0       0       0       0       0
      Totals:         0       4       0       0       0       0       0       0       0       0       0       0       0       0       0       0
Total ram usage:        4 bytes
 Hardware stack levels used:    1
 Hardware stack levels required when called:   11
 This function calls:
		_Lcd_CharCP
		_Lcd_Command
 This function is called by:
		_WriteLongInt
 This function uses a non-reentrant model


 *************** function _SYSTEM_Initialize *****************
 Defined at:
		line 107 in file "mcc_generated_files/mcc.c"
 Parameters:    Size  Location     Type
		None
 Auto vars:     Size  Location     Type
		None
 Return value:  Size  Location     Type
                  1    wreg      void 
 Registers used:
		wreg, status,2, status,0, cstack
 Tracked objects:
		On entry : 
		On exit  : 
		Unchanged: 
 Data sizes:     COMRAM   BANK0   BANK1   BANK2   BANK3   BANK4   BANK5   BANK6   BANK7   BANK8   BANK9  BANK10  BANK11  BANK12  BANK13  BANK14
      Params:         0       0       0       0       0       0       0       0       0       0       0       0       0       0       0       0
      Locals:         0       0       0       0       0       0       0       0       0       0       0       0       0       0       0       0
      Temps:          0       0       0       0       0       0       0       0       0       0       0       0       0       0       0       0
      Totals:         0       0       0       0       0       0       0       0       0       0       0       0       0       0       0       0
Total ram usage:        0 bytes
 Hardware stack levels used:    1
 Hardware stack levels required when called:   11
 This function calls:
		_EUSART1_Initialize
		_INTERRUPT_Initialize
		_OSCILLATOR_Initialize
		_PIN_MANAGER_Initialize
		_TMR0_Initialize
 This function is called by:
		_main
 This function uses a non-reentrant model


 *************** function _TMR0_Initialize *****************
 Defined at:
		line 65 in file "mcc_generated_files/tmr0.c"
 Parameters:    Size  Location     Type
		None
 Auto vars:     Size  Location     Type
		None
[...]
 Tracked objects:
		On entry : 
		On exit  : 
		Unchanged: 
 Data sizes:     COMRAM   BANK0   BANK1   BANK2   BANK3   BANK4   BANK5   BANK6   BANK7   BANK8   BANK9  BANK10  BANK11  BANK12  BANK13  BANK14
      Params:         0       0       0       0       0       0       0       0       0       0       0       0       0       0       0       0
      Locals:         0       0       0       0       0       0       0       0       0       0       0       0       0       0       0       0
      Temps:          0       0       0       0       0       0       0       0       0       0       0       0       0       0       0       0
      Totals:         0       0       0       0       0       0       0       0       0       0       0       0       0       0       0       0
Total ram usage:        0 bytes
 Hardware stack levels used:    1
 Hardware stack levels required when called:    6
 This function calls:
		Absolute function
		_TMR0_DefaultInterruptHandler
		_Timer0_10ms
 This function is called by:
		_TMR0_ISR
 This function uses a non-reentrant model


 *************** function _TMR0_DefaultInterruptHandler *****************
 Defined at:
		line 165 in file "mcc_generated_files/tmr0.c"
 Parameters:    Size  Location     Type
		None
 Auto vars:     Size  Location     Type
		None
 Return value:  Size  Location     Type
                  1    wreg      void 
 Registers used:
		None
 Tracked objects:
		On entry : 
		On exit  : 
		Unchanged: 
 Data sizes:     COMRAM   BANK0   BANK1   BANK2   BANK3   BANK4   BANK5   BANK6   BANK7   BANK8   BANK9  BANK10  BANK11  BANK12  BANK13  BANK14
      Params:         0       0       0       0       0       0       0       0       0       0       0       0       0       0       0       0
      Locals:         0       0       0       0       0       0       0       0       0       0       0       0       0       0       0       0
      Temps:          0       0       0       0       0       0       0       0       0       0       0       0       0       0       0       0
      Totals:         0       0       0       0       0       0       0       0       0       0       0       0       0       0       0       0
Total ram usage:        0 bytes
 Hardware stack levels used:    1
 This function calls:
		Nothing
 This function is called by:
		_TMR0_Initialize
		_TMR0_CallBack
 This function uses a non-reentrant model


 *************** function _Timer0_10ms *****************
 Defined at:
		line 3 in file "libs/projMain.c"
 Parameters:    Size  Location     Type
		None
 Auto vars:     Size  Location     Type
		None
 Return value:  Size  Location     Type
                  1    wreg      void 
 Registers used:
		wreg, fsr0l, fsr0h, fsr2l, fsr2h, status,2, status,0, prodl, prodh, cstack
 Tracked objects:
		On entry : 
		On exit  : 
		Unchanged: 
 Data sizes:     COMRAM   BANK0   BANK1   BANK2   BANK3   BANK4   BANK5   BANK6   BANK7   BANK8   BANK9  BANK10  BANK11  BANK12  BANK13  BANK14
      Params:         0       0       0       0       0       0       0       0       0       0       0       0       0       0       0       0
      Locals:         0       0       0       0       0       0       0       0       0       0       0       0       0       0       0       0
      Temps:          0       0       0       0       0       0       0       0       0       0       0       0       0       0       0       0
      Totals:         0       0       0       0       0       0       0       0       0       0       0       0       0       0       0       0
Total ram usage:        0 bytes
 Hardware stack levels used:    1
 Hardware stack levels required when called:    5
 This function calls:
		_IncreaseByASecond
		i2___awmod
 This function is called by:
		_main
		_TMR0_CallBack
 This function uses a non-reentrant model


 *************** function i2___awmod *****************
 Defined at:
		line 8 in file "C:\Program Files (x86)\Microchip\xc8\v1.42\sources\common\awmod.c"
 Parameters:    Size  Location     Type
  dividend        2    0[COMRAM] int 
  divisor         2    2[COMRAM] int 
 Auto vars:     Size  Location     Type
  __awmod         1    5[COMRAM] unsigned char 
  __awmod         1    4[COMRAM] unsigned char 
 Return value:  Size  Location     Type
                  2    0[COMRAM] int 
 Registers used:
		wreg, status,2, status,0
 Tracked objects:
		On entry : 
		On exit  : 
		Unchanged: 
 Data sizes:     COMRAM   BANK0   BANK1   BANK2   BANK3   BANK4   BANK5   BANK6   BANK7   BANK8   BANK9  BANK10  BANK11  BANK12  BANK13  BANK14
      Params:         4       0       0       0       0       0       0       0       0       0       0       0       0       0       0       0
      Locals:         2       0       0       0       0       0       0       0       0       0       0       0       0       0       0       0
      Temps:          0       0       0       0       0       0       0       0       0       0       0       0       0       0       0       0
      Totals:         6       0       0       0       0       0       0       0       0       0       0       0       0       0       0       0
Total ram usage:        6 bytes
 Hardware stack levels used:    1
 This function calls:
		Nothing
 This function is called by:
		_Timer0_10ms
 This function uses a non-reentrant model


 *************** function _IncreaseByASecond *****************
 Defined at:
		line 3 in file "libs/funcs.c"
 Parameters:    Size  Location     Type
  dt             11   41[COMRAM] struct _GSK_DATE_TIME
 Auto vars:     Size  Location     Type
		None
 Return value:  Size  Location     Type
                  11   41[COMRAM] struct _GSK_DATE_TIME
 Registers used:
		wreg, fsr0l, fsr0h, fsr2l, fsr2h, status,2, status,0, prodl, prodh, cstack
 Tracked objects:
		On entry : 
		On exit  : 
		Unchanged: 
 Data sizes:     COMRAM   BANK0   BANK1   BANK2   BANK3   BANK4   BANK5   BANK6   BANK7   BANK8   BANK9  BANK10  BANK11  BANK12  BANK13  BANK14
      Params:        11       0       0       0       0       0       0       0       0       0       0       0       0       0       0       0
      Locals:         0       0       0       0       0       0       0       0       0       0       0       0       0       0       0       0
      Temps:          0       0       0       0       0       0       0       0       0       0       0       0       0       0       0       0
      Totals:        11       0       0       0       0       0       0       0       0       0       0       0       0       0       0       0
Total ram usage:       11 bytes
 Hardware stack levels used:    1
 Hardware stack levels required when called:    4
 This function calls:
		i2_IncreaseByADay
 This function is called by:
		_Timer0_10ms
 This function uses a non-reentrant model


 *************** function i2_IncreaseByADay *****************
 Defined at:
		line 12 in file "libs/funcs.c"
 Parameters:    Size  Location     Type
  dt             11   27[COMRAM] struct _GSK_DATE_TIME
 Auto vars:     Size  Location     Type
  IncreaseByAD    1   40[COMRAM] char 
 Return value:  Size  Location     Type
                  11   27[COMRAM] struct _GSK_DATE_TIME
 Registers used:
		wreg, fsr0l, fsr0h, fsr2l, fsr2h, status,2, status,0, prodl, prodh, cstack
 Tracked objects:
		On entry : 
		On exit  : 
		Unchanged: 
 Data sizes:     COMRAM   BANK0   BANK1   BANK2   BANK3   BANK4   BANK5   BANK6   BANK7   BANK8   BANK9  BANK10  BANK11  BANK12  BANK13  BANK14
      Params:        11       0       0       0       0       0       0       0       0       0       0       0       0       0       0       0
      Locals:         1       0       0       0       0       0       0       0       0       0       0       0       0       0       0       0
      Temps:          2       0       0       0       0       0       0       0       0       0       0       0       0       0       0       0
      Totals:        14       0       0       0       0       0       0       0       0       0       0       0       0       0       0       0
Total ram usage:       14 bytes
 Hardware stack levels used:    1
 Hardware stack levels required when called:    3
 This function calls:
		i2_IncreaseByAMonth
		i2___lwmod
 This function is called by:
		_IncreaseByASecond
 This function uses a non-reentrant model


 *************** function i2_IncreaseByAMonth *****************
 Defined at:
		line 32 in file "libs/funcs.c"
 Parameters:    Size  Location     Type
  dt             11   16[COMRAM] struct _GSK_DATE_TIME
 Auto vars:     Size  Location     Type
		None
 Return value:  Size  Location     Type
                  11   16[COMRAM] struct _GSK_DATE_TIME
 Registers used:
		wreg, fsr0l, fsr0h, fsr2l, fsr2h, status,2, status,0, cstack
 Tracked objects:
		On entry : 
		On exit  : 
		Unchanged: 
 Data sizes:     COMRAM   BANK0   BANK1   BANK2   BANK3   BANK4   BANK5   BANK6   BANK7   BANK8   BANK9  BANK10  BANK11  BANK12  BANK13  BANK14
      Params:        11       0       0       0       0       0       0       0       0       0       0       0       0       0       0       0
      Locals:         0       0       0       0       0       0       0       0       0       0       0       0       0       0       0       0
      Temps:          0       0       0       0       0       0       0       0       0       0       0       0       0       0       0       0
      Totals:        11       0       0       0       0       0       0       0       0       0       0       0       0       0       0       0
Total ram usage:       11 bytes
 Hardware stack levels used:    1
 Hardware stack levels required when called:    2
 This function calls:
		i2_IncreaseByAYear
 This function is called by:
		i2_IncreaseByADay
 This function uses a non-reentrant model


 *************** function i2_IncreaseByAYear *****************
 Defined at:
		line 41 in file "libs/funcs.c"
 Parameters:    Size  Location     Type
  dt             11    5[COMRAM] struct _GSK_DATE_TIME
 Auto vars:     Size  Location     Type
		None
 Return value:  Size  Location     Type
                  11    5[COMRAM] struct _GSK_DATE_TIME
 Registers used:
		wreg, fsr0l, fsr0h, fsr2l, fsr2h, status,2, status,0, cstack
 Tracked objects:
		On entry : 
		On exit  : 
		Unchanged: 
 Data sizes:     COMRAM   BANK0   BANK1   BANK2   BANK3   BANK4   BANK5   BANK6   BANK7   BANK8   BANK9  BANK10  BANK11  BANK12  BANK13  BANK14
      Params:        11       0       0       0       0       0       0       0       0       0       0       0       0       0       0       0
      Locals:         0       0       0       0       0       0       0       0       0       0       0       0       0       0       0       0
      Temps:          0       0       0       0       0       0       0       0       0       0       0       0       0       0       0       0
      Totals:        11       0       0       0       0       0       0       0       0       0       0       0       0       0       0       0
Total ram usage:       11 bytes
 Hardware stack levels used:    1
 Hardware stack levels required when called:    1
 This function calls:
		i2___lwmod
 This function is called by:
		i2_IncreaseByAMonth
 This function uses a non-reentrant model


 *************** function i2___lwmod *****************
 Defined at:
		line 8 in file "C:\Program Files (x86)\Microchip\xc8\v1.42\sources\common\lwmod.c"
 Parameters:    Size  Location     Type
  dividend        2    0[COMRAM] unsigned int 
  divisor         2    2[COMRAM] unsigned int 
 Auto vars:     Size  Location     Type
  __lwmod         1    4[COMRAM] unsigned char 
 Return value:  Size  Location     Type
                  2    0[COMRAM] unsigned int 
 Registers used:
		wreg, status,2, status,0
 Tracked objects:
		On entry : 
		On exit  : 
		Unchanged: 
 Data sizes:     COMRAM   BANK0   BANK1   BANK2   BANK3   BANK4   BANK5   BANK6   BANK7   BANK8   BANK9  BANK10  BANK11  BANK12  BANK13  BANK14
      Params:         4       0       0       0       0       0       0       0       0       0       0       0       0       0       0       0
      Locals:         1       0       0       0       0       0       0       0       0       0       0       0       0       0       0       0
      Temps:          0       0       0       0       0       0       0       0       0       0       0       0       0       0       0       0
      Totals:         5       0       0       0       0       0       0       0       0       0       0       0       0       0       0       0
Total ram usage:        5 bytes
 Hardware stack levels used:    1
 This function calls:
		Nothing
 This function is called by:
		i2_IncreaseByADay
		i2_IncreaseByAYear
 This function uses a non-reentrant model



MODULE INFORMATION

Module		Function		Class		Link	Load	Size
C:\Program Files (x86)\Microchip\xc8\v1.42\sources\common\awdiv.c
		___awdiv       		CODE           	23C8	0000	121

C:\Program Files (x86)\Microchip\xc8\v1.42\sources\common\awdiv.c estimated size: 121

C:\Program Files (x86)\Microchip\xc8\v1.42\sources\common\Umul32.c
		___lmul        		CODE           	267E	0000	77

C:\Program Files (x86)\Microchip\xc8\v1.42\sources\common\Umul32.c estimated size: 77

C:\Program Files (x86)\Microchip\xc8\v1.42\sources\common\aldiv.c
		___aldiv       		CODE           	21DE	0000	189

C:\Program Files (x86)\Microchip\xc8\v1.42\sources\common\aldiv.c estimated size: 189

mcc_generated_files/interrupt_manager.c
		_INTERRUPT_Initialize		CODE           	2A70	0000	5
		_INTERRUPT_InterruptManager		CODE           	0008	0000	83

mcc_generated_files/interrupt_manager.c estimated size: 88

mcc_generated_files/tmr0.c
		_TMR0_SetInterruptHandler		CODE           	2A5A	0000	11
		_TMR0_DefaultInterruptHandler		CODE           	2A74	0000	3
		_TMR0_CallBack 		CODE           	2994	0000	27
		_TMR0_StartTimer		CODE           	2A6C	0000	5
		_TMR0_ISR      		CODE           	2A4C	0000	15
		_TMR0_Initialize		CODE           	27EA	0000	65

mcc_generated_files/tmr0.c estimated size: 126

mcc_generated_files/pin_manager.c
		_PIN_MANAGER_Initialize		CODE           	2510	0000	103

mcc_generated_files/pin_manager.c estimated size: 103

libs/eeprom.c
		_LoadAllFromEeprom		CODE           	2A3C	0000	17
		_LoadCyclesFromEeprom		CODE           	155E	0000	283
		_LoadSettingsFromEeprom		CODE           	126C	0000	357
		_ReadEeprom    		CODE           	2A04	0000	21
		_LoadStatesFromEeprom		CODE           	10C0	0000	351
		_LoadEventsFromEeprom		CODE           	16A4	0000	185

libs/eeprom.c estimated size: 1214

libs/projMain.c
		_Timer0_10ms   		CODE           	262C	0000	83

libs/projMain.c estimated size: 83

shared
		PL12           		CODE           	1B96	0000	21
		PL50           		CODE           	1BCA	0000	13
		PL8            		CODE           	13D0	0000	13
		PL22           		CODE           	1796	0000	15
		PL60           		CODE           	17C4	0000	21
		PL100          		CODE           	125A	0000	11
		PL32           		CODE           	1F22	0000	25
		PL70           		CODE           	1AEC	0000	9
		PL42           		CODE           	17A4	0000	23
		PL80           		CODE           	1F62	0000	11
		PL110          		CODE           	18F4	0000	9
		PL14           		CODE           	121E	0000	17
		PL52           		CODE           	1D84	0000	15
		PL90           		CODE           	1CB6	0000	11
		PL24           		CODE           	1BAA	0000	11
		PL62           		CODE           	1D92	0000	19
		PL34           		CODE           	1D4A	0000	25
		PL72           		CODE           	19EA	0000	13
		i2_IncreaseByADay		CODE           	1DAE	0000	215
		PL44           		CODE           	1BBE	0000	13
		PL82           		CODE           	261C	0000	17
		PL16           		CODE           	19E0	0000	11
		PL54           		CODE           	122E	0000	15
		PL92           		CODE           	203E	0000	11
		PL26           		CODE           	1BB4	0000	11
		PL64           		CODE           	1F50	0000	19
		PL102          		CODE           	1554	0000	11
		PL36           		CODE           	1D62	0000	25
		PL74           		CODE           	124E	0000	13
		PL46           		CODE           	1D7A	0000	11
		PL84           		CODE           	2326	0000	11
		PL112          		CODE           	1264	0000	9
		PL18           		CODE           	175C	0000	43
		PL56           		CODE           	1CA8	0000	15
		PL94           		CODE           	19F6	0000	11
		i2_IncreaseByAYear		CODE           	28A6	0000	49
		PL28           		CODE           	153C	0000	13
		PL66           		CODE           	123C	0000	19
		PL38           		CODE           	1F3A	0000	23
		PL76           		CODE           	1DA4	0000	11
		PL48           		CODE           	17BA	0000	11
		PL86           		CODE           	2330	0000	11
		PL58           		CODE           	21C2	0000	19
		PL96           		CODE           	21D4	0000	11
		PL68           		CODE           	10B4	0000	13
		PL104          		CODE           	18EA	0000	11
		PL78           		CODE           	1BD6	0000	11
		PL88           		CODE           	1548	0000	13
		PL114          		CODE           	28D6	0000	9
		PL98           		CODE           	290C	0000	9
		i2___lwmod     		CODE           	2868	0000	63
		__initialization		CODE           	233A	0000	133
		PL106          		CODE           	1CC0	0000	11
		i2___awmod     		CODE           	24A8	0000	105
		i2_IncreaseByAMonth		CODE           	2760	0000	75
		ReadGPSDateTime@F11434		SMALLCONST     	0F01	0000	8
		PL108          		CODE           	1E84	0000	11
		PL2            		CODE           	1678	0000	27
		PL10           		CODE           	13DC	0000	11
		PL4            		CODE           	1692	0000	9
		PL20           		CODE           	1786	0000	17
		PL30           		CODE           	1F0A	0000	25
		PL6            		CODE           	169A	0000	11
		PL40           		CODE           	1AD6	0000	23

shared estimated size: 1505

mcc_generated_files/eusart1.c
		_EUSART1_Initialize		CODE           	29F0	0000	21
		_EUSART1_Read  		CODE           	2A18	0000	19

mcc_generated_files/eusart1.c estimated size: 40

mcc_generated_files/mcc.c
		_OSCILLATOR_Initialize		CODE           	29C6	0000	23
		_SYSTEM_Initialize		CODE           	29DC	0000	21

mcc_generated_files/mcc.c estimated size: 44

C:\Program Files (x86)\Microchip\xc8\v1.42\sources\common\lwmod.c
		___lwmod       		CODE           	282A	0000	63

C:\Program Files (x86)\Microchip\xc8\v1.42\sources\common\lwmod.c estimated size: 63

C:\Program Files (x86)\Microchip\xc8\v1.42\sources\common\awmod.c
		___awmod       		CODE           	2440	0000	105

C:\Program Files (x86)\Microchip\xc8\v1.42\sources\common\awmod.c estimated size: 105

libs/funcs.c
		_DecreaseByAMonth		CODE           	26CA	0000	77
		_AdjustDayLightSaving		CODE           	17D8	0000	275
		_DecreaseByADay		CODE           	1BE0	0000	201
		_IncreaseByAMonth		CODE           	2716	0000	75
		_ReadGPS_DATE_TIME		CODE           	0F10	0000	421
		_IncreaseByASecond		CODE           	2576	0000	93
		_IncreaseByADay		CODE           	1F6C	0000	211
		_DecreaseByAYear		CODE           	2914	0000	51
		_TimeTextToSecond		CODE           	1A00	0000	215
		_IncreaseByAYear		CODE           	28DE	0000	47

libs/funcs.c estimated size: 1666

C:\Program Files (x86)\Microchip\xc8\v1.42\sources\common\Umul16.c
		___wmul        		CODE           	296E	0000	39

C:\Program Files (x86)\Microchip\xc8\v1.42\sources\common\Umul16.c estimated size: 39

main.c
		_main          		CODE           	13E6	0000	343

main.c estimated size: 343

libs/gps.c
		_GetDay        		CODE           	18FC	0000	229
		_ValidateDateTime		CODE           	1AF4	0000	163
		_ReadGPSDateTime		CODE           	2048	0000	215

libs/gps.c estimated size: 607

libs/HD44780.c
		_Lcd_WriteChar 		CODE           	27AA	0000	65
		_Lcd_Init      		CODE           	229A	0000	141
		_Lcd_Command   		CODE           	1CCA	0000	129
		_Lcd_Text      		CODE           	25D2	0000	75
		_Lcd_Delay5us  		CODE           	2A64	0000	9
		_Lcd_CharCP    		CODE           	1E8E	0000	125
		_Lcd_Delay5500us		CODE           	2A2A	0000	19
		_WriteLongInt  		CODE           	211E	0000	165

libs/HD44780.c estimated size: 728

