Microchip MPLAB XC8 Compiler V1.42 ()

Linker command line:

-W-3 --edf=C:\Program Files (x86)\Microchip\xc8\v1.42\dat\en_msgs.txt -cs \
  -h+dist/default/production\Proj004.X.production.sym \
  --cmf=dist/default/production\Proj004.X.production.cmf -z -Q18F26K40 \
  -oC:\Users\gadis\AppData\Local\Temp\s6fk.2 \
  -Mdist/default/production/Proj004.X.production.map -E1 -ver=XC8 \
  -ASTACK=0AB0h-0e7dh -pstack=STACK -ACODE=00h-0FFFFh -ACONST=00h-0FFFFh \
  -ASMALLCONST=0F00h-0FFFhx241 -AMEDIUMCONST=0F00h-0FFFFh -ACOMRAM=01h-05Fh \
  -AABS1=00h-0E7Dh -ABIGRAM=01h-0E7Dh \
  -ARAM=060h-0FFh,0100h-01FFhx13,0E00h-0E7Dh -ABANK0=060h-0FFh \
  -ABANK1=0100h-01FFh -ABANK2=0200h-02FFh -ABANK3=0300h-03FFh \
  -ABANK4=0400h-04FFh -ABANK5=0500h-05FFh -ABANK6=0600h-06FFh \
  -ABANK7=0700h-07FFh -ABANK8=0800h-08FFh -ABANK9=0900h-09FFh \
  -ABANK10=0A00h-0AFFh -ABANK11=0B00h-0BFFh -ABANK12=0C00h-0CFFh \
  -ABANK13=0D00h-0DFFh -ABANK14=0E00h-0E7Dh \
  -ASFR=0E7Eh-0EFFh,0F00h-0F5Fh,0F60h-0FFFh \
  -preset_vec=00h,intcode=08h,intcodelo,powerup,init -pramtop=0F00h \
  -psmallconst=SMALLCONST -pmediumconst=MEDIUMCONST -pconst=CONST \
  -AFARRAM=00h-00h -ACONFIG=0300000h-030000Bh -pconfig=CONFIG \
  -AIDLOC=0200000h-020000Fh -pidloc=IDLOC -AEEDATA=0310000h-03103FFh \
  -peeprom_data=EEDATA \
  -prdata=COMRAM,nvrram=COMRAM,nvbit=COMRAM,rbss=COMRAM,rbit=COMRAM \
  -pfarbss=FARRAM,fardata=FARRAM,nvFARRAM=FARRAM \
  -pintsave_regs=BIGRAM,bigbss=BIGRAM,bigdata=BIGRAM -pbss=RAM \
  -pidata=CODE,irdata=CODE,ibigdata=CODE,ifardata=CODE -prparam=COMRAM \
  C:\Users\gadis\AppData\Local\Temp\s6fk.obj \
  dist/default/production\Proj004.X.production.obj \
  build/default/production/libs/powerup.obj 

Object code version is 3.11

Machine type is 18F26K40

Call graph: (short form)




                Name                               Link     Load   Length Selector   Space Scale
C:\Users\gadis\AppData\Local\Temp\s6fk.obj
                init                                 70       70        4        4       0
                reset_vec                             0        0        4        0       0
                idloc                            200000   200000       10   200000       0
                config                           300000   300000        C   300000       0
dist/default/production\Proj004.X.production.obj
                intcode                               8        8       62        4       0
                temp                                 5E       5E        1        1       1
                smallconst                          F00      F00        A      780       0
                text57                             2F9A     2F9A       3E      F0A       0
                text56                             3010     3010       38      F0A       0
                text55                             2E4A     2E4A       4A      F0A       0
                text54                             2410     2410       E6      F0A       0
                text53                             2D0C     2D0C       5C      F0A       0
                text52                             130A     130A      240      F0A       0
                text51                             3238     3238        2     18EA       0
                text50                             3138     3138       1C      F0A       0
                text49                             3208     3208        E     18EA       0
                text47                             3112     3112       26      F0A       0
                text46                             2042     2042       FE      F0A       0
                text45                             3220     3220        8     18EA       0
                text44                             25DA     25DA       E4      F0A       0
                text43                             31E6     31E6       12     18EA       0
                text42                             2ABC     2ABC       A0      F0A       0
                text41                             31AC     31AC       14      F0A       0
                text40                             1A7A     1A7A      146      F0A       0
                text39                             1CE8     1CE8      126      F0A       0
                text38                             154A     154A      1D6      F0A       0
                text37                             2B5C     2B5C       78      F0A       0
                text36                             18CE     18CE      1AC      F0A       0
                text35                             31F8     31F8       10     18EA       0
                text34                             2F5C     2F5C       3E      F0A       0
                text33                             30B0     30B0       32      F0A       0
                text32                             2DB4     2DB4       4C      F0A       0
                text31                             2234     2234       F0      F0A       0
                text30                             3048     3048       36      F0A       0
                text29                             2E00     2E00       4A      F0A       0
                text28                             26BE     26BE       E2      F0A       0
                text27                             1E0E     1E0E      124      F0A       0
                text26                             3198     3198       14      F0A       0
                text25                             2C3E     2C3E       68      F0A       0
                text24                             1F32     1F32      110      F0A       0
                text23                             31D4     31D4       12     18EA       0
                text22                             27A0     27A0       D6      F0A       0
                text21                             2D68     2D68       4C      F0A       0
                text20                             2140     2140       F4      F0A       0
                text19                             2324     2324       EC      F0A       0
                text18                             1720     1720      1AE      F0A       0
                text17                             2BD4     2BD4       6A      F0A       0
                text16                             3232     3232        4     18EA       0
                text15                             316E     316E       16      F0A       0
                text14                             2CA6     2CA6       66      F0A       0
                text13                             3216     3216        A     18EA       0
                text12                             322E     322E        4     18EA       0
                text11                             2F1C     2F1C       40      F0A       0
                text10                             3184     3184       14      F0A       0
                text9                              3228     3228        6     18EA       0
                text8                              3154     3154       1A      F0A       0
                text7                              2FD8     2FD8       38      F0A       0
                text6                              2E94     2E94       48      F0A       0
                text5                              307E     307E       32      F0A       0
                text4                              24F6     24F6       E4      F0A       0
                text3                              2EDC     2EDC       40      F0A       0
                text2                              2A00     2A00       BC      F0A       0
                text1                              2940     2940       C0      F0A       0
                text0                              1BC0     1BC0      128      F0A       0
                cstackCOMRAM                          1        1       4A        1       1
                cstackBANK0                          60       60       4E       60       1
                dataBIGRAM                          2F0      2F0      400      2F0       1
                bssBIGRAM                           6F0      6F0      3C0      2F0       1
                bssBANK2                            200      200       F0      200       1
                dataBANK1                           144      144       30      100       1
                bssBANK1                            100      100       44      100       1
                dataBANK0                            E5       E5       13       60       1
                bssBANK0                             AE       AE       37       60       1
                dataCOMRAM                           5C       5C        2        1       1
                bssCOMRAM                            4B       4B       11        1       1
                cinit                              2876     2876       CA      F0A       0
                idataBANK1                         30E2     30E2       30      F0A       0
                idataBANK0                         31C0     31C0       13      F0A       0
                idataBIGRAM                         F0A      F0A      400      F0A       0
                idataCOMRAM                        3236     3236        2     18EA       0
build/default/production/libs/powerup.obj
                powerup                              6A       6A        6        4       0

TOTAL           Name                               Link     Load   Length     Space
        CLASS   STACK          

        CLASS   CODE           
                intcode                               8        8       62         0
                init                                 70       70        4         0
                powerup                              6A       6A        6         0
                reset_vec                             0        0        4         0
                text57                             2F9A     2F9A       3E         0
                text56                             3010     3010       38         0
                text55                             2E4A     2E4A       4A         0
                text54                             2410     2410       E6         0
                text53                             2D0C     2D0C       5C         0
                text52                             130A     130A      240         0
                text51                             3238     3238        2         0
                text50                             3138     3138       1C         0
                text49                             3208     3208        E         0
                text47                             3112     3112       26         0
                text46                             2042     2042       FE         0
                text45                             3220     3220        8         0
                text44                             25DA     25DA       E4         0
                text43                             31E6     31E6       12         0
                text42                             2ABC     2ABC       A0         0
                text41                             31AC     31AC       14         0
                text40                             1A7A     1A7A      146         0
                text39                             1CE8     1CE8      126         0
                text38                             154A     154A      1D6         0
                text37                             2B5C     2B5C       78         0
                text36                             18CE     18CE      1AC         0
                text35                             31F8     31F8       10         0
                text34                             2F5C     2F5C       3E         0
                text33                             30B0     30B0       32         0
                text32                             2DB4     2DB4       4C         0
                text31                             2234     2234       F0         0
                text30                             3048     3048       36         0
                text29                             2E00     2E00       4A         0
                text28                             26BE     26BE       E2         0
                text27                             1E0E     1E0E      124         0
                text26                             3198     3198       14         0
                text25                             2C3E     2C3E       68         0
                text24                             1F32     1F32      110         0
                text23                             31D4     31D4       12         0
                text22                             27A0     27A0       D6         0
                text21                             2D68     2D68       4C         0
                text20                             2140     2140       F4         0
                text19                             2324     2324       EC         0
                text18                             1720     1720      1AE         0
                text17                             2BD4     2BD4       6A         0
                text16                             3232     3232        4         0
                text15                             316E     316E       16         0
                text14                             2CA6     2CA6       66         0
                text13                             3216     3216        A         0
                text12                             322E     322E        4         0
                text11                             2F1C     2F1C       40         0
                text10                             3184     3184       14         0
                text9                              3228     3228        6         0
                text8                              3154     3154       1A         0
                text7                              2FD8     2FD8       38         0
                text6                              2E94     2E94       48         0
                text5                              307E     307E       32         0
                text4                              24F6     24F6       E4         0
                text3                              2EDC     2EDC       40         0
                text2                              2A00     2A00       BC         0
                text1                              2940     2940       C0         0
                text0                              1BC0     1BC0      128         0
                cinit                              2876     2876       CA         0
                idataBANK1                         30E2     30E2       30         0
                idataBANK0                         31C0     31C0       13         0
                idataBIGRAM                         F0A      F0A      400         0
                idataCOMRAM                        3236     3236        2         0

        CLASS   CONST          

        CLASS   SMALLCONST     
                smallconst                          F00      F00        A         0

        CLASS   MEDIUMCONST    

        CLASS   COMRAM         
                temp                                 5E       5E        1         1
                cstackCOMRAM                          1        1       4A         1
                dataCOMRAM                           5C       5C        2         1
                bssCOMRAM                            4B       4B       11         1

        CLASS   ABS1           

        CLASS   BIGRAM         
                dataBIGRAM                          2F0      2F0      400         1
                bssBIGRAM                           6F0      6F0      3C0         1

        CLASS   RAM            

        CLASS   BANK0          
                cstackBANK0                          60       60       4E         1
                dataBANK0                            E5       E5       13         1
                bssBANK0                             AE       AE       37         1

        CLASS   BANK1          
                dataBANK1                           144      144       30         1
                bssBANK1                            100      100       44         1

        CLASS   BANK2          
                bssBANK2                            200      200       F0         1

        CLASS   BANK3          

        CLASS   BANK4          

        CLASS   BANK5          

        CLASS   BANK6          

        CLASS   BANK7          

        CLASS   BANK8          

        CLASS   BANK9          

        CLASS   BANK10         

        CLASS   BANK11         

        CLASS   BANK12         

        CLASS   BANK13         

        CLASS   BANK14         

        CLASS   SFR            

        CLASS   FARRAM         

        CLASS   CONFIG         
                config                           300000   300000        C         0

        CLASS   IDLOC          
                idloc                            200000   200000       10         0

        CLASS   EEDATA         



SEGMENTS        Name                           Load    Length   Top    Selector   Space  Class

                reset_vec                      000000  000004  000004         0       0  CODE    
                cstackCOMRAM                   000001  00005E  00005F         1       1  COMRAM  
                intcode                        000008  00006C  000074         4       0  CODE    
                cstackBANK0                    000060  000098  0000F8        60       1  BANK0   
                bssBANK1                       000100  000074  000174       100       1  BANK1   
                bssBANK2                       000200  0000F0  0002F0       200       1  BANK2   
                dataBIGRAM                     0002F0  0007C0  000AB0       2F0       1  BIGRAM  
                smallconst                     000F00  00000A  000F0A       780       0  SMALLCON
                idataBIGRAM                    000F0A  0022C9  0031D3       F0A       0  CODE    
                text23                         0031D4  000066  00323A      18EA       0  CODE    
                idloc                          200000  000010  200010    200000       0  IDLOC   
                config                         300000  00000C  30000C    300000       0  CONFIG  


UNUSED ADDRESS RANGES

        Name                Unused          Largest block    Delta
        BANK0            0000F8-0000FF                8
        BANK1            000174-0001FF               8C
        BANK10           000AB0-000AFF               50
        BANK11           000B00-000BFF              100
        BANK12           000C00-000CFF              100
        BANK13           000D00-000DFF              100
        BANK14           000E00-000E7D               7E
        BIGRAM           00005F-00005F                1
                         0000F8-0000FF                8
                         000174-0001FF               8C
                         000AB0-000E7D              3CE
        CODE             000004-000007                4
                         000074-000EFF              E8C
                         0031D3-0031D3                1
                         00323A-00FFFF             CDC6
        COMRAM           00005F-00005F                1
        CONST            000004-000007                4
                         000074-000EFF              E8C
                         0031D3-0031D3                1
                         00323A-00FFFF             CDC6
        EEDATA           310000-3103FF              400
        MEDIUMCONST      0031D3-0031D3                1
                         00323A-00FFFF             CDC6
        RAM              0000F8-0000FF                8
                         000174-0001FF               8C
                         000AB0-000E7D              100
        SFR              000E7E-000FFF               82
        SMALLCONST       0031D3-0031D3                1
                         00323A-00FFFF              100
        STACK            000AB0-000E7D              3CE

                                  Symbol Table

?_AdjustDayLightSaving                    cstackBANK0  000089
?_DecreaseByADay                          cstackBANK0  00007B
?_DecreaseByAMonth                        cstackBANK0  000070
?_DecreaseByAYear                         cstackBANK0  000065
?_IncreaseByADay                          cstackBANK0  00007B
?_IncreaseByAMonth                        cstackBANK0  000070
?_IncreaseByASecond                       cstackCOMRAM 00002A
?_IncreaseByAYear                         cstackBANK0  000065
?_TimeTextToSecond                        cstackBANK0  00006C
?___aldiv                                 cstackBANK0  000060
?___awdiv                                 cstackBANK0  000060
?___awmod                                 cstackBANK0  000068
?___lmul                                  cstackBANK0  000060
?___lwmod                                 cstackBANK0  000060
?___wmul                                  cstackBANK0  000060
?i2_IncreaseByADay                        cstackCOMRAM 00001C
?i2_IncreaseByAMonth                      cstackCOMRAM 000011
?i2_IncreaseByAYear                       cstackCOMRAM 000006
?i2___lwmod                               cstackCOMRAM 000001
AdjustDayLightSaving@End                  cstackBANK0  000096
AdjustDayLightSaving@Present              cstackBANK0  000098
AdjustDayLightSaving@Start                cstackBANK0  000094
AdjustDayLightSaving@dt                   cstackBANK0  000089
DecreaseByADay@MonthDays                  cstackBANK0  000087
DecreaseByADay@dt                         cstackBANK0  00007B
DecreaseByAMonth@dt                       cstackBANK0  000070
DecreaseByAYear@dt                        cstackBANK0  000065
GetDay@Date                               cstackBANK0  00006E
GetDay@d                                  cstackBANK0  000075
GetDay@m                                  cstackBANK0  000076
GetDay@t                                  dataBANK1    00015C
GetDay@y                                  cstackBANK0  000077
GetEventNumber@i                          cstackBANK0  00006F
IncreaseByADay@MonthDays                  cstackBANK0  000088
IncreaseByADay@dt                         cstackBANK0  00007B
IncreaseByAMonth@dt                       cstackBANK0  000070
IncreaseByASecond@dt                      cstackCOMRAM 00002A
IncreaseByAYear@dt                        cstackBANK0  000065
Lcd_CharCP@c                              cstackBANK0  000062
Lcd_Command@command                       cstackBANK0  000062
Lcd_Init@data                             cstackBANK0  000063
Lcd_WriteChar@c                           cstackBANK0  00006F
Lcd_WriteChar@data                        cstackBANK0  000071
Lcd_WriteChar@x                           cstackBANK0  00006E
Lcd_WriteChar@y                           cstackBANK0  000070
LoadCyclesFromEeprom@Address              cstackBANK0  00006D
LoadCyclesFromEeprom@i                    cstackBANK0  000071
LoadCyclesFromEeprom@i_1461               cstackBANK0  000073
LoadCyclesFromEeprom@j                    cstackBANK0  00006F
LoadEventsFromEeprom@Address              cstackBANK0  00006C
LoadEventsFromEeprom@Temp16               cstackBANK0  00006E
LoadEventsFromEeprom@i                    cstackBANK0  00006A
LoadSettingsFromEeprom@Address            cstackBANK0  00006C
LoadSettingsFromEeprom@Temp16             cstackBANK0  00006A
LoadSettingsFromEeprom@Temp32             cstackBANK0  000066
LoadStatesFromEeprom@AddAudioNormal       cstackBANK0  00006B
LoadStatesFromEeprom@AddAudioSpecial      cstackBANK0  00006D
LoadStatesFromEeprom@AddStates            cstackBANK0  000078
LoadStatesFromEeprom@AudAddInc            cstackBANK0  000073
LoadStatesFromEeprom@TempNormalAdd        cstackBANK0  00006F
LoadStatesFromEeprom@TempSpecialAdd       cstackBANK0  000071
LoadStatesFromEeprom@i                    cstackBANK0  00007A
LoadStatesFromEeprom@j                    cstackBANK0  000074
LoadStatesFromEeprom@j_1396               cstackBANK0  000076
PIN_MANAGER_Initialize@state              cstackBANK0  000060
PL10                                      text19       0023C6
PL100                                     text44       0026B4
PL102                                     text19       002406
PL104                                     text46       002132
PL106                                     text52       001528
PL108                                     text52       001536
PL110                                     text42       002B48
PL112                                     text42       002B52
PL114                                     text27       001F20
PL116                                     text31       002310
PL118                                     text54       0024EC
PL12                                      text0        001CBE
PL120                                     text31       00231A
PL122                                     text28       002796
PL124                                     text24       002038
PL126                                     text1        0029F6
PL128                                     text30       003076
PL130                                     text36       001A68
PL132                                     text52       001540
PL134                                     text27       001F2A
PL136                                     text56       003040
PL138                                     text36       001A72
PL14                                      text0        001CD6
PL16                                      text46       0020F0
PL18                                      text24       002022
PL2                                       text40       001B94
PL20                                      text36       001A2C
PL22                                      text39       001D92
PL24                                      text52       0014AC
PL26                                      text52       0014BA
PL28                                      text52       0014D0
PL30                                      text39       001DBC
PL32                                      text52       0014F4
PL34                                      text46       002100
PL36                                      text19       0023DA
PL38                                      text39       001DCC
PL4                                       text40       001BAE
PL40                                      text19       0023E4
PL42                                      text44       00265A
PL44                                      text4        002576
PL46                                      text4        00258E
PL48                                      text44       002672
PL50                                      text44       00268A
PL52                                      text52       001502
PL54                                      text39       001DDA
PL56                                      text19       0023EE
PL58                                      text44       002694
PL6                                       text40       001BB6
PL60                                      text4        0025A6
PL62                                      text4        0025B0
PL64                                      text20       002216
PL66                                      text39       001DE4
PL68                                      text19       0023FA
PL70                                      text46       002120
PL72                                      text36       001A3C
PL74                                      text46       002128
PL76                                      text31       002302
PL78                                      text1        0029E4
PL8                                       text38       001716
PL80                                      text39       001DFA
PL82                                      text36       001A4A
PL84                                      text44       0026A2
PL86                                      text4        0025BE
PL88                                      text24       00202C
PL90                                      text36       001A5C
PL92                                      text18       0018C2
PL94                                      text20       00222C
PL96                                      text4        0025D0
PL98                                      text52       001518
ReadEeprom@Address                        cstackBANK0  000060
ReadGPSDateTime@Commas                    cstackBANK0  00006F
ReadGPSDateTime@Date                      cstackBANK0  000060
ReadGPSDateTime@F11464                    smallconst   000F01
ReadGPSDateTime@Pos                       cstackBANK0  000071
ReadGPSDateTime@StartCode                 cstackBANK0  000066
ReadGPSDateTime@TempChar                  cstackBANK0  000070
ReadGPSDateTime@Time                      cstackBANK0  000061
ReadGPSDateTime@i                         cstackBANK0  00006D
ReadGPS_DATE_TIME@Date                    cstackBANK0  0000A5
ReadGPS_DATE_TIME@F11470                  dataBANK0    0000EC
ReadGPS_DATE_TIME@F11472                  dataBANK0    0000E5
ReadGPS_DATE_TIME@Time                    cstackBANK0  00009E
TMR0_SetInterruptHandler@InterruptHandler cstackBANK0  000060
TimeTextToSecond@Second                   cstackBANK0  000080
TimeTextToSecond@Time                     cstackBANK0  00006C
Timer0_10ms@OutForThePorts                cstackCOMRAM 00003C
Timer0_10ms@ThisCycle                     cstackCOMRAM 00003A
Timer0_10ms@i                             cstackCOMRAM 00003B
Timer0_10ms@i_2890                        cstackCOMRAM 00003E
Timer0_10ms@i_2891                        cstackCOMRAM 00003F
Timer0_10ms@i_2892                        cstackCOMRAM 000040
ValidateDateTime@Date                     cstackBANK0  000060
ValidateDateTime@Item                     cstackBANK0  000063
ValidateDateTime@Time                     cstackBANK0  000061
VerifyForGPSOnTIme@TimeDiff               cstackBANK0  000060
WriteEeprom@Add                           cstackBANK0  000060
WriteEeprom@Address                       cstackBANK0  000063
WriteEeprom@Data                          cstackBANK0  000062
WriteLongInt@POS                          cstackBANK0  000079
WriteLongInt@Sign                         cstackBANK0  000078
WriteLongInt@Val                          cstackBANK0  000073
WriteLongInt@size                         cstackBANK0  000077
WriteLongInt@x                            cstackBANK0  000072
WriteLongInt@y                            cstackBANK0  00007A
_ANSELA                                   (abs)        000F11
_ANSELB                                   (abs)        000F19
_ANSELC                                   (abs)        000F21
_AUDIO_NORMAL_OFF_TIME                    bssCOMRAM    000057
_AUDIO_NORMAL_ON_TIME                     bssCOMRAM    000058
_AUDIO_SPECIAL_OFF_TIME                   bssCOMRAM    000055
_AUDIO_SPECIAL_ON_TIME                    bssCOMRAM    000056
_AdjustDayLightSaving                     text27       001E0E
_BAUD1CON                                 (abs)        000F9F
_BLINK_LAST_X_SECONDS                     bssCOMRAM    000059
_BLINK_OFF_TIME                           bssCOMRAM    00005A
_BLINK_ON_TIME                            bssCOMRAM    00005B
_BLINK_STATE_ON_OFF_COUNTER               bssCOMRAM    000050
_CENTI_SECOND_COUNT                       bssCOMRAM    000051
_CENTURY                                  dataBANK0    0000F7
_CYCLES                                   bssBANK1     000100
_DATE_TIME                                bssBANK0     0000B9
_DAY_LIGHT_END                            bssBANK0     0000D4
_DAY_LIGHT_START                          bssBANK0     0000D8
_DecreaseByADay                           text31       002234
_DecreaseByAMonth                         text32       002DB4
_DecreaseByAYear                          text33       0030B0
_EE_Settings                              dataBIGRAM   0002F0
_EUSART1_Initialize                       text26       003198
_EUSART1_Read                             text23       0031D4
_EVENTS                                   bssBANK2     000200
_FLAGS_0                                  bssBANK0     0000E0
_FLAGS_1                                  bssCOMRAM    00004D
_GIE                                      (abs)        007F97
_GPS_DATE_TIME                            bssBANK0     0000AE
_GPS_SYNC_AT_START                        bssBANK0     0000E4
_GPS_SYNC_EVERY_DAY_AT_LOCAL_TIME         bssBANK0     0000CC
_GPS_SYNC_EVERY_x_SECONDS                 bssBANK0     0000D0
_GetDay                                   text24       001F32
_GetEventNumber                           text46       002042
_INTCONbits                               (abs)        000FF2
_INTERRUPT_Initialize                     text16       003232
_INTERRUPT_InterruptManager               intcode      000008
_IncreaseByADay                           text28       0026BE
_IncreaseByAMonth                         text29       002E00
_IncreaseByASecond                        text53       002D0C
_IncreaseByAYear                          text30       003048
_LATA                                     (abs)        000F83
_LATAbits                                 (abs)        000F83
_LATB                                     (abs)        000F84
_LATC                                     (abs)        000F85
_LATCbits                                 (abs)        000F85
_LIGHTS                                   dataBANK0    0000F3
_Lcd_CharCP                               text4        0024F6
_Lcd_Command                              text44       0025DA
_Lcd_Delay5500us                          text43       0031E6
_Lcd_Delay5us                             text45       003220
_Lcd_Init                                 text42       002ABC
_Lcd_WriteChar                            text3        002EDC
_LoadAllFromEeprom                        text35       0031F8
_LoadCyclesFromEeprom                     text40       001A7A
_LoadEventsFromEeprom                     text39       001CE8
_LoadSettingsFromEeprom                   text38       00154A
_LoadStatesFromEeprom                     text36       0018CE
_NEXT_EVENT                               dataCOMRAM   00005C
_NEXT_STATE                               bssBANK0     0000E2
_NORMAL_AUDIO_STATE_ON_OFF_COUNTER        bssCOMRAM    00004F
_NO_OF_TIMES_GPS_FAILED                   bssBANK0     0000E1
_NVMADRH                                  (abs)        000F7F
_NVMADRL                                  (abs)        000F7E
_NVMCON1bits                              (abs)        000F81
_NVMCON2                                  (abs)        000F82
_NVMDAT                                   (abs)        000F80
_ODCONA                                   (abs)        000F0F
_ODCONB                                   (abs)        000F17
_ODCONC                                   (abs)        000F1F
_OSCCON1                                  (abs)        000ED8
_OSCCON3                                  (abs)        000EDA
_OSCEN                                    (abs)        000EDC
_OSCFRQ                                   (abs)        000EDE
_OSCILLATOR_Initialize                    text15       00316E
_OSCTUNE                                  (abs)        000EDD
_PIE0bits                                 (abs)        000EC2
_PIN_MANAGER_Initialize                   text14       002CA6
_PIR0bits                                 (abs)        000ECA
_PIR3bits                                 (abs)        000ECD
_PLLR                                     (abs)        0076D8
_PPSLOCK                                  (abs)        000EA0
_PPSLOCKbits                              (abs)        000EA0
_PRESENT_EVENT                            dataCOMRAM   00005D
_PRESENT_STATE                            bssBANK0     0000E3
_RC1REG                                   (abs)        000F99
_RC1STA                                   (abs)        000F9D
_RC1STAbits                               (abs)        000F9D
_RC6PPS                                   (abs)        000EFD
_RX1PPSbits                               (abs)        000EB5
_ReadEeprom                               text41       0031AC
_ReadGPS                                  text17       002BD4
_ReadGPSDateTime                          text22       0027A0
_ReadGPS_DATE_TIME                        text18       001720
_SP1BRGH                                  (abs)        000F9C
_SP1BRGL                                  (abs)        000F9B
_SPECIAL_AUDIO_LAST_X_SECONDS             bssCOMRAM    000054
_SPECIAL_AUDIO_STATE_ON_OFF_COUNTER       bssCOMRAM    00004E
_STATES                                   bssBIGRAM    0006F0
_STATE_SECONDS                            bssCOMRAM    000053
_STATE_SECONDS_REMAINING                  bssCOMRAM    000052
_SYSTEM_Initialize                        text10       003184
_StopGPS                                  text9        003228
_SwitchOnGPS                              text8        003154
_T0CON0                                   (abs)        000FD5
_T0CON0bits                               (abs)        000FD5
_T0CON1                                   (abs)        000FD6
_TIME_AT_LAST_GPS_SYNC                    bssBANK0     0000C4
_TIME_WHEN_GPS_IS_SWITCHED_ON             bssBANK0     0000C8
_TIME_ZONE                                bssBANK0     0000DE
_TMR0H                                    (abs)        000FD4
_TMR0L                                    (abs)        000FD3
_TMR0_CallBack                            text50       003138
_TMR0_DefaultInterruptHandler             text51       003238
_TMR0_ISR                                 text49       003208
_TMR0_Initialize                          text11       002F1C
_TMR0_InterruptHandler                    bssBANK0     0000DC
_TMR0_SetInterruptHandler                 text13       003216
_TMR0_StartTimer                          text12       00322E
_TRISA                                    (abs)        000F88
_TRISAbits                                (abs)        000F88
_TRISB                                    (abs)        000F89
_TRISC                                    (abs)        000F8A
_TX1STA                                   (abs)        000F9E
_TestGPSStartCondition                    text7        002FD8
_TimeTextToSecond                         text20       002140
_Timer0_10ms                              text52       00130A
_ValidateDateTime                         text19       002324
_VerifyForGPSOnTIme                       text6        002E94
_WPUA                                     (abs)        000F10
_WPUB                                     (abs)        000F18
_WPUC                                     (abs)        000F20
_WPUE                                     (abs)        000F2D
_WriteEeprom                              text5        00307E
_WriteLongInt                             text1        002940
__CFG_BOREN$SBORDIS                       (abs)        000000
__CFG_BORV$VBOR_2P45                      (abs)        000000
__CFG_CLKOUTEN$OFF                        (abs)        000000
__CFG_CP$OFF                              (abs)        000000
__CFG_CPD$OFF                             (abs)        000000
__CFG_CSWEN$ON                            (abs)        000000
__CFG_DEBUG$OFF                           (abs)        000000
__CFG_EBTR0$OFF                           (abs)        000000
__CFG_EBTR1$OFF                           (abs)        000000
__CFG_EBTR2$OFF                           (abs)        000000
__CFG_EBTR3$OFF                           (abs)        000000
__CFG_EBTRB$OFF                           (abs)        000000
__CFG_FCMEN$ON                            (abs)        000000
__CFG_FEXTOSC$HS                          (abs)        000000
__CFG_LPBOREN$OFF                         (abs)        000000
__CFG_LVP$ON                              (abs)        000000
__CFG_MCLRE$EXTMCLR                       (abs)        000000
__CFG_PPS1WAY$ON                          (abs)        000000
__CFG_PWRTE$OFF                           (abs)        000000
__CFG_RSTOSC$EXTOSC_4PLL                  (abs)        000000
__CFG_SCANE$ON                            (abs)        000000
__CFG_STVREN$ON                           (abs)        000000
__CFG_WDTCCS$SC                           (abs)        000000
__CFG_WDTCPS$WDTCPS_31                    (abs)        000000
__CFG_WDTCWS$WDTCWS_7                     (abs)        000000
__CFG_WDTE$OFF                            (abs)        000000
__CFG_WRT0$OFF                            (abs)        000000
__CFG_WRT1$OFF                            (abs)        000000
__CFG_WRT2$OFF                            (abs)        000000
__CFG_WRT3$OFF                            (abs)        000000
__CFG_WRTB$OFF                            (abs)        000000
__CFG_WRTC$OFF                            (abs)        000000
__CFG_WRTD$OFF                            (abs)        000000
__CFG_XINST$OFF                           (abs)        000000
__CFG_ZCD$OFF                             (abs)        000000
__HRAM                                    (abs)        000000
__Habs1                                   abs1         000000
__Hbank0                                  bank0        000000
__Hbank1                                  bank1        000000
__Hbank10                                 bank10       000000
__Hbank11                                 bank11       000000
__Hbank12                                 bank12       000000
__Hbank13                                 bank13       000000
__Hbank14                                 bank14       000000
__Hbank2                                  bank2        000000
__Hbank3                                  bank3        000000
__Hbank4                                  bank4        000000
__Hbank5                                  bank5        000000
__Hbank6                                  bank6        000000
__Hbank7                                  bank7        000000
__Hbank8                                  bank8        000000
__Hbank9                                  bank9        000000
__Hbigbss                                 bigbss       000000
__Hbigdata                                bigdata      000000
__Hbigram                                 bigram       000000
__Hbss                                    bss          000000
__HbssBANK0                               bssBANK0     000000
__HbssBANK1                               bssBANK1     000000
__HbssBANK2                               bssBANK2     000000
__HbssBIGRAM                              bssBIGRAM    000000
__HbssCOMRAM                              bssCOMRAM    000000
__Hcinit                                  cinit        000000
__Hclrtext                                clrtext      000000
__Hcomram                                 comram       000000
__Hconfig                                 config       30000C
__Hconst                                  const        000000
__HcstackBANK0                            cstackBANK0  000000
__HcstackCOMRAM                           cstackCOMRAM 000000
__Hdata                                   data         000000
__HdataBANK0                              dataBANK0    000000
__HdataBANK1                              dataBANK1    000000
__HdataBIGRAM                             dataBIGRAM   000000
__HdataCOMRAM                             dataCOMRAM   000000
__Heeprom_data                            eeprom_data  000000
__Hfarbss                                 farbss       000000
__Hfardata                                fardata      000000
__Hibigdata                               ibigdata     000000
__Hidata                                  idata        000000
__HidataBANK0                             idataBANK0   000000
__HidataBANK1                             idataBANK1   000000
__HidataBIGRAM                            idataBIGRAM  000000
__HidataCOMRAM                            idataCOMRAM  000000
__Hidloc                                  idloc        200010
__Hifardata                               ifardata     000000
__Hinit                                   init         000074
__Hintcode                                intcode      00006A
__Hintcode_body                           intcode_body 000000
__Hintcodelo                              intcodelo    00006A
__Hintentry                               intentry     000000
__Hintret                                 intret       000000
__Hintsave_regs                           intsave_regs 000000
__Hirdata                                 irdata       000000
__Hmediumconst                            mediumconst  000000
__HnvFARRAM                               nvFARRAM     000000
__Hnvbit                                  nvbit        000000
__Hnvrram                                 nvrram       000000
__Hpa_nodes0                              pa_nodes0    000000
__Hparam                                  rparam       000000
__Hpowerup                                powerup      000070
__Hram                                    ram          000000
__Hramtop                                 ramtop       000F00
__Hrbit                                   rbit         000000
__Hrbss                                   rbss         000000
__Hrdata                                  rdata        000000
__Hreset_vec                              reset_vec    000004
__Hrparam                                 rparam       000000
__Hsfr                                    sfr          000000
__Hsmallconst                             smallconst   000F0A
__Hspace_0                                (abs)        30000C
__Hspace_1                                (abs)        000AB0
__Hspace_2                                (abs)        000000
__Hstack                                  stack        000000
__Hstruct                                 struct       000000
__Htemp                                   temp         00005F
__Htext                                   text         000000
__Htext0                                  text0        000000
__Htext1                                  text1        000000
__Htext10                                 text10       000000
__Htext11                                 text11       000000
__Htext12                                 text12       000000
__Htext13                                 text13       000000
__Htext14                                 text14       000000
__Htext15                                 text15       000000
__Htext16                                 text16       000000
__Htext17                                 text17       000000
__Htext18                                 text18       000000
__Htext19                                 text19       000000
__Htext2                                  text2        000000
__Htext20                                 text20       000000
__Htext21                                 text21       000000
__Htext22                                 text22       000000
__Htext23                                 text23       000000
__Htext24                                 text24       000000
__Htext25                                 text25       000000
__Htext26                                 text26       000000
__Htext27                                 text27       000000
__Htext28                                 text28       000000
__Htext29                                 text29       000000
__Htext3                                  text3        000000
__Htext30                                 text30       000000
__Htext31                                 text31       000000
__Htext32                                 text32       000000
__Htext33                                 text33       000000
__Htext34                                 text34       000000
__Htext35                                 text35       000000
__Htext36                                 text36       000000
__Htext37                                 text37       000000
__Htext38                                 text38       000000
__Htext39                                 text39       000000
__Htext4                                  text4        000000
__Htext40                                 text40       000000
__Htext41                                 text41       000000
__Htext42                                 text42       000000
__Htext43                                 text43       000000
__Htext44                                 text44       000000
__Htext45                                 text45       000000
__Htext46                                 text46       000000
__Htext47                                 text47       000000
__Htext49                                 text49       000000
__Htext5                                  text5        000000
__Htext50                                 text50       000000
__Htext51                                 text51       000000
__Htext52                                 text52       000000
__Htext53                                 text53       000000
__Htext54                                 text54       000000
__Htext55                                 text55       000000
__Htext56                                 text56       000000
__Htext57                                 text57       000000
__Htext58                                 text58       000000
__Htext6                                  text6        000000
__Htext7                                  text7        000000
__Htext8                                  text8        000000
__Htext9                                  text9        000000
__LRAM                                    (abs)        000001
__Labs1                                   abs1         000000
__Lbank0                                  bank0        000000
__Lbank1                                  bank1        000000
__Lbank10                                 bank10       000000
__Lbank11                                 bank11       000000
__Lbank12                                 bank12       000000
__Lbank13                                 bank13       000000
__Lbank14                                 bank14       000000
__Lbank2                                  bank2        000000
__Lbank3                                  bank3        000000
__Lbank4                                  bank4        000000
__Lbank5                                  bank5        000000
__Lbank6                                  bank6        000000
__Lbank7                                  bank7        000000
__Lbank8                                  bank8        000000
__Lbank9                                  bank9        000000
__Lbigbss                                 bigbss       000000
__Lbigdata                                bigdata      000000
__Lbigram                                 bigram       000000
__Lbss                                    bss          000000
__LbssBANK0                               bssBANK0     000000
__LbssBANK1                               bssBANK1     000000
__LbssBANK2                               bssBANK2     000000
__LbssBIGRAM                              bssBIGRAM    000000
__LbssCOMRAM                              bssCOMRAM    000000
__Lcinit                                  cinit        000000
__Lclrtext                                clrtext      000000
__Lcomram                                 comram       000000
__Lconfig                                 config       300000
__Lconst                                  const        000000
__LcstackBANK0                            cstackBANK0  000000
__LcstackCOMRAM                           cstackCOMRAM 000000
__Ldata                                   data         000000
__LdataBANK0                              dataBANK0    000000
__LdataBANK1                              dataBANK1    000000
__LdataBIGRAM                             dataBIGRAM   000000
__LdataCOMRAM                             dataCOMRAM   000000
__Leeprom_data                            eeprom_data  000000
__Lfarbss                                 farbss       000000
__Lfardata                                fardata      000000
__Libigdata                               ibigdata     000000
__Lidata                                  idata        000000
__LidataBANK0                             idataBANK0   000000
__LidataBANK1                             idataBANK1   000000
__LidataBIGRAM                            idataBIGRAM  000000
__LidataCOMRAM                            idataCOMRAM  000000
__Lidloc                                  idloc        200000
__Lifardata                               ifardata     000000
__Linit                                   init         000070
__Lintcode                                intcode      000008
__Lintcode_body                           intcode_body 000000
__Lintcodelo                              intcodelo    00006A
__Lintentry                               intentry     000000
__Lintret                                 intret       000000
__Lintsave_regs                           intsave_regs 000000
__Lirdata                                 irdata       000000
__Lmediumconst                            mediumconst  000000
__LnvFARRAM                               nvFARRAM     000000
__Lnvbit                                  nvbit        000000
__Lnvrram                                 nvrram       000000
__Lpa_nodes0                              pa_nodes0    000000
__Lparam                                  rparam       000000
__Lpowerup                                powerup      00006A
__Lram                                    ram          000000
__Lramtop                                 ramtop       000F00
__Lrbit                                   rbit         000000
__Lrbss                                   rbss         000000
__Lrdata                                  rdata        000000
__Lreset_vec                              reset_vec    000000
__Lrparam                                 rparam       000000
__Lsfr                                    sfr          000000
__Lsmallconst                             smallconst   000F00
__Lspace_0                                (abs)        000000
__Lspace_1                                (abs)        000000
__Lspace_2                                (abs)        000000
__Lstack                                  stack        000000
__Lstruct                                 struct       000000
__Ltemp                                   temp         00005E
__Ltext                                   text         000000
__Ltext0                                  text0        000000
__Ltext1                                  text1        000000
__Ltext10                                 text10       000000
__Ltext11                                 text11       000000
__Ltext12                                 text12       000000
__Ltext13                                 text13       000000
__Ltext14                                 text14       000000
__Ltext15                                 text15       000000
__Ltext16                                 text16       000000
__Ltext17                                 text17       000000
__Ltext18                                 text18       000000
__Ltext19                                 text19       000000
__Ltext2                                  text2        000000
__Ltext20                                 text20       000000
__Ltext21                                 text21       000000
__Ltext22                                 text22       000000
__Ltext23                                 text23       000000
__Ltext24                                 text24       000000
__Ltext25                                 text25       000000
__Ltext26                                 text26       000000
__Ltext27                                 text27       000000
__Ltext28                                 text28       000000
__Ltext29                                 text29       000000
__Ltext3                                  text3        000000
__Ltext30                                 text30       000000
__Ltext31                                 text31       000000
__Ltext32                                 text32       000000
__Ltext33                                 text33       000000
__Ltext34                                 text34       000000
__Ltext35                                 text35       000000
__Ltext36                                 text36       000000
__Ltext37                                 text37       000000
__Ltext38                                 text38       000000
__Ltext39                                 text39       000000
__Ltext4                                  text4        000000
__Ltext40                                 text40       000000
__Ltext41                                 text41       000000
__Ltext42                                 text42       000000
__Ltext43                                 text43       000000
__Ltext44                                 text44       000000
__Ltext45                                 text45       000000
__Ltext46                                 text46       000000
__Ltext47                                 text47       000000
__Ltext49                                 text49       000000
__Ltext5                                  text5        000000
__Ltext50                                 text50       000000
__Ltext51                                 text51       000000
__Ltext52                                 text52       000000
__Ltext53                                 text53       000000
__Ltext54                                 text54       000000
__Ltext55                                 text55       000000
__Ltext56                                 text56       000000
__Ltext57                                 text57       000000
__Ltext58                                 text58       000000
__Ltext6                                  text6        000000
__Ltext7                                  text7        000000
__Ltext8                                  text8        000000
__Ltext9                                  text9        000000
__S0                                      (abs)        30000C
__S1                                      (abs)        000AB0
__S2                                      (abs)        000000
___aldiv                                  text2        002A00
___aldiv@counter                          cstackBANK0  000068
___aldiv@dividend                         cstackBANK0  000060
___aldiv@divisor                          cstackBANK0  000064
___aldiv@quotient                         cstackBANK0  00006A
___aldiv@sign                             cstackBANK0  000069
___awdiv                                  text37       002B5C
___awdiv@counter                          cstackBANK0  000064
___awdiv@dividend                         cstackBANK0  000060
___awdiv@divisor                          cstackBANK0  000062
___awdiv@quotient                         cstackBANK0  000066
___awdiv@sign                             cstackBANK0  000065
___awmod                                  text25       002C3E
___awmod@counter                          cstackBANK0  00006C
___awmod@dividend                         cstackBANK0  000068
___awmod@divisor                          cstackBANK0  00006A
___awmod@sign                             cstackBANK0  00006D
___inthi_sp                               stack        000000
___intlo_sp                               stack        000000
___lmul                                   text21       002D68
___lmul@multiplicand                      cstackBANK0  000064
___lmul@multiplier                        cstackBANK0  000060
___lmul@product                           cstackBANK0  000068
___lwmod                                  text34       002F5C
___lwmod@counter                          cstackBANK0  000064
___lwmod@dividend                         cstackBANK0  000060
___lwmod@divisor                          cstackBANK0  000062
___param_bank                             (abs)        000000
___rparam_used                            (abs)        000001
___sp                                     stack        000000
___wmul                                   text47       003112
___wmul@multiplicand                      cstackBANK0  000062
___wmul@multiplier                        cstackBANK0  000060
___wmul@product                           cstackBANK0  000064
__accesstop                               (abs)        000060
__activetblptr                            (abs)        000003
__end_ofPL10                              text19       0023DA
__end_ofPL100                             text44       0026BE
__end_ofPL102                             text19       002410
__end_ofPL104                             text46       002140
__end_ofPL106                             text52       001536
__end_ofPL108                             text52       001540
__end_ofPL110                             text42       002B52
__end_ofPL112                             text42       002B5C
__end_ofPL114                             text27       001F2A
__end_ofPL116                             text31       00231A
__end_ofPL118                             text54       0024F6
__end_ofPL12                              text0        001CD6
__end_ofPL120                             text31       002324
__end_ofPL122                             text28       0027A0
__end_ofPL124                             text24       002042
__end_ofPL126                             text1        002A00
__end_ofPL128                             text30       00307E
__end_ofPL130                             text36       001A72
__end_ofPL132                             text52       00154A
__end_ofPL134                             text27       001F32
__end_ofPL136                             text56       003048
__end_ofPL138                             text36       001A7A
__end_ofPL14                              text0        001CE8
__end_ofPL16                              text46       002100
__end_ofPL18                              text24       00202C
__end_ofPL2                               text40       001BAE
__end_ofPL20                              text36       001A3C
__end_ofPL22                              text39       001DBC
__end_ofPL24                              text52       0014BA
__end_ofPL26                              text52       0014D0
__end_ofPL28                              text52       0014F4
__end_ofPL30                              text39       001DCC
__end_ofPL32                              text52       001502
__end_ofPL34                              text46       002120
__end_ofPL36                              text19       0023E4
__end_ofPL38                              text39       001DDA
__end_ofPL4                               text40       001BB6
__end_ofPL40                              text19       0023EE
__end_ofPL42                              text44       002672
__end_ofPL44                              text4        00258E
__end_ofPL46                              text4        0025A6
__end_ofPL48                              text44       00268A
__end_ofPL50                              text44       002694
__end_ofPL52                              text52       001518
__end_ofPL54                              text39       001DE4
__end_ofPL56                              text19       0023FA
__end_ofPL58                              text44       0026A2
__end_ofPL6                               text40       001BC0
__end_ofPL60                              text4        0025B0
__end_ofPL62                              text4        0025BE
__end_ofPL64                              text20       00222C
__end_ofPL66                              text39       001DFA
__end_ofPL68                              text19       002406
__end_ofPL70                              text46       002128
__end_ofPL72                              text36       001A4A
__end_ofPL74                              text46       002132
__end_ofPL76                              text31       002310
__end_ofPL78                              text1        0029F6
__end_ofPL8                               text38       001720
__end_ofPL80                              text39       001E0E
__end_ofPL82                              text36       001A5C
__end_ofPL84                              text44       0026B4
__end_ofPL86                              text4        0025D0
__end_ofPL88                              text24       002038
__end_ofPL90                              text36       001A68
__end_ofPL92                              text18       0018CE
__end_ofPL94                              text20       002234
__end_ofPL96                              text4        0025DA
__end_ofPL98                              text52       001528
__end_ofReadGPSDateTime@F11464            smallconst   000F08
__end_of_AdjustDayLightSaving             text27       001F20
__end_of_DecreaseByADay                   text31       002302
__end_of_DecreaseByAMonth                 text32       002E00
__end_of_DecreaseByAYear                  text33       0030E2
__end_of_EUSART1_Initialize               text26       0031AC
__end_of_EUSART1_Read                     text23       0031E6
__end_of_GetDay                           text24       002022
__end_of_GetEventNumber                   text46       0020F0
__end_of_INTERRUPT_Initialize             text16       003236
__end_of_INTERRUPT_InterruptManager       intcode      00006A
__end_of_IncreaseByADay                   text28       002796
__end_of_IncreaseByAMonth                 text29       002E4A
__end_of_IncreaseByASecond                text53       002D68
__end_of_IncreaseByAYear                  text30       003076
__end_of_Lcd_CharCP                       text4        002576
__end_of_Lcd_Command                      text44       00265A
__end_of_Lcd_Delay5500us                  text43       0031F8
__end_of_Lcd_Delay5us                     text45       003228
__end_of_Lcd_Init                         text42       002B48
__end_of_Lcd_WriteChar                    text3        002F1C
__end_of_LoadAllFromEeprom                text35       003208
__end_of_LoadCyclesFromEeprom             text40       001B94
__end_of_LoadEventsFromEeprom             text39       001D92
__end_of_LoadSettingsFromEeprom           text38       001716
__end_of_LoadStatesFromEeprom             text36       001A2C
__end_of_OSCILLATOR_Initialize            text15       003184
__end_of_PIN_MANAGER_Initialize           text14       002D0C
__end_of_ReadEeprom                       text41       0031C0
__end_of_ReadGPS                          text17       002C3E
__end_of_ReadGPSDateTime                  text22       002876
__end_of_ReadGPS_DATE_TIME                text18       0018C2
__end_of_SYSTEM_Initialize                text10       003198
__end_of_StopGPS                          text9        00322E
__end_of_SwitchOnGPS                      text8        00316E
__end_of_TMR0_CallBack                    text50       003154
__end_of_TMR0_DefaultInterruptHandler     text51       00323A
__end_of_TMR0_ISR                         text49       003216
__end_of_TMR0_Initialize                  text11       002F5C
__end_of_TMR0_SetInterruptHandler         text13       003220
__end_of_TMR0_StartTimer                  text12       003232
__end_of_TestGPSStartCondition            text7        003010
__end_of_TimeTextToSecond                 text20       002216
__end_of_Timer0_10ms                      text52       0014AC
__end_of_ValidateDateTime                 text19       0023C6
__end_of_VerifyForGPSOnTIme               text6        002EDC
__end_of_WriteEeprom                      text5        0030B0
__end_of_WriteLongInt                     text1        0029E4
__end_of___aldiv                          text2        002ABC
__end_of___awdiv                          text37       002BD4
__end_of___awmod                          text25       002CA6
__end_of___lmul                           text21       002DB4
__end_of___lwmod                          text34       002F9A
__end_of___wmul                           text47       003138
__end_of__initialization                  cinit        002936
__end_of_main                             text0        001CBE
__end_ofi2_IncreaseByADay                 text54       0024EC
__end_ofi2_IncreaseByAMonth               text55       002E94
__end_ofi2_IncreaseByAYear                text56       003040
__end_ofi2___lwmod                        text57       002FD8
__initialization                          cinit        002876
__mediumconst                             mediumconst  000000
__pbssBANK0                               bssBANK0     0000AE
__pbssBANK1                               bssBANK1     000100
__pbssBANK2                               bssBANK2     000200
__pbssBIGRAM                              bssBIGRAM    0006F0
__pbssCOMRAM                              bssCOMRAM    00004B
__pcinit                                  cinit        002876
__pcstackBANK0                            cstackBANK0  000060
__pcstackCOMRAM                           cstackCOMRAM 000001
__pdataBANK0                              dataBANK0    0000E5
__pdataBANK1                              dataBANK1    000144
__pdataBIGRAM                             dataBIGRAM   0002F0
__pdataCOMRAM                             dataCOMRAM   00005C
__pidataBANK0                             idataBANK0   0031C0
__pidataBANK1                             idataBANK1   0030E2
__pidataBIGRAM                            idataBIGRAM  000F0A
__pidataCOMRAM                            idataCOMRAM  003236
__pintcode                                intcode      000008
__psmallconst                             smallconst   000F00
__ptext0                                  text0        001BC0
__ptext1                                  text1        002940
__ptext10                                 text10       003184
__ptext11                                 text11       002F1C
__ptext12                                 text12       00322E
__ptext13                                 text13       003216
__ptext14                                 text14       002CA6
__ptext15                                 text15       00316E
__ptext16                                 text16       003232
__ptext17                                 text17       002BD4
__ptext18                                 text18       001720
__ptext19                                 text19       002324
__ptext2                                  text2        002A00
__ptext20                                 text20       002140
__ptext21                                 text21       002D68
__ptext22                                 text22       0027A0
__ptext23                                 text23       0031D4
__ptext24                                 text24       001F32
__ptext25                                 text25       002C3E
__ptext26                                 text26       003198
__ptext27                                 text27       001E0E
__ptext28                                 text28       0026BE
__ptext29                                 text29       002E00
__ptext3                                  text3        002EDC
__ptext30                                 text30       003048
__ptext31                                 text31       002234
__ptext32                                 text32       002DB4
__ptext33                                 text33       0030B0
__ptext34                                 text34       002F5C
__ptext35                                 text35       0031F8
__ptext36                                 text36       0018CE
__ptext37                                 text37       002B5C
__ptext38                                 text38       00154A
__ptext39                                 text39       001CE8
__ptext4                                  text4        0024F6
__ptext40                                 text40       001A7A
__ptext41                                 text41       0031AC
__ptext42                                 text42       002ABC
__ptext43                                 text43       0031E6
__ptext44                                 text44       0025DA
__ptext45                                 text45       003220
__ptext46                                 text46       002042
__ptext47                                 text47       003112
__ptext49                                 text49       003208
__ptext5                                  text5        00307E
__ptext50                                 text50       003138
__ptext51                                 text51       003238
__ptext52                                 text52       00130A
__ptext53                                 text53       002D0C
__ptext54                                 text54       002410
__ptext55                                 text55       002E4A
__ptext56                                 text56       003010
__ptext57                                 text57       002F9A
__ptext58                                 text58       000000
__ptext6                                  text6        002E94
__ptext7                                  text7        002FD8
__ptext8                                  text8        003154
__ptext9                                  text9        003228
__ramtop                                  ramtop       000F00
__size_of_AdjustDayLightSaving            (abs)        000000
__size_of_DecreaseByADay                  (abs)        000000
__size_of_DecreaseByAMonth                (abs)        000000
__size_of_DecreaseByAYear                 (abs)        000000
__size_of_EUSART1_Initialize              (abs)        000000
__size_of_EUSART1_Read                    (abs)        000000
__size_of_GetDay                          (abs)        000000
__size_of_GetEventNumber                  (abs)        000000
__size_of_INTERRUPT_Initialize            (abs)        000000
__size_of_INTERRUPT_InterruptManager      (abs)        000000
__size_of_IncreaseByADay                  (abs)        000000
__size_of_IncreaseByAMonth                (abs)        000000
__size_of_IncreaseByASecond               (abs)        000000
__size_of_IncreaseByAYear                 (abs)        000000
__size_of_Lcd_CharCP                      (abs)        000000
__size_of_Lcd_Command                     (abs)        000000
__size_of_Lcd_Delay5500us                 (abs)        000000
__size_of_Lcd_Delay5us                    (abs)        000000
__size_of_Lcd_Init                        (abs)        000000
__size_of_Lcd_WriteChar                   (abs)        000000
__size_of_LoadAllFromEeprom               (abs)        000000
__size_of_LoadCyclesFromEeprom            (abs)        000000
__size_of_LoadEventsFromEeprom            (abs)        000000
__size_of_LoadSettingsFromEeprom          (abs)        000000
__size_of_LoadStatesFromEeprom            (abs)        000000
__size_of_OSCILLATOR_Initialize           (abs)        000000
__size_of_PIN_MANAGER_Initialize          (abs)        000000
__size_of_ReadEeprom                      (abs)        000000
__size_of_ReadGPS                         (abs)        000000
__size_of_ReadGPSDateTime                 (abs)        000000
__size_of_ReadGPS_DATE_TIME               (abs)        000000
__size_of_SYSTEM_Initialize               (abs)        000000
__size_of_StopGPS                         (abs)        000000
__size_of_SwitchOnGPS                     (abs)        000000
__size_of_TMR0_CallBack                   (abs)        000000
__size_of_TMR0_DefaultInterruptHandler    (abs)        000000
__size_of_TMR0_ISR                        (abs)        000000
__size_of_TMR0_Initialize                 (abs)        000000
__size_of_TMR0_SetInterruptHandler        (abs)        000000
__size_of_TMR0_StartTimer                 (abs)        000000
__size_of_TestGPSStartCondition           (abs)        000000
__size_of_TimeTextToSecond                (abs)        000000
__size_of_Timer0_10ms                     (abs)        000000
__size_of_ValidateDateTime                (abs)        000000
__size_of_VerifyForGPSOnTIme              (abs)        000000
__size_of_WriteEeprom                     (abs)        000000
__size_of_WriteLongInt                    (abs)        000000
__size_of___aldiv                         (abs)        000000
__size_of___awdiv                         (abs)        000000
__size_of___awmod                         (abs)        000000
__size_of___lmul                          (abs)        000000
__size_of___lwmod                         (abs)        000000
__size_of___wmul                          (abs)        000000
__size_of_main                            (abs)        000000
__size_ofi2_IncreaseByADay                (abs)        000000
__size_ofi2_IncreaseByAMonth              (abs)        000000
__size_ofi2_IncreaseByAYear               (abs)        000000
__size_ofi2___lwmod                       (abs)        000000
__smallconst                              smallconst   000F00
_main                                     text0        001BC0
_timer0ReloadVal16bit                     bssCOMRAM    00004B
btemp                                     temp         00005E
end_of_initialization                     cinit        002936
i2IncreaseByADay@MonthDays                cstackCOMRAM 000029
i2IncreaseByADay@dt                       cstackCOMRAM 00001C
i2IncreaseByAMonth@dt                     cstackCOMRAM 000011
i2IncreaseByAYear@dt                      cstackCOMRAM 000006
i2_IncreaseByADay                         text54       002410
i2_IncreaseByAMonth                       text55       002E4A
i2_IncreaseByAYear                        text56       003010
i2___lwmod                                text57       002F9A
i2___lwmod@counter                        cstackCOMRAM 000005
i2___lwmod@dividend                       cstackCOMRAM 000001
i2___lwmod@divisor                        cstackCOMRAM 000003
int$flags                                 temp         00005E
intlevel0                                 text         000000
intlevel1                                 text         000000
intlevel2                                 text         000000
intlevel3                                 text         000000
main@i                                    cstackBANK0  0000AC
powerup                                   powerup      00006A
projMain@NO_OF_DAYS_IN_A_MONTH            dataBANK1    000144
stackhi                                   (abs)        000E7D
stacklo                                   (abs)        000AB0
start                                     init         000070
start_initialization                      cinit        002876


FUNCTION INFORMATION:

 *************** function _main *****************
 Defined at:
		line 53 in file "main.c"
 Parameters:    Size  Location     Type
		None
 Auto vars:     Size  Location     Type
  i               2   76[BANK0 ] short 
 Return value:  Size  Location     Type
                  1    wreg      void 
 Registers used:
		wreg, fsr0l, fsr0h, fsr1l, fsr1h, fsr2l, fsr2h, status,2, status,0, tblptrl, tblptrh, tblptru, prodl, prodh, cstack
 Tracked objects:
		On entry : 
		On exit  : 
		Unchanged: 
 Data sizes:     COMRAM   BANK0   BANK1   BANK2   BANK3   BANK4   BANK5   BANK6   BANK7   BANK8   BANK9  BANK10  BANK11  BANK12  BANK13  BANK14
      Params:         0       0       0       0       0       0       0       0       0       0       0       0       0       0       0       0
[...]


 *************** function _TMR0_CallBack *****************
 Defined at:
		line 151 in file "mcc_generated_files/tmr0.c"
 Parameters:    Size  Location     Type
		None
 Auto vars:     Size  Location     Type
		None
 Return value:  Size  Location     Type
                  1    wreg      void 
 Registers used:
		wreg, fsr0l, fsr0h, fsr1l, fsr1h, fsr2l, fsr2h, status,2, status,0, pclath, tosl, prodl, prodh, cstack
 Tracked objects:
		On entry : 
		On exit  : 
		Unchanged: 
 Data sizes:     COMRAM   BANK0   BANK1   BANK2   BANK3   BANK4   BANK5   BANK6   BANK7   BANK8   BANK9  BANK10  BANK11  BANK12  BANK13  BANK14
      Params:         0       0       0       0       0       0       0       0       0       0       0       0       0       0       0       0
      Locals:         0       0       0       0       0       0       0       0       0       0       0       0       0       0       0       0
      Temps:          0       0       0       0       0       0       0       0       0       0       0       0       0       0       0       0
      Totals:         0       0       0       0       0       0       0       0       0       0       0       0       0       0       0       0
Total ram usage:        0 bytes
 Hardware stack levels used:    1
 Hardware stack levels required when called:    6
 This function calls:
		Absolute function
		_TMR0_DefaultInterruptHandler
		_Timer0_10ms
 This function is called by:
		_TMR0_ISR
 This function uses a non-reentrant model


 *************** function _TMR0_DefaultInterruptHandler *****************
 Defined at:
		line 165 in file "mcc_generated_files/tmr0.c"
 Parameters:    Size  Location     Type
		None
 Auto vars:     Size  Location     Type
		None
 Return value:  Size  Location     Type
                  1    wreg      void 
 Registers used:
		None
 Tracked objects:
		On entry : 
		On exit  : 
		Unchanged: 
 Data sizes:     COMRAM   BANK0   BANK1   BANK2   BANK3   BANK4   BANK5   BANK6   BANK7   BANK8   BANK9  BANK10  BANK11  BANK12  BANK13  BANK14
      Params:         0       0       0       0       0       0       0       0       0       0       0       0       0       0       0       0
      Locals:         0       0       0       0       0       0       0       0       0       0       0       0       0       0       0       0
      Temps:          0       0       0       0       0       0       0       0       0       0       0       0       0       0       0       0
      Totals:         0       0       0       0       0       0       0       0       0       0       0       0       0       0       0       0
Total ram usage:        0 bytes
 Hardware stack levels used:    1
 This function calls:
		Nothing
 This function is called by:
		_TMR0_Initialize
		_TMR0_CallBack
 This function uses a non-reentrant model


 *************** function _Timer0_10ms *****************
 Defined at:
		line 3 in file "libs/projMain.c"
 Parameters:    Size  Location     Type
		None
 Auto vars:     Size  Location     Type
  i               1   62[COMRAM] unsigned char 
  i               1   63[COMRAM] unsigned char 
  ThisCycle       1   57[COMRAM] unsigned char 
  i               1   61[COMRAM] unsigned char 
  i               1   58[COMRAM] unsigned char 
  OutForThePor    2   59[COMRAM] unsigned char [2]
 Return value:  Size  Location     Type
                  1    wreg      void 
 Registers used:
		wreg, fsr0l, fsr0h, fsr1l, fsr1h, fsr2l, fsr2h, status,2, status,0, prodl, prodh, cstack
 Tracked objects:
		On entry : 
		On exit  : 
		Unchanged: 
 Data sizes:     COMRAM   BANK0   BANK1   BANK2   BANK3   BANK4   BANK5   BANK6   BANK7   BANK8   BANK9  BANK10  BANK11  BANK12  BANK13  BANK14
      Params:         0       0       0       0       0       0       0       0       0       0       0       0       0       0       0       0
      Locals:         7       0       0       0       0       0       0       0       0       0       0       0       0       0       0       0
      Temps:          5       0       0       0       0       0       0       0       0       0       0       0       0       0       0       0
      Totals:        12       0       0       0       0       0       0       0       0       0       0       0       0       0       0       0
Total ram usage:       12 bytes
 Hardware stack levels used:    1
 Hardware stack levels required when called:    5
 This function calls:
		_IncreaseByASecond
 This function is called by:
		_main
		_TMR0_CallBack
 This function uses a non-reentrant model


 *************** function _IncreaseByASecond *****************
 Defined at:
		line 3 in file "libs/funcs.c"
 Parameters:    Size  Location     Type
  dt             11   41[COMRAM] struct _GSK_DATE_TIME
 Auto vars:     Size  Location     Type
		None
 Return value:  Size  Location     Type
                  11   41[COMRAM] struct _GSK_DATE_TIME
 Registers used:
		wreg, fsr0l, fsr0h, fsr2l, fsr2h, status,2, status,0, cstack
 Tracked objects:
		On entry : 
		On exit  : 
		Unchanged: 
 Data sizes:     COMRAM   BANK0   BANK1   BANK2   BANK3   BANK4   BANK5   BANK6   BANK7   BANK8   BANK9  BANK10  BANK11  BANK12  BANK13  BANK14
      Params:        11       0       0       0       0       0       0       0       0       0       0       0       0       0       0       0
      Locals:         0       0       0       0       0       0       0       0       0       0       0       0       0       0       0       0
      Temps:          0       0       0       0       0       0       0       0       0       0       0       0       0       0       0       0
      Totals:        11       0       0       0       0       0       0       0       0       0       0       0       0       0       0       0
Total ram usage:       11 bytes
 Hardware stack levels used:    1
 Hardware stack levels required when called:    4
 This function calls:
		i2_IncreaseByADay
 This function is called by:
		_Timer0_10ms
 This function uses a non-reentrant model


 *************** function i2_IncreaseByADay *****************
 Defined at:
		line 12 in file "libs/funcs.c"
 Parameters:    Size  Location     Type
  dt             11   27[COMRAM] struct _GSK_DATE_TIME
 Auto vars:     Size  Location     Type
  IncreaseByAD    1   40[COMRAM] char 
 Return value:  Size  Location     Type
                  11   27[COMRAM] struct _GSK_DATE_TIME
 Registers used:
		wreg, fsr0l, fsr0h, fsr2l, fsr2h, status,2, status,0, cstack
 Tracked objects:
		On entry : 
		On exit  : 
		Unchanged: 
 Data sizes:     COMRAM   BANK0   BANK1   BANK2   BANK3   BANK4   BANK5   BANK6   BANK7   BANK8   BANK9  BANK10  BANK11  BANK12  BANK13  BANK14
      Params:        11       0       0       0       0       0       0       0       0       0       0       0       0       0       0       0
      Locals:         1       0       0       0       0       0       0       0       0       0       0       0       0       0       0       0
      Temps:          2       0       0       0       0       0       0       0       0       0       0       0       0       0       0       0
      Totals:        14       0       0       0       0       0       0       0       0       0       0       0       0       0       0       0
Total ram usage:       14 bytes
 Hardware stack levels used:    1
 Hardware stack levels required when called:    3
 This function calls:
		i2_IncreaseByAMonth
		i2___lwmod
 This function is called by:
		_IncreaseByASecond
 This function uses a non-reentrant model


 *************** function i2_IncreaseByAMonth *****************
 Defined at:
		line 32 in file "libs/funcs.c"
 Parameters:    Size  Location     Type
  dt             11   16[COMRAM] struct _GSK_DATE_TIME
 Auto vars:     Size  Location     Type
		None
 Return value:  Size  Location     Type
                  11   16[COMRAM] struct _GSK_DATE_TIME
 Registers used:
		wreg, fsr0l, fsr0h, fsr2l, fsr2h, status,2, status,0, cstack
 Tracked objects:
		On entry : 
		On exit  : 
		Unchanged: 
 Data sizes:     COMRAM   BANK0   BANK1   BANK2   BANK3   BANK4   BANK5   BANK6   BANK7   BANK8   BANK9  BANK10  BANK11  BANK12  BANK13  BANK14
      Params:        11       0       0       0       0       0       0       0       0       0       0       0       0       0       0       0
      Locals:         0       0       0       0       0       0       0       0       0       0       0       0       0       0       0       0
      Temps:          0       0       0       0       0       0       0       0       0       0       0       0       0       0       0       0
      Totals:        11       0       0       0       0       0       0       0       0       0       0       0       0       0       0       0
Total ram usage:       11 bytes
 Hardware stack levels used:    1
 Hardware stack levels required when called:    2
 This function calls:
		i2_IncreaseByAYear
 This function is called by:
		i2_IncreaseByADay
 This function uses a non-reentrant model


 *************** function i2_IncreaseByAYear *****************
 Defined at:
		line 41 in file "libs/funcs.c"
 Parameters:    Size  Location     Type
  dt             11    5[COMRAM] struct _GSK_DATE_TIME
 Auto vars:     Size  Location     Type
		None
 Return value:  Size  Location     Type
                  11    5[COMRAM] struct _GSK_DATE_TIME
 Registers used:
		wreg, fsr0l, fsr0h, fsr2l, fsr2h, status,2, status,0, cstack
 Tracked objects:
		On entry : 
		On exit  : 
		Unchanged: 
 Data sizes:     COMRAM   BANK0   BANK1   BANK2   BANK3   BANK4   BANK5   BANK6   BANK7   BANK8   BANK9  BANK10  BANK11  BANK12  BANK13  BANK14
      Params:        11       0       0       0       0       0       0       0       0       0       0       0       0       0       0       0
      Locals:         0       0       0       0       0       0       0       0       0       0       0       0       0       0       0       0
      Temps:          0       0       0       0       0       0       0       0       0       0       0       0       0       0       0       0
      Totals:        11       0       0       0       0       0       0       0       0       0       0       0       0       0       0       0
Total ram usage:       11 bytes
 Hardware stack levels used:    1
 Hardware stack levels required when called:    1
 This function calls:
		i2___lwmod
 This function is called by:
		i2_IncreaseByAMonth
 This function uses a non-reentrant model


 *************** function i2___lwmod *****************
 Defined at:
		line 8 in file "C:\Program Files (x86)\Microchip\xc8\v1.42\sources\common\lwmod.c"
 Parameters:    Size  Location     Type
  dividend        2    0[COMRAM] unsigned int 
  divisor         2    2[COMRAM] unsigned int 
 Auto vars:     Size  Location     Type
  __lwmod         1    4[COMRAM] unsigned char 
 Return value:  Size  Location     Type
                  2    0[COMRAM] unsigned int 
 Registers used:
		wreg, status,2, status,0
 Tracked objects:
		On entry : 
		On exit  : 
		Unchanged: 
 Data sizes:     COMRAM   BANK0   BANK1   BANK2   BANK3   BANK4   BANK5   BANK6   BANK7   BANK8   BANK9  BANK10  BANK11  BANK12  BANK13  BANK14
      Params:         4       0       0       0       0       0       0       0       0       0       0       0       0       0       0       0
      Locals:         1       0       0       0       0       0       0       0       0       0       0       0       0       0       0       0
      Temps:          0       0       0       0       0       0       0       0       0       0       0       0       0       0       0       0
      Totals:         5       0       0       0       0       0       0       0       0       0       0       0       0       0       0       0
Total ram usage:        5 bytes
 Hardware stack levels used:    1
 This function calls:
		Nothing
 This function is called by:
		i2_IncreaseByADay
		i2_IncreaseByAYear
 This function uses a non-reentrant model



MODULE INFORMATION

Module		Function		Class		Link	Load	Size
C:\Program Files (x86)\Microchip\xc8\v1.42\sources\common\awdiv.c
		___awdiv       		CODE           	2B5C	0000	121

C:\Program Files (x86)\Microchip\xc8\v1.42\sources\common\awdiv.c estimated size: 121

C:\Program Files (x86)\Microchip\xc8\v1.42\sources\common\Umul32.c
		___lmul        		CODE           	2D68	0000	77

C:\Program Files (x86)\Microchip\xc8\v1.42\sources\common\Umul32.c estimated size: 77

C:\Program Files (x86)\Microchip\xc8\v1.42\sources\common\aldiv.c
		___aldiv       		CODE           	2A00	0000	189

C:\Program Files (x86)\Microchip\xc8\v1.42\sources\common\aldiv.c estimated size: 189

mcc_generated_files/interrupt_manager.c
		_INTERRUPT_Initialize		CODE           	3232	0000	5
		_INTERRUPT_InterruptManager		CODE           	0008	0000	99

mcc_generated_files/interrupt_manager.c estimated size: 104

mcc_generated_files/tmr0.c
		_TMR0_SetInterruptHandler		CODE           	3216	0000	11
		_TMR0_DefaultInterruptHandler		CODE           	3238	0000	3
		_TMR0_CallBack 		CODE           	3138	0000	29
		_TMR0_StartTimer		CODE           	322E	0000	5
		_TMR0_ISR      		CODE           	3208	0000	15
		_TMR0_Initialize		CODE           	2F1C	0000	65

mcc_generated_files/tmr0.c estimated size: 128

mcc_generated_files/pin_manager.c
		_PIN_MANAGER_Initialize		CODE           	2CA6	0000	103

mcc_generated_files/pin_manager.c estimated size: 103

libs/eeprom.c
		_LoadAllFromEeprom		CODE           	31F8	0000	17
		_LoadCyclesFromEeprom		CODE           	1A7A	0000	283
		_LoadSettingsFromEeprom		CODE           	154A	0000	461
		_ReadEeprom    		CODE           	31AC	0000	21
		_WriteEeprom   		CODE           	307E	0000	51
		_LoadStatesFromEeprom		CODE           	18CE	0000	351
		_LoadEventsFromEeprom		CODE           	1CE8	0000	171

libs/eeprom.c estimated size: 1355

libs/projMain.c
		_Timer0_10ms   		CODE           	130A	0000	419

libs/projMain.c estimated size: 419

shared
		PL12           		CODE           	1CBE	0000	25
		PL50           		CODE           	268A	0000	11
		PL8            		CODE           	1716	0000	11
		PL22           		CODE           	1D92	0000	43
		PL60           		CODE           	25A6	0000	11
		PL100          		CODE           	26B4	0000	11
		PL32           		CODE           	14F4	0000	15
		PL70           		CODE           	2120	0000	9
		PL42           		CODE           	265A	0000	25
		PL80           		CODE           	1DFA	0000	21
		PL110          		CODE           	2B48	0000	11
		PL14           		CODE           	1CD6	0000	19
		PL52           		CODE           	1502	0000	23
		PL90           		CODE           	1A5C	0000	13
		PL24           		CODE           	14AC	0000	15
		PL62           		CODE           	25B0	0000	15
		PL120          		CODE           	231A	0000	11
		PL34           		CODE           	2100	0000	33
		PL72           		CODE           	1A3C	0000	15
		i2_IncreaseByADay		CODE           	2410	0000	221
		PL44           		CODE           	2576	0000	25
		PL82           		CODE           	1A4A	0000	19
		PL130          		CODE           	1A68	0000	11
		PL16           		CODE           	20F0	0000	17
		PL54           		CODE           	1DDA	0000	11
		PL92           		CODE           	18C2	0000	13
		PL26           		CODE           	14BA	0000	23
		PL64           		CODE           	2216	0000	23
		PL102          		CODE           	2406	0000	11
		PL36           		CODE           	23DA	0000	11
		PL74           		CODE           	2128	0000	11
		PL46           		CODE           	258E	0000	25
		PL84           		CODE           	26A2	0000	19
		PL112          		CODE           	2B52	0000	11
		PL18           		CODE           	2022	0000	11
		PL56           		CODE           	23EE	0000	13
		PL94           		CODE           	222C	0000	9
		i2_IncreaseByAYear		CODE           	3010	0000	49
		PL28           		CODE           	14D0	0000	37
		PL66           		CODE           	1DE4	0000	23
		PL122          		CODE           	2796	0000	11
		PL38           		CODE           	1DCC	0000	15
		PL76           		CODE           	2302	0000	15
		PL48           		CODE           	2672	0000	25
		PL86           		CODE           	25BE	0000	19
		PL132          		CODE           	1540	0000	11
		PL58           		CODE           	2694	0000	15
		PL96           		CODE           	25D0	0000	11
		PL68           		CODE           	23FA	0000	13
		PL104          		CODE           	2132	0000	15
		PL78           		CODE           	29E4	0000	19
		PL88           		CODE           	202C	0000	13
		PL114          		CODE           	1F20	0000	11
		PL98           		CODE           	1518	0000	17
		i2___lwmod     		CODE           	2F9A	0000	63
		PL124          		CODE           	2038	0000	11
		__initialization		CODE           	2876	0000	193
		PL134          		CODE           	1F2A	0000	9
		PL106          		CODE           	1528	0000	15
		PL116          		CODE           	2310	0000	11
		i2_IncreaseByAMonth		CODE           	2E4A	0000	75
		PL126          		CODE           	29F6	0000	11
		PL136          		CODE           	3040	0000	9
		PL108          		CODE           	1536	0000	11
		PL118          		CODE           	24EC	0000	11
		PL128          		CODE           	3076	0000	9
		PL138          		CODE           	1A72	0000	9
		PL2            		CODE           	1B94	0000	27
		ReadGPSDateTime@F11464		SMALLCONST     	0F01	0000	8
		PL10           		CODE           	23C6	0000	21
		PL4            		CODE           	1BAE	0000	9
		PL20           		CODE           	1A2C	0000	17
		PL30           		CODE           	1DBC	0000	17
		PL6            		CODE           	1BB6	0000	11
		PL40           		CODE           	23E4	0000	11

shared estimated size: 1698

mcc_generated_files/eusart1.c
		_EUSART1_Initialize		CODE           	3198	0000	21
		_EUSART1_Read  		CODE           	31D4	0000	19

mcc_generated_files/eusart1.c estimated size: 40

mcc_generated_files/mcc.c
		_OSCILLATOR_Initialize		CODE           	316E	0000	23
		_SYSTEM_Initialize		CODE           	3184	0000	21

mcc_generated_files/mcc.c estimated size: 44

C:\Program Files (x86)\Microchip\xc8\v1.42\sources\common\lwmod.c
		___lwmod       		CODE           	2F5C	0000	63

C:\Program Files (x86)\Microchip\xc8\v1.42\sources\common\lwmod.c estimated size: 63

C:\Program Files (x86)\Microchip\xc8\v1.42\sources\common\awmod.c
		___awmod       		CODE           	2C3E	0000	105

C:\Program Files (x86)\Microchip\xc8\v1.42\sources\common\awmod.c estimated size: 105

libs/funcs.c
		_DecreaseByAMonth		CODE           	2DB4	0000	77
		_AdjustDayLightSaving		CODE           	1E0E	0000	275
		_DecreaseByADay		CODE           	2234	0000	207
		_SwitchOnGPS   		CODE           	3154	0000	27
		_IncreaseByAMonth		CODE           	2E00	0000	75
		_ReadGPS_DATE_TIME		CODE           	1720	0000	419
		_IncreaseByASecond		CODE           	2D0C	0000	93
		_IncreaseByADay		CODE           	26BE	0000	217
		_DecreaseByAYear		CODE           	30B0	0000	51
		_TimeTextToSecond		CODE           	2140	0000	215
		_TestGPSStartCondition		CODE           	2FD8	0000	57
		_VerifyForGPSOnTIme		CODE           	2E94	0000	73
		_StopGPS       		CODE           	3228	0000	7
		_IncreaseByAYear		CODE           	3048	0000	47
		_ReadGPS       		CODE           	2BD4	0000	107
		_GetEventNumber		CODE           	2042	0000	175

libs/funcs.c estimated size: 2122

C:\Program Files (x86)\Microchip\xc8\v1.42\sources\common\Umul16.c
		___wmul        		CODE           	3112	0000	39

C:\Program Files (x86)\Microchip\xc8\v1.42\sources\common\Umul16.c estimated size: 39

main.c
		_main          		CODE           	1BC0	0000	255

main.c estimated size: 255

libs/gps.c
		_GetDay        		CODE           	1F32	0000	241
		_ValidateDateTime		CODE           	2324	0000	163
		_ReadGPSDateTime		CODE           	27A0	0000	215

libs/gps.c estimated size: 619

libs/HD44780.c
		_Lcd_WriteChar 		CODE           	2EDC	0000	65
		_Lcd_Init      		CODE           	2ABC	0000	141
		_Lcd_Command   		CODE           	25DA	0000	129
		_Lcd_Delay5us  		CODE           	3220	0000	9
		_Lcd_CharCP    		CODE           	24F6	0000	129
		_Lcd_Delay5500us		CODE           	31E6	0000	19
		_WriteLongInt  		CODE           	2940	0000	165

libs/HD44780.c estimated size: 657

